04-22 17:00:01.782 D/RockFFPlayer(  170): stop:wait is ok
04-22 17:00:01.783 D/RockFFPlayer(  170): stop:ok
04-22 17:00:01.783 D/RockFFPlayer(  170): ~RkMessageQueue
04-22 17:00:01.785 E/RockFFPlayerBase(  170): closeContext : out
04-22 17:00:01.785 D/RockFFPlayer(  170): CancelThread end
04-22 17:00:01.785 D/RockFFPlayer(  170): CancelThread return
04-22 17:00:01.789 E/FFPlayer(  170): ~FFPlayer
04-22 17:00:01.789 D/RockFFPlayer(  170): reset()***********
04-22 17:00:01.789 D/RockFFPlayerBase(  170): dumpStatus(): Idle
04-22 17:00:01.789 D/RockFFPlayer(  170): CurrentStatus is IDLE,already reset
04-22 17:00:01.789 D/RockFFPlayer(  170): ~FFMPlayer*******
04-22 17:00:01.789 D/RockFFPlayer(  170): reset()***********
04-22 17:00:01.789 D/RockFFPlayerBase(  170): dumpStatus(): Idle
04-22 17:00:01.789 D/RockFFPlayer(  170): CurrentStatus is IDLE,already reset
04-22 17:00:01.789 D/RockFFPlayer(  170): ~FFMPlayer:CancelThread
04-22 17:00:01.789 D/RockFFPlayer(  170): ~FFMediaSource
04-22 17:00:01.789 D/RockFFPlayer(  170): FFMediaSource context null. 
04-22 17:00:01.789 E/TraceThread(  170):     VsyncReciver(tid = 3101920528)--> [UID=f63c3d1a] pthread_join begin-->player = 0xb8e30f58
04-22 17:00:01.802 E/TraceThread(  170):     VsyncReciver(tid = 3101920528)--> [UID=f63c3d1a] pthread_join   end-->player = 0xb8e30f58
04-22 17:00:01.802 D/VsyncReciver(  170): stop_l:vsyncThread down
04-22 17:00:01.802 D/RockFFPlayer(  170): ~FFMPlayer***mNativeWindow
04-22 17:00:01.820 E/TraceThread(  170):     RockFFPlayer(tid = 3101739600)--> [UID=f63c3d1a] ~FFMPlayer Destruction; object=0xb8e30f58
04-22 17:00:01.821 D/RockFFPlayer(  170): ~FFMPlayer***end
04-22 17:00:01.821 D/RockFFPlayerBase(  170): ~FFMPlayerBase(():mDequeueThread down
04-22 17:00:01.821 D/RockFFPlayerBase(  170): ~RkMessageHandler
04-22 17:00:01.823 D/ISOManager( 1763): isBDDirectory(), pathStr = /mnt/internal_sd/impactv/手洗い_スタンバイ画面.mp4
04-22 17:00:01.823 D/ISOManager( 1763): isBDDirectory(), path = /mnt/internal_sd/impactv/手洗い_スタンバイ画面.mp4
04-22 17:00:01.824 I/MediaPlayerFactory(  170):  createFFPlayer
04-22 17:00:01.825 E/        (  170): isBluray(), extension = .mp4
04-22 17:00:01.825 E/FFPlayerHelper(  170): isBDDirectory() ,path = /mnt/internal_sd/impactv/手洗い_スタンバイ画面.mp4
04-22 17:00:01.825 E/FFPlayerHelper(  170): isBDDirectory(): no BDMV
04-22 17:00:01.825 E/RockFFPlayerBase(  170): MediaServer is SP_FOREGROUND, tid=557
04-22 17:00:01.825 E/FFPlayerHelper(  170): efuse open fail
04-22 17:00:01.825 D/RkExtensionPlayer(  170): RkExtensionPlayer in
04-22 17:00:01.826 E/RkExtensionPlayer(  170): createDirectory(), path = /tmp/subtitle/
04-22 17:00:01.826 E/RkExtensionPlayer(  170): createDirectory(), create directory = /tmp/subtitle/ fail,reson = Invalid argument
04-22 17:00:01.826 E/RkExtensionPlayer(  170): createDirectory(), path = /data/subtitle/
04-22 17:00:01.826 E/RkExtensionPlayer(  170): createDirectory(), directory = /data/subtitle/ already exist
04-22 17:00:01.827 E/TraceThread(  170): TraceThread::randomUID() --> [UID=69e8c9fc]
04-22 17:00:01.827 E/TraceThread(  170):     VsyncReciver(tid = 3101920528)--> [UID=69e8c9fc] VsyncReciver::startthread
04-22 17:00:01.827 E/TraceThread(  170):     RockFFPlayer(tid = 3101743504)--> [UID=69e8c9fc] FFMPlayer Construction; object=0xb8e30f58
04-22 17:00:01.827 D/RockFFPlayer(  170): setDataSource fd = 11, offset =0,length = 71554
04-22 17:00:01.827 D/RockFFPlayer(  170): start:create thread
04-22 17:00:01.827 D/RockFFPlayer(  170): RkMessageQueue::run()
04-22 17:00:01.827 D/RockFFPlayer(  170): start:create thread ok,mThreadStatus=0
04-22 17:00:01.827 D/RockFFPlayer(  170): enter enqueueMessage
04-22 17:00:01.827 D/RockFFPlayer(  170): enqueueMessage:****1
04-22 17:00:01.827 D/RockFFPlayer(  170): enqueueMessage:****2
04-22 17:00:01.827 D/RockFFPlayer(  170): enqueueMessage:****3
04-22 17:00:01.827 D/RockFFPlayer(  170): enqueueMessage:Message 1,set signal
04-22 17:00:01.827 D/RockFFPlayer(  170): enqueueMessage:sync wait
04-22 17:00:01.827 D/RockFFPlayer(  170): deliverMessage 
04-22 17:00:01.827 D/RockFFPlayer(  170): run : dequeueMessage Message 20
04-22 17:00:01.827 D/RockFFPlayer(  170): CMD_CURRENTSTATUS
04-22 17:00:01.827 D/RockFFPlayerBase(  170): dumpStatus(): Initialized
04-22 17:00:01.827 D/RockFFPlayer(  170): run : dequeueMessage Message 20 OK
04-22 17:00:01.827 D/RockFFPlayer(  170): Messagecomplete type [20]
04-22 17:00:01.827 D/RockFFPlayer(  170): run : Message 20 complete
04-22 17:00:01.827 D/RockFFPlayer(  170): enqueueMessage:sync wait ok
04-22 17:00:01.828 D/RockFFPlayerBase(  170): setSurfaceTexture in
04-22 17:00:01.828 D/RockFFPlayerBase(  170): setSurfaceTexture out
04-22 17:00:01.829 D/RockFFPlayer(  170): prepareAsync in
04-22 17:00:01.829 D/RockFFPlayerBase(  170): dumpStatus(): Initialized
04-22 17:00:01.829 D/RockFFPlayerBase(  170): dumpStatus(): Preparing
04-22 17:00:01.829 I/FFPlayer_Version(  170): ******************************************
04-22 17:00:01.829 I/FFPlayer_Version(  170): 
04-22 17:00:01.829 I/FFPlayer_Version(  170): starting main player: 2016-05-30-04:46:02
04-22 17:00:01.829 I/FFPlayer_Version(  170): ffPlayer is Built for BOARD_RK312X
04-22 17:00:01.829 I/FFPlayer_Version(  170): 
04-22 17:00:01.829 I/FFPlayer_Version(  170): ******************************************
04-22 17:00:01.829 I/RockFFPlayer(  170): setDataSource(url =file/fd::11,offset::0)
04-22 17:00:01.829 I/RockFFPlayer(  170): setDataSource(fileurl =/mnt/internal_sd/impactv/手洗い_スタンバイ画面.mp4)
04-22 17:00:01.829 E/RockFFPlayerBase(  170): openContext : in
04-22 17:00:01.829 D/RockFFPlayer(  170): prepareAsync ok
04-22 17:00:01.829 E/RockFFPlayer(  170): ffmpeg version 10-26
04-22 17:00:01.830 E/RockFFPlayer(  170): av_probe_input_buffer:avio_read
04-22 17:00:01.830 I/RockFFPlayer(  170): flv_probe get probe score: 0
04-22 17:00:01.830 E/RockFFPlayer(  170): Hery, probe size = 3
04-22 17:00:01.830 E/RockFFPlayer(  170): avformat_open_input:read_header
04-22 17:00:01.835 E/RockFFPlayer(  170): warning: mov too few keyframe, num: 1
04-22 17:00:01.835 D/RockFFPlayer(  170): ff notify mov use seek any flag
04-22 17:00:01.835 E/RockFFPlayer(  170): avformat_open_input:read_header ok
04-22 17:00:01.835 D/RkExtensionPlayer(  170): openContext in
04-22 17:00:01.835 E/RkExtensionPlayer(  170): autoDetect(): path = /mnt/internal_sd/impactv/手洗い_スタンバイ画面.mp4
04-22 17:00:01.835 E/FFPlayerHelper(  170): isNetWorkUrl: url = /mnt/internal_sd/impactv/手洗い_スタンバイ画面.mp4
04-22 17:00:01.835 E/RkExtensionPlayer(  170): autoDetect(): directory = /mnt/internal_sd/impactv
04-22 17:00:01.835 E/RkExtensionPlayer(  170): autoDetect(): prefix = /mnt/internal_sd/impactv/手洗い_スタンバイ画面
04-22 17:00:01.835 E/RkExtensionPlayer(  170): autoDetect(): fileName = 手洗い_スタンバイ画面
04-22 17:00:01.836 E/RkExtensionPlayer(  170): dr->d_name = 手洗い_スタンバイ画面.mp4
04-22 17:00:01.836 E/RkExtensionPlayer(  170): subPrefix = 手洗い_スタンバイ画面
04-22 17:00:01.836 E/RkExtensionPlayer(  170): dr->d_name = impactv_mix_program_list.txt
04-22 17:00:01.836 E/RkExtensionPlayer(  170): subPrefix = impactv_mix_program_list
04-22 17:00:01.836 E/RkExtensionPlayer(  170): isSubtitle: yes: impactv_mix_program_list.txt
04-22 17:00:01.836 E/RkExtensionPlayer(  170): dr->d_name = impactv_bgm_list.txt
04-22 17:00:01.836 E/RkExtensionPlayer(  170): subPrefix = impactv_bgm_list
04-22 17:00:01.836 E/RkExtensionPlayer(  170): isSubtitle: yes: impactv_bgm_list.txt
04-22 17:00:01.836 D/RkExtensionPlayer(  170): openContext out,mTrackInfos size = 0
04-22 17:00:01.836 E/RockFFPlayerBase(  170): openContext : out,ret = 0
04-22 17:00:01.836 D/RockFFPlayer(  170): setDataSource:set local video property=1
04-22 17:00:01.836 E/RockFFPlayer(  170): Hery, s->iformat->name = mov,mp4,m4a,3gp,3g2,mj2
04-22 17:00:01.836 D/RockFFPlayer(  170): There is not appleHls need find video Info
04-22 17:00:01.844 E/RockFFPlayer(  170): MOV -->  mov_check_read_policy --> videouri =file/fd::11,offset::0
04-22 17:00:01.847 E/RockFFPlayer(  170): read_size = 36834
04-22 17:00:01.847 E/RockFFPlayer(  170): update_stream_timings: st[-1193032032].duration = 124928
04-22 17:00:01.847 E/RockFFPlayer(  170): update_stream_timings: st[-1193032032].duration = 154154
04-22 17:00:01.847 E/RockFFPlayer(  170): update_stream_timings: st[-1193032032].duration = 124928
04-22 17:00:01.847 E/RockFFPlayer(  170): update_stream_timings: st[-1193032032].duration = 154154
04-22 17:00:01.847 E/RockFFPlayer(  170): estimate_timings:0: start_time: 0.000 duration: 0.125,base_time.den=48000,base_time.num=1
04-22 17:00:01.847 E/RockFFPlayer(  170): estimate_timings:1: start_time: 0.000 duration: 0.154,base_time.den=60000,base_time.num=1
04-22 17:00:01.847 E/RockFFPlayer(  170): stream: start_time: 0.000 duration: 2.603 bitrate=219 kb/s
04-22 17:00:01.847 E/RockFFPlayer(  170): avformat_find_stream_info:find_stream_info_err:free info,ok
04-22 17:00:01.847 E/RockFFPlayer(  170): avformat_find_stream_info:find_stream_info_err:free info,ok
04-22 17:00:01.847 E/RockFFPlayer(  170): s->streams[0]->codec->codec_type = 1
04-22 17:00:01.847 E/RockFFPlayer(  170): s->streams[0]->codec->probe_packets = 2500
04-22 17:00:01.847 E/RockFFPlayer(  170): s->streams[0]->codec->codec_info_nb_frames = 46
04-22 17:00:01.847 E/RockFFPlayer(  170): s->streams[1]->codec->codec_type = 0
04-22 17:00:01.847 E/RockFFPlayer(  170): s->streams[1]->codec->probe_packets = 2500
04-22 17:00:01.847 E/RockFFPlayer(  170): s->streams[1]->codec->codec_info_nb_frames = 1
04-22 17:00:01.848 E/RockFFPlayer(  170): audio name  = aac
04-22 17:00:01.848 E/RockFFPlayer(  170): is3DVideo()
04-22 17:00:01.848 D/RockFFPlayer(  170): AudioStartTime=0,VideoStartTime=0,tmpTime=0
04-22 17:00:01.848 E/RockFFPlayer(  170): Hery, s->duration = 2602600.000000
04-22 17:00:01.848 I/RockFFPlayer(  170): Input #0, mov,mp4,m4a,3gp,3g2,mj2, from 'file/fd::11,offset::0':
04-22 17:00:01.848 I/RockFFPlayer(  170):   Metadata:
04-22 17:00:01.848 I/RockFFPlayer(  170):     major_brand     : 
04-22 17:00:01.848 I/RockFFPlayer(  170): mp42
04-22 17:00:01.848 I/RockFFPlayer(  170): 
04-22 17:00:01.848 I/RockFFPlayer(  170):     minor_version   : 
04-22 17:00:01.848 I/RockFFPlayer(  170): 0
04-22 17:00:01.848 I/RockFFPlayer(  170): 
04-22 17:00:01.848 I/RockFFPlayer(  170):     compatible_brands: 
04-22 17:00:01.848 I/RockFFPlayer(  170): mp42isomavc1
04-22 17:00:01.848 I/RockFFPlayer(  170): 
04-22 17:00:01.848 I/RockFFPlayer(  170):     creation_time   : 
04-22 17:00:01.848 I/RockFFPlayer(  170): 2020-02-25 04:17:55
04-22 17:00:01.848 I/RockFFPlayer(  170): 
04-22 17:00:01.848 I/RockFFPlayer(  170):   Duration: 
04-22 17:00:01.848 I/RockFFPlayer(  170): 00:00:02.60
04-22 17:00:01.848 I/RockFFPlayer(  170): , start: 
04-22 17:00:01.848 I/RockFFPlayer(  170): 0.000000
04-22 17:00:01.848 I/RockFFPlayer(  170): , bitrate: 
04-22 17:00:01.848 I/RockFFPlayer(  170): 219 kb/s
04-22 17:00:01.848 I/RockFFPlayer(  170): 
04-22 17:00:01.848 I/RockFFPlayer(  170):     Stream #0:0
04-22 17:00:01.848 I/RockFFPlayer(  170): (und)
04-22 17:00:01.848 I/RockFFPlayer(  170): : Audio: aac (mp4a / 0x6134706D), 48000 Hz, stereo, s16, 125 kb/s
04-22 17:00:01.848 I/RockFFPlayer(  170): 
04-22 17:00:01.848 I/RockFFPlayer(  170):     Metadata:
04-22 17:00:01.848 I/RockFFPlayer(  170):       creation_time   : 
04-22 17:00:01.848 I/RockFFPlayer(  170): 2020-02-25 04:17:55
04-22 17:00:01.848 I/RockFFPlayer(  170): 
04-22 17:00:01.848 I/RockFFPlayer(  170):       handler_name    : 
04-22 17:00:01.848 I/RockFFPlayer(  170): Sound Media Handler
04-22 17:00:01.848 I/RockFFPlayer(  170): 
04-22 17:00:01.848 I/RockFFPlayer(  170):     Stream #0:1
04-22 17:00:01.848 I/RockFFPlayer(  170): (und)
04-22 17:00:01.848 I/RockFFPlayer(  170): : Video: h264 (avc1 / 0x31637661), 1280x800, 87 kb/s
04-22 17:00:01.848 I/RockFFPlayer(  170): , 29.97 fps
04-22 17:00:01.848 I/RockFFPlayer(  170): , 29.97 tbr
04-22 17:00:01.848 I/RockFFPlayer(  170): , 60k tbn
04-22 17:00:01.848 I/RockFFPlayer(  170): , 120k tbc
04-22 17:00:01.848 I/RockFFPlayer(  170): 
04-22 17:00:01.848 I/RockFFPlayer(  170):     Metadata:
04-22 17:00:01.848 I/RockFFPlayer(  170):       creation_time   : 
04-22 17:00:01.848 I/RockFFPlayer(  170): 2020-02-25 04:17:55
04-22 17:00:01.848 I/RockFFPlayer(  170): 
04-22 17:00:01.848 I/RockFFPlayer(  170):       handler_name    : 
04-22 17:00:01.848 I/RockFFPlayer(  170): Video Media Handler
04-22 17:00:01.848 I/RockFFPlayer(  170): 
04-22 17:00:01.848 D/RockFFPlayer(  170): prepare_l:start decode and read Thread
04-22 17:00:01.848 D/RockFFPlayer(  170): enter enqueueMessage
04-22 17:00:01.848 D/RockFFPlayer(  170): enqueueMessage:****1
04-22 17:00:01.848 D/RockFFPlayer(  170): enqueueMessage:****2
04-22 17:00:01.848 D/RockFFPlayer(  170): enqueueMessage:****3
04-22 17:00:01.848 D/RockFFPlayer(  170): enqueueMessage:Message 1,set signal
04-22 17:00:01.848 D/RockFFPlayer(  170): enqueueMessage:sync wait
04-22 17:00:01.848 D/RockFFPlayer(  170): deliverMessage 
04-22 17:00:01.848 D/RockFFPlayer(  170): run : dequeueMessage Message 1
04-22 17:00:01.848 D/RockFFPlayer(  170): CMD_PREPARE
04-22 17:00:01.848 I/RockFFPlayer(  170): doPrepare in
04-22 17:00:01.848 I/RockFFPlayer(  170): prepareVideo
04-22 17:00:01.848 E/CrFeatureHelper(  170): check_avtone_library --> Error:2 No such file or directory
04-22 17:00:01.848 D/FFPlayerHelper(  170): CrFeatureHelper --> name = avc1,tag = 828601953
04-22 17:00:01.848 E/CrFeatureHelper(  170): check_avtone_library --> Error:2 No such file or directory
04-22 17:00:01.848 D/FFPlayerHelper(  170): CrFeatureHelper --> name = avc1,tag = 828601953
04-22 17:00:01.849 D/FFPlayerHelper(  170):  ====================errno = No such file or directory
04-22 17:00:01.849 D/RockFFPlayerBase(  170): open MediaDecoder.cfg failed,so can't config anything
04-22 17:00:01.849 D/RockFFPlayerBase(  170): File not exists!
04-22 17:00:01.849 D/RockFFPlayer(  170): local video bitrate is 219 kbps
04-22 17:00:01.849 D/RockFFPlayer(  170): avg.frame.den=1001,avg.frame.num=30000
04-22 17:00:01.849 D/RockFFPlayer(  170): timebase.den=60000,timebase.num=1
04-22 17:00:01.849 D/RockFFPlayer(  170): codecbase.den=120000,codecbase.num=1
04-22 17:00:01.849 D/RockFFPlayer(  170): getVideoFrameRate: use avg frame rate: 29.970030
04-22 17:00:01.849 D/RockFFPlayer(  170): getVideoFrameRate:frameRate=29.970030
04-22 17:00:01.849 D/HDMIManager(  170): unkonwn connection state
04-22 17:00:01.849 D/HDMIManager(  170): TV/HDMI mode fd open failed
04-22 17:00:01.849 D/RockFFPlayer(  170): Video stream frame rate = 29.970030
04-22 17:00:01.849 D/RockFFPlayer(  170): Video stream codec_id = 28
04-22 17:00:01.854 I/RockFFPlayer(  170): prepareVideo, w: 1280, h: 800,mVFrameRate 29.970030
04-22 17:00:01.854 D/RenderBase(  170): powerControl write: 1,width=1280,height=800,ishevc=0,videoFramerate=0,streamBitrate=0
04-22 17:00:01.854 D/RenderShared(  170): RkRendererShared(): format = 22,bufWidth = 1280,bufHeight = 800
04-22 17:00:01.854 D/RenderShared(  170): RkRendererShared(): IOMMU open rga *******************
04-22 17:00:01.855 D/RenderShared(  170): RkRendererShared transform = 0
04-22 17:00:01.855 D/RockFFPlayerBase(  170): initRender(1324) new render ok
04-22 17:00:01.855 D/HDMIManager(  170): HdmiManager constructor***************
04-22 17:00:01.855 E/HDMIManager(  170): get3DMode**********
04-22 17:00:01.855 E/HDMIManager(  170): send**********
04-22 17:00:01.855 E/HDMIManager(  170): send(): cmd = 0 mode get3dmode 0 HDMI
04-22 17:00:01.855 D/CommandListener(  162): :ModeCmd::runCommand argv[1] = get3dmode
04-22 17:00:01.855 E/HDMIManager(  170): getReply(): 501 0 Missing iface
04-22 17:00:01.855 E/HDMIManager(  170): parseReply(): 501 0 Missing iface
04-22 17:00:01.855 E/HDMIManager(  170): parseReply(): mCode = 501,mStatus = 0,mReply = Missing iface
04-22 17:00:01.855 E/HDMIManager(  170): getResolution**********
04-22 17:00:01.855 D/HDMIManager(  170): unkonwn connection state
04-22 17:00:01.855 E/HDMIManager(  170): TV getMode(): open fail
04-22 17:00:01.855 E/HDMIManager(  170): getResolution**********
04-22 17:00:01.855 D/HDMIManager(  170): unkonwn connection state
04-22 17:00:01.855 E/HDMIManager(  170): TV getMode(): open fail
04-22 17:00:01.855 E/HDMIManager(  170): getAllResolution**********
04-22 17:00:01.855 E/HDMIManager(  170): getAllResolution(): open fail
04-22 17:00:01.855 D/HDMIManager(  170): setResolution(): width = 1920,height = 1080,frameRate = 30
04-22 17:00:01.855 D/HDMIManager(  170): setResolution(): support3D = 0,enale24 = 0
04-22 17:00:01.855 E/HDMIManager(  170): getResolution**********
04-22 17:00:01.855 D/HDMIManager(  170): unkonwn connection state
04-22 17:00:01.856 E/HDMIManager(  170): TV getMode(): open fail
04-22 17:00:01.856 D/HDMIManager(  170): unkonwn connection state
04-22 17:00:01.856 D/HDMIManager(  170): TV/HDMI mode fd open failed
04-22 17:00:01.856 I/RockFFPlayer(  170): prepareAudio
04-22 17:00:01.856 E/RockFFPlayer(  170): audio stream codec_id = 86018
04-22 17:00:01.856 D/RockFFPlayerBase(  170): open MediaDecoder.cfg failed,so can't config anything
04-22 17:00:01.856 D/RockFFPlayerBase(  170): File not exists!
04-22 17:00:01.861 D/RockFFPlayer(  170): initAudioPlayer
04-22 17:00:01.861 D/RockFFPlayer(  170): initAudioPlayer getOutputMode  passThrough = 0
04-22 17:00:01.861 D/RockFFPlayer(  170): enable the audio resample
04-22 17:00:01.861 D/RockFFPlayerBase(  170): setAudioOutputMode output_mode = 0
04-22 17:00:01.861 D/RkAudioPlayer(  170): setAudioSlice 0
04-22 17:00:01.862 D/RockFFPlayer(  170): initAudioPlayer out
04-22 17:00:01.862 D/SpeedManager(  170): sound touch donnot support current audio params
04-22 17:00:01.862 D/RkExtensionPlayer(  170): prepareExtendSubtitle in
04-22 17:00:01.862 E/RkExtensionPlayer(  170): prepareExtendSubtitle: context == NULL
04-22 17:00:01.862 E/RockFFPlayer(  170): prepareExtandSubtitle return error!
04-22 17:00:01.862 D/RkExtensionPlayer(  170): ~RkExtensionPlayer in
04-22 17:00:01.862 D/RkExtensionPlayer(  170): RkExtensionPlayer::closeExtendSubDecoder in
04-22 17:00:01.862 E/FFExtensionSource(  170): ~FFExtensionSource in
04-22 17:00:01.862 D/RockFFPlayer(  170): FFMediaSource context null. 
04-22 17:00:01.862 E/FFExtensionSource(  170): ~FFExtensionSource out
04-22 17:00:01.862 D/RockFFPlayer(  170): ~FFMediaSource
04-22 17:00:01.862 D/RockFFPlayer(  170): FFMediaSource context null. 
04-22 17:00:01.862 D/RkExtensionPlayer(  170): closeExtendSubDecoder out
04-22 17:00:01.862 I/RockFFPlayer(  170): prepareSubtitle in
04-22 17:00:01.862 E/RockFFPlayer(  170): hasSubtitle return fail
04-22 17:00:01.862 E/DecodeAudio(  170): mStream->codec->channels = 2  mStream->codec->sample_rate = 48000
04-22 17:00:01.862 D/DecodeAudio(  170): decode audio mAudioOutputMode = 0
04-22 17:00:01.862 D/DecodeVideo(  170): CrFeatureHelper -->   hwdec_flag = 1,Codec->codec_id = 0x1c
04-22 17:00:01.862 D/RockFFPlayer(  170): avg.frame.den=1001,avg.frame.num=30000
04-22 17:00:01.862 D/RockFFPlayer(  170): timebase.den=60000,timebase.num=1
04-22 17:00:01.862 D/RockFFPlayer(  170): codecbase.den=120000,codecbase.num=1
04-22 17:00:01.862 D/RockFFPlayer(  170): getVideoFrameRate: use avg frame rate: 29.970030
04-22 17:00:01.862 D/RockFFPlayer(  170): getVideoFrameRate:frameRate=29.970030
04-22 17:00:01.862 E/PtsProcess(  170): setFrameRate():mFrameRate = 29.970030
04-22 17:00:01.862 E/TraceThread(  170): TraceThread::dumpTrace() FileName:/data/trace_thread.log
04-22 17:00:01.863 D/RockFFPlayerBase(  170): dumpStatus(): Preapared
04-22 17:00:01.863 I/RockFFPlayer(  170): doPrepareFinish ok
04-22 17:00:01.863 D/RockFFPlayer(  170): run : dequeueMessage Message 1 OK
04-22 17:00:01.863 D/RockFFPlayer(  170): Messagecomplete type [1]
04-22 17:00:01.863 D/RockFFPlayer(  170): run : Message 1 complete
04-22 17:00:01.863 D/RockFFPlayer(  170): enqueueMessage:sync wait ok
04-22 17:00:01.863 I/RockFFPlayer(  170): decodeMovie:getCurrentStatus() = 8
04-22 17:00:01.864 E/MediaPlayer( 1763): Should have subtitle controller already set
04-22 17:00:01.864 E/MediaPlayerImp( 1763): play: /mnt/internal_sd/impactv/手洗い_スタンバイ画面.mp4
04-22 17:00:01.864 E/BluetoothService( 1763): onLeScan: device = 36:07:0C:46:EE:E2
04-22 17:00:01.864 E/BluetoothService( 1763): onLeScan: device = 59:F3:15:84:8E:A3
04-22 17:00:01.864 E/BluetoothService( 1763): onLeScan: device = 2F:A0:5C:A9:00:C0
04-22 17:00:01.864 E/BluetoothService( 1763): onLeScan: device = 19:5A:85:E8:5D:BF
04-22 17:00:01.864 E/MediaPlayer( 1763): Should have subtitle controller already set
04-22 17:00:01.865 D/RockFFPlayer(  170): setLooping(): loop = 0
04-22 17:00:01.865 D/RockFFPlayer(  170): setLooping(): loop = 0
04-22 17:00:01.865 D/RockFFPlayer(  170): start()**************
04-22 17:00:01.865 D/RockFFPlayerBase(  170): dumpStatus(): Preapared
04-22 17:00:01.865 D/RockFFPlayerBase(  170): allocDecoderBuffer***********
04-22 17:00:01.865 D/RockFFPlayerBase(  170): allocDecoderBuffer(): mVideoWidth = 1280,mVideoHeight = 800
04-22 17:00:01.865 D/NativeWindowBuffer(  170): MALLOC:def->mWidth=1280,def->mHeight=800,def->nBufferSize=1843200
04-22 17:00:01.865 D/NativeWindowBuffer(  170): native_window_set_buffers_geometry before mNativeWindow = 0xb8e50b58
04-22 17:00:01.866 D/NativeWindowBuffer(  170): OMX-buffers: min=2 actual=32 undeq=1+1 def.mWidth = 1280 def.mHeight = 800
04-22 17:00:01.866 D/NativeWindowBuffer(  170): allocating 32 buffers from a native window of size 1843200 on output port
04-22 17:00:01.870 D/NativeWindowBuffer(  170): registered graphic buffer with ID 0x16 (pointer = 0xb8e68790 , 0xb8e5bbb0) phy_addr = 0
04-22 17:00:01.873 D/NativeWindowBuffer(  170): registered graphic buffer with ID 0x18 (pointer = 0xb8e689d8 , 0xb8e68948) phy_addr = 0
04-22 17:00:01.877 D/NativeWindowBuffer(  170): registered graphic buffer with ID 0x19 (pointer = 0xb8e68b78 , 0xb8e68ae8) phy_addr = 0
04-22 17:00:01.880 D/NativeWindowBuffer(  170): registered graphic buffer with ID 0x1a (pointer = 0xb8e68d18 , 0xb8e68c88) phy_addr = 0
04-22 17:00:01.883 D/NativeWindowBuffer(  170): registered graphic buffer with ID 0x1b (pointer = 0xb8e68eb8 , 0xb8e68e28) phy_addr = 0
04-22 17:00:01.886 D/NativeWindowBuffer(  170): registered graphic buffer with ID 0x1c (pointer = 0xb8e69190 , 0xb8e69100) phy_addr = 0
04-22 17:00:01.889 D/NativeWindowBuffer(  170): registered graphic buffer with ID 0x1d (pointer = 0xb8e69398 , 0xb8e69308) phy_addr = 0
04-22 17:00:01.892 D/NativeWindowBuffer(  170): registered graphic buffer with ID 0x1e (pointer = 0xb8e69538 , 0xb8e694a8) phy_addr = 0
04-22 17:00:01.895 D/NativeWindowBuffer(  170): registered graphic buffer with ID 0x1f (pointer = 0xb8e696d8 , 0xb8e69648) phy_addr = 0
04-22 17:00:01.898 D/NativeWindowBuffer(  170): registered graphic buffer with ID 0x21 (pointer = 0xb8e69a88 , 0xb8e699f8) phy_addr = 0
04-22 17:00:01.901 D/NativeWindowBuffer(  170): registered graphic buffer with ID 0x23 (pointer = 0xb8e69c28 , 0xb8e69b98) phy_addr = 0
04-22 17:00:01.904 D/NativeWindowBuffer(  170): registered graphic buffer with ID 0x24 (pointer = 0xb8e69dc8 , 0xb8e69d38) phy_addr = 0
04-22 17:00:01.907 D/NativeWindowBuffer(  170): registered graphic buffer with ID 0x25 (pointer = 0xb8e69f68 , 0xb8e69ed8) phy_addr = 0
04-22 17:00:01.910 D/NativeWindowBuffer(  170): registered graphic buffer with ID 0x26 (pointer = 0xb8e6a108 , 0xb8e6a078) phy_addr = 0
04-22 17:00:01.913 D/NativeWindowBuffer(  170): registered graphic buffer with ID 0x27 (pointer = 0xb8e6a2a8 , 0xb8e6a218) phy_addr = 0
04-22 17:00:01.916 D/NativeWindowBuffer(  170): registered graphic buffer with ID 0x28 (pointer = 0xb8e6a798 , 0xb8e6a708) phy_addr = 0
04-22 17:00:01.919 D/NativeWindowBuffer(  170): registered graphic buffer with ID 0x29 (pointer = 0xb8e6a938 , 0xb8e6a8a8) phy_addr = 0
04-22 17:00:01.922 D/NativeWindowBuffer(  170): registered graphic buffer with ID 0x2a (pointer = 0xb8e6aad8 , 0xb8e6aa48) phy_addr = 0
04-22 17:00:01.925 D/NativeWindowBuffer(  170): registered graphic buffer with ID 0x2b (pointer = 0xb8e6ac78 , 0xb8e6abe8) phy_addr = 0
04-22 17:00:01.928 D/NativeWindowBuffer(  170): registered graphic buffer with ID 0x2c (pointer = 0xb8e6ae18 , 0xb8e6ad88) phy_addr = 0
04-22 17:00:01.931 D/NativeWindowBuffer(  170): registered graphic buffer with ID 0x2d (pointer = 0xb8e6afb8 , 0xb8e6af28) phy_addr = 0
04-22 17:00:01.934 D/NativeWindowBuffer(  170): registered graphic buffer with ID 0x2e (pointer = 0xb8e6b158 , 0xb8e6b0c8) phy_addr = 0
04-22 17:00:01.937 D/NativeWindowBuffer(  170): registered graphic buffer with ID 0x2f (pointer = 0xb8e6b2f8 , 0xb8e6b268) phy_addr = 0
04-22 17:00:01.940 D/NativeWindowBuffer(  170): registered graphic buffer with ID 0x30 (pointer = 0xb8e6b498 , 0xb8e6b408) phy_addr = 0
04-22 17:00:01.943 D/NativeWindowBuffer(  170): registered graphic buffer with ID 0x31 (pointer = 0xb8e6bb80 , 0xb8e6baf0) phy_addr = 0
04-22 17:00:01.946 D/NativeWindowBuffer(  170): registered graphic buffer with ID 0x32 (pointer = 0xb8e6bd20 , 0xb8e6bc90) phy_addr = 0
04-22 17:00:01.949 D/NativeWindowBuffer(  170): registered graphic buffer with ID 0x33 (pointer = 0xb8e6bec0 , 0xb8e6be30) phy_addr = 0
04-22 17:00:01.952 D/NativeWindowBuffer(  170): registered graphic buffer with ID 0x34 (pointer = 0xb8e6c060 , 0xb8e6bfd0) phy_addr = 0
04-22 17:00:01.955 D/NativeWindowBuffer(  170): registered graphic buffer with ID 0x35 (pointer = 0xb8e6c200 , 0xb8e6c170) phy_addr = 0
04-22 17:00:01.958 D/NativeWindowBuffer(  170): registered graphic buffer with ID 0x36 (pointer = 0xb8e6c3a0 , 0xb8e6c310) phy_addr = 0
04-22 17:00:01.961 D/NativeWindowBuffer(  170): registered graphic buffer with ID 0x37 (pointer = 0xb8e6c540 , 0xb8e6c4b0) phy_addr = 0
04-22 17:00:01.965 D/NativeWindowBuffer(  170): registered graphic buffer with ID 0x38 (pointer = 0xb8e6c6e0 , 0xb8e6c650) phy_addr = 0
04-22 17:00:01.965 D/NativeWindowBuffer(  170): Calling cancelBuffer on buffer 0x16 hanlde( 0xb8e5bbb0 )
04-22 17:00:01.965 D/NativeWindowBuffer(  170): Calling cancelBuffer on buffer 0x18 hanlde( 0xb8e68948 )
04-22 17:00:01.965 D/NativeWindowBuffer(  170): Calling cancelBuffer on buffer 0x19 hanlde( 0xb8e68ae8 )
04-22 17:00:01.966 D/NativeWindowBuffer(  170): Calling cancelBuffer on buffer 0x1a hanlde( 0xb8e68c88 )
04-22 17:00:01.966 D/NativeWindowBuffer(  170): Calling cancelBuffer on buffer 0x1b hanlde( 0xb8e68e28 )
04-22 17:00:01.966 D/RockFFPlayerBase(  170): mOutputPorBuffers = 0xb8e5ba14 mNativeWindowBufferAlloctor->getBufferInfo() =0xb8e5ba14
04-22 17:00:01.966 D/FrameManage(  170): setBufferInfo mOutPutBuffer = 0xb8e5ba14
04-22 17:00:01.966 D/RockFFPlayer(  170): enter enqueueMessage
04-22 17:00:01.966 D/RockFFPlayer(  170): enqueueMessage:****1
04-22 17:00:01.966 D/RockFFPlayer(  170): enqueueMessage:****2
04-22 17:00:01.966 D/RockFFPlayer(  170): enqueueMessage:****3
04-22 17:00:01.966 D/RockFFPlayer(  170): enqueueMessage:Message 1,set signal
04-22 17:00:01.966 D/RockFFPlayer(  170): enqueueMessage:sync wait
04-22 17:00:01.966 D/RockFFPlayer(  170): deliverMessage 
04-22 17:00:01.966 D/RockFFPlayer(  170): run : dequeueMessage Message 2
04-22 17:00:01.966 D/RockFFPlayer(  170): CMD_START
04-22 17:00:01.966 D/RockFFPlayer(  170): doStart()************
04-22 17:00:01.966 D/RockFFPlayerBase(  170): dumpStatus(): Preapared
04-22 17:00:01.966 D/RockFFPlayerBase(  170): dumpStatus(): Started
04-22 17:00:01.966 D/RkAudioPlayer(  170): audio mode: 0
04-22 17:00:01.967 D/RkAudioPlayer(  170): mAudioSink->open in mSampleRate = 48048 channels = 2
04-22 17:00:01.967 D/AudioSink(  170): open(48048, 2, 0x0, 0x1, 4, 24 0x0)
04-22 17:00:01.967 I/AudioTrack(  170): minFrameCount: 8925, afFrameCount=2048, minBufCount=4, sampleRate=48048, afSampleRate=44100, afLatency=185
04-22 17:00:01.967 E/FrameManage(  170): Priority scheduling not supported
04-22 17:00:01.967 D/FFMpegThread(  170): startAsync:threadname=DecoderAudio
04-22 17:00:01.967 E/TraceThread(  170):    RkFrameManage(tid = 3102132880)--> [UID=69e8c9fc] RkFrameManage::Threadproc
04-22 17:00:01.968 D/FFMpegThread(  170): DecoderAudio:starting thread
04-22 17:00:01.968 D/DecodeAudio(  170): prepare()
04-22 17:00:01.968 D/RockFFPlayer(  170): doStart:pause audio decode
04-22 17:00:01.968 D/DecodeAudio(  170): *********************special_pause
04-22 17:00:01.968 D/FFMpegThread(  170): startAsync:threadname=DecoderVideo
04-22 17:00:01.968 E/TraceThread(  170):     DecoderAudio(tid = 3102133464)--> [UID=69e8c9fc] DecoderAudio::decode
04-22 17:00:01.968 D/FFMpegThread(  170): DecoderVideo:starting thread
04-22 17:00:01.968 D/RockFFPlayer(  170): doStart(): mSeekTimeUs = -1
04-22 17:00:01.968 D/RockFFPlayer(  170): doStart ok
04-22 17:00:01.968 D/RockFFPlayer(  170): run : dequeueMessage Message 2 OK
04-22 17:00:01.968 D/RockFFPlayer(  170): Messagecomplete type [2]
04-22 17:00:01.968 D/RockFFPlayer(  170): run : Message 2 complete
04-22 17:00:01.968 D/RockFFPlayer(  170): enqueueMessage:sync wait ok
04-22 17:00:01.968 D/DecodeVideo(  170): Use the old vpu framework
04-22 17:00:01.968 E/MediaPlayerImp( 1763): onPrepared: 2603
04-22 17:00:01.969 E/BluetoothService( 1763): onLeScan: device = 59:F3:15:84:8E:A3
04-22 17:00:01.969 E/BluetoothService( 1763): onLeScan: device = 36:07:0C:46:EE:E2
04-22 17:00:01.969 E/BluetoothService( 1763): onLeScan: device = 52:64:E2:A4:1B:2A
04-22 17:00:01.970 E/BluetoothService( 1763): onLeScan: device = 59:F3:15:84:8E:A3
04-22 17:00:01.971 I/H264_DEBUG(  170): init done status 0, ts_en = 3 debug 0
04-22 17:00:01.971 I/vpu_mem_pool(  170): pid 170, open_vpu_memory_pool:473: success
04-22 17:00:01.971 D/DecodeVideo(  170): CommitBuffer2VpuPool dupshared_fd = 0x3b share_fd = 0x1c
04-22 17:00:01.971 D/DecodeVideo(  170): CommitBuffer2VpuPool dupshared_fd = 0x3d share_fd = 0x1d
04-22 17:00:01.971 D/DecodeVideo(  170): CommitBuffer2VpuPool dupshared_fd = 0x3e share_fd = 0x1e
04-22 17:00:01.971 D/DecodeVideo(  170): CommitBuffer2VpuPool dupshared_fd = 0x3f share_fd = 0x1f
04-22 17:00:01.971 D/DecodeVideo(  170): CommitBuffer2VpuPool dupshared_fd = 0x40 share_fd = 0x21
04-22 17:00:01.972 D/DecodeVideo(  170): CommitBuffer2VpuPool dupshared_fd = 0x41 share_fd = 0x23
04-22 17:00:01.972 D/DecodeVideo(  170): CommitBuffer2VpuPool dupshared_fd = 0x42 share_fd = 0x24
04-22 17:00:01.972 D/DecodeVideo(  170): CommitBuffer2VpuPool dupshared_fd = 0x43 share_fd = 0x25
04-22 17:00:01.972 D/DecodeVideo(  170): CommitBuffer2VpuPool dupshared_fd = 0x44 share_fd = 0x26
04-22 17:00:01.972 D/DecodeVideo(  170): CommitBuffer2VpuPool dupshared_fd = 0x45 share_fd = 0x27
04-22 17:00:01.972 D/DecodeVideo(  170): CommitBuffer2VpuPool dupshared_fd = 0x46 share_fd = 0x28
04-22 17:00:01.972 D/DecodeVideo(  170): CommitBuffer2VpuPool dupshared_fd = 0x47 share_fd = 0x29
04-22 17:00:01.972 D/DecodeVideo(  170): CommitBuffer2VpuPool dupshared_fd = 0x48 share_fd = 0x2a
04-22 17:00:01.972 D/DecodeVideo(  170): CommitBuffer2VpuPool dupshared_fd = 0x49 share_fd = 0x2b
04-22 17:00:01.972 D/DecodeVideo(  170): CommitBuffer2VpuPool dupshared_fd = 0x4a share_fd = 0x2c
04-22 17:00:01.972 D/DecodeVideo(  170): CommitBuffer2VpuPool dupshared_fd = 0x4b share_fd = 0x2d
04-22 17:00:01.972 D/DecodeVideo(  170): CommitBuffer2VpuPool dupshared_fd = 0x4c share_fd = 0x2e
04-22 17:00:01.972 D/DecodeVideo(  170): CommitBuffer2VpuPool dupshared_fd = 0x4d share_fd = 0x2f
04-22 17:00:01.973 E/TraceThread(  170):     DecoderVideo(tid = 3102134256)--> [UID=69e8c9fc] DecoderVideo::decode
04-22 17:00:01.973 E/DecodeVideo(  170): RkMark DecoderVideo ctx->no_thread send ts stream first time!
04-22 17:00:01.974 I/H264_DEBUG(  170): decoded width 1280  decoded height 800
04-22 17:00:01.974 I/H264_DEBUG(  170): display width 1280, display height 800
04-22 17:00:01.980 E/BluetoothService( 1763): onLeScan: device = 36:07:0C:46:EE:E2
04-22 17:00:01.982 D/RockFFPlayer(  170): set videoFirstFrame=0
04-22 17:00:01.982 D/RockFFPlayer(  170): onDisplayEvent(): FIRST_FRAME 
04-22 17:00:01.982 D/RockFFPlayer(  170): *****************onDisplayEvent:audio flush set timeus=0
04-22 17:00:01.982 D/RockFFPlayer(  170): onDisplayEvent:resume audio decode
04-22 17:00:01.983 D/RockFFPlayer(  170): onDisplayEvent video delay time: 66733 
04-22 17:00:01.992 D/RockFFPlayerBase(  170): WARRNING: VSYNC THREAD can not get buffer to queue
04-22 17:00:02.007 E/BluetoothService( 1763): onLeScan: device = 59:F3:15:84:8E:A3
04-22 17:00:02.009 D/RockFFPlayerBase(  170): WARRNING: VSYNC THREAD can not get buffer to queue
04-22 17:00:02.010 W/AppOps  (  466): Bad call: specified package media under uid 1000 but it is really 1013
04-22 17:00:02.025 E/BluetoothService( 1763): onLeScan: device = 2F:A0:5C:A9:00:C0
04-22 17:00:02.026 D/RockFFPlayerBase(  170): WARRNING: VSYNC THREAD can not get buffer to queue
04-22 17:00:02.043 E/BluetoothService( 1763): onLeScan: device = 59:F3:15:84:8E:A3
04-22 17:00:02.043 D/RockFFPlayerBase(  170): WARRNING: VSYNC THREAD can not get buffer to queue
04-22 17:00:02.061 D/RockFFPlayerBase(  170): WARRNING: VSYNC THREAD can not get buffer to queue
04-22 17:00:02.069 D/RockFFPlayer(  170): [onDisplayEvent]audiotime = 86504;videotime=0;latenessUs=86504;rawpts=0
04-22 17:00:02.069 E/RockFFPlayer(  170): Hery, notify MEDIA_INFO_RENDERING_START 86504
04-22 17:00:02.069 D/RockFFPlayer(  170): *****Channel Changed Time is 241905
04-22 17:00:02.069 D/RockFFPlayer(  170): onDisplayEvent(3660) render first frame
04-22 17:00:02.069 W/MediaPlayer( 1763): info/warning (3, 0)
04-22 17:00:02.071 D/RockFFPlayer(  170): [onDisplayEvent]audiotime = 88792;videotime=33332;latenessUs=55460;rawpts=33366
04-22 17:00:02.073 D/RockFFPlayer(  170): [onDisplayEvent]audiotime = 90937;videotime=66666;latenessUs=24271;rawpts=66733
04-22 17:00:02.078 D/DecodeVideo(  170): commitHdl2Vpu dupshared_fd = 0x51 shared_fd = 0x16 
04-22 17:00:02.087 E/BluetoothService( 1763): onLeScan: device = 36:07:0C:46:EE:E2
04-22 17:00:02.096 D/DecodeVideo(  170): commitHdl2Vpu dupshared_fd = 0x52 shared_fd = 0x18 
04-22 17:00:02.113 D/DecodeVideo(  170): commitHdl2Vpu dupshared_fd = 0x53 shared_fd = 0x19 
04-22 17:00:02.114 E/BluetoothService( 1763): onLeScan: device = 59:F3:15:84:8E:A3
04-22 17:00:02.131 D/DecodeVideo(  170): commitHdl2Vpu dupshared_fd = 0x54 shared_fd = 0x1a 
04-22 17:00:02.133 E/BluetoothService( 1763): onLeScan: device = 2F:A0:5C:A9:00:C0
04-22 17:00:02.154 D/DecodeVideo(  170): commitHdl2Vpu dupshared_fd = 0x55 shared_fd = 0x1b 
04-22 17:00:02.165 D/RockFFPlayerBase(  170): WARRNING: VSYNC THREAD can not get buffer to queue
04-22 17:00:02.175 D/WorkTimerService( 1763): FileUtils.getSize(Config.EXTERNAL_FILE_ROOT_PATH) = 0 false
04-22 17:00:02.176 E/MainActivity( 1763): setScreenBrightnessOn: 
04-22 17:00:02.186 D/ViewRootImpl( 1763): 1280<<<<<< BACK FROM relayoutWM.LayoutParams{(0,0)(fillxfill)mPosX=0mPosY=0mHScale=1.0mVScale=1.0 align=UNDEFINE taskId=106 sim=#20 ty=1 fl=#81810500 fmt=-3 wanim=0x1030469 sbrt=1.0 surfaceInsets=Rect(0, 0 - 0, 0) needsMenuKey=2packageName=com.example.hu.mediaplayerapktoken=android.os.BinderProxy@232745df}
04-22 17:00:02.186 E/BluetoothService( 1763): onLeScan: device = 59:F3:15:84:8E:A3
04-22 17:00:02.191 E/BluetoothService( 1763): onLeScan: device = 52:64:E2:A4:1B:2A
04-22 17:00:02.195 E/BluetoothService( 1763): onLeScan: device = 36:07:0C:46:EE:E2
04-22 17:00:02.199 D/RockFFPlayerBase(  170): WARRNING: VSYNC THREAD can not get buffer to queue
04-22 17:00:02.218 E/BluetoothService( 1763): onLeScan: device = 59:F3:15:84:8E:A3
04-22 17:00:02.234 D/RockFFPlayerBase(  170): WARRNING: VSYNC THREAD can not get buffer to queue
04-22 17:00:02.234 E/BluetoothService( 1763): onLeScan: device = 2F:A0:5C:A9:00:C0
04-22 17:00:02.268 D/RockFFPlayerBase(  170): WARRNING: VSYNC THREAD can not get buffer to queue
04-22 17:00:02.280 E/BluetoothService( 1763): onLeScan: device = 19:5A:85:E8:5D:BF
04-22 17:00:02.295 E/BluetoothService( 1763): onLeScan: device = 59:F3:15:84:8E:A3
04-22 17:00:02.303 D/RockFFPlayerBase(  170): WARRNING: VSYNC THREAD can not get buffer to queue
04-22 17:00:02.303 E/BluetoothService( 1763): onLeScan: device = 36:07:0C:46:EE:E2
04-22 17:00:02.337 D/RockFFPlayerBase(  170): WARRNING: VSYNC THREAD can not get buffer to queue
04-22 17:00:02.340 E/BluetoothService( 1763): onLeScan: device = 2F:A0:5C:A9:00:C0
04-22 17:00:02.365 E/BluetoothService( 1763): onLeScan: device = 59:F3:15:84:8E:A3
04-22 17:00:02.372 D/RockFFPlayerBase(  170): WARRNING: VSYNC THREAD can not get buffer to queue
04-22 17:00:02.388 E/BluetoothService( 1763): onLeScan: device = 19:5A:85:E8:5D:BF
04-22 17:00:02.402 E/BluetoothService( 1763): onLeScan: device = 59:F3:15:84:8E:A3
04-22 17:00:02.406 D/RockFFPlayerBase(  170): WARRNING: VSYNC THREAD can not get buffer to queue
04-22 17:00:02.411 E/BluetoothService( 1763): onLeScan: device = 36:07:0C:46:EE:E2
04-22 17:00:02.441 D/RockFFPlayerBase(  170): WARRNING: VSYNC THREAD can not get buffer to queue
04-22 17:00:02.443 E/BluetoothService( 1763): onLeScan: device = 2F:A0:5C:A9:00:C0
04-22 17:00:02.463 E/BluetoothService( 1763): onLeScan: device = 52:64:E2:A4:1B:2A
04-22 17:00:02.470 E/BluetoothService( 1763): onLeScan: device = 59:F3:15:84:8E:A3
04-22 17:00:02.475 D/RockFFPlayerBase(  170): WARRNING: VSYNC THREAD can not get buffer to queue
04-22 17:00:02.510 D/RockFFPlayerBase(  170): WARRNING: VSYNC THREAD can not get buffer to queue
04-22 17:00:02.520 E/BluetoothService( 1763): onLeScan: device = 36:07:0C:46:EE:E2
04-22 17:00:02.541 E/BluetoothService( 1763): onLeScan: device = 59:F3:15:84:8E:A3
04-22 17:00:02.544 D/RockFFPlayerBase(  170): WARRNING: VSYNC THREAD can not get buffer to queue
04-22 17:00:02.546 E/BluetoothService( 1763): onLeScan: device = 2F:A0:5C:A9:00:C0
04-22 17:00:02.552 E/BluetoothService( 1763): onLeScan: device = 70:D5:59:D8:09:1E
04-22 17:00:02.579 D/RockFFPlayerBase(  170): WARRNING: VSYNC THREAD can not get buffer to queue
04-22 17:00:02.581 E/BluetoothService( 1763): onLeScan: device = 59:F3:15:84:8E:A3
04-22 17:00:02.593 E/BluetoothService( 1763): onLeScan: device = 54:BE:E1:E6:80:48
04-22 17:00:02.597 E/BluetoothService( 1763): onLeScan: device = 19:5A:85:E8:5D:BF
04-22 17:00:02.613 D/RockFFPlayerBase(  170): WARRNING: VSYNC THREAD can not get buffer to queue
04-22 17:00:02.621 E/BluetoothService( 1763): onLeScan: device = 36:07:0C:46:EE:E2
04-22 17:00:02.646 E/BluetoothService( 1763): onLeScan: device = 2F:A0:5C:A9:00:C0
04-22 17:00:02.651 E/BluetoothService( 1763): onLeScan: device = 59:F3:15:84:8E:A3
04-22 17:00:02.665 D/RockFFPlayerBase(  170): WARRNING: VSYNC THREAD can not get buffer to queue
04-22 17:00:02.699 E/BluetoothService( 1763): onLeScan: device = 19:5A:85:E8:5D:BF
04-22 17:00:02.700 D/RockFFPlayerBase(  170): WARRNING: VSYNC THREAD can not get buffer to queue
04-22 17:00:02.734 D/RockFFPlayerBase(  170): WARRNING: VSYNC THREAD can not get buffer to queue
04-22 17:00:02.752 E/BluetoothService( 1763): onLeScan: device = 2F:A0:5C:A9:00:C0
04-22 17:00:02.769 D/RockFFPlayerBase(  170): WARRNING: VSYNC THREAD can not get buffer to queue
04-22 17:00:02.803 D/RockFFPlayerBase(  170): WARRNING: VSYNC THREAD can not get buffer to queue
04-22 17:00:02.803 D/RockFFPlayer(  170): url_feof=0,err=0
04-22 17:00:02.803 I/RockFFPlayer(  170): av_read_frame end of stream ret = -541478725
04-22 17:00:02.806 E/BluetoothService( 1763): onLeScan: device = 19:5A:85:E8:5D:BF
04-22 17:00:02.828 E/BluetoothService( 1763): onLeScan: device = 36:07:0C:46:EE:E2
04-22 17:00:02.836 E/BluetoothService( 1763): onLeScan: device = 59:F3:15:84:8E:A3
04-22 17:00:02.838 D/RockFFPlayerBase(  170): WARRNING: VSYNC THREAD can not get buffer to queue
04-22 17:00:02.857 E/BluetoothService( 1763): onLeScan: device = 2F:A0:5C:A9:00:C0
04-22 17:00:02.863 E/BluetoothService( 1763): onLeScan: device = 54:BE:E1:E6:80:48
04-22 17:00:02.872 D/RockFFPlayerBase(  170): WARRNING: VSYNC THREAD can not get buffer to queue
04-22 17:00:02.902 E/BluetoothService( 1763): onLeScan: device = 54:2D:B8:84:35:15
04-22 17:00:02.905 E/BluetoothService( 1763): onLeScan: device = 59:F3:15:84:8E:A3
04-22 17:00:02.907 D/RockFFPlayerBase(  170): WARRNING: VSYNC THREAD can not get buffer to queue
04-22 17:00:02.908 E/BluetoothService( 1763): onLeScan: device = 19:5A:85:E8:5D:BF
04-22 17:00:02.929 E/BluetoothService( 1763): onLeScan: device = 36:07:0C:46:EE:E2
04-22 17:00:02.941 D/RockFFPlayerBase(  170): WARRNING: VSYNC THREAD can not get buffer to queue
04-22 17:00:02.958 E/BluetoothService( 1763): onLeScan: device = 2F:A0:5C:A9:00:C0
04-22 17:00:02.976 D/RockFFPlayerBase(  170): WARRNING: VSYNC THREAD can not get buffer to queue
04-22 17:00:03.008 E/BluetoothService( 1763): onLeScan: device = 52:64:E2:A4:1B:2A
04-22 17:00:03.010 D/RockFFPlayerBase(  170): WARRNING: VSYNC THREAD can not get buffer to queue
04-22 17:00:03.016 E/BluetoothService( 1763): onLeScan: device = 19:5A:85:E8:5D:BF
04-22 17:00:03.038 E/BluetoothService( 1763): onLeScan: device = 36:07:0C:46:EE:E2
04-22 17:00:03.045 D/RockFFPlayerBase(  170): WARRNING: VSYNC THREAD can not get buffer to queue
04-22 17:00:03.063 E/BluetoothService( 1763): onLeScan: device = 2F:A0:5C:A9:00:C0
04-22 17:00:03.079 D/RockFFPlayerBase(  170): WARRNING: VSYNC THREAD can not get buffer to queue
04-22 17:00:03.081 E/BluetoothService( 1763): onLeScan: device = 59:F3:15:84:8E:A3
04-22 17:00:03.117 E/BluetoothService( 1763): onLeScan: device = 59:F3:15:84:8E:A3
04-22 17:00:03.119 E/BluetoothService( 1763): onLeScan: device = 19:5A:85:E8:5D:BF
04-22 17:00:03.131 D/RockFFPlayerBase(  170): WARRNING: VSYNC THREAD can not get buffer to queue
04-22 17:00:03.135 E/BluetoothService( 1763): onLeScan: device = 54:BE:E1:E6:80:48
04-22 17:00:03.145 E/BluetoothService( 1763): onLeScan: device = 36:07:0C:46:EE:E2
04-22 17:00:03.163 E/BluetoothService( 1763): onLeScan: device = 7E:2B:B5:D9:6B:B2
04-22 17:00:03.165 D/RockFFPlayerBase(  170): WARRNING: VSYNC THREAD can not get buffer to queue
04-22 17:00:03.171 E/BluetoothService( 1763): onLeScan: device = 2F:A0:5C:A9:00:C0
04-22 17:00:03.189 E/BluetoothService( 1763): onLeScan: device = 59:F3:15:84:8E:A3
04-22 17:00:03.200 D/RockFFPlayerBase(  170): WARRNING: VSYNC THREAD can not get buffer to queue
04-22 17:00:03.211 E/BluetoothService( 1763): onLeScan: device = 59:F3:15:84:8E:A3
04-22 17:00:03.235 D/RockFFPlayerBase(  170): WARRNING: VSYNC THREAD can not get buffer to queue
04-22 17:00:03.247 E/BluetoothService( 1763): onLeScan: device = 36:07:0C:46:EE:E2
04-22 17:00:03.269 D/RockFFPlayerBase(  170): WARRNING: VSYNC THREAD can not get buffer to queue
04-22 17:00:03.274 E/BluetoothService( 1763): onLeScan: device = 2F:A0:5C:A9:00:C0
04-22 17:00:03.277 E/BluetoothService( 1763): onLeScan: device = 59:F3:15:84:8E:A3
04-22 17:00:03.304 D/RockFFPlayerBase(  170): WARRNING: VSYNC THREAD can not get buffer to queue
04-22 17:00:03.307 E/BluetoothService( 1763): onLeScan: device = 59:F3:15:84:8E:A3
04-22 17:00:03.325 E/BluetoothService( 1763): onLeScan: device = 19:5A:85:E8:5D:BF
04-22 17:00:03.338 D/RockFFPlayerBase(  170): WARRNING: VSYNC THREAD can not get buffer to queue
04-22 17:00:03.352 E/BluetoothService( 1763): onLeScan: device = 36:07:0C:46:EE:E2
04-22 17:00:03.373 D/RockFFPlayerBase(  170): WARRNING: VSYNC THREAD can not get buffer to queue
04-22 17:00:03.374 E/BluetoothService( 1763): onLeScan: device = 2F:A0:5C:A9:00:C0
04-22 17:00:03.381 E/BluetoothService( 1763): onLeScan: device = 59:F3:15:84:8E:A3
04-22 17:00:03.407 D/RockFFPlayerBase(  170): WARRNING: VSYNC THREAD can not get buffer to queue
04-22 17:00:03.409 E/BluetoothService( 1763): onLeScan: device = 54:BE:E1:E6:80:48
04-22 17:00:03.432 E/BluetoothService( 1763): onLeScan: device = 19:5A:85:E8:5D:BF
04-22 17:00:03.437 E/BluetoothService( 1763): onLeScan: device = 7E:2B:B5:D9:6B:B2
04-22 17:00:03.439 E/BluetoothService( 1763): onLeScan: device = CF:F2:35:EF:11:6B
04-22 17:00:03.442 D/RockFFPlayerBase(  170): WARRNING: VSYNC THREAD can not get buffer to queue
04-22 17:00:03.446 E/BluetoothService( 1763): onLeScan: device = 59:F3:15:84:8E:A3
04-22 17:00:03.462 E/BluetoothService( 1763): onLeScan: device = 36:07:0C:46:EE:E2
04-22 17:00:03.476 D/RockFFPlayerBase(  170): WARRNING: VSYNC THREAD can not get buffer to queue
04-22 17:00:03.481 E/BluetoothService( 1763): onLeScan: device = 59:F3:15:84:8E:A3
04-22 17:00:03.511 D/RockFFPlayerBase(  170): WARRNING: VSYNC THREAD can not get buffer to queue
