04-22 16:59:47.904 D/RockFFPlayer(  170): readpacket:checkConsumeAll ok,mLooping = 0
04-22 16:59:47.905 E/MainActivityPlayModel( 1763): handleMessage7777
04-22 16:59:47.905 I/MainActivityPlayModel( 1763): playNext 1 1
04-22 16:59:47.905 I/MainActivityPlayModel( 1763): playNext exexex 
04-22 16:59:47.905 E/MainActivityPlayModel( 1763): handleMessage8888
04-22 16:59:47.905 D/RockFFPlayer(  170): reset()***********
04-22 16:59:47.905 D/RockFFPlayerBase(  170): dumpStatus(): Pause
04-22 16:59:47.905 D/RockFFPlayer(  170): reset(),stop_l
04-22 16:59:47.905 D/RockFFPlayer(  170): stop_l
04-22 16:59:47.905 D/RockFFPlayer(  170): enter enqueueMessage
04-22 16:59:47.905 D/RockFFPlayer(  170): enqueueMessage:****1
04-22 16:59:47.905 D/RockFFPlayer(  170): enqueueMessage:****2
04-22 16:59:47.905 D/RockFFPlayer(  170): enqueueMessage:****3
04-22 16:59:47.905 D/RockFFPlayer(  170): enqueueMessage:Message 1,set signal
04-22 16:59:47.905 D/RockFFPlayer(  170): enqueueMessage:sync wait
04-22 16:59:47.905 D/RockFFPlayer(  170): deliverMessage 
04-22 16:59:47.905 D/RockFFPlayer(  170): run : dequeueMessage Message 4
04-22 16:59:47.905 D/RockFFPlayer(  170): CMD_STOP
04-22 16:59:47.905 D/RockFFPlayer(  170): doStop()*****
04-22 16:59:47.905 D/RockFFPlayerBase(  170): dumpStatus(): Pause
04-22 16:59:47.905 D/RockFFPlayerBase(  170): dumpStatus(): Stop
04-22 16:59:47.905 I/RockFFPlayer(  170): readthread end of playing
04-22 16:59:47.905 D/RockFFPlayer(  170): doRelease()************
04-22 16:59:47.905 I/FFIDecoder(  170): waiting on end of decoder thread
04-22 16:59:47.905 E/FFMpegThread(  170): DecoderAudio,wait
04-22 16:59:47.905 D/FFMpegThread(  170): DecoderAudio:wait at pthread_join
04-22 16:59:47.905 I/DecodeAudio(  170): decoding audio ended
04-22 16:59:47.905 D/FFMpegThread(  170): DecoderAudio:thread ended
04-22 16:59:47.905 E/TraceThread(  170):     DecoderAudio(tid = 3102145464)--> [UID=534e0db0] pthread_join begin
04-22 16:59:47.905 E/TraceThread(  170):     DecoderAudio(tid = 3102145464)--> [UID=534e0db0] pthread_join end
04-22 16:59:47.905 E/FFMpegThread(  170): DecoderAudio:wait ok mThreadStatus=-1
04-22 16:59:47.905 I/FFIDecoder(  170): waiting on end of decoder thread
04-22 16:59:47.905 E/FFMpegThread(  170): DecoderVideo,wait
04-22 16:59:47.905 D/FFMpegThread(  170): DecoderVideo:wait at pthread_join
04-22 16:59:47.905 D/FFMpegThread(  170): DecoderVideo:thread ended
04-22 16:59:47.905 E/TraceThread(  170):     DecoderVideo(tid = 3102146464)--> [UID=534e0db0] pthread_join begin
04-22 16:59:47.905 E/TraceThread(  170):     DecoderVideo(tid = 3102146464)--> [UID=534e0db0] pthread_join end
04-22 16:59:47.905 E/FFMpegThread(  170): DecoderVideo:wait ok mThreadStatus=-1
04-22 16:59:47.908 E/RockFFPlayerBase(  170): FFMPlayerBase::flushRenderQueue in
04-22 16:59:47.908 E/RockFFPlayerBase(  170): FFMPlayerBase::flushRenderQueue out
04-22 16:59:47.908 E/TraceThread(  170):    RkFrameManage(tid = 3102144880)--> [UID=534e0db0] pthread_join begin
04-22 16:59:47.914 D/FrameManage(  170): FrameQueueManage::Displayframe stoped
04-22 16:59:47.914 E/TraceThread(  170):    RkFrameManage(tid = 3102144880)--> [UID=534e0db0] pthread_join end
04-22 16:59:47.914 I/FrameManage(  170): RkFrameManage::~RkFrameManage end!
04-22 16:59:47.914 D/RenderBase(  170): powerControl write: 0,width=1280,height=800,ishevc=0,videoFramerate=0,streamBitrate=0
04-22 16:59:47.914 E/RenderShared(  170): ~RkRenderer in
04-22 16:59:47.914 E/RenderShared(  170): ~RkRenderer out
04-22 16:59:47.914 D/NativeWindowBuffer(  170): Calling cancelBuffer on buffer 0x16 hanlde( 0xb8e7ccf8 )
04-22 16:59:47.914 D/NativeWindowBuffer(  170): Calling cancelBuffer on buffer 0x18 hanlde( 0xb8e7cf40 )
04-22 16:59:47.914 D/NativeWindowBuffer(  170): buffer already Cancled 0x19 handle( 0xb8e7d0e0 )
04-22 16:59:47.914 D/NativeWindowBuffer(  170): Calling cancelBuffer on buffer 0x1a hanlde( 0xb8e7c608 )
04-22 16:59:47.914 D/NativeWindowBuffer(  170): Calling cancelBuffer on buffer 0x1b hanlde( 0xb8e7c7a8 )
04-22 16:59:47.915 D/NativeWindowBuffer(  170): Calling cancelBuffer on buffer 0x1c hanlde( 0xb8e1dfe0 )
04-22 16:59:47.915 D/NativeWindowBuffer(  170): Calling cancelBuffer on buffer 0x1d hanlde( 0xb8e1e180 )
04-22 16:59:47.915 D/NativeWindowBuffer(  170): buffer already Cancled 0x1e handle( 0xb8e1e320 )
04-22 16:59:47.915 D/NativeWindowBuffer(  170): buffer already Cancled 0x1f handle( 0xb8e1e4c0 )
04-22 16:59:47.915 D/NativeWindowBuffer(  170): Calling cancelBuffer on buffer 0x21 hanlde( 0xb8e1e870 )
04-22 16:59:47.915 D/NativeWindowBuffer(  170): buffer already Cancled 0x23 handle( 0xb8e1ea10 )
04-22 16:59:47.915 D/NativeWindowBuffer(  170): Calling cancelBuffer on buffer 0x24 hanlde( 0xb8e1ebb0 )
04-22 16:59:47.915 D/NativeWindowBuffer(  170): Calling cancelBuffer on buffer 0x25 hanlde( 0xb8e1ed50 )
04-22 16:59:47.915 D/NativeWindowBuffer(  170): buffer already Cancled 0x26 handle( 0xb8e1eef0 )
04-22 16:59:47.915 D/NativeWindowBuffer(  170): Calling cancelBuffer on buffer 0x27 hanlde( 0xb8e1f090 )
04-22 16:59:47.915 D/NativeWindowBuffer(  170): Calling cancelBuffer on buffer 0x28 hanlde( 0xb8e1f580 )
04-22 16:59:47.916 D/NativeWindowBuffer(  170): Calling cancelBuffer on buffer 0x29 hanlde( 0xb8e1f720 )
04-22 16:59:47.916 D/NativeWindowBuffer(  170): Calling cancelBuffer on buffer 0x2a hanlde( 0xb8e1f8c0 )
04-22 16:59:47.916 D/NativeWindowBuffer(  170): Calling cancelBuffer on buffer 0x2b hanlde( 0xb8e1fa60 )
04-22 16:59:47.916 D/NativeWindowBuffer(  170): Calling cancelBuffer on buffer 0x2c hanlde( 0xb8e1fc00 )
04-22 16:59:47.916 D/NativeWindowBuffer(  170): Calling cancelBuffer on buffer 0x2d hanlde( 0xb8e1fda0 )
04-22 16:59:47.916 D/NativeWindowBuffer(  170): Calling cancelBuffer on buffer 0x2e hanlde( 0xb8e1ff40 )
04-22 16:59:47.916 D/NativeWindowBuffer(  170): Calling cancelBuffer on buffer 0x2f hanlde( 0xb8e1e5d8 )
04-22 16:59:47.917 D/NativeWindowBuffer(  170): Calling cancelBuffer on buffer 0x30 hanlde( 0xb8e6e2e8 )
04-22 16:59:47.917 D/NativeWindowBuffer(  170): Calling cancelBuffer on buffer 0x31 hanlde( 0xb8e6e9d0 )
04-22 16:59:47.917 D/NativeWindowBuffer(  170): Calling cancelBuffer on buffer 0x32 hanlde( 0xb8e6eb70 )
04-22 16:59:47.917 D/NativeWindowBuffer(  170): Calling cancelBuffer on buffer 0x33 hanlde( 0xb8e6ed10 )
04-22 16:59:47.917 D/NativeWindowBuffer(  170): Calling cancelBuffer on buffer 0x34 hanlde( 0xb8e6eeb0 )
04-22 16:59:47.917 D/NativeWindowBuffer(  170): Calling cancelBuffer on buffer 0x35 hanlde( 0xb8e6f050 )
04-22 16:59:47.918 D/NativeWindowBuffer(  170): Calling cancelBuffer on buffer 0x36 hanlde( 0xb8e6f1f0 )
04-22 16:59:47.918 D/NativeWindowBuffer(  170): Calling cancelBuffer on buffer 0x37 hanlde( 0xb8e6f390 )
04-22 16:59:47.918 D/NativeWindowBuffer(  170): Calling cancelBuffer on buffer 0x38 hanlde( 0xb8e6f530 )
04-22 16:59:47.918 D/HDMIManager(  170): HdmiManager disconstructor***************
04-22 16:59:47.923 I/H264_DEBUG(  170): deinit DONE
04-22 16:59:47.925 I/vpu_mem_pool(  170): pid 170, close_vpu_memory_pool:552: 
04-22 16:59:47.925 D/FFMpegThread(  170): DecoderVideo:~PlayerThread enter mThreadStatus=-1
04-22 16:59:47.925 D/FFMpegThread(  170): DecoderAudio:~PlayerThread enter mThreadStatus=-1
04-22 16:59:47.925 D/RkAudioPlayer(  170): setAudioSlice 0
04-22 16:59:47.925 D/RockFFPlayer(  170): doRelease ok
04-22 16:59:47.925 D/RockFFPlayer(  170): doStop()*****OK
04-22 16:59:47.925 D/RockFFPlayer(  170): run : dequeueMessage Message 4 OK
04-22 16:59:47.925 D/RockFFPlayer(  170): Messagecomplete type [4]
04-22 16:59:47.925 D/RockFFPlayer(  170): run : Message 4 complete
04-22 16:59:47.925 D/RockFFPlayer(  170): enqueueMessage:sync wait ok
04-22 16:59:47.925 D/RockFFPlayer(  170): doRelease() clearQueue************
04-22 16:59:47.925 D/RockFFPlayer(  170): stop_l:MessageStop down
04-22 16:59:47.925 D/RockFFPlayerBase(  170): dumpStatus(): Stop
04-22 16:59:47.925 D/RockFFPlayer(  170): stop_l : create CancelThread
04-22 16:59:47.926 D/RockFFPlayer(  170): CancelThread start
04-22 16:59:47.926 D/RockFFPlayer(  170): stop_l :CancelThread create ok
04-22 16:59:47.926 D/RockFFPlayer(  170): stop_l buffer thread quit
04-22 16:59:47.926 E/RockFFPlayerBase(  170): closeContext : in
04-22 16:59:47.926 D/RockFFPlayer(  170): enter enqueueMessage
04-22 16:59:47.926 D/RockFFPlayer(  170): enqueueMessage:****1
04-22 16:59:47.926 D/RockFFPlayer(  170): enqueueMessage:****2
04-22 16:59:47.926 D/RockFFPlayer(  170): enqueueMessage:****3
04-22 16:59:47.926 D/RockFFPlayer(  170): enqueueMessage:Message 1,set signal
04-22 16:59:47.926 D/RockFFPlayer(  170): enqueueMessage:sync wait
04-22 16:59:47.926 D/RockFFPlayer(  170): deliverMessage 
04-22 16:59:47.926 D/RockFFPlayer(  170): run : dequeueMessage Message 11
04-22 16:59:47.926 D/RockFFPlayer(  170): CMD_RESET
04-22 16:59:47.926 D/RockFFPlayerBase(  170): dumpStatus(): Idle
04-22 16:59:47.926 D/RockFFPlayer(  170): doReset ok
04-22 16:59:47.926 D/RockFFPlayer(  170): run : dequeueMessage Message 11 OK
04-22 16:59:47.926 D/RockFFPlayer(  170): Messagecomplete type [11]
04-22 16:59:47.926 D/RockFFPlayer(  170): run : Message 11 complete
04-22 16:59:47.926 D/RockFFPlayer(  170): enqueueMessage:sync wait ok
04-22 16:59:47.926 D/RockFFPlayer(  170): reset(),MessageReset down
04-22 16:59:47.926 D/RockFFPlayer(  170): signal thread out
04-22 16:59:47.926 D/RockFFPlayer(  170): sched_thread out
04-22 16:59:47.926 D/RockFFPlayer(  170): stop:wait is ok
04-22 16:59:47.926 D/RockFFPlayer(  170): stop:ok
04-22 16:59:47.926 D/RockFFPlayer(  170): ~RkMessageQueue
04-22 16:59:47.927 E/RockFFPlayerBase(  170): closeContext : out
04-22 16:59:47.927 D/RockFFPlayer(  170): CancelThread end
04-22 16:59:47.927 D/RockFFPlayer(  170): CancelThread return
04-22 16:59:47.929 E/FFPlayer(  170): ~FFPlayer
04-22 16:59:47.929 D/RockFFPlayer(  170): reset()***********
04-22 16:59:47.929 D/RockFFPlayerBase(  170): dumpStatus(): Idle
04-22 16:59:47.929 D/RockFFPlayer(  170): CurrentStatus is IDLE,already reset
04-22 16:59:47.929 D/RockFFPlayer(  170): ~FFMPlayer*******
04-22 16:59:47.929 D/RockFFPlayer(  170): reset()***********
04-22 16:59:47.929 D/RockFFPlayerBase(  170): dumpStatus(): Idle
04-22 16:59:47.929 D/RockFFPlayer(  170): CurrentStatus is IDLE,already reset
04-22 16:59:47.929 D/RockFFPlayer(  170): ~FFMPlayer:CancelThread
04-22 16:59:47.929 D/RockFFPlayer(  170): ~FFMediaSource
04-22 16:59:47.929 D/RockFFPlayer(  170): FFMediaSource context null. 
04-22 16:59:47.929 E/TraceThread(  170):     VsyncReciver(tid = 3101832688)--> [UID=534e0db0] pthread_join begin-->player = 0xb8e30f58
04-22 16:59:47.939 E/TraceThread(  170):     VsyncReciver(tid = 3101832688)--> [UID=534e0db0] pthread_join   end-->player = 0xb8e30f58
04-22 16:59:47.939 D/VsyncReciver(  170): stop_l:vsyncThread down
04-22 16:59:47.939 D/RockFFPlayer(  170): ~FFMPlayer***mNativeWindow
04-22 16:59:47.953 E/TraceThread(  170):     RockFFPlayer(tid = 3101743504)--> [UID=534e0db0] ~FFMPlayer Destruction; object=0xb8e30f58
04-22 16:59:47.953 D/RockFFPlayer(  170): ~FFMPlayer***end
04-22 16:59:47.953 D/RockFFPlayerBase(  170): ~FFMPlayerBase(():mDequeueThread down
04-22 16:59:47.953 D/RockFFPlayerBase(  170): ~RkMessageHandler
04-22 16:59:47.955 D/ISOManager( 1763): isBDDirectory(), pathStr = /mnt/internal_sd/impactv/手洗い_スタンバイ画面.mp4
04-22 16:59:47.955 D/ISOManager( 1763): isBDDirectory(), path = /mnt/internal_sd/impactv/手洗い_スタンバイ画面.mp4
04-22 16:59:47.956 I/MediaPlayerFactory(  170):  createFFPlayer
04-22 16:59:47.956 E/        (  170): isBluray(), extension = .mp4
04-22 16:59:47.956 E/FFPlayerHelper(  170): isBDDirectory() ,path = /mnt/internal_sd/impactv/手洗い_スタンバイ画面.mp4
04-22 16:59:47.956 E/FFPlayerHelper(  170): isBDDirectory(): no BDMV
04-22 16:59:47.956 E/RockFFPlayerBase(  170): MediaServer is SP_FOREGROUND, tid=557
04-22 16:59:47.956 E/FFPlayerHelper(  170): efuse open fail
04-22 16:59:47.956 D/RkExtensionPlayer(  170): RkExtensionPlayer in
04-22 16:59:47.957 E/RkExtensionPlayer(  170): createDirectory(), path = /tmp/subtitle/
04-22 16:59:47.957 E/RkExtensionPlayer(  170): createDirectory(), create directory = /tmp/subtitle/ fail,reson = Invalid argument
04-22 16:59:47.957 E/RkExtensionPlayer(  170): createDirectory(), path = /data/subtitle/
04-22 16:59:47.957 E/RkExtensionPlayer(  170): createDirectory(), directory = /data/subtitle/ already exist
04-22 16:59:47.957 E/TraceThread(  170): TraceThread::randomUID() --> [UID=7a783655]
04-22 16:59:47.957 E/TraceThread(  170):     VsyncReciver(tid = 3101919744)--> [UID=7a783655] VsyncReciver::startthread
04-22 16:59:47.958 E/TraceThread(  170):     RockFFPlayer(tid = 3101743504)--> [UID=7a783655] FFMPlayer Construction; object=0xb8e30f58
04-22 16:59:47.958 D/RockFFPlayer(  170): setDataSource fd = 11, offset =0,length = 71554
04-22 16:59:47.958 D/RockFFPlayer(  170): start:create thread
04-22 16:59:47.958 D/RockFFPlayer(  170): RkMessageQueue::run()
04-22 16:59:47.958 D/RockFFPlayer(  170): start:create thread ok,mThreadStatus=0
04-22 16:59:47.958 D/RockFFPlayer(  170): enter enqueueMessage
04-22 16:59:47.958 D/RockFFPlayer(  170): enqueueMessage:****1
04-22 16:59:47.958 D/RockFFPlayer(  170): enqueueMessage:****2
04-22 16:59:47.958 D/RockFFPlayer(  170): enqueueMessage:****3
04-22 16:59:47.958 D/RockFFPlayer(  170): enqueueMessage:Message 1,set signal
04-22 16:59:47.958 D/RockFFPlayer(  170): enqueueMessage:sync wait
04-22 16:59:47.958 D/RockFFPlayer(  170): deliverMessage 
04-22 16:59:47.958 D/RockFFPlayer(  170): run : dequeueMessage Message 20
04-22 16:59:47.958 D/RockFFPlayer(  170): CMD_CURRENTSTATUS
04-22 16:59:47.958 D/RockFFPlayerBase(  170): dumpStatus(): Initialized
04-22 16:59:47.958 D/RockFFPlayer(  170): run : dequeueMessage Message 20 OK
04-22 16:59:47.958 D/RockFFPlayer(  170): Messagecomplete type [20]
04-22 16:59:47.958 D/RockFFPlayer(  170): run : Message 20 complete
04-22 16:59:47.958 D/RockFFPlayer(  170): enqueueMessage:sync wait ok
04-22 16:59:47.959 D/RockFFPlayerBase(  170): setSurfaceTexture in
04-22 16:59:47.959 D/RockFFPlayerBase(  170): setSurfaceTexture out
04-22 16:59:47.959 D/RockFFPlayer(  170): prepareAsync in
04-22 16:59:47.959 D/RockFFPlayerBase(  170): dumpStatus(): Initialized
04-22 16:59:47.959 D/RockFFPlayerBase(  170): dumpStatus(): Preparing
04-22 16:59:47.959 I/FFPlayer_Version(  170): ******************************************
04-22 16:59:47.959 I/FFPlayer_Version(  170): 
04-22 16:59:47.959 I/FFPlayer_Version(  170): starting main player: 2016-05-30-04:46:02
04-22 16:59:47.959 I/FFPlayer_Version(  170): ffPlayer is Built for BOARD_RK312X
04-22 16:59:47.959 I/FFPlayer_Version(  170): 
04-22 16:59:47.959 I/FFPlayer_Version(  170): ******************************************
04-22 16:59:47.959 I/RockFFPlayer(  170): setDataSource(url =file/fd::11,offset::0)
04-22 16:59:47.959 I/RockFFPlayer(  170): setDataSource(fileurl =/mnt/internal_sd/impactv/手洗い_スタンバイ画面.mp4)
04-22 16:59:47.959 E/RockFFPlayerBase(  170): openContext : in
04-22 16:59:47.959 D/RockFFPlayer(  170): prepareAsync ok
04-22 16:59:47.960 E/RockFFPlayer(  170): ffmpeg version 10-26
04-22 16:59:47.960 E/RockFFPlayer(  170): av_probe_input_buffer:avio_read
04-22 16:59:47.960 I/RockFFPlayer(  170): flv_probe get probe score: 0
04-22 16:59:47.960 E/RockFFPlayer(  170): Hery, probe size = 3
04-22 16:59:47.960 E/RockFFPlayer(  170): avformat_open_input:read_header
04-22 16:59:47.964 E/RockFFPlayer(  170): warning: mov too few keyframe, num: 1
04-22 16:59:47.964 D/RockFFPlayer(  170): ff notify mov use seek any flag
04-22 16:59:47.964 E/RockFFPlayer(  170): avformat_open_input:read_header ok
04-22 16:59:47.964 D/RkExtensionPlayer(  170): openContext in
04-22 16:59:47.964 E/RkExtensionPlayer(  170): autoDetect(): path = /mnt/internal_sd/impactv/手洗い_スタンバイ画面.mp4
04-22 16:59:47.964 E/FFPlayerHelper(  170): isNetWorkUrl: url = /mnt/internal_sd/impactv/手洗い_スタンバイ画面.mp4
04-22 16:59:47.964 E/RkExtensionPlayer(  170): autoDetect(): directory = /mnt/internal_sd/impactv
04-22 16:59:47.964 E/RkExtensionPlayer(  170): autoDetect(): prefix = /mnt/internal_sd/impactv/手洗い_スタンバイ画面
04-22 16:59:47.964 E/RkExtensionPlayer(  170): autoDetect(): fileName = 手洗い_スタンバイ画面
04-22 16:59:47.964 E/RkExtensionPlayer(  170): dr->d_name = 手洗い_スタンバイ画面.mp4
04-22 16:59:47.964 E/RkExtensionPlayer(  170): subPrefix = 手洗い_スタンバイ画面
04-22 16:59:47.964 E/RkExtensionPlayer(  170): dr->d_name = impactv_mix_program_list.txt
04-22 16:59:47.964 E/RkExtensionPlayer(  170): subPrefix = impactv_mix_program_list
04-22 16:59:47.964 E/RkExtensionPlayer(  170): isSubtitle: yes: impactv_mix_program_list.txt
04-22 16:59:47.964 E/RkExtensionPlayer(  170): dr->d_name = impactv_bgm_list.txt
04-22 16:59:47.964 E/RkExtensionPlayer(  170): subPrefix = impactv_bgm_list
04-22 16:59:47.964 E/RkExtensionPlayer(  170): isSubtitle: yes: impactv_bgm_list.txt
04-22 16:59:47.964 D/RkExtensionPlayer(  170): openContext out,mTrackInfos size = 0
04-22 16:59:47.964 E/RockFFPlayerBase(  170): openContext : out,ret = 0
04-22 16:59:47.965 D/RockFFPlayer(  170): setDataSource:set local video property=1
04-22 16:59:47.965 E/RockFFPlayer(  170): Hery, s->iformat->name = mov,mp4,m4a,3gp,3g2,mj2
04-22 16:59:47.965 D/RockFFPlayer(  170): There is not appleHls need find video Info
04-22 16:59:47.971 E/RockFFPlayer(  170): MOV -->  mov_check_read_policy --> videouri =file/fd::11,offset::0
04-22 16:59:47.973 E/RockFFPlayer(  170): read_size = 36834
04-22 16:59:47.973 E/RockFFPlayer(  170): update_stream_timings: st[-1192862608].duration = 124928
04-22 16:59:47.973 E/RockFFPlayer(  170): update_stream_timings: st[-1192862608].duration = 154154
04-22 16:59:47.973 E/RockFFPlayer(  170): update_stream_timings: st[-1192862608].duration = 124928
04-22 16:59:47.973 E/RockFFPlayer(  170): update_stream_timings: st[-1192862608].duration = 154154
04-22 16:59:47.973 E/RockFFPlayer(  170): estimate_timings:0: start_time: 0.000 duration: 0.125,base_time.den=48000,base_time.num=1
04-22 16:59:47.973 E/RockFFPlayer(  170): estimate_timings:1: start_time: 0.000 duration: 0.154,base_time.den=60000,base_time.num=1
04-22 16:59:47.973 E/RockFFPlayer(  170): stream: start_time: 0.000 duration: 2.603 bitrate=219 kb/s
04-22 16:59:47.973 E/RockFFPlayer(  170): avformat_find_stream_info:find_stream_info_err:free info,ok
04-22 16:59:47.973 E/RockFFPlayer(  170): avformat_find_stream_info:find_stream_info_err:free info,ok
04-22 16:59:47.973 E/RockFFPlayer(  170): s->streams[0]->codec->codec_type = 1
04-22 16:59:47.973 E/RockFFPlayer(  170): s->streams[0]->codec->probe_packets = 2500
04-22 16:59:47.973 E/RockFFPlayer(  170): s->streams[0]->codec->codec_info_nb_frames = 46
04-22 16:59:47.973 E/RockFFPlayer(  170): s->streams[1]->codec->codec_type = 0
04-22 16:59:47.973 E/RockFFPlayer(  170): s->streams[1]->codec->probe_packets = 2500
04-22 16:59:47.973 E/RockFFPlayer(  170): s->streams[1]->codec->codec_info_nb_frames = 1
04-22 16:59:47.973 E/RockFFPlayer(  170): audio name  = aac
04-22 16:59:47.973 E/RockFFPlayer(  170): is3DVideo()
04-22 16:59:47.974 D/RockFFPlayer(  170): AudioStartTime=0,VideoStartTime=0,tmpTime=0
04-22 16:59:47.974 E/RockFFPlayer(  170): Hery, s->duration = 2602600.000000
04-22 16:59:47.974 I/RockFFPlayer(  170): Input #0, mov,mp4,m4a,3gp,3g2,mj2, from 'file/fd::11,offset::0':
04-22 16:59:47.974 I/RockFFPlayer(  170):   Metadata:
04-22 16:59:47.974 I/RockFFPlayer(  170):     major_brand     : 
04-22 16:59:47.974 I/RockFFPlayer(  170): mp42
04-22 16:59:47.974 I/RockFFPlayer(  170): 
04-22 16:59:47.974 I/RockFFPlayer(  170):     minor_version   : 
04-22 16:59:47.974 I/RockFFPlayer(  170): 0
04-22 16:59:47.974 I/RockFFPlayer(  170): 
04-22 16:59:47.974 I/RockFFPlayer(  170):     compatible_brands: 
04-22 16:59:47.974 I/RockFFPlayer(  170): mp42isomavc1
04-22 16:59:47.974 I/RockFFPlayer(  170): 
04-22 16:59:47.974 I/RockFFPlayer(  170):     creation_time   : 
04-22 16:59:47.974 I/RockFFPlayer(  170): 2020-02-25 04:17:55
04-22 16:59:47.974 I/RockFFPlayer(  170): 
04-22 16:59:47.974 I/RockFFPlayer(  170):   Duration: 
04-22 16:59:47.974 I/RockFFPlayer(  170): 00:00:02.60
04-22 16:59:47.974 I/RockFFPlayer(  170): , start: 
04-22 16:59:47.974 I/RockFFPlayer(  170): 0.000000
04-22 16:59:47.974 I/RockFFPlayer(  170): , bitrate: 
04-22 16:59:47.974 I/RockFFPlayer(  170): 219 kb/s
04-22 16:59:47.974 I/RockFFPlayer(  170): 
04-22 16:59:47.974 I/RockFFPlayer(  170):     Stream #0:0
04-22 16:59:47.974 I/RockFFPlayer(  170): (und)
04-22 16:59:47.974 I/RockFFPlayer(  170): : Audio: aac (mp4a / 0x6134706D), 48000 Hz, stereo, s16, 125 kb/s
04-22 16:59:47.974 I/RockFFPlayer(  170): 
04-22 16:59:47.974 I/RockFFPlayer(  170):     Metadata:
04-22 16:59:47.974 I/RockFFPlayer(  170):       creation_time   : 
04-22 16:59:47.974 I/RockFFPlayer(  170): 2020-02-25 04:17:55
04-22 16:59:47.974 I/RockFFPlayer(  170): 
04-22 16:59:47.974 I/RockFFPlayer(  170):       handler_name    : 
04-22 16:59:47.974 I/RockFFPlayer(  170): Sound Media Handler
04-22 16:59:47.974 I/RockFFPlayer(  170): 
04-22 16:59:47.974 I/RockFFPlayer(  170):     Stream #0:1
04-22 16:59:47.974 I/RockFFPlayer(  170): (und)
04-22 16:59:47.974 I/RockFFPlayer(  170): : Video: h264 (avc1 / 0x31637661), 1280x800, 87 kb/s
04-22 16:59:47.974 I/RockFFPlayer(  170): , 29.97 fps
04-22 16:59:47.974 I/RockFFPlayer(  170): , 29.97 tbr
04-22 16:59:47.974 I/RockFFPlayer(  170): , 60k tbn
04-22 16:59:47.974 I/RockFFPlayer(  170): , 120k tbc
04-22 16:59:47.974 I/RockFFPlayer(  170): 
04-22 16:59:47.974 I/RockFFPlayer(  170):     Metadata:
04-22 16:59:47.974 I/RockFFPlayer(  170):       creation_time   : 
04-22 16:59:47.974 I/RockFFPlayer(  170): 2020-02-25 04:17:55
04-22 16:59:47.974 I/RockFFPlayer(  170): 
04-22 16:59:47.974 I/RockFFPlayer(  170):       handler_name    : 
04-22 16:59:47.974 I/RockFFPlayer(  170): Video Media Handler
04-22 16:59:47.974 I/RockFFPlayer(  170): 
04-22 16:59:47.974 D/RockFFPlayer(  170): prepare_l:start decode and read Thread
04-22 16:59:47.974 D/RockFFPlayer(  170): enter enqueueMessage
04-22 16:59:47.974 D/RockFFPlayer(  170): enqueueMessage:****1
04-22 16:59:47.974 D/RockFFPlayer(  170): enqueueMessage:****2
04-22 16:59:47.974 D/RockFFPlayer(  170): enqueueMessage:****3
04-22 16:59:47.974 D/RockFFPlayer(  170): enqueueMessage:Message 1,set signal
04-22 16:59:47.974 D/RockFFPlayer(  170): enqueueMessage:sync wait
04-22 16:59:47.974 D/RockFFPlayer(  170): deliverMessage 
04-22 16:59:47.974 D/RockFFPlayer(  170): run : dequeueMessage Message 1
04-22 16:59:47.974 D/RockFFPlayer(  170): CMD_PREPARE
04-22 16:59:47.974 I/RockFFPlayer(  170): doPrepare in
04-22 16:59:47.974 I/RockFFPlayer(  170): prepareVideo
04-22 16:59:47.974 E/CrFeatureHelper(  170): check_avtone_library --> Error:2 No such file or directory
04-22 16:59:47.974 D/FFPlayerHelper(  170): CrFeatureHelper --> name = avc1,tag = 828601953
04-22 16:59:47.974 E/CrFeatureHelper(  170): check_avtone_library --> Error:2 No such file or directory
04-22 16:59:47.974 D/FFPlayerHelper(  170): CrFeatureHelper --> name = avc1,tag = 828601953
04-22 16:59:47.975 D/FFPlayerHelper(  170):  ====================errno = No such file or directory
04-22 16:59:47.975 D/RockFFPlayerBase(  170): open MediaDecoder.cfg failed,so can't config anything
04-22 16:59:47.975 D/RockFFPlayerBase(  170): File not exists!
04-22 16:59:47.975 D/RockFFPlayer(  170): local video bitrate is 219 kbps
04-22 16:59:47.975 D/RockFFPlayer(  170): avg.frame.den=1001,avg.frame.num=30000
04-22 16:59:47.975 D/RockFFPlayer(  170): timebase.den=60000,timebase.num=1
04-22 16:59:47.975 D/RockFFPlayer(  170): codecbase.den=120000,codecbase.num=1
04-22 16:59:47.975 D/RockFFPlayer(  170): getVideoFrameRate: use avg frame rate: 29.970030
04-22 16:59:47.975 D/RockFFPlayer(  170): getVideoFrameRate:frameRate=29.970030
04-22 16:59:47.975 D/HDMIManager(  170): unkonwn connection state
04-22 16:59:47.975 D/HDMIManager(  170): TV/HDMI mode fd open failed
04-22 16:59:47.975 D/RockFFPlayer(  170): Video stream frame rate = 29.970030
04-22 16:59:47.975 D/RockFFPlayer(  170): Video stream codec_id = 28
04-22 16:59:47.979 I/RockFFPlayer(  170): prepareVideo, w: 1280, h: 800,mVFrameRate 29.970030
04-22 16:59:47.979 D/RenderBase(  170): powerControl write: 1,width=1280,height=800,ishevc=0,videoFramerate=0,streamBitrate=0
04-22 16:59:47.980 D/RenderShared(  170): RkRendererShared(): format = 22,bufWidth = 1280,bufHeight = 800
04-22 16:59:47.980 D/RenderShared(  170): RkRendererShared(): IOMMU open rga *******************
04-22 16:59:47.980 D/RenderShared(  170): RkRendererShared transform = 0
04-22 16:59:47.980 D/RockFFPlayerBase(  170): initRender(1324) new render ok
04-22 16:59:47.980 D/HDMIManager(  170): HdmiManager constructor***************
04-22 16:59:47.980 E/HDMIManager(  170): get3DMode**********
04-22 16:59:47.980 E/HDMIManager(  170): send**********
04-22 16:59:47.980 E/HDMIManager(  170): send(): cmd = 0 mode get3dmode 0 HDMI
04-22 16:59:47.980 D/CommandListener(  162): :ModeCmd::runCommand argv[1] = get3dmode
04-22 16:59:47.980 E/HDMIManager(  170): getReply(): 501 0 Missing iface
04-22 16:59:47.980 E/HDMIManager(  170): parseReply(): 501 0 Missing iface
04-22 16:59:47.980 E/HDMIManager(  170): parseReply(): mCode = 501,mStatus = 0,mReply = Missing iface
04-22 16:59:47.980 E/HDMIManager(  170): getResolution**********
04-22 16:59:47.981 D/HDMIManager(  170): unkonwn connection state
04-22 16:59:47.981 E/HDMIManager(  170): TV getMode(): open fail
04-22 16:59:47.981 E/HDMIManager(  170): getResolution**********
04-22 16:59:47.981 D/HDMIManager(  170): unkonwn connection state
04-22 16:59:47.981 E/HDMIManager(  170): TV getMode(): open fail
04-22 16:59:47.981 E/HDMIManager(  170): getAllResolution**********
04-22 16:59:47.981 E/HDMIManager(  170): getAllResolution(): open fail
04-22 16:59:47.981 D/HDMIManager(  170): setResolution(): width = 1920,height = 1080,frameRate = 30
04-22 16:59:47.981 D/HDMIManager(  170): setResolution(): support3D = 0,enale24 = 0
04-22 16:59:47.981 E/HDMIManager(  170): getResolution**********
04-22 16:59:47.981 D/HDMIManager(  170): unkonwn connection state
04-22 16:59:47.981 E/HDMIManager(  170): TV getMode(): open fail
04-22 16:59:47.981 D/HDMIManager(  170): unkonwn connection state
04-22 16:59:47.981 D/HDMIManager(  170): TV/HDMI mode fd open failed
04-22 16:59:47.981 I/RockFFPlayer(  170): prepareAudio
04-22 16:59:47.981 E/RockFFPlayer(  170): audio stream codec_id = 86018
04-22 16:59:47.981 D/RockFFPlayerBase(  170): open MediaDecoder.cfg failed,so can't config anything
04-22 16:59:47.981 D/RockFFPlayerBase(  170): File not exists!
04-22 16:59:47.985 D/RockFFPlayer(  170): initAudioPlayer
04-22 16:59:47.985 D/RockFFPlayer(  170): initAudioPlayer getOutputMode  passThrough = 0
04-22 16:59:47.985 D/RockFFPlayer(  170): enable the audio resample
04-22 16:59:47.985 D/RockFFPlayerBase(  170): setAudioOutputMode output_mode = 0
04-22 16:59:47.986 D/RkAudioPlayer(  170): setAudioSlice 0
04-22 16:59:47.986 D/RockFFPlayer(  170): initAudioPlayer out
04-22 16:59:47.986 D/SpeedManager(  170): sound touch donnot support current audio params
04-22 16:59:47.986 D/RkExtensionPlayer(  170): prepareExtendSubtitle in
04-22 16:59:47.986 E/RkExtensionPlayer(  170): prepareExtendSubtitle: context == NULL
04-22 16:59:47.986 E/RockFFPlayer(  170): prepareExtandSubtitle return error!
04-22 16:59:47.986 D/RkExtensionPlayer(  170): ~RkExtensionPlayer in
04-22 16:59:47.986 D/RkExtensionPlayer(  170): RkExtensionPlayer::closeExtendSubDecoder in
04-22 16:59:47.986 E/FFExtensionSource(  170): ~FFExtensionSource in
04-22 16:59:47.986 D/RockFFPlayer(  170): FFMediaSource context null. 
04-22 16:59:47.986 E/FFExtensionSource(  170): ~FFExtensionSource out
04-22 16:59:47.986 D/RockFFPlayer(  170): ~FFMediaSource
04-22 16:59:47.986 D/RockFFPlayer(  170): FFMediaSource context null. 
04-22 16:59:47.986 D/RkExtensionPlayer(  170): closeExtendSubDecoder out
04-22 16:59:47.986 I/RockFFPlayer(  170): prepareSubtitle in
04-22 16:59:47.986 E/RockFFPlayer(  170): hasSubtitle return fail
04-22 16:59:47.986 E/DecodeAudio(  170): mStream->codec->channels = 2  mStream->codec->sample_rate = 48000
04-22 16:59:47.986 D/DecodeAudio(  170): decode audio mAudioOutputMode = 0
04-22 16:59:47.986 D/DecodeVideo(  170): CrFeatureHelper -->   hwdec_flag = 1,Codec->codec_id = 0x1c
04-22 16:59:47.986 D/RockFFPlayer(  170): avg.frame.den=1001,avg.frame.num=30000
04-22 16:59:47.986 D/RockFFPlayer(  170): timebase.den=60000,timebase.num=1
04-22 16:59:47.986 D/RockFFPlayer(  170): codecbase.den=120000,codecbase.num=1
04-22 16:59:47.986 D/RockFFPlayer(  170): getVideoFrameRate: use avg frame rate: 29.970030
04-22 16:59:47.986 D/RockFFPlayer(  170): getVideoFrameRate:frameRate=29.970030
04-22 16:59:47.986 E/PtsProcess(  170): setFrameRate():mFrameRate = 29.970030
04-22 16:59:47.987 E/TraceThread(  170): TraceThread::dumpTrace() FileName:/data/trace_thread.log
04-22 16:59:47.987 D/RockFFPlayerBase(  170): dumpStatus(): Preapared
04-22 16:59:47.987 I/RockFFPlayer(  170): doPrepareFinish ok
04-22 16:59:47.987 D/RockFFPlayer(  170): run : dequeueMessage Message 1 OK
04-22 16:59:47.987 D/RockFFPlayer(  170): Messagecomplete type [1]
04-22 16:59:47.987 D/RockFFPlayer(  170): run : Message 1 complete
04-22 16:59:47.987 D/RockFFPlayer(  170): enqueueMessage:sync wait ok
04-22 16:59:47.987 I/RockFFPlayer(  170): decodeMovie:getCurrentStatus() = 8
04-22 16:59:47.988 E/MediaPlayer( 1763): Should have subtitle controller already set
04-22 16:59:47.988 E/MediaPlayerImp( 1763): play: /mnt/internal_sd/impactv/手洗い_スタンバイ画面.mp4
04-22 16:59:47.988 E/BluetoothService( 1763): onLeScan: device = 36:07:0C:46:EE:E2
04-22 16:59:47.988 E/BluetoothService( 1763): onLeScan: device = 2F:A0:5C:A9:00:C0
04-22 16:59:47.988 E/BluetoothService( 1763): onLeScan: device = 7E:2B:B5:D9:6B:B2
04-22 16:59:47.988 E/MediaPlayer( 1763): Should have subtitle controller already set
04-22 16:59:47.988 D/RockFFPlayer(  170): setLooping(): loop = 0
04-22 16:59:47.989 D/RockFFPlayer(  170): setLooping(): loop = 0
04-22 16:59:47.989 D/RockFFPlayer(  170): start()**************
04-22 16:59:47.989 D/RockFFPlayerBase(  170): dumpStatus(): Preapared
04-22 16:59:47.989 D/RockFFPlayerBase(  170): allocDecoderBuffer***********
04-22 16:59:47.989 D/RockFFPlayerBase(  170): allocDecoderBuffer(): mVideoWidth = 1280,mVideoHeight = 800
04-22 16:59:47.989 D/NativeWindowBuffer(  170): MALLOC:def->mWidth=1280,def->mHeight=800,def->nBufferSize=1843200
04-22 16:59:47.989 D/NativeWindowBuffer(  170): native_window_set_buffers_geometry before mNativeWindow = 0xb8e5f428
04-22 16:59:47.989 D/NativeWindowBuffer(  170): OMX-buffers: min=2 actual=32 undeq=1+1 def.mWidth = 1280 def.mHeight = 800
04-22 16:59:47.990 D/NativeWindowBuffer(  170): allocating 32 buffers from a native window of size 1843200 on output port
04-22 16:59:47.993 D/NativeWindowBuffer(  170): registered graphic buffer with ID 0x16 (pointer = 0xb8e68378 , 0xb8e682e8) phy_addr = 0
04-22 16:59:47.996 D/NativeWindowBuffer(  170): registered graphic buffer with ID 0x18 (pointer = 0xb8e685c0 , 0xb8e68530) phy_addr = 0
04-22 16:59:47.998 D/NativeWindowBuffer(  170): registered graphic buffer with ID 0x19 (pointer = 0xb8e70eb0 , 0xb8e686d0) phy_addr = 0
04-22 16:59:48.000 D/NativeWindowBuffer(  170): registered graphic buffer with ID 0x1a (pointer = 0xb8e628f8 , 0xb8e62868) phy_addr = 0
04-22 16:59:48.003 D/NativeWindowBuffer(  170): registered graphic buffer with ID 0x1b (pointer = 0xb8e62a98 , 0xb8e62a08) phy_addr = 0
04-22 16:59:48.005 D/NativeWindowBuffer(  170): registered graphic buffer with ID 0x1c (pointer = 0xb8e62d70 , 0xb8e62ce0) phy_addr = 0
04-22 16:59:48.008 D/NativeWindowBuffer(  170): registered graphic buffer with ID 0x1d (pointer = 0xb8e62f10 , 0xb8e62e80) phy_addr = 0
04-22 16:59:48.010 D/NativeWindowBuffer(  170): registered graphic buffer with ID 0x1e (pointer = 0xb8e630b0 , 0xb8e63020) phy_addr = 0
04-22 16:59:48.013 D/NativeWindowBuffer(  170): registered graphic buffer with ID 0x1f (pointer = 0xb8e63250 , 0xb8e631c0) phy_addr = 0
04-22 16:59:48.015 D/NativeWindowBuffer(  170): registered graphic buffer with ID 0x21 (pointer = 0xb8e63600 , 0xb8e63570) phy_addr = 0
04-22 16:59:48.018 D/NativeWindowBuffer(  170): registered graphic buffer with ID 0x23 (pointer = 0xb8e637a0 , 0xb8e63710) phy_addr = 0
04-22 16:59:48.020 D/NativeWindowBuffer(  170): registered graphic buffer with ID 0x24 (pointer = 0xb8e63940 , 0xb8e638b0) phy_addr = 0
04-22 16:59:48.023 D/NativeWindowBuffer(  170): registered graphic buffer with ID 0x25 (pointer = 0xb8e63ae0 , 0xb8e63a50) phy_addr = 0
04-22 16:59:48.025 D/NativeWindowBuffer(  170): registered graphic buffer with ID 0x26 (pointer = 0xb8e63c80 , 0xb8e63bf0) phy_addr = 0
04-22 16:59:48.028 D/NativeWindowBuffer(  170): registered graphic buffer with ID 0x27 (pointer = 0xb8e63e20 , 0xb8e63d90) phy_addr = 0
04-22 16:59:48.030 D/NativeWindowBuffer(  170): registered graphic buffer with ID 0x28 (pointer = 0xb8e64310 , 0xb8e64280) phy_addr = 0
04-22 16:59:48.033 D/NativeWindowBuffer(  170): registered graphic buffer with ID 0x29 (pointer = 0xb8e644b0 , 0xb8e64420) phy_addr = 0
04-22 16:59:48.035 D/NativeWindowBuffer(  170): registered graphic buffer with ID 0x2a (pointer = 0xb8e64650 , 0xb8e645c0) phy_addr = 0
04-22 16:59:48.038 D/NativeWindowBuffer(  170): registered graphic buffer with ID 0x2b (pointer = 0xb8e647f0 , 0xb8e64760) phy_addr = 0
04-22 16:59:48.040 D/NativeWindowBuffer(  170): registered graphic buffer with ID 0x2c (pointer = 0xb8e64990 , 0xb8e64900) phy_addr = 0
04-22 16:59:48.043 D/NativeWindowBuffer(  170): registered graphic buffer with ID 0x2d (pointer = 0xb8e64b30 , 0xb8e64aa0) phy_addr = 0
04-22 16:59:48.045 D/NativeWindowBuffer(  170): registered graphic buffer with ID 0x2e (pointer = 0xb8e64cd0 , 0xb8e64c40) phy_addr = 0
04-22 16:59:48.048 D/NativeWindowBuffer(  170): registered graphic buffer with ID 0x2f (pointer = 0xb8e62b20 , 0xb8e68400) phy_addr = 0
04-22 16:59:48.050 D/NativeWindowBuffer(  170): registered graphic buffer with ID 0x30 (pointer = 0xb8e63368 , 0xb8e632d8) phy_addr = 0
04-22 16:59:48.053 D/NativeWindowBuffer(  170): registered graphic buffer with ID 0x31 (pointer = 0xb8e63f38 , 0xb8e63ea8) phy_addr = 0
04-22 16:59:48.055 D/NativeWindowBuffer(  170): registered graphic buffer with ID 0x32 (pointer = 0xb8e640d8 , 0xb8e64048) phy_addr = 0
04-22 16:59:48.060 D/NativeWindowBuffer(  170): registered graphic buffer with ID 0x33 (pointer = 0xb8e79a28 , 0xb8e79998) phy_addr = 0
04-22 16:59:48.064 D/NativeWindowBuffer(  170): registered graphic buffer with ID 0x34 (pointer = 0xb8e79bc8 , 0xb8e79b38) phy_addr = 0
04-22 16:59:48.068 D/NativeWindowBuffer(  170): registered graphic buffer with ID 0x35 (pointer = 0xb8e79d68 , 0xb8e79cd8) phy_addr = 0
04-22 16:59:48.072 D/NativeWindowBuffer(  170): registered graphic buffer with ID 0x36 (pointer = 0xb8e79f08 , 0xb8e79e78) phy_addr = 0
04-22 16:59:48.076 D/NativeWindowBuffer(  170): registered graphic buffer with ID 0x37 (pointer = 0xb8e7a0a8 , 0xb8e7a018) phy_addr = 0
04-22 16:59:48.080 D/NativeWindowBuffer(  170): registered graphic buffer with ID 0x38 (pointer = 0xb8e7a248 , 0xb8e7a1b8) phy_addr = 0
04-22 16:59:48.080 D/NativeWindowBuffer(  170): Calling cancelBuffer on buffer 0x16 hanlde( 0xb8e682e8 )
04-22 16:59:48.080 D/NativeWindowBuffer(  170): Calling cancelBuffer on buffer 0x18 hanlde( 0xb8e68530 )
04-22 16:59:48.081 D/NativeWindowBuffer(  170): Calling cancelBuffer on buffer 0x19 hanlde( 0xb8e686d0 )
04-22 16:59:48.081 D/NativeWindowBuffer(  170): Calling cancelBuffer on buffer 0x1a hanlde( 0xb8e62868 )
04-22 16:59:48.081 D/NativeWindowBuffer(  170): Calling cancelBuffer on buffer 0x1b hanlde( 0xb8e62a08 )
04-22 16:59:48.082 D/RockFFPlayerBase(  170): mOutputPorBuffers = 0xb8e6814c mNativeWindowBufferAlloctor->getBufferInfo() =0xb8e6814c
04-22 16:59:48.082 D/FrameManage(  170): setBufferInfo mOutPutBuffer = 0xb8e6814c
04-22 16:59:48.082 D/RockFFPlayer(  170): enter enqueueMessage
04-22 16:59:48.082 D/RockFFPlayer(  170): enqueueMessage:****1
04-22 16:59:48.082 D/RockFFPlayer(  170): enqueueMessage:****2
04-22 16:59:48.082 D/RockFFPlayer(  170): enqueueMessage:****3
04-22 16:59:48.082 D/RockFFPlayer(  170): enqueueMessage:Message 1,set signal
04-22 16:59:48.082 D/RockFFPlayer(  170): enqueueMessage:sync wait
04-22 16:59:48.082 D/RockFFPlayer(  170): deliverMessage 
04-22 16:59:48.082 D/RockFFPlayer(  170): run : dequeueMessage Message 2
04-22 16:59:48.082 D/RockFFPlayer(  170): CMD_START
04-22 16:59:48.082 D/RockFFPlayer(  170): doStart()************
04-22 16:59:48.082 D/RockFFPlayerBase(  170): dumpStatus(): Preapared
04-22 16:59:48.082 D/RockFFPlayerBase(  170): dumpStatus(): Started
04-22 16:59:48.082 D/RkAudioPlayer(  170): audio mode: 0
04-22 16:59:48.082 D/RkAudioPlayer(  170): mAudioSink->open in mSampleRate = 48048 channels = 2
04-22 16:59:48.082 D/AudioSink(  170): open(48048, 2, 0x0, 0x1, 4, 19 0x0)
04-22 16:59:48.082 I/AudioTrack(  170): minFrameCount: 8925, afFrameCount=2048, minBufCount=4, sampleRate=48048, afSampleRate=44100, afLatency=185
04-22 16:59:48.083 E/FrameManage(  170): Priority scheduling not supported
04-22 16:59:48.083 D/FFMpegThread(  170): startAsync:threadname=DecoderAudio
04-22 16:59:48.083 E/TraceThread(  170):    RkFrameManage(tid = 3102189608)--> [UID=7a783655] RkFrameManage::Threadproc
04-22 16:59:48.083 D/FFMpegThread(  170): DecoderAudio:starting thread
04-22 16:59:48.083 D/DecodeAudio(  170): prepare()
04-22 16:59:48.083 D/RockFFPlayer(  170): doStart:pause audio decode
04-22 16:59:48.083 D/DecodeAudio(  170): *********************special_pause
04-22 16:59:48.083 D/FFMpegThread(  170): startAsync:threadname=DecoderVideo
04-22 16:59:48.083 E/TraceThread(  170):     DecoderAudio(tid = 3102190192)--> [UID=7a783655] DecoderAudio::decode
04-22 16:59:48.084 D/FFMpegThread(  170): DecoderVideo:starting thread
04-22 16:59:48.084 D/RockFFPlayer(  170): doStart(): mSeekTimeUs = -1
04-22 16:59:48.084 D/RockFFPlayer(  170): doStart ok
04-22 16:59:48.084 D/RockFFPlayer(  170): run : dequeueMessage Message 2 OK
04-22 16:59:48.084 D/RockFFPlayer(  170): Messagecomplete type [2]
04-22 16:59:48.084 D/RockFFPlayer(  170): run : Message 2 complete
04-22 16:59:48.084 D/DecodeVideo(  170): Use the old vpu framework
04-22 16:59:48.084 D/RockFFPlayer(  170): enqueueMessage:sync wait ok
04-22 16:59:48.084 E/MediaPlayerImp( 1763): onPrepared: 2603
04-22 16:59:48.085 E/BluetoothService( 1763): onLeScan: device = 36:07:0C:46:EE:E2
04-22 16:59:48.085 E/BluetoothService( 1763): onLeScan: device = 59:F3:15:84:8E:A3
04-22 16:59:48.086 E/BluetoothService( 1763): onLeScan: device = 54:2D:B8:84:35:15
04-22 16:59:48.086 E/BluetoothService( 1763): onLeScan: device = 2F:A0:5C:A9:00:C0
04-22 16:59:48.086 E/BluetoothService( 1763): onLeScan: device = 19:5A:85:E8:5D:BF
04-22 16:59:48.087 I/H264_DEBUG(  170): init done status 0, ts_en = 3 debug 0
04-22 16:59:48.087 I/vpu_mem_pool(  170): pid 170, open_vpu_memory_pool:473: success
04-22 16:59:48.087 D/DecodeVideo(  170): CommitBuffer2VpuPool dupshared_fd = 0x3b share_fd = 0x1c
04-22 16:59:48.087 D/DecodeVideo(  170): CommitBuffer2VpuPool dupshared_fd = 0x3d share_fd = 0x1d
04-22 16:59:48.088 D/DecodeVideo(  170): CommitBuffer2VpuPool dupshared_fd = 0x3e share_fd = 0x1e
04-22 16:59:48.088 D/DecodeVideo(  170): CommitBuffer2VpuPool dupshared_fd = 0x3f share_fd = 0x1f
04-22 16:59:48.088 D/DecodeVideo(  170): CommitBuffer2VpuPool dupshared_fd = 0x40 share_fd = 0x21
04-22 16:59:48.088 D/DecodeVideo(  170): CommitBuffer2VpuPool dupshared_fd = 0x41 share_fd = 0x23
04-22 16:59:48.088 D/DecodeVideo(  170): CommitBuffer2VpuPool dupshared_fd = 0x42 share_fd = 0x24
04-22 16:59:48.088 D/DecodeVideo(  170): CommitBuffer2VpuPool dupshared_fd = 0x43 share_fd = 0x25
04-22 16:59:48.088 D/DecodeVideo(  170): CommitBuffer2VpuPool dupshared_fd = 0x44 share_fd = 0x26
04-22 16:59:48.088 D/DecodeVideo(  170): CommitBuffer2VpuPool dupshared_fd = 0x45 share_fd = 0x27
04-22 16:59:48.088 D/DecodeVideo(  170): CommitBuffer2VpuPool dupshared_fd = 0x46 share_fd = 0x28
04-22 16:59:48.088 D/DecodeVideo(  170): CommitBuffer2VpuPool dupshared_fd = 0x47 share_fd = 0x29
04-22 16:59:48.088 D/DecodeVideo(  170): CommitBuffer2VpuPool dupshared_fd = 0x48 share_fd = 0x2a
04-22 16:59:48.089 D/DecodeVideo(  170): CommitBuffer2VpuPool dupshared_fd = 0x49 share_fd = 0x2b
04-22 16:59:48.089 D/DecodeVideo(  170): CommitBuffer2VpuPool dupshared_fd = 0x4a share_fd = 0x2c
04-22 16:59:48.089 D/DecodeVideo(  170): CommitBuffer2VpuPool dupshared_fd = 0x4b share_fd = 0x2d
04-22 16:59:48.089 D/DecodeVideo(  170): CommitBuffer2VpuPool dupshared_fd = 0x4c share_fd = 0x2e
04-22 16:59:48.089 D/DecodeVideo(  170): CommitBuffer2VpuPool dupshared_fd = 0x4d share_fd = 0x2f
04-22 16:59:48.089 E/TraceThread(  170):     DecoderVideo(tid = 3102190984)--> [UID=7a783655] DecoderVideo::decode
04-22 16:59:48.089 E/DecodeVideo(  170): RkMark DecoderVideo ctx->no_thread send ts stream first time!
04-22 16:59:48.091 I/H264_DEBUG(  170): decoded width 1280  decoded height 800
04-22 16:59:48.091 I/H264_DEBUG(  170): display width 1280, display height 800
04-22 16:59:48.096 W/AppOps  (  466): Bad call: specified package media under uid 1000 but it is really 1013
04-22 16:59:48.098 D/RockFFPlayer(  170): set videoFirstFrame=0
04-22 16:59:48.100 D/RockFFPlayer(  170): onDisplayEvent(): FIRST_FRAME 
04-22 16:59:48.100 D/RockFFPlayer(  170): *****************onDisplayEvent:audio flush set timeus=0
04-22 16:59:48.100 D/RockFFPlayer(  170): onDisplayEvent:resume audio decode
04-22 16:59:48.101 D/RockFFPlayer(  170): onDisplayEvent video delay time: 66733 
04-22 16:59:48.101 E/AudioSink(  170): received unknown event type: 1 inside CallbackWrapper !
04-22 16:59:48.111 D/RockFFPlayerBase(  170): WARRNING: VSYNC THREAD can not get buffer to queue
04-22 16:59:48.129 D/RockFFPlayerBase(  170): WARRNING: VSYNC THREAD can not get buffer to queue
04-22 16:59:48.129 E/BluetoothService( 1763): onLeScan: device = 36:07:0C:46:EE:E2
04-22 16:59:48.143 W/AppOps  (  466): Bad call: specified package media under uid 1000 but it is really 1013
04-22 16:59:48.146 D/RockFFPlayerBase(  170): WARRNING: VSYNC THREAD can not get buffer to queue
04-22 16:59:48.151 E/BluetoothService( 1763): onLeScan: device = 2F:A0:5C:A9:00:C0
04-22 16:59:48.163 D/RockFFPlayerBase(  170): WARRNING: VSYNC THREAD can not get buffer to queue
04-22 16:59:48.180 D/RockFFPlayerBase(  170): WARRNING: VSYNC THREAD can not get buffer to queue
04-22 16:59:48.183 E/BluetoothService( 1763): onLeScan: device = 19:5A:85:E8:5D:BF
04-22 16:59:48.186 E/BluetoothService( 1763): onLeScan: device = 54:BE:E1:E6:80:48
04-22 16:59:48.198 D/RockFFPlayerBase(  170): WARRNING: VSYNC THREAD can not get buffer to queue
04-22 16:59:48.201 D/RockFFPlayer(  170): [onDisplayEvent]audiotime = 101320;videotime=0;latenessUs=101320;rawpts=0
04-22 16:59:48.201 E/RockFFPlayer(  170): Hery, notify MEDIA_INFO_RENDERING_START 101320
04-22 16:59:48.201 D/RockFFPlayer(  170): *****Channel Changed Time is 243918
04-22 16:59:48.202 D/RockFFPlayer(  170): onDisplayEvent(3660) render first frame
04-22 16:59:48.202 W/MediaPlayer( 1763): info/warning (3, 0)
04-22 16:59:48.204 D/RockFFPlayer(  170): [onDisplayEvent]audiotime = 103563;videotime=33332;latenessUs=70231;rawpts=33366
04-22 16:59:48.206 D/RockFFPlayer(  170): [onDisplayEvent]audiotime = 105694;videotime=66666;latenessUs=39028;rawpts=66733
04-22 16:59:48.208 D/RockFFPlayer(  170): [onDisplayEvent]audiotime = 107821;videotime=100000;latenessUs=7821;rawpts=100100
04-22 16:59:48.215 D/DecodeVideo(  170): commitHdl2Vpu dupshared_fd = 0x51 shared_fd = 0x16 
04-22 16:59:48.219 E/BluetoothService( 1763): onLeScan: device = 59:F3:15:84:8E:A3
04-22 16:59:48.225 E/BluetoothService( 1763): onLeScan: device = 7E:2B:B5:D9:6B:B2
04-22 16:59:48.229 E/BluetoothService( 1763): onLeScan: device = 36:07:0C:46:EE:E2
04-22 16:59:48.232 D/DecodeVideo(  170): commitHdl2Vpu dupshared_fd = 0x52 shared_fd = 0x18 
04-22 16:59:48.250 D/DecodeVideo(  170): commitHdl2Vpu dupshared_fd = 0x53 shared_fd = 0x19 
04-22 16:59:48.253 E/BluetoothService( 1763): onLeScan: device = 2F:A0:5C:A9:00:C0
04-22 16:59:48.268 D/DecodeVideo(  170): commitHdl2Vpu dupshared_fd = 0x54 shared_fd = 0x1a 
04-22 16:59:48.285 D/DecodeVideo(  170): commitHdl2Vpu dupshared_fd = 0x55 shared_fd = 0x1b 
04-22 16:59:48.290 E/BluetoothService( 1763): onLeScan: device = 19:5A:85:E8:5D:BF
04-22 16:59:48.310 E/BluetoothService( 1763): onLeScan: device = 54:2D:B8:84:35:15
04-22 16:59:48.319 D/RockFFPlayerBase(  170): WARRNING: VSYNC THREAD can not get buffer to queue
04-22 16:59:48.333 E/BluetoothService( 1763): onLeScan: device = 36:07:0C:46:EE:E2
04-22 16:59:48.353 D/RockFFPlayerBase(  170): WARRNING: VSYNC THREAD can not get buffer to queue
04-22 16:59:48.362 E/BluetoothService( 1763): onLeScan: device = 2F:A0:5C:A9:00:C0
04-22 16:59:48.388 D/RockFFPlayerBase(  170): WARRNING: VSYNC THREAD can not get buffer to queue
04-22 16:59:48.397 E/BluetoothService( 1763): onLeScan: device = 19:5A:85:E8:5D:BF
04-22 16:59:48.422 D/RockFFPlayerBase(  170): WARRNING: VSYNC THREAD can not get buffer to queue
04-22 16:59:48.442 E/BluetoothService( 1763): onLeScan: device = 36:07:0C:46:EE:E2
04-22 16:59:48.457 D/RockFFPlayerBase(  170): WARRNING: VSYNC THREAD can not get buffer to queue
04-22 16:59:48.463 E/BluetoothService( 1763): onLeScan: device = 2F:A0:5C:A9:00:C0
04-22 16:59:48.491 D/RockFFPlayerBase(  170): WARRNING: VSYNC THREAD can not get buffer to queue
04-22 16:59:48.500 E/BluetoothService( 1763): onLeScan: device = 7E:2B:B5:D9:6B:B2
04-22 16:59:48.526 D/RockFFPlayerBase(  170): WARRNING: VSYNC THREAD can not get buffer to queue
04-22 16:59:48.545 E/BluetoothService( 1763): onLeScan: device = 36:07:0C:46:EE:E2
04-22 16:59:48.560 D/RockFFPlayerBase(  170): WARRNING: VSYNC THREAD can not get buffer to queue
04-22 16:59:48.567 E/BluetoothService( 1763): onLeScan: device = 2F:A0:5C:A9:00:C0
04-22 16:59:48.587 E/BluetoothService( 1763): onLeScan: device = 54:2D:B8:84:35:15
04-22 16:59:48.595 D/RockFFPlayerBase(  170): WARRNING: VSYNC THREAD can not get buffer to queue
04-22 16:59:48.595 E/BluetoothService( 1763): onLeScan: device = 59:F3:15:84:8E:A3
04-22 16:59:48.609 E/BluetoothService( 1763): onLeScan: device = 19:5A:85:E8:5D:BF
04-22 16:59:48.615 E/BluetoothService( 1763): onLeScan: device = 52:64:E2:A4:1B:2A
04-22 16:59:48.629 D/RockFFPlayerBase(  170): WARRNING: VSYNC THREAD can not get buffer to queue
04-22 16:59:48.653 E/BluetoothService( 1763): onLeScan: device = 36:07:0C:46:EE:E2
04-22 16:59:48.664 D/RockFFPlayerBase(  170): WARRNING: VSYNC THREAD can not get buffer to queue
04-22 16:59:48.673 E/BluetoothService( 1763): onLeScan: device = 2F:A0:5C:A9:00:C0
04-22 16:59:48.711 E/BluetoothService( 1763): onLeScan: device = 19:5A:85:E8:5D:BF
04-22 16:59:48.716 D/RockFFPlayerBase(  170): WARRNING: VSYNC THREAD can not get buffer to queue
04-22 16:59:48.750 D/RockFFPlayerBase(  170): WARRNING: VSYNC THREAD can not get buffer to queue
04-22 16:59:48.755 E/BluetoothService( 1763): onLeScan: device = 36:07:0C:46:EE:E2
04-22 16:59:48.770 E/BluetoothService( 1763): onLeScan: device = 7E:2B:B5:D9:6B:B2
04-22 16:59:48.777 E/BluetoothService( 1763): onLeScan: device = 2F:A0:5C:A9:00:C0
04-22 16:59:48.785 D/RockFFPlayerBase(  170): WARRNING: VSYNC THREAD can not get buffer to queue
04-22 16:59:48.787 E/BluetoothService( 1763): onLeScan: device = 59:F3:15:84:8E:A3
04-22 16:59:48.817 E/BluetoothService( 1763): onLeScan: device = 19:5A:85:E8:5D:BF
04-22 16:59:48.819 D/RockFFPlayerBase(  170): WARRNING: VSYNC THREAD can not get buffer to queue
04-22 16:59:48.854 D/RockFFPlayerBase(  170): WARRNING: VSYNC THREAD can not get buffer to queue
04-22 16:59:48.857 E/BluetoothService( 1763): onLeScan: device = 36:07:0C:46:EE:E2
04-22 16:59:48.865 E/BluetoothService( 1763): onLeScan: device = 54:2D:B8:84:35:15
04-22 16:59:48.884 E/BluetoothService( 1763): onLeScan: device = 2F:A0:5C:A9:00:C0
04-22 16:59:48.888 D/RockFFPlayerBase(  170): WARRNING: VSYNC THREAD can not get buffer to queue
04-22 16:59:48.889 E/BluetoothService( 1763): onLeScan: device = 52:64:E2:A4:1B:2A
04-22 16:59:48.923 D/RockFFPlayerBase(  170): WARRNING: VSYNC THREAD can not get buffer to queue
04-22 16:59:48.923 E/BluetoothService( 1763): onLeScan: device = 19:5A:85:E8:5D:BF
04-22 16:59:48.935 D/RockFFPlayer(  170): url_feof=0,err=0
04-22 16:59:48.935 I/RockFFPlayer(  170): av_read_frame end of stream ret = -541478725
04-22 16:59:48.957 E/BluetoothService( 1763): onLeScan: device = 36:07:0C:46:EE:E2
04-22 16:59:48.957 D/RockFFPlayerBase(  170): WARRNING: VSYNC THREAD can not get buffer to queue
04-22 16:59:48.976 E/BluetoothService( 1763): onLeScan: device = 59:F3:15:84:8E:A3
04-22 16:59:48.984 E/BluetoothService( 1763): onLeScan: device = 2F:A0:5C:A9:00:C0
04-22 16:59:48.992 D/RockFFPlayerBase(  170): WARRNING: VSYNC THREAD can not get buffer to queue
04-22 16:59:49.026 D/RockFFPlayerBase(  170): WARRNING: VSYNC THREAD can not get buffer to queue
04-22 16:59:49.029 E/BluetoothService( 1763): onLeScan: device = 19:5A:85:E8:5D:BF
04-22 16:59:49.040 E/BluetoothService( 1763): onLeScan: device = 7E:2B:B5:D9:6B:B2
04-22 16:59:49.061 D/RockFFPlayerBase(  170): WARRNING: VSYNC THREAD can not get buffer to queue
04-22 16:59:49.063 E/BluetoothService( 1763): onLeScan: device = 36:07:0C:46:EE:E2
04-22 16:59:49.090 E/BluetoothService( 1763): onLeScan: device = 2F:A0:5C:A9:00:C0
