04-22 16:59:53.527 D/NativeWindowBuffer(  170): registered graphic buffer with ID 0x19 (pointer = 0xb8e5af18 , 0xb8e5ae88) phy_addr = 0
04-22 16:59:53.530 D/NativeWindowBuffer(  170): registered graphic buffer with ID 0x1a (pointer = 0xb8e5b0b8 , 0xb8e5b028) phy_addr = 0
04-22 16:59:53.533 D/NativeWindowBuffer(  170): registered graphic buffer with ID 0x1b (pointer = 0xb8e5b258 , 0xb8e5b1c8) phy_addr = 0
04-22 16:59:53.536 D/NativeWindowBuffer(  170): registered graphic buffer with ID 0x1c (pointer = 0xb8e5b530 , 0xb8e5b4a0) phy_addr = 0
04-22 16:59:53.539 D/NativeWindowBuffer(  170): registered graphic buffer with ID 0x1d (pointer = 0xb8e5b6d0 , 0xb8e5b640) phy_addr = 0
04-22 16:59:53.542 D/NativeWindowBuffer(  170): registered graphic buffer with ID 0x1e (pointer = 0xb8e5b870 , 0xb8e5b7e0) phy_addr = 0
04-22 16:59:53.545 D/NativeWindowBuffer(  170): registered graphic buffer with ID 0x1f (pointer = 0xb8e5ba10 , 0xb8e5b980) phy_addr = 0
04-22 16:59:53.548 D/NativeWindowBuffer(  170): registered graphic buffer with ID 0x21 (pointer = 0xb8e5bdc0 , 0xb8e5bd30) phy_addr = 0
04-22 16:59:53.551 D/NativeWindowBuffer(  170): registered graphic buffer with ID 0x23 (pointer = 0xb8e5bf60 , 0xb8e5bed0) phy_addr = 0
04-22 16:59:53.554 D/NativeWindowBuffer(  170): registered graphic buffer with ID 0x24 (pointer = 0xb8e5c100 , 0xb8e5c070) phy_addr = 0
04-22 16:59:53.557 D/NativeWindowBuffer(  170): registered graphic buffer with ID 0x25 (pointer = 0xb8e5c2a0 , 0xb8e5c210) phy_addr = 0
04-22 16:59:53.560 D/NativeWindowBuffer(  170): registered graphic buffer with ID 0x26 (pointer = 0xb8e5c440 , 0xb8e5c3b0) phy_addr = 0
04-22 16:59:53.563 D/NativeWindowBuffer(  170): registered graphic buffer with ID 0x27 (pointer = 0xb8e5c5e0 , 0xb8e5c550) phy_addr = 0
04-22 16:59:53.566 D/NativeWindowBuffer(  170): registered graphic buffer with ID 0x28 (pointer = 0xb8e5cad0 , 0xb8e5ca40) phy_addr = 0
04-22 16:59:53.569 D/NativeWindowBuffer(  170): registered graphic buffer with ID 0x29 (pointer = 0xb8e5cc70 , 0xb8e5cbe0) phy_addr = 0
04-22 16:59:53.571 D/NativeWindowBuffer(  170): registered graphic buffer with ID 0x2a (pointer = 0xb8e5ce10 , 0xb8e5cd80) phy_addr = 0
04-22 16:59:53.575 D/NativeWindowBuffer(  170): registered graphic buffer with ID 0x2b (pointer = 0xb8e5cfb0 , 0xb8e5cf20) phy_addr = 0
04-22 16:59:53.577 D/NativeWindowBuffer(  170): registered graphic buffer with ID 0x2c (pointer = 0xb8e5b2e0 , 0xb8e5abb8) phy_addr = 0
04-22 16:59:53.581 D/NativeWindowBuffer(  170): registered graphic buffer with ID 0x2d (pointer = 0xb8e5bb28 , 0xb8e5ba98) phy_addr = 0
04-22 16:59:53.583 D/NativeWindowBuffer(  170): registered graphic buffer with ID 0x2e (pointer = 0xb8e7ae18 , 0xb8e7ad88) phy_addr = 0
04-22 16:59:53.587 D/NativeWindowBuffer(  170): registered graphic buffer with ID 0x2f (pointer = 0xb8e7afb8 , 0xb8e7af28) phy_addr = 0
04-22 16:59:53.589 D/NativeWindowBuffer(  170): registered graphic buffer with ID 0x30 (pointer = 0xb8e7b158 , 0xb8e7b0c8) phy_addr = 0
04-22 16:59:53.593 D/NativeWindowBuffer(  170): registered graphic buffer with ID 0x31 (pointer = 0xb8e7b840 , 0xb8e7b7b0) phy_addr = 0
04-22 16:59:53.596 D/NativeWindowBuffer(  170): registered graphic buffer with ID 0x32 (pointer = 0xb8e7b9e0 , 0xb8e7b950) phy_addr = 0
04-22 16:59:53.599 D/NativeWindowBuffer(  170): registered graphic buffer with ID 0x33 (pointer = 0xb8e7bb80 , 0xb8e7baf0) phy_addr = 0
04-22 16:59:53.602 D/NativeWindowBuffer(  170): registered graphic buffer with ID 0x34 (pointer = 0xb8e7bd20 , 0xb8e7bc90) phy_addr = 0
04-22 16:59:53.605 D/NativeWindowBuffer(  170): registered graphic buffer with ID 0x35 (pointer = 0xb8e7bec0 , 0xb8e7be30) phy_addr = 0
04-22 16:59:53.608 D/NativeWindowBuffer(  170): registered graphic buffer with ID 0x36 (pointer = 0xb8e7c060 , 0xb8e7bfd0) phy_addr = 0
04-22 16:59:53.611 D/NativeWindowBuffer(  170): registered graphic buffer with ID 0x37 (pointer = 0xb8e7c200 , 0xb8e7c170) phy_addr = 0
04-22 16:59:53.614 D/NativeWindowBuffer(  170): registered graphic buffer with ID 0x38 (pointer = 0xb8e7c3a0 , 0xb8e7c310) phy_addr = 0
04-22 16:59:53.614 D/NativeWindowBuffer(  170): Calling cancelBuffer on buffer 0x16 hanlde( 0xb8e5aaa0 )
04-22 16:59:53.615 D/NativeWindowBuffer(  170): Calling cancelBuffer on buffer 0x18 hanlde( 0xb8e5ace8 )
04-22 16:59:53.615 D/NativeWindowBuffer(  170): Calling cancelBuffer on buffer 0x19 hanlde( 0xb8e5ae88 )
04-22 16:59:53.615 D/NativeWindowBuffer(  170): Calling cancelBuffer on buffer 0x1a hanlde( 0xb8e5b028 )
04-22 16:59:53.615 D/NativeWindowBuffer(  170): Calling cancelBuffer on buffer 0x1b hanlde( 0xb8e5b1c8 )
04-22 16:59:53.616 D/RockFFPlayerBase(  170): mOutputPorBuffers = 0xb8e267dc mNativeWindowBufferAlloctor->getBufferInfo() =0xb8e267dc
04-22 16:59:53.616 D/FrameManage(  170): setBufferInfo mOutPutBuffer = 0xb8e267dc
04-22 16:59:53.616 D/RockFFPlayer(  170): enter enqueueMessage
04-22 16:59:53.616 D/RockFFPlayer(  170): enqueueMessage:****1
04-22 16:59:53.616 D/RockFFPlayer(  170): enqueueMessage:****2
04-22 16:59:53.616 D/RockFFPlayer(  170): enqueueMessage:****3
04-22 16:59:53.616 D/RockFFPlayer(  170): enqueueMessage:Message 1,set signal
04-22 16:59:53.616 D/RockFFPlayer(  170): enqueueMessage:sync wait
04-22 16:59:53.616 D/RockFFPlayer(  170): deliverMessage 
04-22 16:59:53.616 D/RockFFPlayer(  170): run : dequeueMessage Message 2
04-22 16:59:53.616 D/RockFFPlayer(  170): CMD_START
04-22 16:59:53.616 D/RockFFPlayer(  170): doStart()************
04-22 16:59:53.616 D/RockFFPlayerBase(  170): dumpStatus(): Preapared
04-22 16:59:53.616 D/RockFFPlayerBase(  170): dumpStatus(): Started
04-22 16:59:53.616 D/RkAudioPlayer(  170): audio mode: 0
04-22 16:59:53.616 D/RkAudioPlayer(  170): mAudioSink->open in mSampleRate = 48048 channels = 2
04-22 16:59:53.616 D/AudioSink(  170): open(48048, 2, 0x0, 0x1, 4, 21 0x0)
04-22 16:59:53.616 I/AudioTrack(  170): minFrameCount: 8925, afFrameCount=2048, minBufCount=4, sampleRate=48048, afSampleRate=44100, afLatency=185
04-22 16:59:53.617 E/FrameManage(  170): Priority scheduling not supported
04-22 16:59:53.617 D/FFMpegThread(  170): startAsync:threadname=DecoderAudio
04-22 16:59:53.617 E/TraceThread(  170):    RkFrameManage(tid = 3102197632)--> [UID=c8fe5c6c] RkFrameManage::Threadproc
04-22 16:59:53.617 D/FFMpegThread(  170): DecoderAudio:starting thread
04-22 16:59:53.617 D/DecodeAudio(  170): prepare()
04-22 16:59:53.617 D/RockFFPlayer(  170): doStart:pause audio decode
04-22 16:59:53.617 D/DecodeAudio(  170): *********************special_pause
04-22 16:59:53.617 D/FFMpegThread(  170): startAsync:threadname=DecoderVideo
04-22 16:59:53.617 E/TraceThread(  170):     DecoderAudio(tid = 3102198216)--> [UID=c8fe5c6c] DecoderAudio::decode
04-22 16:59:53.617 D/FFMpegThread(  170): DecoderVideo:starting thread
04-22 16:59:53.617 D/RockFFPlayer(  170): doStart(): mSeekTimeUs = -1
04-22 16:59:53.617 D/RockFFPlayer(  170): doStart ok
04-22 16:59:53.617 D/RockFFPlayer(  170): run : dequeueMessage Message 2 OK
04-22 16:59:53.617 D/RockFFPlayer(  170): Messagecomplete type [2]
04-22 16:59:53.617 D/RockFFPlayer(  170): run : Message 2 complete
04-22 16:59:53.617 D/DecodeVideo(  170): Use the old vpu framework
04-22 16:59:53.617 D/RockFFPlayer(  170): enqueueMessage:sync wait ok
04-22 16:59:53.618 E/MediaPlayerImp( 1763): onPrepared: 2603
04-22 16:59:53.619 E/BluetoothService( 1763): onLeScan: device = 36:07:0C:46:EE:E2
04-22 16:59:53.619 E/BluetoothService( 1763): onLeScan: device = 19:5A:85:E8:5D:BF
04-22 16:59:53.620 I/H264_DEBUG(  170): init done status 0, ts_en = 3 debug 0
04-22 16:59:53.621 I/vpu_mem_pool(  170): pid 170, open_vpu_memory_pool:473: success
04-22 16:59:53.621 D/DecodeVideo(  170): CommitBuffer2VpuPool dupshared_fd = 0x3b share_fd = 0x1c
04-22 16:59:53.621 D/DecodeVideo(  170): CommitBuffer2VpuPool dupshared_fd = 0x3d share_fd = 0x1d
04-22 16:59:53.621 D/DecodeVideo(  170): CommitBuffer2VpuPool dupshared_fd = 0x3e share_fd = 0x1e
04-22 16:59:53.621 D/DecodeVideo(  170): CommitBuffer2VpuPool dupshared_fd = 0x3f share_fd = 0x1f
04-22 16:59:53.621 D/DecodeVideo(  170): CommitBuffer2VpuPool dupshared_fd = 0x40 share_fd = 0x21
04-22 16:59:53.621 D/DecodeVideo(  170): CommitBuffer2VpuPool dupshared_fd = 0x41 share_fd = 0x23
04-22 16:59:53.621 D/DecodeVideo(  170): CommitBuffer2VpuPool dupshared_fd = 0x42 share_fd = 0x24
04-22 16:59:53.621 D/DecodeVideo(  170): CommitBuffer2VpuPool dupshared_fd = 0x43 share_fd = 0x25
04-22 16:59:53.621 D/DecodeVideo(  170): CommitBuffer2VpuPool dupshared_fd = 0x44 share_fd = 0x26
04-22 16:59:53.621 D/DecodeVideo(  170): CommitBuffer2VpuPool dupshared_fd = 0x45 share_fd = 0x27
04-22 16:59:53.622 D/DecodeVideo(  170): CommitBuffer2VpuPool dupshared_fd = 0x46 share_fd = 0x28
04-22 16:59:53.622 D/DecodeVideo(  170): CommitBuffer2VpuPool dupshared_fd = 0x47 share_fd = 0x29
04-22 16:59:53.622 D/DecodeVideo(  170): CommitBuffer2VpuPool dupshared_fd = 0x48 share_fd = 0x2a
04-22 16:59:53.622 D/DecodeVideo(  170): CommitBuffer2VpuPool dupshared_fd = 0x49 share_fd = 0x2b
04-22 16:59:53.622 D/DecodeVideo(  170): CommitBuffer2VpuPool dupshared_fd = 0x4a share_fd = 0x2c
04-22 16:59:53.622 D/DecodeVideo(  170): CommitBuffer2VpuPool dupshared_fd = 0x4b share_fd = 0x2d
04-22 16:59:53.622 D/DecodeVideo(  170): CommitBuffer2VpuPool dupshared_fd = 0x4c share_fd = 0x2e
04-22 16:59:53.622 D/DecodeVideo(  170): CommitBuffer2VpuPool dupshared_fd = 0x4d share_fd = 0x2f
04-22 16:59:53.622 E/TraceThread(  170):     DecoderVideo(tid = 3102199008)--> [UID=c8fe5c6c] DecoderVideo::decode
04-22 16:59:53.622 E/DecodeVideo(  170): RkMark DecoderVideo ctx->no_thread send ts stream first time!
04-22 16:59:53.624 I/H264_DEBUG(  170): decoded width 1280  decoded height 800
04-22 16:59:53.624 I/H264_DEBUG(  170): display width 1280, display height 800
04-22 16:59:53.629 E/BluetoothService( 1763): onLeScan: device = 2F:A0:5C:A9:00:C0
04-22 16:59:53.631 D/RockFFPlayer(  170): set videoFirstFrame=0
04-22 16:59:53.632 D/RockFFPlayer(  170): onDisplayEvent(): FIRST_FRAME 
04-22 16:59:53.632 D/RockFFPlayer(  170): *****************onDisplayEvent:audio flush set timeus=0
04-22 16:59:53.632 D/RockFFPlayer(  170): onDisplayEvent:resume audio decode
04-22 16:59:53.632 D/RockFFPlayer(  170): onDisplayEvent video delay time: 66733 
04-22 16:59:53.636 D/RockFFPlayerBase(  170): WARRNING: VSYNC THREAD can not get buffer to queue
04-22 16:59:53.641 E/BluetoothService( 1763): onLeScan: device = 59:F3:15:84:8E:A3
04-22 16:59:53.649 E/BluetoothService( 1763): onLeScan: device = 7E:2B:B5:D9:6B:B2
04-22 16:59:53.653 D/RockFFPlayerBase(  170): WARRNING: VSYNC THREAD can not get buffer to queue
04-22 16:59:53.660 W/AppOps  (  466): Bad call: specified package media under uid 1000 but it is really 1013
04-22 16:59:53.670 D/RockFFPlayerBase(  170): WARRNING: VSYNC THREAD can not get buffer to queue
04-22 16:59:53.688 D/RockFFPlayerBase(  170): WARRNING: VSYNC THREAD can not get buffer to queue
04-22 16:59:53.692 E/BluetoothService( 1763): onLeScan: device = 36:07:0C:46:EE:E2
04-22 16:59:53.702 E/BluetoothService( 1763): onLeScan: device = 19:5A:85:E8:5D:BF
04-22 16:59:53.705 D/RockFFPlayerBase(  170): WARRNING: VSYNC THREAD can not get buffer to queue
04-22 16:59:53.719 D/RockFFPlayer(  170): [onDisplayEvent]audiotime = 87319;videotime=0;latenessUs=87319;rawpts=0
04-22 16:59:53.719 E/RockFFPlayer(  170): Hery, notify MEDIA_INFO_RENDERING_START 87319
04-22 16:59:53.719 D/RockFFPlayer(  170): *****Channel Changed Time is 247955
04-22 16:59:53.719 D/RockFFPlayer(  170): onDisplayEvent(3660) render first frame
04-22 16:59:53.719 W/MediaPlayer( 1763): info/warning (3, 0)
04-22 16:59:53.721 D/RockFFPlayer(  170): [onDisplayEvent]audiotime = 89588;videotime=33332;latenessUs=56256;rawpts=33366
04-22 16:59:53.722 D/DecodeVideo(  170): commitHdl2Vpu dupshared_fd = 0x51 shared_fd = 0x16 
04-22 16:59:53.723 D/RockFFPlayer(  170): [onDisplayEvent]audiotime = 91729;videotime=66666;latenessUs=25063;rawpts=66733
04-22 16:59:53.735 E/BluetoothService( 1763): onLeScan: device = 2F:A0:5C:A9:00:C0
04-22 16:59:53.740 D/DecodeVideo(  170): commitHdl2Vpu dupshared_fd = 0x52 shared_fd = 0x18 
04-22 16:59:53.757 D/DecodeVideo(  170): commitHdl2Vpu dupshared_fd = 0x53 shared_fd = 0x19 
04-22 16:59:53.774 D/DecodeVideo(  170): commitHdl2Vpu dupshared_fd = 0x54 shared_fd = 0x1a 
04-22 16:59:53.779 E/BluetoothService( 1763): onLeScan: device = 52:64:E2:A4:1B:2A
04-22 16:59:53.792 D/DecodeVideo(  170): commitHdl2Vpu dupshared_fd = 0x55 shared_fd = 0x1b 
04-22 16:59:53.801 E/BluetoothService( 1763): onLeScan: device = 36:07:0C:46:EE:E2
04-22 16:59:53.812 E/BluetoothService( 1763): onLeScan: device = 19:5A:85:E8:5D:BF
04-22 16:59:53.826 D/RockFFPlayerBase(  170): WARRNING: VSYNC THREAD can not get buffer to queue
04-22 16:59:53.844 E/BluetoothService( 1763): onLeScan: device = 2F:A0:5C:A9:00:C0
04-22 16:59:53.860 D/RockFFPlayerBase(  170): WARRNING: VSYNC THREAD can not get buffer to queue
04-22 16:59:53.895 D/RockFFPlayerBase(  170): WARRNING: VSYNC THREAD can not get buffer to queue
04-22 16:59:53.908 E/BluetoothService( 1763): onLeScan: device = 36:07:0C:46:EE:E2
04-22 16:59:53.914 E/BluetoothService( 1763): onLeScan: device = 19:5A:85:E8:5D:BF
04-22 16:59:53.922 E/BluetoothService( 1763): onLeScan: device = 7E:2B:B5:D9:6B:B2
04-22 16:59:53.930 D/RockFFPlayerBase(  170): WARRNING: VSYNC THREAD can not get buffer to queue
04-22 16:59:53.945 E/BluetoothService( 1763): onLeScan: device = 2F:A0:5C:A9:00:C0
04-22 16:59:53.981 D/RockFFPlayerBase(  170): WARRNING: VSYNC THREAD can not get buffer to queue
04-22 16:59:54.008 E/BluetoothService( 1763): onLeScan: device = 59:F3:15:84:8E:A3
04-22 16:59:54.010 E/BluetoothService( 1763): onLeScan: device = 36:07:0C:46:EE:E2
04-22 16:59:54.016 D/RockFFPlayerBase(  170): WARRNING: VSYNC THREAD can not get buffer to queue
04-22 16:59:54.047 E/BluetoothService( 1763): onLeScan: device = 2F:A0:5C:A9:00:C0
04-22 16:59:54.050 D/RockFFPlayerBase(  170): WARRNING: VSYNC THREAD can not get buffer to queue
04-22 16:59:54.053 E/BluetoothService( 1763): onLeScan: device = 52:64:E2:A4:1B:2A
04-22 16:59:54.085 D/RockFFPlayerBase(  170): WARRNING: VSYNC THREAD can not get buffer to queue
04-22 16:59:54.116 E/BluetoothService( 1763): onLeScan: device = 36:07:0C:46:EE:E2
04-22 16:59:54.119 D/RockFFPlayerBase(  170): WARRNING: VSYNC THREAD can not get buffer to queue
04-22 16:59:54.120 E/BluetoothService( 1763): onLeScan: device = 19:5A:85:E8:5D:BF
04-22 16:59:54.154 D/RockFFPlayerBase(  170): WARRNING: VSYNC THREAD can not get buffer to queue
04-22 16:59:54.188 D/RockFFPlayerBase(  170): WARRNING: VSYNC THREAD can not get buffer to queue
04-22 16:59:54.195 E/BluetoothService( 1763): onLeScan: device = 7E:2B:B5:D9:6B:B2
04-22 16:59:54.216 E/BluetoothService( 1763): onLeScan: device = 36:07:0C:46:EE:E2
04-22 16:59:54.223 D/RockFFPlayerBase(  170): WARRNING: VSYNC THREAD can not get buffer to queue
04-22 16:59:54.229 E/BluetoothService( 1763): onLeScan: device = 19:5A:85:E8:5D:BF
04-22 16:59:54.252 E/BluetoothService( 1763): onLeScan: device = 2F:A0:5C:A9:00:C0
04-22 16:59:54.258 D/RockFFPlayerBase(  170): WARRNING: VSYNC THREAD can not get buffer to queue
04-22 16:59:54.292 D/RockFFPlayerBase(  170): WARRNING: VSYNC THREAD can not get buffer to queue
04-22 16:59:54.323 E/BluetoothService( 1763): onLeScan: device = 36:07:0C:46:EE:E2
04-22 16:59:54.327 D/RockFFPlayerBase(  170): WARRNING: VSYNC THREAD can not get buffer to queue
04-22 16:59:54.328 E/BluetoothService( 1763): onLeScan: device = 52:64:E2:A4:1B:2A
04-22 16:59:54.334 E/BluetoothService( 1763): onLeScan: device = 19:5A:85:E8:5D:BF
04-22 16:59:54.359 E/BluetoothService( 1763): onLeScan: device = 2F:A0:5C:A9:00:C0
04-22 16:59:54.361 D/RockFFPlayerBase(  170): WARRNING: VSYNC THREAD can not get buffer to queue
04-22 16:59:54.385 E/BluetoothService( 1763): onLeScan: device = 59:F3:15:84:8E:A3
04-22 16:59:54.396 D/RockFFPlayerBase(  170): WARRNING: VSYNC THREAD can not get buffer to queue
04-22 16:59:54.426 E/BluetoothService( 1763): onLeScan: device = 36:07:0C:46:EE:E2
04-22 16:59:54.448 D/RockFFPlayerBase(  170): WARRNING: VSYNC THREAD can not get buffer to queue
04-22 16:59:54.453 D/RockFFPlayer(  170): url_feof=0,err=0
04-22 16:59:54.453 I/RockFFPlayer(  170): av_read_frame end of stream ret = -541478725
04-22 16:59:54.464 E/BluetoothService( 1763): onLeScan: device = 2F:A0:5C:A9:00:C0
04-22 16:59:54.466 E/BluetoothService( 1763): onLeScan: device = 7E:2B:B5:D9:6B:B2
04-22 16:59:54.482 D/RockFFPlayerBase(  170): WARRNING: VSYNC THREAD can not get buffer to queue
04-22 16:59:54.516 D/RockFFPlayerBase(  170): WARRNING: VSYNC THREAD can not get buffer to queue
04-22 16:59:54.526 E/BluetoothService( 1763): onLeScan: device = 36:07:0C:46:EE:E2
04-22 16:59:54.544 E/BluetoothService( 1763): onLeScan: device = 19:5A:85:E8:5D:BF
04-22 16:59:54.551 D/RockFFPlayerBase(  170): WARRNING: VSYNC THREAD can not get buffer to queue
04-22 16:59:54.571 E/BluetoothService( 1763): onLeScan: device = 2F:A0:5C:A9:00:C0
04-22 16:59:54.585 D/RockFFPlayerBase(  170): WARRNING: VSYNC THREAD can not get buffer to queue
04-22 16:59:54.597 E/BluetoothService( 1763): onLeScan: device = 52:64:E2:A4:1B:2A
04-22 16:59:54.620 D/RockFFPlayerBase(  170): WARRNING: VSYNC THREAD can not get buffer to queue
04-22 16:59:54.634 E/BluetoothService( 1763): onLeScan: device = 36:07:0C:46:EE:E2
04-22 16:59:54.647 E/BluetoothService( 1763): onLeScan: device = 19:5A:85:E8:5D:BF
04-22 16:59:54.654 D/RockFFPlayerBase(  170): WARRNING: VSYNC THREAD can not get buffer to queue
04-22 16:59:54.672 E/BluetoothService( 1763): onLeScan: device = 2F:A0:5C:A9:00:C0
04-22 16:59:54.689 D/RockFFPlayerBase(  170): WARRNING: VSYNC THREAD can not get buffer to queue
04-22 16:59:54.723 D/RockFFPlayerBase(  170): WARRNING: VSYNC THREAD can not get buffer to queue
04-22 16:59:54.751 E/BluetoothService( 1763): onLeScan: device = 19:5A:85:E8:5D:BF
04-22 16:59:54.753 E/BluetoothService( 1763): onLeScan: device = 59:F3:15:84:8E:A3
04-22 16:59:54.758 D/RockFFPlayerBase(  170): WARRNING: VSYNC THREAD can not get buffer to queue
04-22 16:59:54.773 E/BluetoothService( 1763): onLeScan: device = 2F:A0:5C:A9:00:C0
04-22 16:59:54.792 D/RockFFPlayerBase(  170): WARRNING: VSYNC THREAD can not get buffer to queue
04-22 16:59:54.827 D/RockFFPlayerBase(  170): WARRNING: VSYNC THREAD can not get buffer to queue
04-22 16:59:54.842 E/BluetoothService( 1763): onLeScan: device = 36:07:0C:46:EE:E2
04-22 16:59:54.861 D/RockFFPlayerBase(  170): WARRNING: VSYNC THREAD can not get buffer to queue
04-22 16:59:54.867 E/BluetoothService( 1763): onLeScan: device = 52:64:E2:A4:1B:2A
04-22 16:59:54.873 E/BluetoothService( 1763): onLeScan: device = 2F:A0:5C:A9:00:C0
04-22 16:59:54.896 D/RockFFPlayerBase(  170): WARRNING: VSYNC THREAD can not get buffer to queue
04-22 16:59:54.948 D/RockFFPlayerBase(  170): WARRNING: VSYNC THREAD can not get buffer to queue
04-22 16:59:54.950 E/BluetoothService( 1763): onLeScan: device = 36:07:0C:46:EE:E2
04-22 16:59:54.957 E/BluetoothService( 1763): onLeScan: device = 19:5A:85:E8:5D:BF
04-22 16:59:54.982 D/RockFFPlayerBase(  170): WARRNING: VSYNC THREAD can not get buffer to queue
04-22 16:59:55.007 E/BluetoothService( 1763): onLeScan: device = 7E:2B:B5:D9:6B:B2
04-22 16:59:55.017 D/RockFFPlayerBase(  170): WARRNING: VSYNC THREAD can not get buffer to queue
04-22 16:59:55.051 D/RockFFPlayerBase(  170): WARRNING: VSYNC THREAD can not get buffer to queue
04-22 16:59:55.056 E/BluetoothService( 1763): onLeScan: device = 36:07:0C:46:EE:E2
04-22 16:59:55.086 D/RockFFPlayerBase(  170): WARRNING: VSYNC THREAD can not get buffer to queue
04-22 16:59:55.090 E/BluetoothService( 1763): onLeScan: device = 2F:A0:5C:A9:00:C0
04-22 16:59:55.120 D/RockFFPlayerBase(  170): WARRNING: VSYNC THREAD can not get buffer to queue
04-22 16:59:55.138 E/BluetoothService( 1763): onLeScan: device = 52:64:E2:A4:1B:2A
04-22 16:59:55.155 D/RockFFPlayerBase(  170): WARRNING: VSYNC THREAD can not get buffer to queue
04-22 16:59:55.164 E/BluetoothService( 1763): onLeScan: device = 36:07:0C:46:EE:E2
04-22 16:59:55.190 D/RockFFPlayerBase(  170): WARRNING: VSYNC THREAD can not get buffer to queue
04-22 16:59:55.190 E/BluetoothService( 1763): onLeScan: device = 2F:A0:5C:A9:00:C0
04-22 16:59:55.224 D/RockFFPlayerBase(  170): WARRNING: VSYNC THREAD can not get buffer to queue
04-22 16:59:55.259 D/RockFFPlayerBase(  170): WARRNING: VSYNC THREAD can not get buffer to queue
04-22 16:59:55.264 E/BluetoothService( 1763): onLeScan: device = 19:5A:85:E8:5D:BF
04-22 16:59:55.268 E/BluetoothService( 1763): onLeScan: device = 36:07:0C:46:EE:E2
04-22 16:59:55.279 E/BluetoothService( 1763): onLeScan: device = 7E:2B:B5:D9:6B:B2
04-22 16:59:55.293 D/RockFFPlayerBase(  170): WARRNING: VSYNC THREAD can not get buffer to queue
04-22 16:59:55.295 E/BluetoothService( 1763): onLeScan: device = 2F:A0:5C:A9:00:C0
04-22 16:59:55.328 D/RockFFPlayerBase(  170): WARRNING: VSYNC THREAD can not get buffer to queue
04-22 16:59:55.362 D/RockFFPlayerBase(  170): WARRNING: VSYNC THREAD can not get buffer to queue
04-22 16:59:55.400 E/BluetoothService( 1763): onLeScan: device = 2F:A0:5C:A9:00:C0
04-22 16:59:55.408 E/BluetoothService( 1763): onLeScan: device = 52:64:E2:A4:1B:2A
04-22 16:59:55.414 D/RockFFPlayerBase(  170): WARRNING: VSYNC THREAD can not get buffer to queue
04-22 16:59:55.448 D/RockFFPlayerBase(  170): WARRNING: VSYNC THREAD can not get buffer to queue
04-22 16:59:55.483 D/RockFFPlayerBase(  170): WARRNING: VSYNC THREAD can not get buffer to queue
04-22 16:59:55.483 E/BluetoothService( 1763): onLeScan: device = 36:07:0C:46:EE:E2
04-22 16:59:55.503 E/BluetoothService( 1763): onLeScan: device = 2F:A0:5C:A9:00:C0
04-22 16:59:55.518 D/RockFFPlayerBase(  170): WARRNING: VSYNC THREAD can not get buffer to queue
04-22 16:59:55.552 D/RockFFPlayerBase(  170): WARRNING: VSYNC THREAD can not get buffer to queue
04-22 16:59:55.553 E/BluetoothService( 1763): onLeScan: device = 7E:2B:B5:D9:6B:B2
04-22 16:59:55.587 D/RockFFPlayerBase(  170): WARRNING: VSYNC THREAD can not get buffer to queue
04-22 16:59:55.589 E/BluetoothService( 1763): onLeScan: device = 36:07:0C:46:EE:E2
04-22 16:59:55.605 E/BluetoothService( 1763): onLeScan: device = 2F:A0:5C:A9:00:C0
04-22 16:59:55.621 D/RockFFPlayerBase(  170): WARRNING: VSYNC THREAD can not get buffer to queue
04-22 16:59:55.656 D/RockFFPlayerBase(  170): WARRNING: VSYNC THREAD can not get buffer to queue
04-22 16:59:55.678 E/BluetoothService( 1763): onLeScan: device = 52:64:E2:A4:1B:2A
04-22 16:59:55.688 E/BluetoothService( 1763): onLeScan: device = 36:07:0C:46:EE:E2
04-22 16:59:55.690 D/RockFFPlayerBase(  170): WARRNING: VSYNC THREAD can not get buffer to queue
04-22 16:59:55.708 E/BluetoothService( 1763): onLeScan: device = 2F:A0:5C:A9:00:C0
04-22 16:59:55.725 D/RockFFPlayerBase(  170): WARRNING: VSYNC THREAD can not get buffer to queue
04-22 16:59:55.759 D/RockFFPlayerBase(  170): WARRNING: VSYNC THREAD can not get buffer to queue
04-22 16:59:55.786 E/BluetoothService( 1763): onLeScan: device = 19:5A:85:E8:5D:BF
04-22 16:59:55.791 E/BluetoothService( 1763): onLeScan: device = 36:07:0C:46:EE:E2
04-22 16:59:55.794 D/RockFFPlayerBase(  170): WARRNING: VSYNC THREAD can not get buffer to queue
04-22 16:59:55.808 E/BluetoothService( 1763): onLeScan: device = 2F:A0:5C:A9:00:C0
04-22 16:59:55.825 E/BluetoothService( 1763): onLeScan: device = 7E:2B:B5:D9:6B:B2
04-22 16:59:55.828 D/RockFFPlayerBase(  170): WARRNING: VSYNC THREAD can not get buffer to queue
04-22 16:59:55.863 D/RockFFPlayerBase(  170): WARRNING: VSYNC THREAD can not get buffer to queue
04-22 16:59:55.895 E/BluetoothService( 1763): onLeScan: device = 36:07:0C:46:EE:E2
04-22 16:59:55.915 D/RockFFPlayerBase(  170): WARRNING: VSYNC THREAD can not get buffer to queue
04-22 16:59:55.917 E/BluetoothService( 1763): onLeScan: device = 2F:A0:5C:A9:00:C0
04-22 16:59:55.949 D/RockFFPlayerBase(  170): WARRNING: VSYNC THREAD can not get buffer to queue
04-22 16:59:55.952 E/BluetoothService( 1763): onLeScan: device = 52:64:E2:A4:1B:2A
04-22 16:59:55.984 D/RockFFPlayerBase(  170): WARRNING: VSYNC THREAD can not get buffer to queue
04-22 16:59:55.999 E/BluetoothService( 1763): onLeScan: device = 36:07:0C:46:EE:E2
04-22 16:59:56.018 D/RockFFPlayerBase(  170): WARRNING: VSYNC THREAD can not get buffer to queue
04-22 16:59:56.026 E/BluetoothService( 1763): onLeScan: device = 2F:A0:5C:A9:00:C0
04-22 16:59:56.053 D/RockFFPlayerBase(  170): WARRNING: VSYNC THREAD can not get buffer to queue
04-22 16:59:56.087 D/RockFFPlayerBase(  170): WARRNING: VSYNC THREAD can not get buffer to queue
04-22 16:59:56.098 E/BluetoothService( 1763): onLeScan: device = 7E:2B:B5:D9:6B:B2
04-22 16:59:56.103 E/BluetoothService( 1763): onLeScan: device = 36:07:0C:46:EE:E2
04-22 16:59:56.122 D/RockFFPlayerBase(  170): WARRNING: VSYNC THREAD can not get buffer to queue
04-22 16:59:56.132 E/BluetoothService( 1763): onLeScan: device = 2F:A0:5C:A9:00:C0
04-22 16:59:56.139 D/RockFFPlayer(  170): doPause
04-22 16:59:56.139 D/RockFFPlayerBase(  170): dumpStatus(): Pause
04-22 16:59:56.139 E/AudioSink(  170): received unknown event type: 1 inside CallbackWrapper !
04-22 16:59:56.139 D/RockFFPlayer(  170): doPause**1
04-22 16:59:56.139 D/RockFFPlayer(  170): doPause**2
04-22 16:59:56.139 D/RockFFPlayer(  170): doPause**3
04-22 16:59:56.139 D/RockFFPlayer(  170): doPause**4
04-22 16:59:56.139 D/RockFFPlayer(  170): doPause**5
04-22 16:59:56.139 D/RockFFPlayer(  170): readpacket:checkConsumeAll ok,mLooping = 0
04-22 16:59:56.139 E/MainActivityPlayModel( 1763): handleMessage7777
04-22 16:59:56.139 I/MainActivityPlayModel( 1763): playNext 1 1
04-22 16:59:56.139 I/MainActivityPlayModel( 1763): playNext exexex 
04-22 16:59:56.139 E/MainActivityPlayModel( 1763): handleMessage8888
04-22 16:59:56.140 D/RockFFPlayer(  170): reset()***********
04-22 16:59:56.140 D/RockFFPlayerBase(  170): dumpStatus(): Pause
04-22 16:59:56.140 D/RockFFPlayer(  170): reset(),stop_l
04-22 16:59:56.140 D/RockFFPlayer(  170): stop_l
04-22 16:59:56.140 D/RockFFPlayer(  170): enter enqueueMessage
04-22 16:59:56.140 D/RockFFPlayer(  170): enqueueMessage:****1
04-22 16:59:56.140 D/RockFFPlayer(  170): enqueueMessage:****2
04-22 16:59:56.140 D/RockFFPlayer(  170): enqueueMessage:****3
04-22 16:59:56.140 D/RockFFPlayer(  170): enqueueMessage:Message 1,set signal
04-22 16:59:56.140 D/RockFFPlayer(  170): enqueueMessage:sync wait
04-22 16:59:56.140 D/RockFFPlayer(  170): deliverMessage 
04-22 16:59:56.140 D/RockFFPlayer(  170): run : dequeueMessage Message 4
04-22 16:59:56.140 D/RockFFPlayer(  170): CMD_STOP
04-22 16:59:56.140 D/RockFFPlayer(  170): doStop()*****
04-22 16:59:56.140 D/RockFFPlayerBase(  170): dumpStatus(): Pause
04-22 16:59:56.140 D/RockFFPlayerBase(  170): dumpStatus(): Stop
04-22 16:59:56.140 I/RockFFPlayer(  170): readthread end of playing
04-22 16:59:56.140 D/RockFFPlayer(  170): doRelease()************
04-22 16:59:56.140 I/FFIDecoder(  170): waiting on end of decoder thread
04-22 16:59:56.140 E/FFMpegThread(  170): DecoderAudio,wait
04-22 16:59:56.140 D/FFMpegThread(  170): DecoderAudio:wait at pthread_join
04-22 16:59:56.140 E/TraceThread(  170):     DecoderAudio(tid = 3102198216)--> [UID=c8fe5c6c] pthread_join begin
04-22 16:59:56.140 I/DecodeAudio(  170): decoding audio ended
04-22 16:59:56.140 D/FFMpegThread(  170): DecoderAudio:thread ended
04-22 16:59:56.140 E/TraceThread(  170):     DecoderAudio(tid = 3102198216)--> [UID=c8fe5c6c] pthread_join end
04-22 16:59:56.140 E/FFMpegThread(  170): DecoderAudio:wait ok mThreadStatus=-1
04-22 16:59:56.140 I/FFIDecoder(  170): waiting on end of decoder thread
04-22 16:59:56.140 E/FFMpegThread(  170): DecoderVideo,wait
04-22 16:59:56.140 D/FFMpegThread(  170): DecoderVideo:wait at pthread_join
04-22 16:59:56.140 E/TraceThread(  170):     DecoderVideo(tid = 3102199008)--> [UID=c8fe5c6c] pthread_join begin
04-22 16:59:56.140 D/FFMpegThread(  170): DecoderVideo:thread ended
04-22 16:59:56.140 E/TraceThread(  170):     DecoderVideo(tid = 3102199008)--> [UID=c8fe5c6c] pthread_join end
04-22 16:59:56.140 E/FFMpegThread(  170): DecoderVideo:wait ok mThreadStatus=-1
04-22 16:59:56.143 E/RockFFPlayerBase(  170): FFMPlayerBase::flushRenderQueue in
04-22 16:59:56.143 E/RockFFPlayerBase(  170): FFMPlayerBase::flushRenderQueue out
04-22 16:59:56.143 E/TraceThread(  170):    RkFrameManage(tid = 3102197632)--> [UID=c8fe5c6c] pthread_join begin
04-22 16:59:56.148 D/FrameManage(  170): FrameQueueManage::Displayframe stoped
04-22 16:59:56.148 E/TraceThread(  170):    RkFrameManage(tid = 3102197632)--> [UID=c8fe5c6c] pthread_join end
04-22 16:59:56.148 I/FrameManage(  170): RkFrameManage::~RkFrameManage end!
04-22 16:59:56.148 D/RenderBase(  170): powerControl write: 0,width=1280,height=800,ishevc=0,videoFramerate=0,streamBitrate=0
04-22 16:59:56.148 E/RenderShared(  170): ~RkRenderer in
04-22 16:59:56.148 E/RenderShared(  170): ~RkRenderer out
04-22 16:59:56.148 D/NativeWindowBuffer(  170): Calling cancelBuffer on buffer 0x16 hanlde( 0xb8e5aaa0 )
04-22 16:59:56.148 D/NativeWindowBuffer(  170): Calling cancelBuffer on buffer 0x18 hanlde( 0xb8e5ace8 )
04-22 16:59:56.149 D/NativeWindowBuffer(  170): Calling cancelBuffer on buffer 0x19 hanlde( 0xb8e5ae88 )
04-22 16:59:56.149 D/NativeWindowBuffer(  170): buffer already Cancled 0x1a handle( 0xb8e5b028 )
04-22 16:59:56.149 D/NativeWindowBuffer(  170): Calling cancelBuffer on buffer 0x1b hanlde( 0xb8e5b1c8 )
04-22 16:59:56.149 D/NativeWindowBuffer(  170): Calling cancelBuffer on buffer 0x1c hanlde( 0xb8e5b4a0 )
04-22 16:59:56.149 D/NativeWindowBuffer(  170): Calling cancelBuffer on buffer 0x1d hanlde( 0xb8e5b640 )
04-22 16:59:56.149 D/NativeWindowBuffer(  170): buffer already Cancled 0x1e handle( 0xb8e5b7e0 )
04-22 16:59:56.149 D/NativeWindowBuffer(  170): buffer already Cancled 0x1f handle( 0xb8e5b980 )
04-22 16:59:56.149 D/NativeWindowBuffer(  170): Calling cancelBuffer on buffer 0x21 hanlde( 0xb8e5bd30 )
04-22 16:59:56.149 D/NativeWindowBuffer(  170): buffer already Cancled 0x23 handle( 0xb8e5bed0 )
04-22 16:59:56.149 D/NativeWindowBuffer(  170): Calling cancelBuffer on buffer 0x24 hanlde( 0xb8e5c070 )
04-22 16:59:56.149 D/NativeWindowBuffer(  170): Calling cancelBuffer on buffer 0x25 hanlde( 0xb8e5c210 )
04-22 16:59:56.150 D/NativeWindowBuffer(  170): buffer already Cancled 0x26 handle( 0xb8e5c3b0 )
04-22 16:59:56.150 D/NativeWindowBuffer(  170): Calling cancelBuffer on buffer 0x27 hanlde( 0xb8e5c550 )
04-22 16:59:56.150 D/NativeWindowBuffer(  170): Calling cancelBuffer on buffer 0x28 hanlde( 0xb8e5ca40 )
04-22 16:59:56.150 D/NativeWindowBuffer(  170): Calling cancelBuffer on buffer 0x29 hanlde( 0xb8e5cbe0 )
04-22 16:59:56.150 D/NativeWindowBuffer(  170): Calling cancelBuffer on buffer 0x2a hanlde( 0xb8e5cd80 )
04-22 16:59:56.150 D/NativeWindowBuffer(  170): Calling cancelBuffer on buffer 0x2b hanlde( 0xb8e5cf20 )
04-22 16:59:56.150 D/NativeWindowBuffer(  170): Calling cancelBuffer on buffer 0x2c hanlde( 0xb8e5abb8 )
04-22 16:59:56.151 D/NativeWindowBuffer(  170): Calling cancelBuffer on buffer 0x2d hanlde( 0xb8e5ba98 )
04-22 16:59:56.151 D/NativeWindowBuffer(  170): Calling cancelBuffer on buffer 0x2e hanlde( 0xb8e7ad88 )
04-22 16:59:56.151 D/NativeWindowBuffer(  170): Calling cancelBuffer on buffer 0x2f hanlde( 0xb8e7af28 )
04-22 16:59:56.151 D/NativeWindowBuffer(  170): Calling cancelBuffer on buffer 0x30 hanlde( 0xb8e7b0c8 )
04-22 16:59:56.151 D/NativeWindowBuffer(  170): Calling cancelBuffer on buffer 0x31 hanlde( 0xb8e7b7b0 )
04-22 16:59:56.151 D/NativeWindowBuffer(  170): Calling cancelBuffer on buffer 0x32 hanlde( 0xb8e7b950 )
04-22 16:59:56.151 D/NativeWindowBuffer(  170): Calling cancelBuffer on buffer 0x33 hanlde( 0xb8e7baf0 )
04-22 16:59:56.152 D/NativeWindowBuffer(  170): Calling cancelBuffer on buffer 0x34 hanlde( 0xb8e7bc90 )
04-22 16:59:56.152 D/NativeWindowBuffer(  170): Calling cancelBuffer on buffer 0x35 hanlde( 0xb8e7be30 )
04-22 16:59:56.152 D/NativeWindowBuffer(  170): Calling cancelBuffer on buffer 0x36 hanlde( 0xb8e7bfd0 )
04-22 16:59:56.152 D/NativeWindowBuffer(  170): Calling cancelBuffer on buffer 0x37 hanlde( 0xb8e7c170 )
04-22 16:59:56.152 D/NativeWindowBuffer(  170): Calling cancelBuffer on buffer 0x38 hanlde( 0xb8e7c310 )
04-22 16:59:56.152 D/HDMIManager(  170): HdmiManager disconstructor***************
04-22 16:59:56.167 I/H264_DEBUG(  170): deinit DONE
04-22 16:59:56.170 I/vpu_mem_pool(  170): pid 170, close_vpu_memory_pool:552: 
04-22 16:59:56.170 D/FFMpegThread(  170): DecoderVideo:~PlayerThread enter mThreadStatus=-1
04-22 16:59:56.170 D/FFMpegThread(  170): DecoderAudio:~PlayerThread enter mThreadStatus=-1
04-22 16:59:56.170 D/RkAudioPlayer(  170): setAudioSlice 0
04-22 16:59:56.171 D/RockFFPlayer(  170): doRelease ok
04-22 16:59:56.171 D/RockFFPlayer(  170): doStop()*****OK
04-22 16:59:56.171 D/RockFFPlayer(  170): run : dequeueMessage Message 4 OK
04-22 16:59:56.171 D/RockFFPlayer(  170): Messagecomplete type [4]
04-22 16:59:56.171 D/RockFFPlayer(  170): run : Message 4 complete
04-22 16:59:56.171 D/RockFFPlayer(  170): enqueueMessage:sync wait ok
04-22 16:59:56.171 D/RockFFPlayer(  170): doRelease() clearQueue************
04-22 16:59:56.171 D/RockFFPlayer(  170): stop_l:MessageStop down
04-22 16:59:56.171 D/RockFFPlayerBase(  170): dumpStatus(): Stop
04-22 16:59:56.171 D/RockFFPlayer(  170): stop_l : create CancelThread
04-22 16:59:56.171 D/RockFFPlayer(  170): CancelThread start
04-22 16:59:56.171 D/RockFFPlayer(  170): stop_l :CancelThread create ok
04-22 16:59:56.171 D/RockFFPlayer(  170): stop_l buffer thread quit
04-22 16:59:56.171 E/RockFFPlayerBase(  170): closeContext : in
04-22 16:59:56.171 D/RockFFPlayer(  170): enter enqueueMessage
04-22 16:59:56.171 D/RockFFPlayer(  170): enqueueMessage:****1
04-22 16:59:56.171 D/RockFFPlayer(  170): enqueueMessage:****2
04-22 16:59:56.171 D/RockFFPlayer(  170): enqueueMessage:****3
04-22 16:59:56.171 D/RockFFPlayer(  170): enqueueMessage:Message 1,set signal
04-22 16:59:56.171 D/RockFFPlayer(  170): enqueueMessage:sync wait
04-22 16:59:56.171 D/RockFFPlayer(  170): deliverMessage 
04-22 16:59:56.171 D/RockFFPlayer(  170): run : dequeueMessage Message 11
04-22 16:59:56.171 D/RockFFPlayer(  170): CMD_RESET
04-22 16:59:56.171 D/RockFFPlayerBase(  170): dumpStatus(): Idle
04-22 16:59:56.171 D/RockFFPlayer(  170): doReset ok
04-22 16:59:56.171 D/RockFFPlayer(  170): run : dequeueMessage Message 11 OK
04-22 16:59:56.171 D/RockFFPlayer(  170): Messagecomplete type [11]
04-22 16:59:56.171 D/RockFFPlayer(  170): run : Message 11 complete
04-22 16:59:56.171 D/RockFFPlayer(  170): enqueueMessage:sync wait ok
04-22 16:59:56.171 D/RockFFPlayer(  170): reset(),MessageReset down
04-22 16:59:56.172 D/RockFFPlayer(  170): signal thread out
04-22 16:59:56.172 D/RockFFPlayer(  170): sched_thread out
04-22 16:59:56.172 D/RockFFPlayer(  170): stop:wait is ok
04-22 16:59:56.172 D/RockFFPlayer(  170): stop:ok
04-22 16:59:56.172 D/RockFFPlayer(  170): ~RkMessageQueue
04-22 16:59:56.175 E/RockFFPlayerBase(  170): closeContext : out
04-22 16:59:56.175 D/RockFFPlayer(  170): CancelThread end
04-22 16:59:56.175 D/RockFFPlayer(  170): CancelThread return
04-22 16:59:56.177 E/FFPlayer(  170): ~FFPlayer
04-22 16:59:56.177 D/RockFFPlayer(  170): reset()***********
04-22 16:59:56.177 D/RockFFPlayerBase(  170): dumpStatus(): Idle
04-22 16:59:56.177 D/RockFFPlayer(  170): CurrentStatus is IDLE,already reset
04-22 16:59:56.178 D/RockFFPlayer(  170): ~FFMPlayer*******
04-22 16:59:56.178 D/RockFFPlayer(  170): reset()***********
04-22 16:59:56.178 D/RockFFPlayerBase(  170): dumpStatus(): Idle
04-22 16:59:56.178 D/RockFFPlayer(  170): CurrentStatus is IDLE,already reset
04-22 16:59:56.178 D/RockFFPlayer(  170): ~FFMPlayer:CancelThread
04-22 16:59:56.178 D/RockFFPlayer(  170): ~FFMediaSource
04-22 16:59:56.178 D/RockFFPlayer(  170): FFMediaSource context null. 
04-22 16:59:56.178 E/TraceThread(  170):     VsyncReciver(tid = 3101934592)--> [UID=c8fe5c6c] pthread_join begin-->player = 0xb8e30f58
04-22 16:59:56.191 E/TraceThread(  170):     VsyncReciver(tid = 3101934592)--> [UID=c8fe5c6c] pthread_join   end-->player = 0xb8e30f58
04-22 16:59:56.191 D/VsyncReciver(  170): stop_l:vsyncThread down
04-22 16:59:56.191 D/RockFFPlayer(  170): ~FFMPlayer***mNativeWindow
04-22 16:59:56.207 E/TraceThread(  170):     RockFFPlayer(tid = 3101738000)--> [UID=c8fe5c6c] ~FFMPlayer Destruction; object=0xb8e30f58
04-22 16:59:56.207 D/RockFFPlayer(  170): ~FFMPlayer***end
04-22 16:59:56.207 D/RockFFPlayerBase(  170): ~FFMPlayerBase(():mDequeueThread down
04-22 16:59:56.207 D/RockFFPlayerBase(  170): ~RkMessageHandler
04-22 16:59:56.209 D/ISOManager( 1763): isBDDirectory(), pathStr = /mnt/internal_sd/impactv/手洗い_スタンバイ画面.mp4
04-22 16:59:56.209 D/ISOManager( 1763): isBDDirectory(), path = /mnt/internal_sd/impactv/手洗い_スタンバイ画面.mp4
04-22 16:59:56.210 I/MediaPlayerFactory(  170):  createFFPlayer
04-22 16:59:56.210 E/        (  170): isBluray(), extension = .mp4
04-22 16:59:56.210 E/FFPlayerHelper(  170): isBDDirectory() ,path = /mnt/internal_sd/impactv/手洗い_スタンバイ画面.mp4
04-22 16:59:56.211 E/FFPlayerHelper(  170): isBDDirectory(): no BDMV
04-22 16:59:56.211 E/RockFFPlayerBase(  170): MediaServer is SP_FOREGROUND, tid=557
04-22 16:59:56.211 E/FFPlayerHelper(  170): efuse open fail
04-22 16:59:56.211 D/RkExtensionPlayer(  170): RkExtensionPlayer in
04-22 16:59:56.211 E/RkExtensionPlayer(  170): createDirectory(), path = /tmp/subtitle/
04-22 16:59:56.211 E/RkExtensionPlayer(  170): createDirectory(), create directory = /tmp/subtitle/ fail,reson = Invalid argument
04-22 16:59:56.211 E/RkExtensionPlayer(  170): createDirectory(), path = /data/subtitle/
04-22 16:59:56.211 E/RkExtensionPlayer(  170): createDirectory(), directory = /data/subtitle/ already exist
04-22 16:59:56.212 E/TraceThread(  170): TraceThread::randomUID() --> [UID=48086793]
04-22 16:59:56.212 E/TraceThread(  170):     VsyncReciver(tid = 3101920528)--> [UID=48086793] VsyncReciver::startthread
04-22 16:59:56.212 E/TraceThread(  170):     RockFFPlayer(tid = 3101743504)--> [UID=48086793] FFMPlayer Construction; object=0xb8e30f58
04-22 16:59:56.212 D/RockFFPlayer(  170): setDataSource fd = 11, offset =0,length = 71554
04-22 16:59:56.212 D/RockFFPlayer(  170): start:create thread
04-22 16:59:56.213 D/RockFFPlayer(  170): RkMessageQueue::run()
04-22 16:59:56.213 D/RockFFPlayer(  170): start:create thread ok,mThreadStatus=0
04-22 16:59:56.213 D/RockFFPlayer(  170): enter enqueueMessage
04-22 16:59:56.213 D/RockFFPlayer(  170): enqueueMessage:****1
04-22 16:59:56.213 D/RockFFPlayer(  170): enqueueMessage:****2
04-22 16:59:56.213 D/RockFFPlayer(  170): enqueueMessage:****3
04-22 16:59:56.213 D/RockFFPlayer(  170): enqueueMessage:Message 1,set signal
04-22 16:59:56.213 D/RockFFPlayer(  170): enqueueMessage:sync wait
04-22 16:59:56.213 D/RockFFPlayer(  170): deliverMessage 
04-22 16:59:56.213 D/RockFFPlayer(  170): run : dequeueMessage Message 20
04-22 16:59:56.213 D/RockFFPlayer(  170): CMD_CURRENTSTATUS
04-22 16:59:56.213 D/RockFFPlayerBase(  170): dumpStatus(): Initialized
04-22 16:59:56.213 D/RockFFPlayer(  170): run : dequeueMessage Message 20 OK
04-22 16:59:56.213 D/RockFFPlayer(  170): Messagecomplete type [20]
04-22 16:59:56.213 D/RockFFPlayer(  170): run : Message 20 complete
04-22 16:59:56.213 D/RockFFPlayer(  170): enqueueMessage:sync wait ok
04-22 16:59:56.214 D/RockFFPlayerBase(  170): setSurfaceTexture in
04-22 16:59:56.214 D/RockFFPlayerBase(  170): setSurfaceTexture out
04-22 16:59:56.214 D/RockFFPlayer(  170): prepareAsync in
04-22 16:59:56.215 D/RockFFPlayerBase(  170): dumpStatus(): Initialized
04-22 16:59:56.215 D/RockFFPlayerBase(  170): dumpStatus(): Preparing
04-22 16:59:56.215 I/FFPlayer_Version(  170): ******************************************
04-22 16:59:56.215 I/FFPlayer_Version(  170): 
04-22 16:59:56.215 I/FFPlayer_Version(  170): starting main player: 2016-05-30-04:46:02
04-22 16:59:56.215 I/FFPlayer_Version(  170): ffPlayer is Built for BOARD_RK312X
04-22 16:59:56.215 I/FFPlayer_Version(  170): 
04-22 16:59:56.215 I/FFPlayer_Version(  170): ******************************************
04-22 16:59:56.215 I/RockFFPlayer(  170): setDataSource(url =file/fd::11,offset::0)
04-22 16:59:56.215 I/RockFFPlayer(  170): setDataSource(fileurl =/mnt/internal_sd/impactv/手洗い_スタンバイ画面.mp4)
04-22 16:59:56.215 E/RockFFPlayerBase(  170): openContext : in
04-22 16:59:56.215 D/RockFFPlayer(  170): prepareAsync ok
04-22 16:59:56.215 E/RockFFPlayer(  170): ffmpeg version 10-26
04-22 16:59:56.215 E/RockFFPlayer(  170): av_probe_input_buffer:avio_read
04-22 16:59:56.215 I/RockFFPlayer(  170): flv_probe get probe score: 0
04-22 16:59:56.215 E/RockFFPlayer(  170): Hery, probe size = 3
04-22 16:59:56.216 E/RockFFPlayer(  170): avformat_open_input:read_header
04-22 16:59:56.219 E/RockFFPlayer(  170): warning: mov too few keyframe, num: 1
04-22 16:59:56.219 D/RockFFPlayer(  170): ff notify mov use seek any flag
04-22 16:59:56.219 E/RockFFPlayer(  170): avformat_open_input:read_header ok
04-22 16:59:56.219 D/RkExtensionPlayer(  170): openContext in
04-22 16:59:56.219 E/RkExtensionPlayer(  170): autoDetect(): path = /mnt/internal_sd/impactv/手洗い_スタンバイ画面.mp4
04-22 16:59:56.219 E/FFPlayerHelper(  170): isNetWorkUrl: url = /mnt/internal_sd/impactv/手洗い_スタンバイ画面.mp4
04-22 16:59:56.219 E/RkExtensionPlayer(  170): autoDetect(): directory = /mnt/internal_sd/impactv
04-22 16:59:56.219 E/RkExtensionPlayer(  170): autoDetect(): prefix = /mnt/internal_sd/impactv/手洗い_スタンバイ画面
04-22 16:59:56.219 E/RkExtensionPlayer(  170): autoDetect(): fileName = 手洗い_スタンバイ画面
04-22 16:59:56.220 E/RkExtensionPlayer(  170): dr->d_name = 手洗い_スタンバイ画面.mp4
04-22 16:59:56.220 E/RkExtensionPlayer(  170): subPrefix = 手洗い_スタンバイ画面
04-22 16:59:56.220 E/RkExtensionPlayer(  170): dr->d_name = impactv_mix_program_list.txt
04-22 16:59:56.220 E/RkExtensionPlayer(  170): subPrefix = impactv_mix_program_list
04-22 16:59:56.220 E/RkExtensionPlayer(  170): isSubtitle: yes: impactv_mix_program_list.txt
04-22 16:59:56.220 E/RkExtensionPlayer(  170): dr->d_name = impactv_bgm_list.txt
04-22 16:59:56.220 E/RkExtensionPlayer(  170): subPrefix = impactv_bgm_list
04-22 16:59:56.220 E/RkExtensionPlayer(  170): isSubtitle: yes: impactv_bgm_list.txt
04-22 16:59:56.220 D/RkExtensionPlayer(  170): openContext out,mTrackInfos size = 0
04-22 16:59:56.220 E/RockFFPlayerBase(  170): openContext : out,ret = 0
04-22 16:59:56.220 D/RockFFPlayer(  170): setDataSource:set local video property=1
04-22 16:59:56.220 E/RockFFPlayer(  170): Hery, s->iformat->name = mov,mp4,m4a,3gp,3g2,mj2
04-22 16:59:56.220 D/RockFFPlayer(  170): There is not appleHls need find video Info
04-22 16:59:56.226 E/RockFFPlayer(  170): MOV -->  mov_check_read_policy --> videouri =file/fd::11,offset::0
04-22 16:59:56.228 E/RockFFPlayer(  170): read_size = 36834
04-22 16:59:56.229 E/RockFFPlayer(  170): update_stream_timings: st[-1192812136].duration = 124928
04-22 16:59:56.229 E/RockFFPlayer(  170): update_stream_timings: st[-1192812136].duration = 154154
04-22 16:59:56.229 E/RockFFPlayer(  170): update_stream_timings: st[-1192812136].duration = 124928
04-22 16:59:56.229 E/RockFFPlayer(  170): update_stream_timings: st[-1192812136].duration = 154154
04-22 16:59:56.229 E/RockFFPlayer(  170): estimate_timings:0: start_time: 0.000 duration: 0.125,base_time.den=48000,base_time.num=1
04-22 16:59:56.229 E/RockFFPlayer(  170): estimate_timings:1: start_time: 0.000 duration: 0.154,base_time.den=60000,base_time.num=1
04-22 16:59:56.229 E/RockFFPlayer(  170): stream: start_time: 0.000 duration: 2.603 bitrate=219 kb/s
04-22 16:59:56.229 E/RockFFPlayer(  170): avformat_find_stream_info:find_stream_info_err:free info,ok
04-22 16:59:56.229 E/RockFFPlayer(  170): avformat_find_stream_info:find_stream_info_err:free info,ok
04-22 16:59:56.229 E/RockFFPlayer(  170): s->streams[0]->codec->codec_type = 1
04-22 16:59:56.229 E/RockFFPlayer(  170): s->streams[0]->codec->probe_packets = 2500
04-22 16:59:56.229 E/RockFFPlayer(  170): s->streams[0]->codec->codec_info_nb_frames = 46
04-22 16:59:56.229 E/RockFFPlayer(  170): s->streams[1]->codec->codec_type = 0
04-22 16:59:56.229 E/RockFFPlayer(  170): s->streams[1]->codec->probe_packets = 2500
04-22 16:59:56.229 E/RockFFPlayer(  170): s->streams[1]->codec->codec_info_nb_frames = 1
04-22 16:59:56.229 E/RockFFPlayer(  170): audio name  = aac
04-22 16:59:56.229 E/RockFFPlayer(  170): is3DVideo()
04-22 16:59:56.229 D/RockFFPlayer(  170): AudioStartTime=0,VideoStartTime=0,tmpTime=0
04-22 16:59:56.229 E/RockFFPlayer(  170): Hery, s->duration = 2602600.000000
04-22 16:59:56.229 I/RockFFPlayer(  170): Input #0, mov,mp4,m4a,3gp,3g2,mj2, from 'file/fd::11,offset::0':
04-22 16:59:56.229 I/RockFFPlayer(  170):   Metadata:
04-22 16:59:56.229 I/RockFFPlayer(  170):     major_brand     : 
04-22 16:59:56.229 I/RockFFPlayer(  170): mp42
04-22 16:59:56.229 I/RockFFPlayer(  170): 
04-22 16:59:56.229 I/RockFFPlayer(  170):     minor_version   : 
04-22 16:59:56.229 I/RockFFPlayer(  170): 0
04-22 16:59:56.229 I/RockFFPlayer(  170): 
04-22 16:59:56.229 I/RockFFPlayer(  170):     compatible_brands: 
04-22 16:59:56.229 I/RockFFPlayer(  170): mp42isomavc1
04-22 16:59:56.229 I/RockFFPlayer(  170): 
04-22 16:59:56.229 I/RockFFPlayer(  170):     creation_time   : 
04-22 16:59:56.229 I/RockFFPlayer(  170): 2020-02-25 04:17:55
04-22 16:59:56.229 I/RockFFPlayer(  170): 
04-22 16:59:56.229 I/RockFFPlayer(  170):   Duration: 
04-22 16:59:56.229 I/RockFFPlayer(  170): 00:00:02.60
04-22 16:59:56.229 I/RockFFPlayer(  170): , start: 
04-22 16:59:56.229 I/RockFFPlayer(  170): 0.000000
04-22 16:59:56.229 I/RockFFPlayer(  170): , bitrate: 
04-22 16:59:56.229 I/RockFFPlayer(  170): 219 kb/s
04-22 16:59:56.229 I/RockFFPlayer(  170): 
04-22 16:59:56.229 I/RockFFPlayer(  170):     Stream #0:0
04-22 16:59:56.229 I/RockFFPlayer(  170): (und)
04-22 16:59:56.229 I/RockFFPlayer(  170): : Audio: aac (mp4a / 0x6134706D), 48000 Hz, stereo, s16, 125 kb/s
04-22 16:59:56.229 I/RockFFPlayer(  170): 
04-22 16:59:56.229 I/RockFFPlayer(  170):     Metadata:
04-22 16:59:56.229 I/RockFFPlayer(  170):       creation_time   : 
04-22 16:59:56.229 I/RockFFPlayer(  170): 2020-02-25 04:17:55
04-22 16:59:56.229 I/RockFFPlayer(  170): 
04-22 16:59:56.229 I/RockFFPlayer(  170):       handler_name    : 
04-22 16:59:56.229 I/RockFFPlayer(  170): Sound Media Handler
04-22 16:59:56.229 I/RockFFPlayer(  170): 
04-22 16:59:56.229 I/RockFFPlayer(  170):     Stream #0:1
04-22 16:59:56.229 I/RockFFPlayer(  170): (und)
04-22 16:59:56.229 I/RockFFPlayer(  170): : Video: h264 (avc1 / 0x31637661), 1280x800, 87 kb/s
04-22 16:59:56.229 I/RockFFPlayer(  170): , 29.97 fps
04-22 16:59:56.229 I/RockFFPlayer(  170): , 29.97 tbr
04-22 16:59:56.229 I/RockFFPlayer(  170): , 60k tbn
04-22 16:59:56.229 I/RockFFPlayer(  170): , 120k tbc
04-22 16:59:56.230 I/RockFFPlayer(  170): 
04-22 16:59:56.230 I/RockFFPlayer(  170):     Metadata:
04-22 16:59:56.230 I/RockFFPlayer(  170):       creation_time   : 
04-22 16:59:56.230 I/RockFFPlayer(  170): 2020-02-25 04:17:55
04-22 16:59:56.230 I/RockFFPlayer(  170): 
04-22 16:59:56.230 I/RockFFPlayer(  170):       handler_name    : 
04-22 16:59:56.230 I/RockFFPlayer(  170): Video Media Handler
04-22 16:59:56.230 I/RockFFPlayer(  170): 
04-22 16:59:56.230 D/RockFFPlayer(  170): prepare_l:start decode and read Thread
04-22 16:59:56.230 D/RockFFPlayer(  170): enter enqueueMessage
04-22 16:59:56.230 D/RockFFPlayer(  170): enqueueMessage:****1
04-22 16:59:56.230 D/RockFFPlayer(  170): enqueueMessage:****2
04-22 16:59:56.230 D/RockFFPlayer(  170): enqueueMessage:****3
04-22 16:59:56.230 D/RockFFPlayer(  170): enqueueMessage:Message 1,set signal
04-22 16:59:56.230 D/RockFFPlayer(  170): enqueueMessage:sync wait
04-22 16:59:56.230 D/RockFFPlayer(  170): deliverMessage 
04-22 16:59:56.230 D/RockFFPlayer(  170): run : dequeueMessage Message 1
04-22 16:59:56.230 D/RockFFPlayer(  170): CMD_PREPARE
04-22 16:59:56.230 I/RockFFPlayer(  170): doPrepare in
04-22 16:59:56.230 I/RockFFPlayer(  170): prepareVideo
04-22 16:59:56.230 E/CrFeatureHelper(  170): check_avtone_library --> Error:2 No such file or directory
04-22 16:59:56.230 D/FFPlayerHelper(  170): CrFeatureHelper --> name = avc1,tag = 828601953
04-22 16:59:56.230 E/CrFeatureHelper(  170): check_avtone_library --> Error:2 No such file or directory
04-22 16:59:56.230 D/FFPlayerHelper(  170): CrFeatureHelper --> name = avc1,tag = 828601953
04-22 16:59:56.230 D/FFPlayerHelper(  170):  ====================errno = No such file or directory
04-22 16:59:56.230 D/RockFFPlayerBase(  170): open MediaDecoder.cfg failed,so can't config anything
04-22 16:59:56.230 D/RockFFPlayerBase(  170): File not exists!
04-22 16:59:56.230 D/RockFFPlayer(  170): local video bitrate is 219 kbps
04-22 16:59:56.230 D/RockFFPlayer(  170): avg.frame.den=1001,avg.frame.num=30000
04-22 16:59:56.230 D/RockFFPlayer(  170): timebase.den=60000,timebase.num=1
04-22 16:59:56.230 D/RockFFPlayer(  170): codecbase.den=120000,codecbase.num=1
04-22 16:59:56.230 D/RockFFPlayer(  170): getVideoFrameRate: use avg frame rate: 29.970030
04-22 16:59:56.230 D/RockFFPlayer(  170): getVideoFrameRate:frameRate=29.970030
04-22 16:59:56.231 D/HDMIManager(  170): unkonwn connection state
04-22 16:59:56.231 D/HDMIManager(  170): TV/HDMI mode fd open failed
04-22 16:59:56.231 D/RockFFPlayer(  170): Video stream frame rate = 29.970030
04-22 16:59:56.231 D/RockFFPlayer(  170): Video stream codec_id = 28
