04-22 16:59:42.695 W/AppOps  (  466): Bad call: specified package media under uid 1000 but it is really 1013
--------- beginning of main
04-22 16:59:45.215 D/RockFFPlayer(  170): enter enqueueMessage
04-22 16:59:45.215 D/RockFFPlayer(  170): enqueueMessage:****1
04-22 16:59:45.215 D/RockFFPlayer(  170): enqueueMessage:****2
04-22 16:59:45.215 D/RockFFPlayer(  170): enqueueMessage:****3
04-22 16:59:45.215 D/RockFFPlayer(  170): enqueueMessage:Message 1,set signal
04-22 16:59:45.215 D/RockFFPlayer(  170): enqueueMessage:sync wait
04-22 16:59:45.215 D/RockFFPlayer(  170): deliverMessage 
04-22 16:59:45.215 D/RockFFPlayer(  170): run : dequeueMessage Message 11
04-22 16:59:45.215 D/RockFFPlayer(  170): CMD_RESET
04-22 16:59:45.216 D/RockFFPlayerBase(  170): dumpStatus(): Idle
04-22 16:59:45.216 D/RockFFPlayer(  170): doReset ok
04-22 16:59:45.216 D/RockFFPlayer(  170): run : dequeueMessage Message 11 OK
04-22 16:59:45.216 D/RockFFPlayer(  170): Messagecomplete type [11]
04-22 16:59:45.216 D/RockFFPlayer(  170): run : Message 11 complete
04-22 16:59:45.216 D/RockFFPlayer(  170): enqueueMessage:sync wait ok
04-22 16:59:45.216 D/RockFFPlayer(  170): reset(),MessageReset down
04-22 16:59:45.216 D/RockFFPlayer(  170): signal thread out
04-22 16:59:45.216 D/RockFFPlayer(  170): stop:wait is ok
04-22 16:59:45.216 D/RockFFPlayer(  170): sched_thread out
04-22 16:59:45.216 D/RockFFPlayer(  170): stop:ok
04-22 16:59:45.216 D/RockFFPlayer(  170): ~RkMessageQueue
04-22 16:59:45.217 E/RockFFPlayerBase(  170): closeContext : out
04-22 16:59:45.217 D/RockFFPlayer(  170): CancelThread end
04-22 16:59:45.217 D/RockFFPlayer(  170): CancelThread return
04-22 16:59:45.219 E/FFPlayer(  170): ~FFPlayer
04-22 16:59:45.219 D/RockFFPlayer(  170): reset()***********
04-22 16:59:45.219 D/RockFFPlayerBase(  170): dumpStatus(): Idle
04-22 16:59:45.219 D/RockFFPlayer(  170): CurrentStatus is IDLE,already reset
04-22 16:59:45.219 D/RockFFPlayer(  170): ~FFMPlayer*******
04-22 16:59:45.219 D/RockFFPlayer(  170): reset()***********
04-22 16:59:45.219 D/RockFFPlayerBase(  170): dumpStatus(): Idle
04-22 16:59:45.219 D/RockFFPlayer(  170): CurrentStatus is IDLE,already reset
04-22 16:59:45.219 D/RockFFPlayer(  170): ~FFMPlayer:CancelThread
04-22 16:59:45.219 D/RockFFPlayer(  170): ~FFMediaSource
04-22 16:59:45.219 D/RockFFPlayer(  170): FFMediaSource context null. 
04-22 16:59:45.219 E/TraceThread(  170):     VsyncReciver(tid = 3102170608)--> [UID=7aaa8825] pthread_join begin-->player = 0xb8e30f58
04-22 16:59:45.228 E/TraceThread(  170):     VsyncReciver(tid = 3102170608)--> [UID=7aaa8825] pthread_join   end-->player = 0xb8e30f58
04-22 16:59:45.229 D/VsyncReciver(  170): stop_l:vsyncThread down
04-22 16:59:45.229 D/RockFFPlayer(  170): ~FFMPlayer***mNativeWindow
04-22 16:59:45.240 E/TraceThread(  170):     RockFFPlayer(tid = 3069234156)--> [UID=7aaa8825] ~FFMPlayer Destruction; object=0xb8e30f58
04-22 16:59:45.240 D/RockFFPlayer(  170): ~FFMPlayer***end
04-22 16:59:45.240 D/RockFFPlayerBase(  170): ~FFMPlayerBase(():mDequeueThread down
04-22 16:59:45.240 D/RockFFPlayerBase(  170): ~RkMessageHandler
04-22 16:59:45.241 D/ISOManager( 1763): isBDDirectory(), pathStr = /mnt/internal_sd/impactv/手洗い_スタンバイ画面.mp4
04-22 16:59:45.241 D/ISOManager( 1763): isBDDirectory(), path = /mnt/internal_sd/impactv/手洗い_スタンバイ画面.mp4
04-22 16:59:45.242 I/MediaPlayerFactory(  170):  createFFPlayer
04-22 16:59:45.242 E/        (  170): isBluray(), extension = .mp4
04-22 16:59:45.242 E/FFPlayerHelper(  170): isBDDirectory() ,path = /mnt/internal_sd/impactv/手洗い_スタンバイ画面.mp4
04-22 16:59:45.242 E/FFPlayerHelper(  170): isBDDirectory(): no BDMV
04-22 16:59:45.242 E/RockFFPlayerBase(  170): MediaServer is SP_FOREGROUND, tid=557
04-22 16:59:45.243 E/FFPlayerHelper(  170): efuse open fail
04-22 16:59:45.243 D/RkExtensionPlayer(  170): RkExtensionPlayer in
04-22 16:59:45.243 E/RkExtensionPlayer(  170): createDirectory(), path = /tmp/subtitle/
04-22 16:59:45.243 E/RkExtensionPlayer(  170): createDirectory(), create directory = /tmp/subtitle/ fail,reson = Invalid argument
04-22 16:59:45.243 E/RkExtensionPlayer(  170): createDirectory(), path = /data/subtitle/
04-22 16:59:45.243 E/RkExtensionPlayer(  170): createDirectory(), directory = /data/subtitle/ already exist
04-22 16:59:45.244 E/TraceThread(  170): TraceThread::randomUID() --> [UID=534e0db0]
04-22 16:59:45.244 E/TraceThread(  170):     VsyncReciver(tid = 3101832688)--> [UID=534e0db0] VsyncReciver::startthread
04-22 16:59:45.244 E/TraceThread(  170):     RockFFPlayer(tid = 3101743504)--> [UID=534e0db0] FFMPlayer Construction; object=0xb8e30f58
04-22 16:59:45.244 D/RockFFPlayer(  170): setDataSource fd = 11, offset =0,length = 71554
04-22 16:59:45.244 D/RockFFPlayer(  170): start:create thread
04-22 16:59:45.244 D/RockFFPlayer(  170): RkMessageQueue::run()
04-22 16:59:45.244 D/RockFFPlayer(  170): start:create thread ok,mThreadStatus=0
04-22 16:59:45.244 D/RockFFPlayer(  170): enter enqueueMessage
04-22 16:59:45.244 D/RockFFPlayer(  170): enqueueMessage:****1
04-22 16:59:45.244 D/RockFFPlayer(  170): enqueueMessage:****2
04-22 16:59:45.244 D/RockFFPlayer(  170): enqueueMessage:****3
04-22 16:59:45.244 D/RockFFPlayer(  170): enqueueMessage:Message 1,set signal
04-22 16:59:45.244 D/RockFFPlayer(  170): enqueueMessage:sync wait
04-22 16:59:45.244 D/RockFFPlayer(  170): deliverMessage 
04-22 16:59:45.244 D/RockFFPlayer(  170): run : dequeueMessage Message 20
04-22 16:59:45.244 D/RockFFPlayer(  170): CMD_CURRENTSTATUS
04-22 16:59:45.244 D/RockFFPlayerBase(  170): dumpStatus(): Initialized
04-22 16:59:45.244 D/RockFFPlayer(  170): run : dequeueMessage Message 20 OK
04-22 16:59:45.244 D/RockFFPlayer(  170): Messagecomplete type [20]
04-22 16:59:45.244 D/RockFFPlayer(  170): enqueueMessage:sync wait ok
04-22 16:59:45.245 D/RockFFPlayer(  170): run : Message 20 complete
04-22 16:59:45.245 D/RockFFPlayerBase(  170): setSurfaceTexture in
04-22 16:59:45.245 D/RockFFPlayerBase(  170): setSurfaceTexture out
04-22 16:59:45.245 D/RockFFPlayer(  170): prepareAsync in
04-22 16:59:45.245 D/RockFFPlayerBase(  170): dumpStatus(): Initialized
04-22 16:59:45.245 D/RockFFPlayerBase(  170): dumpStatus(): Preparing
04-22 16:59:45.245 I/FFPlayer_Version(  170): ******************************************
04-22 16:59:45.245 I/FFPlayer_Version(  170): 
04-22 16:59:45.245 I/FFPlayer_Version(  170): starting main player: 2016-05-30-04:46:02
04-22 16:59:45.245 I/FFPlayer_Version(  170): ffPlayer is Built for BOARD_RK312X
04-22 16:59:45.245 I/FFPlayer_Version(  170): 
04-22 16:59:45.245 I/FFPlayer_Version(  170): ******************************************
04-22 16:59:45.246 I/RockFFPlayer(  170): setDataSource(url =file/fd::11,offset::0)
04-22 16:59:45.246 I/RockFFPlayer(  170): setDataSource(fileurl =/mnt/internal_sd/impactv/手洗い_スタンバイ画面.mp4)
04-22 16:59:45.246 E/RockFFPlayerBase(  170): openContext : in
04-22 16:59:45.246 D/RockFFPlayer(  170): prepareAsync ok
04-22 16:59:45.246 E/RockFFPlayer(  170): ffmpeg version 10-26
04-22 16:59:45.246 E/RockFFPlayer(  170): av_probe_input_buffer:avio_read
04-22 16:59:45.246 I/RockFFPlayer(  170): flv_probe get probe score: 0
04-22 16:59:45.246 E/RockFFPlayer(  170): Hery, probe size = 3
04-22 16:59:45.246 E/RockFFPlayer(  170): avformat_open_input:read_header
04-22 16:59:45.249 E/RockFFPlayer(  170): warning: mov too few keyframe, num: 1
04-22 16:59:45.249 D/RockFFPlayer(  170): ff notify mov use seek any flag
04-22 16:59:45.249 E/RockFFPlayer(  170): avformat_open_input:read_header ok
04-22 16:59:45.249 D/RkExtensionPlayer(  170): openContext in
04-22 16:59:45.249 E/RkExtensionPlayer(  170): autoDetect(): path = /mnt/internal_sd/impactv/手洗い_スタンバイ画面.mp4
04-22 16:59:45.249 E/FFPlayerHelper(  170): isNetWorkUrl: url = /mnt/internal_sd/impactv/手洗い_スタンバイ画面.mp4
04-22 16:59:45.249 E/RkExtensionPlayer(  170): autoDetect(): directory = /mnt/internal_sd/impactv
04-22 16:59:45.249 E/RkExtensionPlayer(  170): autoDetect(): prefix = /mnt/internal_sd/impactv/手洗い_スタンバイ画面
04-22 16:59:45.249 E/RkExtensionPlayer(  170): autoDetect(): fileName = 手洗い_スタンバイ画面
04-22 16:59:45.249 E/RkExtensionPlayer(  170): dr->d_name = 手洗い_スタンバイ画面.mp4
04-22 16:59:45.249 E/RkExtensionPlayer(  170): subPrefix = 手洗い_スタンバイ画面
04-22 16:59:45.249 E/RkExtensionPlayer(  170): dr->d_name = impactv_mix_program_list.txt
04-22 16:59:45.249 E/RkExtensionPlayer(  170): subPrefix = impactv_mix_program_list
04-22 16:59:45.249 E/RkExtensionPlayer(  170): isSubtitle: yes: impactv_mix_program_list.txt
04-22 16:59:45.249 E/RkExtensionPlayer(  170): dr->d_name = impactv_bgm_list.txt
04-22 16:59:45.249 E/RkExtensionPlayer(  170): subPrefix = impactv_bgm_list
04-22 16:59:45.249 E/RkExtensionPlayer(  170): isSubtitle: yes: impactv_bgm_list.txt
04-22 16:59:45.249 D/RkExtensionPlayer(  170): openContext out,mTrackInfos size = 0
04-22 16:59:45.249 E/RockFFPlayerBase(  170): openContext : out,ret = 0
04-22 16:59:45.250 D/RockFFPlayer(  170): setDataSource:set local video property=1
04-22 16:59:45.250 E/RockFFPlayer(  170): Hery, s->iformat->name = mov,mp4,m4a,3gp,3g2,mj2
04-22 16:59:45.250 D/RockFFPlayer(  170): There is not appleHls need find video Info
04-22 16:59:45.255 E/RockFFPlayer(  170): MOV -->  mov_check_read_policy --> videouri =file/fd::11,offset::0
04-22 16:59:45.256 E/RockFFPlayer(  170): read_size = 36834
04-22 16:59:45.257 E/RockFFPlayer(  170): update_stream_timings: st[-1192862608].duration = 124928
04-22 16:59:45.257 E/RockFFPlayer(  170): update_stream_timings: st[-1192862608].duration = 154154
04-22 16:59:45.257 E/RockFFPlayer(  170): update_stream_timings: st[-1192862608].duration = 124928
04-22 16:59:45.257 E/RockFFPlayer(  170): update_stream_timings: st[-1192862608].duration = 154154
04-22 16:59:45.257 E/RockFFPlayer(  170): estimate_timings:0: start_time: 0.000 duration: 0.125,base_time.den=48000,base_time.num=1
04-22 16:59:45.257 E/RockFFPlayer(  170): estimate_timings:1: start_time: 0.000 duration: 0.154,base_time.den=60000,base_time.num=1
04-22 16:59:45.257 E/RockFFPlayer(  170): stream: start_time: 0.000 duration: 2.603 bitrate=219 kb/s
04-22 16:59:45.257 E/RockFFPlayer(  170): avformat_find_stream_info:find_stream_info_err:free info,ok
04-22 16:59:45.257 E/RockFFPlayer(  170): avformat_find_stream_info:find_stream_info_err:free info,ok
04-22 16:59:45.257 E/RockFFPlayer(  170): s->streams[0]->codec->codec_type = 1
04-22 16:59:45.257 E/RockFFPlayer(  170): s->streams[0]->codec->probe_packets = 2500
04-22 16:59:45.257 E/RockFFPlayer(  170): s->streams[0]->codec->codec_info_nb_frames = 46
04-22 16:59:45.257 E/RockFFPlayer(  170): s->streams[1]->codec->codec_type = 0
04-22 16:59:45.257 E/RockFFPlayer(  170): s->streams[1]->codec->probe_packets = 2500
04-22 16:59:45.257 E/RockFFPlayer(  170): s->streams[1]->codec->codec_info_nb_frames = 1
04-22 16:59:45.257 E/RockFFPlayer(  170): audio name  = aac
04-22 16:59:45.257 E/RockFFPlayer(  170): is3DVideo()
04-22 16:59:45.257 D/RockFFPlayer(  170): AudioStartTime=0,VideoStartTime=0,tmpTime=0
04-22 16:59:45.257 E/RockFFPlayer(  170): Hery, s->duration = 2602600.000000
04-22 16:59:45.257 I/RockFFPlayer(  170): Input #0, mov,mp4,m4a,3gp,3g2,mj2, from 'file/fd::11,offset::0':
04-22 16:59:45.257 I/RockFFPlayer(  170):   Metadata:
04-22 16:59:45.257 I/RockFFPlayer(  170):     major_brand     : 
04-22 16:59:45.257 I/RockFFPlayer(  170): mp42
04-22 16:59:45.257 I/RockFFPlayer(  170): 
04-22 16:59:45.257 I/RockFFPlayer(  170):     minor_version   : 
04-22 16:59:45.257 I/RockFFPlayer(  170): 0
04-22 16:59:45.257 I/RockFFPlayer(  170): 
04-22 16:59:45.257 I/RockFFPlayer(  170):     compatible_brands: 
04-22 16:59:45.257 I/RockFFPlayer(  170): mp42isomavc1
04-22 16:59:45.257 I/RockFFPlayer(  170): 
04-22 16:59:45.257 I/RockFFPlayer(  170):     creation_time   : 
04-22 16:59:45.257 I/RockFFPlayer(  170): 2020-02-25 04:17:55
04-22 16:59:45.257 I/RockFFPlayer(  170): 
04-22 16:59:45.257 I/RockFFPlayer(  170):   Duration: 
04-22 16:59:45.257 I/RockFFPlayer(  170): 00:00:02.60
04-22 16:59:45.257 I/RockFFPlayer(  170): , start: 
04-22 16:59:45.257 I/RockFFPlayer(  170): 0.000000
04-22 16:59:45.257 I/RockFFPlayer(  170): , bitrate: 
04-22 16:59:45.257 I/RockFFPlayer(  170): 219 kb/s
04-22 16:59:45.257 I/RockFFPlayer(  170): 
04-22 16:59:45.257 I/RockFFPlayer(  170):     Stream #0:0
04-22 16:59:45.257 I/RockFFPlayer(  170): (und)
04-22 16:59:45.257 I/RockFFPlayer(  170): : Audio: aac (mp4a / 0x6134706D), 48000 Hz, stereo, s16, 125 kb/s
04-22 16:59:45.257 I/RockFFPlayer(  170): 
04-22 16:59:45.257 I/RockFFPlayer(  170):     Metadata:
04-22 16:59:45.257 I/RockFFPlayer(  170):       creation_time   : 
04-22 16:59:45.257 I/RockFFPlayer(  170): 2020-02-25 04:17:55
04-22 16:59:45.257 I/RockFFPlayer(  170): 
04-22 16:59:45.257 I/RockFFPlayer(  170):       handler_name    : 
04-22 16:59:45.257 I/RockFFPlayer(  170): Sound Media Handler
04-22 16:59:45.257 I/RockFFPlayer(  170): 
04-22 16:59:45.257 I/RockFFPlayer(  170):     Stream #0:1
04-22 16:59:45.257 I/RockFFPlayer(  170): (und)
04-22 16:59:45.257 I/RockFFPlayer(  170): : Video: h264 (avc1 / 0x31637661), 1280x800, 87 kb/s
04-22 16:59:45.257 I/RockFFPlayer(  170): , 29.97 fps
04-22 16:59:45.257 I/RockFFPlayer(  170): , 29.97 tbr
04-22 16:59:45.257 I/RockFFPlayer(  170): , 60k tbn
04-22 16:59:45.257 I/RockFFPlayer(  170): , 120k tbc
04-22 16:59:45.257 I/RockFFPlayer(  170): 
04-22 16:59:45.257 I/RockFFPlayer(  170):     Metadata:
04-22 16:59:45.257 I/RockFFPlayer(  170):       creation_time   : 
04-22 16:59:45.257 I/RockFFPlayer(  170): 2020-02-25 04:17:55
04-22 16:59:45.257 I/RockFFPlayer(  170): 
04-22 16:59:45.257 I/RockFFPlayer(  170):       handler_name    : 
04-22 16:59:45.257 I/RockFFPlayer(  170): Video Media Handler
04-22 16:59:45.257 I/RockFFPlayer(  170): 
04-22 16:59:45.258 D/RockFFPlayer(  170): prepare_l:start decode and read Thread
04-22 16:59:45.258 D/RockFFPlayer(  170): enter enqueueMessage
04-22 16:59:45.258 D/RockFFPlayer(  170): enqueueMessage:****1
04-22 16:59:45.258 D/RockFFPlayer(  170): enqueueMessage:****2
04-22 16:59:45.258 D/RockFFPlayer(  170): enqueueMessage:****3
04-22 16:59:45.258 D/RockFFPlayer(  170): enqueueMessage:Message 1,set signal
04-22 16:59:45.258 D/RockFFPlayer(  170): enqueueMessage:sync wait
04-22 16:59:45.258 D/RockFFPlayer(  170): deliverMessage 
04-22 16:59:45.258 D/RockFFPlayer(  170): run : dequeueMessage Message 1
04-22 16:59:45.258 D/RockFFPlayer(  170): CMD_PREPARE
04-22 16:59:45.258 I/RockFFPlayer(  170): doPrepare in
04-22 16:59:45.258 I/RockFFPlayer(  170): prepareVideo
04-22 16:59:45.258 E/CrFeatureHelper(  170): check_avtone_library --> Error:2 No such file or directory
04-22 16:59:45.258 D/FFPlayerHelper(  170): CrFeatureHelper --> name = avc1,tag = 828601953
04-22 16:59:45.258 E/CrFeatureHelper(  170): check_avtone_library --> Error:2 No such file or directory
04-22 16:59:45.258 D/FFPlayerHelper(  170): CrFeatureHelper --> name = avc1,tag = 828601953
04-22 16:59:45.258 D/FFPlayerHelper(  170):  ====================errno = No such file or directory
04-22 16:59:45.258 D/RockFFPlayerBase(  170): open MediaDecoder.cfg failed,so can't config anything
04-22 16:59:45.258 D/RockFFPlayerBase(  170): File not exists!
04-22 16:59:45.258 D/RockFFPlayer(  170): local video bitrate is 219 kbps
04-22 16:59:45.258 D/RockFFPlayer(  170): avg.frame.den=1001,avg.frame.num=30000
04-22 16:59:45.258 D/RockFFPlayer(  170): timebase.den=60000,timebase.num=1
04-22 16:59:45.258 D/RockFFPlayer(  170): codecbase.den=120000,codecbase.num=1
04-22 16:59:45.258 D/RockFFPlayer(  170): getVideoFrameRate: use avg frame rate: 29.970030
04-22 16:59:45.258 D/RockFFPlayer(  170): getVideoFrameRate:frameRate=29.970030
04-22 16:59:45.258 D/HDMIManager(  170): unkonwn connection state
04-22 16:59:45.258 D/HDMIManager(  170): TV/HDMI mode fd open failed
04-22 16:59:45.258 D/RockFFPlayer(  170): Video stream frame rate = 29.970030
04-22 16:59:45.258 D/RockFFPlayer(  170): Video stream codec_id = 28
04-22 16:59:45.262 I/RockFFPlayer(  170): prepareVideo, w: 1280, h: 800,mVFrameRate 29.970030
04-22 16:59:45.263 D/RenderBase(  170): powerControl write: 1,width=1280,height=800,ishevc=0,videoFramerate=0,streamBitrate=0
04-22 16:59:45.263 D/RenderShared(  170): RkRendererShared(): format = 22,bufWidth = 1280,bufHeight = 800
04-22 16:59:45.263 D/RenderShared(  170): RkRendererShared(): IOMMU open rga *******************
04-22 16:59:45.263 D/RenderShared(  170): RkRendererShared transform = 0
04-22 16:59:45.263 D/RockFFPlayerBase(  170): initRender(1324) new render ok
04-22 16:59:45.263 D/HDMIManager(  170): HdmiManager constructor***************
04-22 16:59:45.263 E/HDMIManager(  170): get3DMode**********
04-22 16:59:45.263 E/HDMIManager(  170): send**********
04-22 16:59:45.263 E/HDMIManager(  170): send(): cmd = 0 mode get3dmode 0 HDMI
04-22 16:59:45.263 D/CommandListener(  162): :ModeCmd::runCommand argv[1] = get3dmode
04-22 16:59:45.263 E/HDMIManager(  170): getReply(): 501 0 Missing iface
04-22 16:59:45.263 E/HDMIManager(  170): parseReply(): 501 0 Missing iface
04-22 16:59:45.263 E/HDMIManager(  170): parseReply(): mCode = 501,mStatus = 0,mReply = Missing iface
04-22 16:59:45.263 E/HDMIManager(  170): getResolution**********
04-22 16:59:45.263 D/HDMIManager(  170): unkonwn connection state
04-22 16:59:45.263 E/HDMIManager(  170): TV getMode(): open fail
04-22 16:59:45.264 E/HDMIManager(  170): getResolution**********
04-22 16:59:45.264 D/HDMIManager(  170): unkonwn connection state
04-22 16:59:45.264 E/HDMIManager(  170): TV getMode(): open fail
04-22 16:59:45.264 E/HDMIManager(  170): getAllResolution**********
04-22 16:59:45.264 E/HDMIManager(  170): getAllResolution(): open fail
04-22 16:59:45.264 D/HDMIManager(  170): setResolution(): width = 1920,height = 1080,frameRate = 30
04-22 16:59:45.264 D/HDMIManager(  170): setResolution(): support3D = 0,enale24 = 0
04-22 16:59:45.264 E/HDMIManager(  170): getResolution**********
04-22 16:59:45.264 D/HDMIManager(  170): unkonwn connection state
04-22 16:59:45.264 E/HDMIManager(  170): TV getMode(): open fail
04-22 16:59:45.264 D/HDMIManager(  170): unkonwn connection state
04-22 16:59:45.264 D/HDMIManager(  170): TV/HDMI mode fd open failed
04-22 16:59:45.264 I/RockFFPlayer(  170): prepareAudio
04-22 16:59:45.264 E/RockFFPlayer(  170): audio stream codec_id = 86018
04-22 16:59:45.264 D/RockFFPlayerBase(  170): open MediaDecoder.cfg failed,so can't config anything
04-22 16:59:45.264 D/RockFFPlayerBase(  170): File not exists!
04-22 16:59:45.268 D/RockFFPlayer(  170): initAudioPlayer
04-22 16:59:45.268 D/RockFFPlayer(  170): initAudioPlayer getOutputMode  passThrough = 0
04-22 16:59:45.268 D/RockFFPlayer(  170): enable the audio resample
04-22 16:59:45.268 D/RockFFPlayerBase(  170): setAudioOutputMode output_mode = 0
04-22 16:59:45.268 D/RkAudioPlayer(  170): setAudioSlice 0
04-22 16:59:45.269 D/RockFFPlayer(  170): initAudioPlayer out
04-22 16:59:45.269 D/SpeedManager(  170): sound touch donnot support current audio params
04-22 16:59:45.269 D/RkExtensionPlayer(  170): prepareExtendSubtitle in
04-22 16:59:45.269 E/RkExtensionPlayer(  170): prepareExtendSubtitle: context == NULL
04-22 16:59:45.269 E/RockFFPlayer(  170): prepareExtandSubtitle return error!
04-22 16:59:45.269 D/RkExtensionPlayer(  170): ~RkExtensionPlayer in
04-22 16:59:45.269 D/RkExtensionPlayer(  170): RkExtensionPlayer::closeExtendSubDecoder in
04-22 16:59:45.269 E/FFExtensionSource(  170): ~FFExtensionSource in
04-22 16:59:45.269 D/RockFFPlayer(  170): FFMediaSource context null. 
04-22 16:59:45.269 E/FFExtensionSource(  170): ~FFExtensionSource out
04-22 16:59:45.269 D/RockFFPlayer(  170): ~FFMediaSource
04-22 16:59:45.269 D/RockFFPlayer(  170): FFMediaSource context null. 
04-22 16:59:45.269 D/RkExtensionPlayer(  170): closeExtendSubDecoder out
04-22 16:59:45.269 I/RockFFPlayer(  170): prepareSubtitle in
04-22 16:59:45.269 E/RockFFPlayer(  170): hasSubtitle return fail
04-22 16:59:45.269 E/DecodeAudio(  170): mStream->codec->channels = 2  mStream->codec->sample_rate = 48000
04-22 16:59:45.269 D/DecodeAudio(  170): decode audio mAudioOutputMode = 0
04-22 16:59:45.269 D/DecodeVideo(  170): CrFeatureHelper -->   hwdec_flag = 1,Codec->codec_id = 0x1c
04-22 16:59:45.269 D/RockFFPlayer(  170): avg.frame.den=1001,avg.frame.num=30000
04-22 16:59:45.269 D/RockFFPlayer(  170): timebase.den=60000,timebase.num=1
04-22 16:59:45.269 D/RockFFPlayer(  170): codecbase.den=120000,codecbase.num=1
04-22 16:59:45.269 D/RockFFPlayer(  170): getVideoFrameRate: use avg frame rate: 29.970030
04-22 16:59:45.269 D/RockFFPlayer(  170): getVideoFrameRate:frameRate=29.970030
04-22 16:59:45.269 E/PtsProcess(  170): setFrameRate():mFrameRate = 29.970030
04-22 16:59:45.269 E/TraceThread(  170): TraceThread::dumpTrace() FileName:/data/trace_thread.log
04-22 16:59:45.270 D/RockFFPlayerBase(  170): dumpStatus(): Preapared
04-22 16:59:45.270 I/RockFFPlayer(  170): doPrepareFinish ok
04-22 16:59:45.270 D/RockFFPlayer(  170): run : dequeueMessage Message 1 OK
04-22 16:59:45.270 D/RockFFPlayer(  170): Messagecomplete type [1]
04-22 16:59:45.270 D/RockFFPlayer(  170): run : Message 1 complete
04-22 16:59:45.270 D/RockFFPlayer(  170): enqueueMessage:sync wait ok
04-22 16:59:45.270 I/RockFFPlayer(  170): decodeMovie:getCurrentStatus() = 8
04-22 16:59:45.270 E/MediaPlayer( 1763): Should have subtitle controller already set
04-22 16:59:45.270 E/MediaPlayerImp( 1763): play: /mnt/internal_sd/impactv/手洗い_スタンバイ画面.mp4
04-22 16:59:45.271 E/BluetoothService( 1763): onLeScan: device = 37:EA:28:99:50:D7
04-22 16:59:45.271 E/BluetoothService( 1763): onLeScan: device = 7E:2B:B5:D9:6B:B2
04-22 16:59:45.271 E/BluetoothService( 1763): onLeScan: device = 59:F3:15:84:8E:A3
04-22 16:59:45.271 E/BluetoothService( 1763): onLeScan: device = 70:D5:59:D8:09:1E
04-22 16:59:45.271 E/MediaPlayer( 1763): Should have subtitle controller already set
04-22 16:59:45.271 D/RockFFPlayer(  170): setLooping(): loop = 0
04-22 16:59:45.272 D/RockFFPlayer(  170): setLooping(): loop = 0
04-22 16:59:45.272 D/RockFFPlayer(  170): start()**************
04-22 16:59:45.272 D/RockFFPlayerBase(  170): dumpStatus(): Preapared
04-22 16:59:45.272 D/RockFFPlayerBase(  170): allocDecoderBuffer***********
04-22 16:59:45.272 D/RockFFPlayerBase(  170): allocDecoderBuffer(): mVideoWidth = 1280,mVideoHeight = 800
04-22 16:59:45.272 D/NativeWindowBuffer(  170): MALLOC:def->mWidth=1280,def->mHeight=800,def->nBufferSize=1843200
04-22 16:59:45.272 D/NativeWindowBuffer(  170): native_window_set_buffers_geometry before mNativeWindow = 0xb8e5ebc8
04-22 16:59:45.272 D/NativeWindowBuffer(  170): OMX-buffers: min=2 actual=32 undeq=1+1 def.mWidth = 1280 def.mHeight = 800
04-22 16:59:45.273 D/NativeWindowBuffer(  170): allocating 32 buffers from a native window of size 1843200 on output port
04-22 16:59:45.275 D/NativeWindowBuffer(  170): registered graphic buffer with ID 0x16 (pointer = 0xb8e7cd88 , 0xb8e7ccf8) phy_addr = 0
04-22 16:59:45.278 D/NativeWindowBuffer(  170): registered graphic buffer with ID 0x18 (pointer = 0xb8e7cfd0 , 0xb8e7cf40) phy_addr = 0
04-22 16:59:45.280 D/NativeWindowBuffer(  170): registered graphic buffer with ID 0x19 (pointer = 0xb8e7c228 , 0xb8e7d0e0) phy_addr = 0
04-22 16:59:45.283 D/NativeWindowBuffer(  170): registered graphic buffer with ID 0x1a (pointer = 0xb8e7c698 , 0xb8e7c608) phy_addr = 0
04-22 16:59:45.285 D/NativeWindowBuffer(  170): registered graphic buffer with ID 0x1b (pointer = 0xb8e7c838 , 0xb8e7c7a8) phy_addr = 0
04-22 16:59:45.288 D/NativeWindowBuffer(  170): registered graphic buffer with ID 0x1c (pointer = 0xb8e1e070 , 0xb8e1dfe0) phy_addr = 0
04-22 16:59:45.290 D/NativeWindowBuffer(  170): registered graphic buffer with ID 0x1d (pointer = 0xb8e1e210 , 0xb8e1e180) phy_addr = 0
04-22 16:59:45.292 D/NativeWindowBuffer(  170): registered graphic buffer with ID 0x1e (pointer = 0xb8e1e3b0 , 0xb8e1e320) phy_addr = 0
04-22 16:59:45.295 D/NativeWindowBuffer(  170): registered graphic buffer with ID 0x1f (pointer = 0xb8e1e550 , 0xb8e1e4c0) phy_addr = 0
04-22 16:59:45.297 D/NativeWindowBuffer(  170): registered graphic buffer with ID 0x21 (pointer = 0xb8e1e900 , 0xb8e1e870) phy_addr = 0
04-22 16:59:45.300 D/NativeWindowBuffer(  170): registered graphic buffer with ID 0x23 (pointer = 0xb8e1eaa0 , 0xb8e1ea10) phy_addr = 0
04-22 16:59:45.302 D/NativeWindowBuffer(  170): registered graphic buffer with ID 0x24 (pointer = 0xb8e1ec40 , 0xb8e1ebb0) phy_addr = 0
04-22 16:59:45.306 D/NativeWindowBuffer(  170): registered graphic buffer with ID 0x25 (pointer = 0xb8e1ede0 , 0xb8e1ed50) phy_addr = 0
04-22 16:59:45.310 D/NativeWindowBuffer(  170): registered graphic buffer with ID 0x26 (pointer = 0xb8e1ef80 , 0xb8e1eef0) phy_addr = 0
04-22 16:59:45.314 D/NativeWindowBuffer(  170): registered graphic buffer with ID 0x27 (pointer = 0xb8e1f120 , 0xb8e1f090) phy_addr = 0
04-22 16:59:45.318 D/NativeWindowBuffer(  170): registered graphic buffer with ID 0x28 (pointer = 0xb8e1f610 , 0xb8e1f580) phy_addr = 0
04-22 16:59:45.322 D/NativeWindowBuffer(  170): registered graphic buffer with ID 0x29 (pointer = 0xb8e1f7b0 , 0xb8e1f720) phy_addr = 0
04-22 16:59:45.326 D/NativeWindowBuffer(  170): registered graphic buffer with ID 0x2a (pointer = 0xb8e1f950 , 0xb8e1f8c0) phy_addr = 0
04-22 16:59:45.330 D/NativeWindowBuffer(  170): registered graphic buffer with ID 0x2b (pointer = 0xb8e1faf0 , 0xb8e1fa60) phy_addr = 0
04-22 16:59:45.335 D/NativeWindowBuffer(  170): registered graphic buffer with ID 0x2c (pointer = 0xb8e1fc90 , 0xb8e1fc00) phy_addr = 0
04-22 16:59:45.339 D/NativeWindowBuffer(  170): registered graphic buffer with ID 0x2d (pointer = 0xb8e1fe30 , 0xb8e1fda0) phy_addr = 0
04-22 16:59:45.343 D/NativeWindowBuffer(  170): registered graphic buffer with ID 0x2e (pointer = 0xb8e7c8c0 , 0xb8e1ff40) phy_addr = 0
04-22 16:59:45.347 D/NativeWindowBuffer(  170): registered graphic buffer with ID 0x2f (pointer = 0xb8e1e668 , 0xb8e1e5d8) phy_addr = 0
04-22 16:59:45.351 D/NativeWindowBuffer(  170): registered graphic buffer with ID 0x30 (pointer = 0xb8e6e378 , 0xb8e6e2e8) phy_addr = 0
04-22 16:59:45.355 D/NativeWindowBuffer(  170): registered graphic buffer with ID 0x31 (pointer = 0xb8e6ea60 , 0xb8e6e9d0) phy_addr = 0
04-22 16:59:45.359 D/NativeWindowBuffer(  170): registered graphic buffer with ID 0x32 (pointer = 0xb8e6ec00 , 0xb8e6eb70) phy_addr = 0
04-22 16:59:45.363 D/NativeWindowBuffer(  170): registered graphic buffer with ID 0x33 (pointer = 0xb8e6eda0 , 0xb8e6ed10) phy_addr = 0
04-22 16:59:45.367 D/NativeWindowBuffer(  170): registered graphic buffer with ID 0x34 (pointer = 0xb8e6ef40 , 0xb8e6eeb0) phy_addr = 0
04-22 16:59:45.371 D/NativeWindowBuffer(  170): registered graphic buffer with ID 0x35 (pointer = 0xb8e6f0e0 , 0xb8e6f050) phy_addr = 0
04-22 16:59:45.375 D/NativeWindowBuffer(  170): registered graphic buffer with ID 0x36 (pointer = 0xb8e6f280 , 0xb8e6f1f0) phy_addr = 0
04-22 16:59:45.379 D/NativeWindowBuffer(  170): registered graphic buffer with ID 0x37 (pointer = 0xb8e6f420 , 0xb8e6f390) phy_addr = 0
04-22 16:59:45.383 D/NativeWindowBuffer(  170): registered graphic buffer with ID 0x38 (pointer = 0xb8e6f5c0 , 0xb8e6f530) phy_addr = 0
04-22 16:59:45.384 D/NativeWindowBuffer(  170): Calling cancelBuffer on buffer 0x16 hanlde( 0xb8e7ccf8 )
04-22 16:59:45.384 D/NativeWindowBuffer(  170): Calling cancelBuffer on buffer 0x18 hanlde( 0xb8e7cf40 )
04-22 16:59:45.384 D/NativeWindowBuffer(  170): Calling cancelBuffer on buffer 0x19 hanlde( 0xb8e7d0e0 )
04-22 16:59:45.385 D/NativeWindowBuffer(  170): Calling cancelBuffer on buffer 0x1a hanlde( 0xb8e7c608 )
04-22 16:59:45.385 D/NativeWindowBuffer(  170): Calling cancelBuffer on buffer 0x1b hanlde( 0xb8e7c7a8 )
04-22 16:59:45.385 D/RockFFPlayerBase(  170): mOutputPorBuffers = 0xb8e7cb5c mNativeWindowBufferAlloctor->getBufferInfo() =0xb8e7cb5c
04-22 16:59:45.385 D/FrameManage(  170): setBufferInfo mOutPutBuffer = 0xb8e7cb5c
04-22 16:59:45.385 D/RockFFPlayer(  170): enter enqueueMessage
04-22 16:59:45.385 D/RockFFPlayer(  170): enqueueMessage:****1
04-22 16:59:45.385 D/RockFFPlayer(  170): enqueueMessage:****2
04-22 16:59:45.385 D/RockFFPlayer(  170): enqueueMessage:****3
04-22 16:59:45.385 D/RockFFPlayer(  170): enqueueMessage:Message 1,set signal
04-22 16:59:45.385 D/RockFFPlayer(  170): enqueueMessage:sync wait
04-22 16:59:45.385 D/RockFFPlayer(  170): deliverMessage 
04-22 16:59:45.385 D/RockFFPlayer(  170): run : dequeueMessage Message 2
04-22 16:59:45.385 D/RockFFPlayer(  170): CMD_START
04-22 16:59:45.385 D/RockFFPlayer(  170): doStart()************
04-22 16:59:45.385 D/RockFFPlayerBase(  170): dumpStatus(): Preapared
04-22 16:59:45.385 D/RockFFPlayerBase(  170): dumpStatus(): Started
04-22 16:59:45.385 D/RkAudioPlayer(  170): audio mode: 0
04-22 16:59:45.385 D/RkAudioPlayer(  170): mAudioSink->open in mSampleRate = 48048 channels = 2
04-22 16:59:45.385 D/AudioSink(  170): open(48048, 2, 0x0, 0x1, 4, 18 0x0)
04-22 16:59:45.386 I/AudioTrack(  170): minFrameCount: 8925, afFrameCount=2048, minBufCount=4, sampleRate=48048, afSampleRate=44100, afLatency=185
04-22 16:59:45.386 E/FrameManage(  170): Priority scheduling not supported
04-22 16:59:45.386 D/FFMpegThread(  170): startAsync:threadname=DecoderAudio
04-22 16:59:45.387 E/TraceThread(  170):    RkFrameManage(tid = 3102144880)--> [UID=534e0db0] RkFrameManage::Threadproc
04-22 16:59:45.387 D/FFMpegThread(  170): DecoderAudio:starting thread
04-22 16:59:45.387 D/DecodeAudio(  170): prepare()
04-22 16:59:45.387 D/RockFFPlayer(  170): doStart:pause audio decode
04-22 16:59:45.387 D/DecodeAudio(  170): *********************special_pause
04-22 16:59:45.387 D/FFMpegThread(  170): startAsync:threadname=DecoderVideo
04-22 16:59:45.387 E/TraceThread(  170):     DecoderAudio(tid = 3102145464)--> [UID=534e0db0] DecoderAudio::decode
04-22 16:59:45.387 D/FFMpegThread(  170): DecoderVideo:starting thread
04-22 16:59:45.387 D/RockFFPlayer(  170): doStart(): mSeekTimeUs = -1
04-22 16:59:45.387 D/RockFFPlayer(  170): doStart ok
04-22 16:59:45.387 D/RockFFPlayer(  170): run : dequeueMessage Message 2 OK
04-22 16:59:45.387 D/RockFFPlayer(  170): Messagecomplete type [2]
04-22 16:59:45.387 D/RockFFPlayer(  170): run : Message 2 complete
04-22 16:59:45.387 D/DecodeVideo(  170): Use the old vpu framework
04-22 16:59:45.387 D/RockFFPlayer(  170): enqueueMessage:sync wait ok
04-22 16:59:45.388 E/MediaPlayerImp( 1763): onPrepared: 2603
04-22 16:59:45.389 E/BluetoothService( 1763): onLeScan: device = 2F:A0:5C:A9:00:C0
04-22 16:59:45.389 E/BluetoothService( 1763): onLeScan: device = 37:EA:28:99:50:D7
04-22 16:59:45.389 E/BluetoothService( 1763): onLeScan: device = 52:64:E2:A4:1B:2A
04-22 16:59:45.390 I/H264_DEBUG(  170): init done status 0, ts_en = 3 debug 0
04-22 16:59:45.390 I/vpu_mem_pool(  170): pid 170, open_vpu_memory_pool:473: success
04-22 16:59:45.391 D/DecodeVideo(  170): CommitBuffer2VpuPool dupshared_fd = 0x3b share_fd = 0x1c
04-22 16:59:45.391 D/DecodeVideo(  170): CommitBuffer2VpuPool dupshared_fd = 0x3d share_fd = 0x1d
04-22 16:59:45.391 D/DecodeVideo(  170): CommitBuffer2VpuPool dupshared_fd = 0x3e share_fd = 0x1e
04-22 16:59:45.391 D/DecodeVideo(  170): CommitBuffer2VpuPool dupshared_fd = 0x3f share_fd = 0x1f
04-22 16:59:45.391 D/DecodeVideo(  170): CommitBuffer2VpuPool dupshared_fd = 0x40 share_fd = 0x21
04-22 16:59:45.391 D/DecodeVideo(  170): CommitBuffer2VpuPool dupshared_fd = 0x41 share_fd = 0x23
04-22 16:59:45.391 D/DecodeVideo(  170): CommitBuffer2VpuPool dupshared_fd = 0x42 share_fd = 0x24
04-22 16:59:45.391 D/DecodeVideo(  170): CommitBuffer2VpuPool dupshared_fd = 0x43 share_fd = 0x25
04-22 16:59:45.391 D/DecodeVideo(  170): CommitBuffer2VpuPool dupshared_fd = 0x44 share_fd = 0x26
04-22 16:59:45.391 D/DecodeVideo(  170): CommitBuffer2VpuPool dupshared_fd = 0x45 share_fd = 0x27
04-22 16:59:45.392 D/DecodeVideo(  170): CommitBuffer2VpuPool dupshared_fd = 0x46 share_fd = 0x28
04-22 16:59:45.392 D/DecodeVideo(  170): CommitBuffer2VpuPool dupshared_fd = 0x47 share_fd = 0x29
04-22 16:59:45.392 D/DecodeVideo(  170): CommitBuffer2VpuPool dupshared_fd = 0x48 share_fd = 0x2a
04-22 16:59:45.392 D/DecodeVideo(  170): CommitBuffer2VpuPool dupshared_fd = 0x49 share_fd = 0x2b
04-22 16:59:45.392 D/DecodeVideo(  170): CommitBuffer2VpuPool dupshared_fd = 0x4a share_fd = 0x2c
04-22 16:59:45.392 D/DecodeVideo(  170): CommitBuffer2VpuPool dupshared_fd = 0x4b share_fd = 0x2d
04-22 16:59:45.392 D/DecodeVideo(  170): CommitBuffer2VpuPool dupshared_fd = 0x4c share_fd = 0x2e
04-22 16:59:45.392 D/DecodeVideo(  170): CommitBuffer2VpuPool dupshared_fd = 0x4d share_fd = 0x2f
04-22 16:59:45.392 E/TraceThread(  170):     DecoderVideo(tid = 3102146464)--> [UID=534e0db0] DecoderVideo::decode
04-22 16:59:45.392 E/DecodeVideo(  170): RkMark DecoderVideo ctx->no_thread send ts stream first time!
04-22 16:59:45.394 I/H264_DEBUG(  170): decoded width 1280  decoded height 800
04-22 16:59:45.394 I/H264_DEBUG(  170): display width 1280, display height 800
04-22 16:59:45.401 D/RockFFPlayer(  170): set videoFirstFrame=0
04-22 16:59:45.402 W/AppOps  (  466): Bad call: specified package media under uid 1000 but it is really 1013
04-22 16:59:45.403 E/BluetoothService( 1763): onLeScan: device = 2F:A0:5C:A9:00:C0
04-22 16:59:45.403 D/RockFFPlayer(  170): onDisplayEvent(): FIRST_FRAME 
04-22 16:59:45.403 D/RockFFPlayer(  170): *****************onDisplayEvent:audio flush set timeus=0
04-22 16:59:45.403 D/RockFFPlayer(  170): onDisplayEvent:resume audio decode
04-22 16:59:45.404 D/RockFFPlayer(  170): onDisplayEvent video delay time: 66733 
04-22 16:59:45.404 E/AudioSink(  170): received unknown event type: 1 inside CallbackWrapper !
04-22 16:59:45.418 D/RockFFPlayerBase(  170): WARRNING: VSYNC THREAD can not get buffer to queue
04-22 16:59:45.435 D/RockFFPlayerBase(  170): WARRNING: VSYNC THREAD can not get buffer to queue
04-22 16:59:45.437 E/BluetoothService( 1763): onLeScan: device = 37:EA:28:99:50:D7
04-22 16:59:45.453 D/RockFFPlayerBase(  170): WARRNING: VSYNC THREAD can not get buffer to queue
04-22 16:59:45.455 E/BluetoothService( 1763): onLeScan: device = 19:5A:85:E8:5D:BF
04-22 16:59:45.468 E/BluetoothService( 1763): onLeScan: device = 54:BE:E1:E6:80:48
04-22 16:59:45.470 D/RockFFPlayerBase(  170): WARRNING: VSYNC THREAD can not get buffer to queue
04-22 16:59:45.487 D/RockFFPlayerBase(  170): WARRNING: VSYNC THREAD can not get buffer to queue
04-22 16:59:45.504 E/BluetoothService( 1763): onLeScan: device = 7E:2B:B5:D9:6B:B2
04-22 16:59:45.504 D/RockFFPlayerBase(  170): WARRNING: VSYNC THREAD can not get buffer to queue
04-22 16:59:45.507 D/RockFFPlayer(  170): [onDisplayEvent]audiotime = 103742;videotime=0;latenessUs=103742;rawpts=0
04-22 16:59:45.507 E/RockFFPlayer(  170): Hery, notify MEDIA_INFO_RENDERING_START 103742
04-22 16:59:45.507 D/RockFFPlayer(  170): *****Channel Changed Time is 263248
04-22 16:59:45.507 D/RockFFPlayer(  170): onDisplayEvent(3660) render first frame
04-22 16:59:45.507 W/MediaPlayer( 1763): info/warning (3, 0)
04-22 16:59:45.509 D/RockFFPlayer(  170): [onDisplayEvent]audiotime = 105984;videotime=33332;latenessUs=72652;rawpts=33366
04-22 16:59:45.511 E/BluetoothService( 1763): onLeScan: device = 2F:A0:5C:A9:00:C0
04-22 16:59:45.511 D/RockFFPlayer(  170): [onDisplayEvent]audiotime = 108119;videotime=66666;latenessUs=41453;rawpts=66733
04-22 16:59:45.514 D/RockFFPlayer(  170): [onDisplayEvent]audiotime = 110250;videotime=100000;latenessUs=10250;rawpts=100100
04-22 16:59:45.522 D/DecodeVideo(  170): commitHdl2Vpu dupshared_fd = 0x51 shared_fd = 0x16 
04-22 16:59:45.540 D/DecodeVideo(  170): commitHdl2Vpu dupshared_fd = 0x52 shared_fd = 0x18 
04-22 16:59:45.542 E/BluetoothService( 1763): onLeScan: device = 37:EA:28:99:50:D7
04-22 16:59:45.557 D/DecodeVideo(  170): commitHdl2Vpu dupshared_fd = 0x53 shared_fd = 0x19 
04-22 16:59:45.564 E/BluetoothService( 1763): onLeScan: device = 19:5A:85:E8:5D:BF
04-22 16:59:45.575 D/DecodeVideo(  170): commitHdl2Vpu dupshared_fd = 0x54 shared_fd = 0x1a 
04-22 16:59:45.592 D/DecodeVideo(  170): commitHdl2Vpu dupshared_fd = 0x55 shared_fd = 0x1b 
04-22 16:59:45.613 E/BluetoothService( 1763): onLeScan: device = 59:F3:15:84:8E:A3
04-22 16:59:45.622 E/BluetoothService( 1763): onLeScan: device = 2F:A0:5C:A9:00:C0
04-22 16:59:45.626 D/RockFFPlayerBase(  170): WARRNING: VSYNC THREAD can not get buffer to queue
04-22 16:59:45.644 E/BluetoothService( 1763): onLeScan: device = 37:EA:28:99:50:D7
04-22 16:59:45.660 D/RockFFPlayerBase(  170): WARRNING: VSYNC THREAD can not get buffer to queue
04-22 16:59:45.673 E/BluetoothService( 1763): onLeScan: device = 19:5A:85:E8:5D:BF
04-22 16:59:45.695 D/RockFFPlayerBase(  170): WARRNING: VSYNC THREAD can not get buffer to queue
04-22 16:59:45.727 E/BluetoothService( 1763): onLeScan: device = 2F:A0:5C:A9:00:C0
04-22 16:59:45.729 D/RockFFPlayerBase(  170): WARRNING: VSYNC THREAD can not get buffer to queue
04-22 16:59:45.743 E/BluetoothService( 1763): onLeScan: device = 54:BE:E1:E6:80:48
04-22 16:59:45.747 E/BluetoothService( 1763): onLeScan: device = 37:EA:28:99:50:D7
04-22 16:59:45.764 D/RockFFPlayerBase(  170): WARRNING: VSYNC THREAD can not get buffer to queue
04-22 16:59:45.780 E/BluetoothService( 1763): onLeScan: device = 19:5A:85:E8:5D:BF
04-22 16:59:45.798 D/RockFFPlayerBase(  170): WARRNING: VSYNC THREAD can not get buffer to queue
04-22 16:59:45.833 D/RockFFPlayerBase(  170): WARRNING: VSYNC THREAD can not get buffer to queue
04-22 16:59:45.857 E/BluetoothService( 1763): onLeScan: device = 37:EA:28:99:50:D7
04-22 16:59:45.867 D/RockFFPlayerBase(  170): WARRNING: VSYNC THREAD can not get buffer to queue
04-22 16:59:45.893 E/BluetoothService( 1763): onLeScan: device = 52:64:E2:A4:1B:2A
04-22 16:59:45.919 D/RockFFPlayerBase(  170): WARRNING: VSYNC THREAD can not get buffer to queue
04-22 16:59:45.944 E/BluetoothService( 1763): onLeScan: device = 2F:A0:5C:A9:00:C0
04-22 16:59:45.954 D/RockFFPlayerBase(  170): WARRNING: VSYNC THREAD can not get buffer to queue
04-22 16:59:45.964 E/BluetoothService( 1763): onLeScan: device = 37:EA:28:99:50:D7
04-22 16:59:45.983 E/BluetoothService( 1763): onLeScan: device = 19:5A:85:E8:5D:BF
04-22 16:59:45.985 E/BluetoothService( 1763): onLeScan: device = 59:F3:15:84:8E:A3
04-22 16:59:45.988 D/RockFFPlayerBase(  170): WARRNING: VSYNC THREAD can not get buffer to queue
04-22 16:59:46.013 E/BluetoothService( 1763): onLeScan: device = 54:BE:E1:E6:80:48
04-22 16:59:46.023 D/RockFFPlayerBase(  170): WARRNING: VSYNC THREAD can not get buffer to queue
04-22 16:59:46.051 E/BluetoothService( 1763): onLeScan: device = 2F:A0:5C:A9:00:C0
04-22 16:59:46.057 D/RockFFPlayerBase(  170): WARRNING: VSYNC THREAD can not get buffer to queue
04-22 16:59:46.090 E/BluetoothService( 1763): onLeScan: device = 19:5A:85:E8:5D:BF
04-22 16:59:46.092 D/RockFFPlayerBase(  170): WARRNING: VSYNC THREAD can not get buffer to queue
04-22 16:59:46.126 D/RockFFPlayerBase(  170): WARRNING: VSYNC THREAD can not get buffer to queue
04-22 16:59:46.132 E/BluetoothService( 1763): onLeScan: device = 36:07:0C:46:EE:E2
04-22 16:59:46.151 E/BluetoothService( 1763): onLeScan: device = 2F:A0:5C:A9:00:C0
04-22 16:59:46.161 D/RockFFPlayerBase(  170): WARRNING: VSYNC THREAD can not get buffer to queue
04-22 16:59:46.165 E/BluetoothService( 1763): onLeScan: device = 52:64:E2:A4:1B:2A
04-22 16:59:46.195 E/BluetoothService( 1763): onLeScan: device = 19:5A:85:E8:5D:BF
04-22 16:59:46.195 D/RockFFPlayerBase(  170): WARRNING: VSYNC THREAD can not get buffer to queue
04-22 16:59:46.230 D/RockFFPlayerBase(  170): WARRNING: VSYNC THREAD can not get buffer to queue
04-22 16:59:46.239 E/BluetoothService( 1763): onLeScan: device = 36:07:0C:46:EE:E2
04-22 16:59:46.245 D/RockFFPlayer(  170): url_feof=0,err=0
04-22 16:59:46.245 I/RockFFPlayer(  170): av_read_frame end of stream ret = -541478725
04-22 16:59:46.261 E/BluetoothService( 1763): onLeScan: device = 2F:A0:5C:A9:00:C0
04-22 16:59:46.264 D/RockFFPlayerBase(  170): WARRNING: VSYNC THREAD can not get buffer to queue
04-22 16:59:46.283 E/BluetoothService( 1763): onLeScan: device = 54:BE:E1:E6:80:48
04-22 16:59:46.299 D/RockFFPlayerBase(  170): WARRNING: VSYNC THREAD can not get buffer to queue
04-22 16:59:46.316 E/BluetoothService( 1763): onLeScan: device = 7E:2B:B5:D9:6B:B2
04-22 16:59:46.333 D/RockFFPlayerBase(  170): WARRNING: VSYNC THREAD can not get buffer to queue
04-22 16:59:46.342 E/BluetoothService( 1763): onLeScan: device = 36:07:0C:46:EE:E2
04-22 16:59:46.356 E/BluetoothService( 1763): onLeScan: device = 59:F3:15:84:8E:A3
04-22 16:59:46.368 D/RockFFPlayerBase(  170): WARRNING: VSYNC THREAD can not get buffer to queue
04-22 16:59:46.369 E/BluetoothService( 1763): onLeScan: device = 2F:A0:5C:A9:00:C0
04-22 16:59:46.402 E/BluetoothService( 1763): onLeScan: device = 19:5A:85:E8:5D:BF
04-22 16:59:46.419 D/RockFFPlayerBase(  170): WARRNING: VSYNC THREAD can not get buffer to queue
04-22 16:59:46.438 E/BluetoothService( 1763): onLeScan: device = 52:64:E2:A4:1B:2A
04-22 16:59:46.442 E/BluetoothService( 1763): onLeScan: device = 36:07:0C:46:EE:E2
04-22 16:59:46.454 D/RockFFPlayerBase(  170): WARRNING: VSYNC THREAD can not get buffer to queue
04-22 16:59:46.472 E/BluetoothService( 1763): onLeScan: device = 2F:A0:5C:A9:00:C0
04-22 16:59:46.488 D/RockFFPlayerBase(  170): WARRNING: VSYNC THREAD can not get buffer to queue
04-22 16:59:46.506 E/BluetoothService( 1763): onLeScan: device = 19:5A:85:E8:5D:BF
04-22 16:59:46.523 D/RockFFPlayerBase(  170): WARRNING: VSYNC THREAD can not get buffer to queue
04-22 16:59:46.546 E/BluetoothService( 1763): onLeScan: device = 36:07:0C:46:EE:E2
04-22 16:59:46.554 E/BluetoothService( 1763): onLeScan: device = 54:BE:E1:E6:80:48
04-22 16:59:46.558 D/RockFFPlayerBase(  170): WARRNING: VSYNC THREAD can not get buffer to queue
04-22 16:59:46.575 E/BluetoothService( 1763): onLeScan: device = 2F:A0:5C:A9:00:C0
04-22 16:59:46.591 E/BluetoothService( 1763): onLeScan: device = 7E:2B:B5:D9:6B:B2
04-22 16:59:46.592 D/RockFFPlayerBase(  170): WARRNING: VSYNC THREAD can not get buffer to queue
04-22 16:59:46.627 D/RockFFPlayerBase(  170): WARRNING: VSYNC THREAD can not get buffer to queue
04-22 16:59:46.646 E/BluetoothService( 1763): onLeScan: device = 36:07:0C:46:EE:E2
04-22 16:59:46.661 D/RockFFPlayerBase(  170): WARRNING: VSYNC THREAD can not get buffer to queue
04-22 16:59:46.676 E/BluetoothService( 1763): onLeScan: device = 2F:A0:5C:A9:00:C0
04-22 16:59:46.696 D/RockFFPlayerBase(  170): WARRNING: VSYNC THREAD can not get buffer to queue
04-22 16:59:46.711 E/BluetoothService( 1763): onLeScan: device = 52:64:E2:A4:1B:2A
04-22 16:59:46.719 E/BluetoothService( 1763): onLeScan: device = 59:F3:15:84:8E:A3
04-22 16:59:46.730 D/RockFFPlayerBase(  170): WARRNING: VSYNC THREAD can not get buffer to queue
04-22 16:59:46.755 E/BluetoothService( 1763): onLeScan: device = 36:07:0C:46:EE:E2
04-22 16:59:46.765 D/RockFFPlayerBase(  170): WARRNING: VSYNC THREAD can not get buffer to queue
04-22 16:59:46.779 E/BluetoothService( 1763): onLeScan: device = 2F:A0:5C:A9:00:C0
04-22 16:59:46.799 D/RockFFPlayerBase(  170): WARRNING: VSYNC THREAD can not get buffer to queue
04-22 16:59:46.817 E/BluetoothService( 1763): onLeScan: device = 19:5A:85:E8:5D:BF
04-22 16:59:46.824 E/BluetoothService( 1763): onLeScan: device = 54:BE:E1:E6:80:48
04-22 16:59:46.834 D/RockFFPlayerBase(  170): WARRNING: VSYNC THREAD can not get buffer to queue
04-22 16:59:46.863 E/BluetoothService( 1763): onLeScan: device = 36:07:0C:46:EE:E2
04-22 16:59:46.880 E/BluetoothService( 1763): onLeScan: device = 2F:A0:5C:A9:00:C0
04-22 16:59:46.886 D/RockFFPlayerBase(  170): WARRNING: VSYNC THREAD can not get buffer to queue
04-22 16:59:46.920 D/RockFFPlayerBase(  170): WARRNING: VSYNC THREAD can not get buffer to queue
04-22 16:59:46.924 E/BluetoothService( 1763): onLeScan: device = 19:5A:85:E8:5D:BF
04-22 16:59:46.955 D/RockFFPlayerBase(  170): WARRNING: VSYNC THREAD can not get buffer to queue
04-22 16:59:46.972 E/BluetoothService( 1763): onLeScan: device = 36:07:0C:46:EE:E2
04-22 16:59:46.981 E/BluetoothService( 1763): onLeScan: device = 52:64:E2:A4:1B:2A
04-22 16:59:46.989 E/BluetoothService( 1763): onLeScan: device = 2F:A0:5C:A9:00:C0
04-22 16:59:46.989 D/RockFFPlayerBase(  170): WARRNING: VSYNC THREAD can not get buffer to queue
04-22 16:59:47.024 D/RockFFPlayerBase(  170): WARRNING: VSYNC THREAD can not get buffer to queue
04-22 16:59:47.029 E/BluetoothService( 1763): onLeScan: device = 19:5A:85:E8:5D:BF
04-22 16:59:47.058 D/RockFFPlayerBase(  170): WARRNING: VSYNC THREAD can not get buffer to queue
04-22 16:59:47.073 E/BluetoothService( 1763): onLeScan: device = 36:07:0C:46:EE:E2
04-22 16:59:47.093 D/RockFFPlayerBase(  170): WARRNING: VSYNC THREAD can not get buffer to queue
04-22 16:59:47.095 E/BluetoothService( 1763): onLeScan: device = 2F:A0:5C:A9:00:C0
04-22 16:59:47.127 D/RockFFPlayerBase(  170): WARRNING: VSYNC THREAD can not get buffer to queue
04-22 16:59:47.135 E/BluetoothService( 1763): onLeScan: device = 19:5A:85:E8:5D:BF
04-22 16:59:47.162 D/RockFFPlayerBase(  170): WARRNING: VSYNC THREAD can not get buffer to queue
04-22 16:59:47.196 D/RockFFPlayerBase(  170): WARRNING: VSYNC THREAD can not get buffer to queue
04-22 16:59:47.204 E/BluetoothService( 1763): onLeScan: device = 2F:A0:5C:A9:00:C0
04-22 16:59:47.231 D/RockFFPlayerBase(  170): WARRNING: VSYNC THREAD can not get buffer to queue
04-22 16:59:47.253 E/BluetoothService( 1763): onLeScan: device = 52:64:E2:A4:1B:2A
04-22 16:59:47.265 D/RockFFPlayerBase(  170): WARRNING: VSYNC THREAD can not get buffer to queue
04-22 16:59:47.283 E/BluetoothService( 1763): onLeScan: device = 59:F3:15:84:8E:A3
04-22 16:59:47.285 E/BluetoothService( 1763): onLeScan: device = 36:07:0C:46:EE:E2
04-22 16:59:47.300 D/RockFFPlayerBase(  170): WARRNING: VSYNC THREAD can not get buffer to queue
04-22 16:59:47.310 E/BluetoothService( 1763): onLeScan: device = 2F:A0:5C:A9:00:C0
04-22 16:59:47.334 D/RockFFPlayerBase(  170): WARRNING: VSYNC THREAD can not get buffer to queue
04-22 16:59:47.343 E/BluetoothService( 1763): onLeScan: device = 19:5A:85:E8:5D:BF
04-22 16:59:47.386 D/RockFFPlayerBase(  170): WARRNING: VSYNC THREAD can not get buffer to queue
04-22 16:59:47.395 E/BluetoothService( 1763): onLeScan: device = 36:07:0C:46:EE:E2
04-22 16:59:47.406 E/BluetoothService( 1763): onLeScan: device = 7E:2B:B5:D9:6B:B2
04-22 16:59:47.418 E/BluetoothService( 1763): onLeScan: device = 2F:A0:5C:A9:00:C0
04-22 16:59:47.421 D/RockFFPlayerBase(  170): WARRNING: VSYNC THREAD can not get buffer to queue
04-22 16:59:47.451 E/BluetoothService( 1763): onLeScan: device = 19:5A:85:E8:5D:BF
04-22 16:59:47.455 D/RockFFPlayerBase(  170): WARRNING: VSYNC THREAD can not get buffer to queue
04-22 16:59:47.466 E/BluetoothService( 1763): onLeScan: device = 59:F3:15:84:8E:A3
04-22 16:59:47.490 D/RockFFPlayerBase(  170): WARRNING: VSYNC THREAD can not get buffer to queue
04-22 16:59:47.497 E/BluetoothService( 1763): onLeScan: device = 36:07:0C:46:EE:E2
04-22 16:59:47.524 D/RockFFPlayerBase(  170): WARRNING: VSYNC THREAD can not get buffer to queue
04-22 16:59:47.526 E/BluetoothService( 1763): onLeScan: device = 2F:A0:5C:A9:00:C0
04-22 16:59:47.559 D/RockFFPlayerBase(  170): WARRNING: VSYNC THREAD can not get buffer to queue
04-22 16:59:47.593 D/RockFFPlayerBase(  170): WARRNING: VSYNC THREAD can not get buffer to queue
04-22 16:59:47.599 E/BluetoothService( 1763): onLeScan: device = 36:07:0C:46:EE:E2
04-22 16:59:47.628 D/RockFFPlayerBase(  170): WARRNING: VSYNC THREAD can not get buffer to queue
04-22 16:59:47.634 E/BluetoothService( 1763): onLeScan: device = 2F:A0:5C:A9:00:C0
04-22 16:59:47.640 E/BluetoothService( 1763): onLeScan: device = 54:BE:E1:E6:80:48
04-22 16:59:47.662 D/RockFFPlayerBase(  170): WARRNING: VSYNC THREAD can not get buffer to queue
04-22 16:59:47.667 E/BluetoothService( 1763): onLeScan: device = 19:5A:85:E8:5D:BF
04-22 16:59:47.680 E/BluetoothService( 1763): onLeScan: device = 7E:2B:B5:D9:6B:B2
04-22 16:59:47.697 D/RockFFPlayerBase(  170): WARRNING: VSYNC THREAD can not get buffer to queue
04-22 16:59:47.707 E/BluetoothService( 1763): onLeScan: device = 36:07:0C:46:EE:E2
04-22 16:59:47.732 D/RockFFPlayerBase(  170): WARRNING: VSYNC THREAD can not get buffer to queue
04-22 16:59:47.736 E/BluetoothService( 1763): onLeScan: device = 2F:A0:5C:A9:00:C0
04-22 16:59:47.763 E/BluetoothService( 1763): onLeScan: device = 54:2D:B8:84:35:15
04-22 16:59:47.766 D/RockFFPlayerBase(  170): WARRNING: VSYNC THREAD can not get buffer to queue
04-22 16:59:47.801 D/RockFFPlayerBase(  170): WARRNING: VSYNC THREAD can not get buffer to queue
04-22 16:59:47.815 E/BluetoothService( 1763): onLeScan: device = 36:07:0C:46:EE:E2
04-22 16:59:47.842 E/BluetoothService( 1763): onLeScan: device = 2F:A0:5C:A9:00:C0
04-22 16:59:47.845 E/BluetoothService( 1763): onLeScan: device = 59:F3:15:84:8E:A3
04-22 16:59:47.852 D/RockFFPlayerBase(  170): WARRNING: VSYNC THREAD can not get buffer to queue
04-22 16:59:47.875 E/BluetoothService( 1763): onLeScan: device = 19:5A:85:E8:5D:BF
04-22 16:59:47.887 D/RockFFPlayerBase(  170): WARRNING: VSYNC THREAD can not get buffer to queue
04-22 16:59:47.904 D/RockFFPlayer(  170): doPause
04-22 16:59:47.904 D/RockFFPlayerBase(  170): dumpStatus(): Pause
04-22 16:59:47.904 D/RockFFPlayer(  170): doPause**1
04-22 16:59:47.904 D/RockFFPlayer(  170): doPause**2
04-22 16:59:47.904 D/RockFFPlayer(  170): doPause**3
04-22 16:59:47.904 D/RockFFPlayer(  170): doPause**4
04-22 16:59:47.904 D/RockFFPlayer(  170): doPause**5
