03-09 12:32:56.429 E/CameraHal_Marvin(  166): ADPF: AdpfStart: Can't enable CamerIc DPF (8)
03-09 12:32:56.429 E/CameraHal_Marvin(  166): ADPCC: AdpccStart: Can't enable CamerIc DPCC (8)
03-09 12:32:56.429 E/CameraHal(  166): cameraCreate(137): sensor name GC2145
03-09 12:32:56.430 D/CameraHal(  166): Calling process is: com.example.hu.mediaplayerapk
03-09 12:32:56.430 D/CameraHal(  166): enableSensor(213): orientation = 0xb8adfee8 (Gravity sensor)
03-09 12:32:56.438 W/CameraService(  166): CameraService::connect X (id 0, this pid is 166, name com.example.hu.mediaplayerapk)
03-09 12:32:56.439 D/JavaCameraView(  687): getSupportedPreviewSizes()
03-09 12:32:56.439 E/JavaCameraView(  687): init: screenWidth = 1280,screenHeight = 672
03-09 12:32:56.439 E/JavaCameraView(  687): init: previewWidth:800,previewHeight:600
03-09 12:32:56.444 D/JavaCameraView(  687): startPreview
03-09 12:32:56.444 D/CameraHal(  166): commandThread(937): commandThread(937):receive CMD_SET_PREVIEW_WINDOW
03-09 12:32:56.444 D/CameraHal(  166): commandThread(953): commandThread(953): CMD_SET_PREVIEW_WINDOW out
03-09 12:32:56.444 D/CameraHal(  166): commandThread(832): commandThread(832):receive CMD_PREVIEW_START
03-09 12:32:56.444 D/JavaCameraView(  687): Starting processing thread
03-09 12:32:56.445 D/CameraHal(  166): stop(1859): m_camDevice->stopPreview success!
03-09 12:32:56.464 D/AudioHardwareTiny(  166): close device
03-09 12:32:56.465 E/FrameManage(  166): Priority scheduling not supported
03-09 12:32:56.465 D/FFMpegThread(  166): startAsync:threadname=DecoderAudio
03-09 12:32:56.465 E/TraceThread(  166):    RkFrameManage(tid = 3104269112)--> [UID=c7262567] RkFrameManage::Threadproc
03-09 12:32:56.467 D/FFMpegThread(  166): DecoderAudio:starting thread
03-09 12:32:56.467 D/DecodeAudio(  166): prepare()
03-09 12:32:56.467 D/RockFFPlayer(  166): doStart:pause audio decode
03-09 12:32:56.467 E/TraceThread(  166):     DecoderAudio(tid = 3102156984)--> [UID=c7262567] DecoderAudio::decode
03-09 12:32:56.467 D/DecodeAudio(  166): *********************special_pause
03-09 12:32:56.467 D/FFMpegThread(  166): startAsync:threadname=DecoderVideo
03-09 12:32:56.467 D/FFMpegThread(  166): DecoderVideo:starting thread
03-09 12:32:56.467 D/RockFFPlayer(  166): ****************flush audio pts=283082
03-09 12:32:56.467 D/RockFFPlayer(  166): doStart(): mSeekTimeUs = -1
03-09 12:32:56.467 D/RockFFPlayer(  166): doStart ok
03-09 12:32:56.467 D/RockFFPlayer(  166): run : dequeueMessage Message 2 OK
03-09 12:32:56.467 D/RockFFPlayer(  166): Messagecomplete type [2]
03-09 12:32:56.467 D/RockFFPlayer(  166): run : Message 2 complete
03-09 12:32:56.467 D/RockFFPlayer(  166): enqueueMessage:sync wait ok
03-09 12:32:56.468 E/MediaPlayerImp(  687): onPrepared: 60012
03-09 12:32:56.468 D/DecodeVideo(  166): Use the old vpu framework
03-09 12:32:56.468 I/vpu_mem_pool(  166): pid 166, open_vpu_memory_pool:473: success
03-09 12:32:56.468 D/DecodeVideo(  166): CommitBuffer2VpuPool dupshared_fd = 0x6a share_fd = 0x44
03-09 12:32:56.468 D/DecodeVideo(  166): CommitBuffer2VpuPool dupshared_fd = 0x6b share_fd = 0x45
03-09 12:32:56.468 D/DecodeVideo(  166): CommitBuffer2VpuPool dupshared_fd = 0x6c share_fd = 0x46
03-09 12:32:56.468 D/DecodeVideo(  166): CommitBuffer2VpuPool dupshared_fd = 0x6d share_fd = 0x47
03-09 12:32:56.468 D/DecodeVideo(  166): CommitBuffer2VpuPool dupshared_fd = 0x6e share_fd = 0x48
03-09 12:32:56.468 D/DecodeVideo(  166): CommitBuffer2VpuPool dupshared_fd = 0x6f share_fd = 0x49
03-09 12:32:56.468 D/DecodeVideo(  166): CommitBuffer2VpuPool dupshared_fd = 0x70 share_fd = 0x4a
03-09 12:32:56.468 D/DecodeVideo(  166): CommitBuffer2VpuPool dupshared_fd = 0x71 share_fd = 0x4b
03-09 12:32:56.468 D/DecodeVideo(  166): CommitBuffer2VpuPool dupshared_fd = 0x72 share_fd = 0x4c
03-09 12:32:56.468 D/DecodeVideo(  166): CommitBuffer2VpuPool dupshared_fd = 0x73 share_fd = 0x4d
03-09 12:32:56.468 D/DecodeVideo(  166): CommitBuffer2VpuPool dupshared_fd = 0x74 share_fd = 0x4e
03-09 12:32:56.468 D/DecodeVideo(  166): CommitBuffer2VpuPool dupshared_fd = 0x75 share_fd = 0x4f
03-09 12:32:56.468 D/DecodeVideo(  166): CommitBuffer2VpuPool dupshared_fd = 0x76 share_fd = 0x50
03-09 12:32:56.468 D/DecodeVideo(  166): CommitBuffer2VpuPool dupshared_fd = 0x77 share_fd = 0x51
03-09 12:32:56.468 D/DecodeVideo(  166): CommitBuffer2VpuPool dupshared_fd = 0x78 share_fd = 0x52
03-09 12:32:56.468 D/DecodeVideo(  166): CommitBuffer2VpuPool dupshared_fd = 0x79 share_fd = 0x53
03-09 12:32:56.468 D/DecodeVideo(  166): CommitBuffer2VpuPool dupshared_fd = 0x7a share_fd = 0x54
03-09 12:32:56.468 D/DecodeVideo(  166): CommitBuffer2VpuPool dupshared_fd = 0x7b share_fd = 0x56
03-09 12:32:56.469 E/TraceThread(  166):     DecoderVideo(tid = 3102157568)--> [UID=c7262567] DecoderVideo::decode
03-09 12:32:56.469 E/DecodeVideo(  166): RkMark DecoderVideo ctx->no_thread send ts stream first time!
03-09 12:32:56.469 E/MPEG2_DEC(  166): decoder_header error rev -3
03-09 12:32:56.475 D/RockFFPlayer(  166): set videoFirstFrame=349016
03-09 12:32:56.476 D/RockFFPlayer(  166): onDisplayEvent(): FIRST_FRAME 
03-09 12:32:56.476 D/RockFFPlayer(  166): *****************onDisplayEvent:audio flush set timeus=349016
03-09 12:32:56.476 D/RockFFPlayer(  166): onDisplayEvent:resume audio decode
03-09 12:32:56.477 D/RockFFPlayer(  166): ****************flush audio pts=319046
03-09 12:32:56.479 D/RockFFPlayerBase(  166): WARRNING: VSYNC THREAD can not get buffer to queue
03-09 12:32:56.480 D/RockFFPlayer(  166): onDisplayEvent video delay time: 66733 
03-09 12:32:56.480 D/RockFFPlayer(  166): [onDisplayEvent]audiotime = 352899;videotime=349016;latenessUs=3883;rawpts=349366
03-09 12:32:56.480 E/RockFFPlayer(  166): Hery, notify MEDIA_INFO_RENDERING_START 3883
03-09 12:32:56.480 D/RockFFPlayer(  166): *****Channel Changed Time is 285609
03-09 12:32:56.480 D/RockFFPlayer(  166): onDisplayEvent(3660) render first frame
03-09 12:32:56.480 W/MediaPlayer(  687): info/warning (3, 0)
03-09 12:32:56.485 E/BluetoothService(  687): onLeScan: device = 16:90:10:52:24:A7
03-09 12:32:56.485 E/BluetoothService(  687): onLeScan: device = 16:90:10:52:24:A7
03-09 12:32:56.485 E/BluetoothService(  687): onLeScan: device = 00:15:83:3C:03:EA
03-09 12:32:56.485 E/BluetoothService(  687): onLeScan: device = 16:90:10:52:24:A7
03-09 12:32:56.485 E/BluetoothService(  687): onLeScan: device = 00:15:83:3C:03:EA
03-09 12:32:56.485 E/BluetoothService(  687): onLeScan: device = 00:15:83:3C:03:EA
03-09 12:32:56.485 E/BluetoothService(  687): onLeScan: device = 33:48:39:32:D9:47
03-09 12:32:56.485 E/BluetoothService(  687): onLeScan: device = 33:48:39:32:D9:47
03-09 12:32:56.485 E/BluetoothService(  687): onLeScan: device = 33:48:39:32:D9:47
03-09 12:32:56.485 E/BluetoothService(  687): onLeScan: device = 0B:95:C9:9D:72:1C
03-09 12:32:56.485 E/BluetoothService(  687): onLeScan: device = 0B:95:C9:9D:72:1C
03-09 12:32:56.485 E/BluetoothService(  687): onLeScan: device = 0B:95:C9:9D:72:1C
03-09 12:32:56.485 E/BluetoothService(  687): onLeScan: device = 75:0C:01:39:72:FC
03-09 12:32:56.485 E/BluetoothService(  687): onLeScan: device = 33:48:39:32:D9:47
03-09 12:32:56.485 E/BluetoothService(  687): onLeScan: device = 75:0C:01:39:72:FC
03-09 12:32:56.485 E/BluetoothService(  687): onLeScan: device = 75:0C:01:39:72:FC
03-09 12:32:56.485 E/BluetoothService(  687): onLeScan: device = 33:48:39:32:D9:47
03-09 12:32:56.485 E/BluetoothService(  687): onLeScan: device = 33:48:39:32:D9:47
03-09 12:32:56.485 E/BluetoothService(  687): onLeScan: device = 0B:95:C9:9D:72:1C
03-09 12:32:56.486 E/BluetoothService(  687): onLeScan: device = 0B:95:C9:9D:72:1C
03-09 12:32:56.486 E/BluetoothService(  687): onLeScan: device = 0B:95:C9:9D:72:1C
03-09 12:32:56.487 D/AudioHardwareTiny(  166): start_output_stream
03-09 12:32:56.488 D/AudioHardwareTiny(  166): Device     : 0x80400
03-09 12:32:56.488 D/AudioHardwareTiny(  166): SampleRate : 44100
03-09 12:32:56.488 D/AudioHardwareTiny(  166): Channels   : 2
03-09 12:32:56.488 D/AudioHardwareTiny(  166): Formate    : 0
03-09 12:32:56.488 D/AudioHardwareTiny(  166): PreiodSize : 2048
03-09 12:32:56.488 D/AudioHardwareTiny(  166): The current HDMI is DVI mode
03-09 12:32:56.490 W/AppOps  (  459): Bad call: specified package media under uid 1000 but it is really 1013
03-09 12:32:56.498 E/MPEG2_DEC(  166): decoder_header error rev -3
03-09 12:32:56.498 E/BluetoothService(  687): onLeScan: device = 2E:BD:01:AF:E7:67
03-09 12:32:56.498 E/BluetoothService(  687): onLeScan: device = 2E:BD:01:AF:E7:67
03-09 12:32:56.499 D/DecodeVideo(  166): commitHdl2Vpu dupshared_fd = 0x7e shared_fd = 0x3f 
03-09 12:32:56.499 E/BluetoothService(  687): onLeScan: device = 2E:BD:01:AF:E7:67
03-09 12:32:56.514 D/DecodeVideo(  166): commitHdl2Vpu dupshared_fd = 0x7f shared_fd = 0x40 
03-09 12:32:56.531 D/RockFFPlayerBase(  166): WARRNING: VSYNC THREAD can not get buffer to queue
03-09 12:32:56.545 E/BluetoothService(  687): onLeScan: device = 1D:3A:51:14:9B:65
03-09 12:32:56.545 E/BluetoothService(  687): onLeScan: device = 1D:3A:51:14:9B:65
03-09 12:32:56.546 E/BluetoothService(  687): onLeScan: device = 1D:3A:51:14:9B:65
03-09 12:32:56.546 E/BluetoothService(  687): onLeScan: device = 64:B2:02:E0:F1:AD
03-09 12:32:56.546 E/BluetoothService(  687): onLeScan: device = 64:B2:02:E0:F1:AD
03-09 12:32:56.546 E/BluetoothService(  687): onLeScan: device = 64:B2:02:E0:F1:AD
03-09 12:32:56.549 D/DecodeVideo(  166): commitHdl2Vpu dupshared_fd = 0x80 shared_fd = 0x41 
03-09 12:32:56.552 E/BluetoothService(  687): onLeScan: device = 00:81:F9:88:9B:A5
03-09 12:32:56.552 E/BluetoothService(  687):      curDev:BeaconTag{beaconNo=0, BeaconAddr='00:81:F9:88:9B:A5', BeaconType='null', BeaconData=4}
03-09 12:32:56.552 E/BluetoothService(  687): onLeScan: device = 00:81:F9:88:9B:A5
03-09 12:32:56.552 E/BluetoothService(  687):      curDev:BeaconTag{beaconNo=0, BeaconAddr='00:81:F9:88:9B:A5', BeaconType='null', BeaconData=4}
03-09 12:32:56.552 E/BluetoothService(  687): onLeScan: device = 00:81:F9:88:9B:A5
03-09 12:32:56.565 D/RockFFPlayerBase(  166): WARRNING: VSYNC THREAD can not get buffer to queue
03-09 12:32:56.571 E/BluetoothService(  687): onLeScan: device = 62:56:D6:B8:CC:71
03-09 12:32:56.571 E/BluetoothService(  687): onLeScan: device = 62:56:D6:B8:CC:71
03-09 12:32:56.571 E/BluetoothService(  687): onLeScan: device = 62:56:D6:B8:CC:71
03-09 12:32:56.579 E/BluetoothService(  687): onLeScan: device = 0B:95:C9:9D:72:1C
03-09 12:32:56.579 E/BluetoothService(  687): onLeScan: device = 0B:95:C9:9D:72:1C
03-09 12:32:56.579 E/BluetoothService(  687): onLeScan: device = 0B:95:C9:9D:72:1C
03-09 12:32:56.583 D/DecodeVideo(  166): commitHdl2Vpu dupshared_fd = 0x81 shared_fd = 0x42 
03-09 12:32:56.600 D/RockFFPlayerBase(  166): WARRNING: VSYNC THREAD can not get buffer to queue
03-09 12:32:56.606 E/BluetoothService(  687): onLeScan: device = 2E:BD:01:AF:E7:67
03-09 12:32:56.606 E/BluetoothService(  687): onLeScan: device = 2E:BD:01:AF:E7:67
03-09 12:32:56.606 E/BluetoothService(  687): onLeScan: device = 2E:BD:01:AF:E7:67
03-09 12:32:56.618 D/DecodeVideo(  166): commitHdl2Vpu dupshared_fd = 0x82 shared_fd = 0x43 
03-09 12:32:56.628 E/BluetoothService(  687): onLeScan: device = 1D:3A:51:14:9B:65
03-09 12:32:56.628 E/BluetoothService(  687): onLeScan: device = 1D:3A:51:14:9B:65
03-09 12:32:56.628 E/BluetoothService(  687): onLeScan: device = 1D:3A:51:14:9B:65
03-09 12:32:56.635 D/RockFFPlayerBase(  166): WARRNING: VSYNC THREAD can not get buffer to queue
03-09 12:32:56.669 D/RockFFPlayerBase(  166): WARRNING: VSYNC THREAD can not get buffer to queue
03-09 12:32:56.673 E/CameraHal(  166): setupPreview(258): >>>>>>>width_sensor=1600,height_sensor=1200,preview_w=1600,preview_h=1200
03-09 12:32:56.673 D/CameraHal(  166): setupPreview(306): isp out put format is YUV420SP.
03-09 12:32:56.681 D/CameraHal(  166): start(1814): m_camDevice->startPreview success
03-09 12:32:56.681 D/CameraHal(  166): displayThread(596): displayThread(596): receive CMD_DISPLAY_START
03-09 12:32:56.681 D/CameraHal(  166): cameraDisplayBufferDestory(399): cameraDisplayBufferDestory(399): mANativeWindow is NULL, destory is ignore
03-09 12:32:56.682 E/BluetoothService(  687): onLeScan: device = 0B:95:C9:9D:72:1C
03-09 12:32:56.682 E/BluetoothService(  687): onLeScan: device = 0B:95:C9:9D:72:1C
03-09 12:32:56.682 E/BluetoothService(  687): onLeScan: device = 0B:95:C9:9D:72:1C
03-09 12:32:56.692 E/BluetoothService(  687): onLeScan: device = 4E:D5:2B:62:2D:9C
03-09 12:32:56.692 E/BluetoothService(  687): onLeScan: device = 4E:D5:2B:62:2D:9C
03-09 12:32:56.693 E/BluetoothService(  687): onLeScan: device = 4E:D5:2B:62:2D:9C
03-09 12:32:56.696 E/BluetoothService(  687): onLeScan: device = 3B:16:5B:2B:8C:F8
03-09 12:32:56.697 E/BluetoothService(  687): onLeScan: device = 3B:16:5B:2B:8C:F8
03-09 12:32:56.697 E/BluetoothService(  687): onLeScan: device = 3B:16:5B:2B:8C:F8
03-09 12:32:56.699 D/CameraHal(  166): commandThread(905): commandThread(905): CMD_PREVIEW_START out
03-09 12:32:56.704 D/RockFFPlayerBase(  166): WARRNING: VSYNC THREAD can not get buffer to queue
03-09 12:32:56.708 E/BluetoothService(  687): onLeScan: device = 2E:BD:01:AF:E7:67
03-09 12:32:56.708 E/BluetoothService(  687): onLeScan: device = 2E:BD:01:AF:E7:67
03-09 12:32:56.708 E/BluetoothService(  687): onLeScan: device = 2E:BD:01:AF:E7:67
03-09 12:32:56.738 D/RockFFPlayerBase(  166): WARRNING: VSYNC THREAD can not get buffer to queue
03-09 12:32:56.756 E/BluetoothService(  687): onLeScan: device = 16:90:10:52:24:A7
03-09 12:32:56.756 E/BluetoothService(  687): onLeScan: device = 16:90:10:52:24:A7
03-09 12:32:56.756 E/BluetoothService(  687): onLeScan: device = 16:90:10:52:24:A7
03-09 12:32:56.773 D/RockFFPlayerBase(  166): WARRNING: VSYNC THREAD can not get buffer to queue
03-09 12:32:56.781 E/BluetoothService(  687): onLeScan: device = 33:48:39:32:D9:47
03-09 12:32:56.781 E/BluetoothService(  687): onLeScan: device = 33:48:39:32:D9:47
03-09 12:32:56.781 E/BluetoothService(  687): onLeScan: device = 33:48:39:32:D9:47
03-09 12:32:56.788 E/BluetoothService(  687): onLeScan: device = 0B:95:C9:9D:72:1C
03-09 12:32:56.788 E/BluetoothService(  687): onLeScan: device = 0B:95:C9:9D:72:1C
03-09 12:32:56.788 E/BluetoothService(  687): onLeScan: device = 0B:95:C9:9D:72:1C
03-09 12:32:56.807 D/RockFFPlayerBase(  166): WARRNING: VSYNC THREAD can not get buffer to queue
03-09 12:32:56.818 E/BluetoothService(  687): onLeScan: device = 64:B2:02:E0:F1:AD
03-09 12:32:56.818 E/BluetoothService(  687): onLeScan: device = 64:B2:02:E0:F1:AD
03-09 12:32:56.818 E/BluetoothService(  687): onLeScan: device = 64:B2:02:E0:F1:AD
03-09 12:32:56.839 E/BluetoothService(  687): onLeScan: device = 1D:3A:51:14:9B:65
03-09 12:32:56.840 E/BluetoothService(  687): onLeScan: device = 1D:3A:51:14:9B:65
03-09 12:32:56.840 E/BluetoothService(  687): onLeScan: device = 1D:3A:51:14:9B:65
03-09 12:32:56.858 E/BluetoothService(  687): onLeScan: device = 16:90:10:52:24:A7
03-09 12:32:56.859 E/BluetoothService(  687): onLeScan: device = 16:90:10:52:24:A7
03-09 12:32:56.859 E/BluetoothService(  687): onLeScan: device = 16:90:10:52:24:A7
03-09 12:32:56.859 D/RockFFPlayerBase(  166): WARRNING: VSYNC THREAD can not get buffer to queue
03-09 12:32:56.882 E/BluetoothService(  687): onLeScan: device = 33:48:39:32:D9:47
03-09 12:32:56.882 E/BluetoothService(  687): onLeScan: device = 33:48:39:32:D9:47
03-09 12:32:56.882 E/BluetoothService(  687): onLeScan: device = 33:48:39:32:D9:47
03-09 12:32:56.893 E/BluetoothService(  687): onLeScan: device = 0B:95:C9:9D:72:1C
03-09 12:32:56.894 E/BluetoothService(  687): onLeScan: device = 0B:95:C9:9D:72:1C
03-09 12:32:56.894 E/BluetoothService(  687): onLeScan: device = 0B:95:C9:9D:72:1C
03-09 12:32:56.894 D/RockFFPlayerBase(  166): WARRNING: VSYNC THREAD can not get buffer to queue
03-09 12:32:56.911 E/BluetoothService(  687): onLeScan: device = 2E:BD:01:AF:E7:67
03-09 12:32:56.912 E/BluetoothService(  687): onLeScan: device = 2E:BD:01:AF:E7:67
03-09 12:32:56.912 E/BluetoothService(  687): onLeScan: device = 2E:BD:01:AF:E7:67
03-09 12:32:56.928 D/RockFFPlayerBase(  166): WARRNING: VSYNC THREAD can not get buffer to queue
03-09 12:32:56.946 E/BluetoothService(  687): onLeScan: device = 1D:3A:51:14:9B:65
03-09 12:32:56.946 E/BluetoothService(  687): onLeScan: device = 1D:3A:51:14:9B:65
03-09 12:32:56.946 E/BluetoothService(  687): onLeScan: device = 1D:3A:51:14:9B:65
03-09 12:32:56.963 D/RockFFPlayerBase(  166): WARRNING: VSYNC THREAD can not get buffer to queue
03-09 12:32:56.983 E/BluetoothService(  687): onLeScan: device = 33:48:39:32:D9:47
03-09 12:32:56.984 E/BluetoothService(  687): onLeScan: device = 33:48:39:32:D9:47
03-09 12:32:56.984 E/BluetoothService(  687): onLeScan: device = 33:48:39:32:D9:47
03-09 12:32:56.997 D/RockFFPlayerBase(  166): WARRNING: VSYNC THREAD can not get buffer to queue
03-09 12:32:57.003 E/BluetoothService(  687): onLeScan: device = 0B:95:C9:9D:72:1C
03-09 12:32:57.003 E/BluetoothService(  687): onLeScan: device = 0B:95:C9:9D:72:1C
03-09 12:32:57.003 E/BluetoothService(  687): onLeScan: device = 0B:95:C9:9D:72:1C
03-09 12:32:57.010 E/MPEG2_DEC(  166): decoder_header error rev -3
03-09 12:32:57.032 D/RockFFPlayerBase(  166): WARRNING: VSYNC THREAD can not get buffer to queue
03-09 12:32:57.054 E/BluetoothService(  687): onLeScan: device = 1D:3A:51:14:9B:65
03-09 12:32:57.055 E/BluetoothService(  687): onLeScan: device = 1D:3A:51:14:9B:65
03-09 12:32:57.055 E/BluetoothService(  687): onLeScan: device = 1D:3A:51:14:9B:65
03-09 12:32:57.066 D/RockFFPlayerBase(  166): WARRNING: VSYNC THREAD can not get buffer to queue
03-09 12:32:57.070 E/BluetoothService(  687): onLeScan: device = 16:90:10:52:24:A7
03-09 12:32:57.070 E/BluetoothService(  687): onLeScan: device = 16:90:10:52:24:A7
03-09 12:32:57.070 E/BluetoothService(  687): onLeScan: device = 16:90:10:52:24:A7
03-09 12:32:57.091 E/BluetoothService(  687): onLeScan: device = 33:48:39:32:D9:47
03-09 12:32:57.091 E/BluetoothService(  687): onLeScan: device = 33:48:39:32:D9:47
03-09 12:32:57.091 E/BluetoothService(  687): onLeScan: device = 33:48:39:32:D9:47
03-09 12:32:57.101 D/RockFFPlayerBase(  166): WARRNING: VSYNC THREAD can not get buffer to queue
03-09 12:32:57.105 E/BluetoothService(  687): onLeScan: device = 0B:95:C9:9D:72:1C
03-09 12:32:57.106 E/BluetoothService(  687): onLeScan: device = 0B:95:C9:9D:72:1C
03-09 12:32:57.106 E/BluetoothService(  687): onLeScan: device = 0B:95:C9:9D:72:1C
03-09 12:32:57.114 E/BluetoothService(  687): onLeScan: device = 62:56:D6:B8:CC:71
03-09 12:32:57.115 E/BluetoothService(  687): onLeScan: device = 62:56:D6:B8:CC:71
03-09 12:32:57.115 E/BluetoothService(  687): onLeScan: device = 62:56:D6:B8:CC:71
03-09 12:32:57.135 D/RockFFPlayerBase(  166): WARRNING: VSYNC THREAD can not get buffer to queue
03-09 12:32:57.163 E/BluetoothService(  687): onLeScan: device = 1D:3A:51:14:9B:65
03-09 12:32:57.163 E/BluetoothService(  687): onLeScan: device = 1D:3A:51:14:9B:65
03-09 12:32:57.164 E/BluetoothService(  687): onLeScan: device = 1D:3A:51:14:9B:65
03-09 12:32:57.170 D/RockFFPlayerBase(  166): WARRNING: VSYNC THREAD can not get buffer to queue
03-09 12:32:57.186 E/CameraHal_Marvin(  166): CAMERIC-MI-IRQ: CamerIcMiIrq: MP buffer skipped (reused),pDrvCtx->invalFrame === 0,g_miFrameNum == 1;numFramesToSkip == 1
03-09 12:32:57.194 E/BluetoothService(  687): onLeScan: device = 00:81:F9:88:9B:A5
03-09 12:32:57.194 E/BluetoothService(  687):      curDev:BeaconTag{beaconNo=0, BeaconAddr='00:81:F9:88:9B:A5', BeaconType='null', BeaconData=4}
03-09 12:32:57.194 E/BluetoothService(  687): onLeScan: device = 00:81:F9:88:9B:A5
03-09 12:32:57.194 E/BluetoothService(  687):      curDev:BeaconTag{beaconNo=0, BeaconAddr='00:81:F9:88:9B:A5', BeaconType='null', BeaconData=4}
03-09 12:32:57.194 E/BluetoothService(  687): onLeScan: device = 00:81:F9:88:9B:A5
03-09 12:32:57.204 D/RockFFPlayerBase(  166): WARRNING: VSYNC THREAD can not get buffer to queue
03-09 12:32:57.210 E/BluetoothService(  687): onLeScan: device = 0B:95:C9:9D:72:1C
03-09 12:32:57.210 E/BluetoothService(  687): onLeScan: device = 0B:95:C9:9D:72:1C
03-09 12:32:57.210 E/BluetoothService(  687): onLeScan: device = 0B:95:C9:9D:72:1C
03-09 12:32:57.239 D/RockFFPlayerBase(  166): WARRNING: VSYNC THREAD can not get buffer to queue
03-09 12:32:57.269 E/BluetoothService(  687): onLeScan: device = 1D:3A:51:14:9B:65
03-09 12:32:57.269 E/BluetoothService(  687): onLeScan: device = 1D:3A:51:14:9B:65
03-09 12:32:57.269 E/BluetoothService(  687): onLeScan: device = 1D:3A:51:14:9B:65
03-09 12:32:57.274 D/RockFFPlayerBase(  166): WARRNING: VSYNC THREAD can not get buffer to queue
03-09 12:32:57.282 E/BluetoothService(  687): onLeScan: device = 75:0C:01:39:72:FC
03-09 12:32:57.283 E/BluetoothService(  687): onLeScan: device = 75:0C:01:39:72:FC
03-09 12:32:57.283 E/BluetoothService(  687): onLeScan: device = 75:0C:01:39:72:FC
03-09 12:32:57.285 E/BluetoothService(  687): onLeScan: device = 16:90:10:52:24:A7
03-09 12:32:57.285 E/BluetoothService(  687): onLeScan: device = 16:90:10:52:24:A7
03-09 12:32:57.285 E/BluetoothService(  687): onLeScan: device = 16:90:10:52:24:A7
03-09 12:32:57.298 E/BluetoothService(  687): onLeScan: device = 33:48:39:32:D9:47
03-09 12:32:57.298 E/BluetoothService(  687): onLeScan: device = 33:48:39:32:D9:47
03-09 12:32:57.298 E/BluetoothService(  687): onLeScan: device = 33:48:39:32:D9:47
03-09 12:32:57.324 E/BluetoothService(  687): onLeScan: device = 2E:BD:01:AF:E7:67
03-09 12:32:57.324 E/BluetoothService(  687): onLeScan: device = 2E:BD:01:AF:E7:67
03-09 12:32:57.324 E/BluetoothService(  687): onLeScan: device = 2E:BD:01:AF:E7:67
03-09 12:32:57.325 D/RockFFPlayerBase(  166): WARRNING: VSYNC THREAD can not get buffer to queue
03-09 12:32:57.360 D/RockFFPlayerBase(  166): WARRNING: VSYNC THREAD can not get buffer to queue
03-09 12:32:57.365 E/BluetoothService(  687): onLeScan: device = 64:B2:02:E0:F1:AD
03-09 12:32:57.366 E/BluetoothService(  687): onLeScan: device = 64:B2:02:E0:F1:AD
03-09 12:32:57.366 E/BluetoothService(  687): onLeScan: device = 64:B2:02:E0:F1:AD
03-09 12:32:57.378 E/BluetoothService(  687): onLeScan: device = 1D:3A:51:14:9B:65
03-09 12:32:57.378 E/BluetoothService(  687): onLeScan: device = 1D:3A:51:14:9B:65
03-09 12:32:57.378 E/BluetoothService(  687): onLeScan: device = 1D:3A:51:14:9B:65
03-09 12:32:57.383 E/BluetoothService(  687): onLeScan: device = 62:56:D6:B8:CC:71
03-09 12:32:57.383 E/BluetoothService(  687): onLeScan: device = 62:56:D6:B8:CC:71
03-09 12:32:57.383 E/BluetoothService(  687): onLeScan: device = 62:56:D6:B8:CC:71
03-09 12:32:57.392 E/BluetoothService(  687): onLeScan: device = 16:90:10:52:24:A7
03-09 12:32:57.392 E/BluetoothService(  687): onLeScan: device = 16:90:10:52:24:A7
03-09 12:32:57.392 E/BluetoothService(  687): onLeScan: device = 16:90:10:52:24:A7
03-09 12:32:57.395 D/RockFFPlayerBase(  166): WARRNING: VSYNC THREAD can not get buffer to queue
03-09 12:32:57.417 E/BluetoothService(  687): onLeScan: device = 0B:95:C9:9D:72:1C
03-09 12:32:57.418 E/BluetoothService(  687): onLeScan: device = 0B:95:C9:9D:72:1C
03-09 12:32:57.418 E/BluetoothService(  687): onLeScan: device = 0B:95:C9:9D:72:1C
03-09 12:32:57.429 D/RockFFPlayerBase(  166): WARRNING: VSYNC THREAD can not get buffer to queue
03-09 12:32:57.463 D/RockFFPlayerBase(  166): WARRNING: VSYNC THREAD can not get buffer to queue
03-09 12:32:57.487 E/BluetoothService(  687): onLeScan: device = 1D:3A:51:14:9B:65
03-09 12:32:57.487 E/BluetoothService(  687): onLeScan: device = 1D:3A:51:14:9B:65
03-09 12:32:57.487 E/BluetoothService(  687): onLeScan: device = 1D:3A:51:14:9B:65
03-09 12:32:57.494 E/BluetoothService(  687): onLeScan: device = 16:90:10:52:24:A7
03-09 12:32:57.495 E/BluetoothService(  687): onLeScan: device = 16:90:10:52:24:A7
03-09 12:32:57.495 E/BluetoothService(  687): onLeScan: device = 16:90:10:52:24:A7
03-09 12:32:57.498 D/RockFFPlayerBase(  166): WARRNING: VSYNC THREAD can not get buffer to queue
03-09 12:32:57.509 E/BluetoothService(  687): onLeScan: device = 00:81:F9:88:9B:A5
03-09 12:32:57.509 E/BluetoothService(  687):      curDev:BeaconTag{beaconNo=0, BeaconAddr='00:81:F9:88:9B:A5', BeaconType='null', BeaconData=4}
03-09 12:32:57.509 E/BluetoothService(  687): onLeScan: device = 00:81:F9:88:9B:A5
03-09 12:32:57.509 E/BluetoothService(  687):      curDev:BeaconTag{beaconNo=0, BeaconAddr='00:81:F9:88:9B:A5', BeaconType='null', BeaconData=4}
03-09 12:32:57.509 E/BluetoothService(  687): onLeScan: device = 00:81:F9:88:9B:A5
03-09 12:32:57.512 E/BluetoothService(  687): onLeScan: device = 4E:D5:2B:62:2D:9C
03-09 12:32:57.512 E/BluetoothService(  687): onLeScan: device = 4E:D5:2B:62:2D:9C
03-09 12:32:57.512 E/BluetoothService(  687): onLeScan: device = 4E:D5:2B:62:2D:9C
03-09 12:32:57.517 E/BluetoothService(  687): onLeScan: device = 33:48:39:32:D9:47
03-09 12:32:57.517 E/BluetoothService(  687): onLeScan: device = 33:48:39:32:D9:47
03-09 12:32:57.517 E/BluetoothService(  687): onLeScan: device = 33:48:39:32:D9:47
03-09 12:32:57.523 E/BluetoothService(  687): onLeScan: device = 0B:95:C9:9D:72:1C
03-09 12:32:57.524 E/BluetoothService(  687): onLeScan: device = 0B:95:C9:9D:72:1C
03-09 12:32:57.524 E/BluetoothService(  687): onLeScan: device = 0B:95:C9:9D:72:1C
03-09 12:32:57.533 D/RockFFPlayerBase(  166): WARRNING: VSYNC THREAD can not get buffer to queue
03-09 12:32:57.541 E/BluetoothService(  687): onLeScan: device = F6:C9:76:E3:54:EA
03-09 12:32:57.541 E/BluetoothService(  687): onLeScan: device = F6:C9:76:E3:54:EA
03-09 12:32:57.542 E/BluetoothService(  687): onLeScan: device = F6:C9:76:E3:54:EA
03-09 12:32:57.543 E/MPEG2_DEC(  166): decoder_header error rev -3
03-09 12:32:57.551 E/BluetoothService(  687): onLeScan: device = 3B:16:5B:2B:8C:F8
03-09 12:32:57.551 E/BluetoothService(  687): onLeScan: device = 3B:16:5B:2B:8C:F8
03-09 12:32:57.551 E/BluetoothService(  687): onLeScan: device = 3B:16:5B:2B:8C:F8
03-09 12:32:57.567 D/RockFFPlayerBase(  166): WARRNING: VSYNC THREAD can not get buffer to queue
03-09 12:32:57.588 E/BluetoothService(  687): onLeScan: device = 1D:3A:51:14:9B:65
03-09 12:32:57.588 E/BluetoothService(  687): onLeScan: device = 1D:3A:51:14:9B:65
03-09 12:32:57.588 E/BluetoothService(  687): onLeScan: device = 1D:3A:51:14:9B:65
03-09 12:32:57.596 E/BluetoothService(  687): onLeScan: device = 16:90:10:52:24:A7
03-09 12:32:57.596 E/BluetoothService(  687): onLeScan: device = 16:90:10:52:24:A7
03-09 12:32:57.596 E/BluetoothService(  687): onLeScan: device = 16:90:10:52:24:A7
03-09 12:32:57.602 D/RockFFPlayerBase(  166): WARRNING: VSYNC THREAD can not get buffer to queue
03-09 12:32:57.605 E/BluetoothService(  687): onLeScan: device = 00:15:83:3C:03:EA
03-09 12:32:57.606 E/BluetoothService(  687): onLeScan: device = 00:15:83:3C:03:EA
03-09 12:32:57.606 E/BluetoothService(  687): onLeScan: device = 00:15:83:3C:03:EA
03-09 12:32:57.616 E/BluetoothService(  687): onLeScan: device = 33:48:39:32:D9:47
03-09 12:32:57.616 E/BluetoothService(  687): onLeScan: device = 33:48:39:32:D9:47
03-09 12:32:57.616 E/BluetoothService(  687): onLeScan: device = 33:48:39:32:D9:47
03-09 12:32:57.628 E/BluetoothService(  687): onLeScan: device = 0B:95:C9:9D:72:1C
03-09 12:32:57.628 E/BluetoothService(  687): onLeScan: device = 0B:95:C9:9D:72:1C
03-09 12:32:57.629 E/BluetoothService(  687): onLeScan: device = 0B:95:C9:9D:72:1C
03-09 12:32:57.636 D/RockFFPlayerBase(  166): WARRNING: VSYNC THREAD can not get buffer to queue
03-09 12:32:57.644 E/BluetoothService(  687): onLeScan: device = 2E:BD:01:AF:E7:67
03-09 12:32:57.644 E/BluetoothService(  687): onLeScan: device = 2E:BD:01:AF:E7:67
03-09 12:32:57.644 E/BluetoothService(  687): onLeScan: device = 2E:BD:01:AF:E7:67
03-09 12:32:57.656 E/BluetoothService(  687): onLeScan: device = 62:56:D6:B8:CC:71
03-09 12:32:57.656 E/BluetoothService(  687): onLeScan: device = 62:56:D6:B8:CC:71
03-09 12:32:57.656 E/BluetoothService(  687): onLeScan: device = 62:56:D6:B8:CC:71
03-09 12:32:57.671 D/RockFFPlayerBase(  166): WARRNING: VSYNC THREAD can not get buffer to queue
03-09 12:32:57.696 E/BluetoothService(  687): onLeScan: device = 1D:3A:51:14:9B:65
03-09 12:32:57.696 E/BluetoothService(  687): onLeScan: device = 1D:3A:51:14:9B:65
03-09 12:32:57.696 E/BluetoothService(  687): onLeScan: device = 1D:3A:51:14:9B:65
03-09 12:32:57.705 D/RockFFPlayerBase(  166): WARRNING: VSYNC THREAD can not get buffer to queue
03-09 12:32:57.717 E/BluetoothService(  687): onLeScan: device = 33:48:39:32:D9:47
03-09 12:32:57.717 E/BluetoothService(  687): onLeScan: device = 33:48:39:32:D9:47
03-09 12:32:57.718 E/BluetoothService(  687): onLeScan: device = 33:48:39:32:D9:47
03-09 12:32:57.728 E/BluetoothService(  687): onLeScan: device = 0B:95:C9:9D:72:1C
03-09 12:32:57.728 E/BluetoothService(  687): onLeScan: device = 0B:95:C9:9D:72:1C
03-09 12:32:57.729 E/BluetoothService(  687): onLeScan: device = 0B:95:C9:9D:72:1C
03-09 12:32:57.740 D/RockFFPlayerBase(  166): WARRNING: VSYNC THREAD can not get buffer to queue
03-09 12:32:57.747 E/BluetoothService(  687): onLeScan: device = 2E:BD:01:AF:E7:67
03-09 12:32:57.747 E/BluetoothService(  687): onLeScan: device = 2E:BD:01:AF:E7:67
03-09 12:32:57.747 E/BluetoothService(  687): onLeScan: device = 2E:BD:01:AF:E7:67
03-09 12:32:57.774 D/RockFFPlayerBase(  166): WARRNING: VSYNC THREAD can not get buffer to queue
03-09 12:32:57.786 E/BluetoothService(  687): onLeScan: device = 4E:D5:2B:62:2D:9C
03-09 12:32:57.786 E/BluetoothService(  687): onLeScan: device = 4E:D5:2B:62:2D:9C
03-09 12:32:57.786 E/BluetoothService(  687): onLeScan: device = 4E:D5:2B:62:2D:9C
03-09 12:32:57.801 E/BluetoothService(  687): onLeScan: device = 1D:3A:51:14:9B:65
03-09 12:32:57.802 E/BluetoothService(  687): onLeScan: device = 1D:3A:51:14:9B:65
03-09 12:32:57.802 E/BluetoothService(  687): onLeScan: device = 1D:3A:51:14:9B:65
03-09 12:32:57.805 E/BluetoothService(  687): onLeScan: device = 16:90:10:52:24:A7
03-09 12:32:57.805 E/BluetoothService(  687): onLeScan: device = 16:90:10:52:24:A7
03-09 12:32:57.805 E/BluetoothService(  687): onLeScan: device = 16:90:10:52:24:A7
03-09 12:32:57.823 E/BluetoothService(  687): onLeScan: device = 33:48:39:32:D9:47
03-09 12:32:57.823 E/BluetoothService(  687): onLeScan: device = 33:48:39:32:D9:47
03-09 12:32:57.823 E/BluetoothService(  687): onLeScan: device = 33:48:39:32:D9:47
03-09 12:32:57.826 D/RockFFPlayerBase(  166): WARRNING: VSYNC THREAD can not get buffer to queue
03-09 12:32:57.830 E/BluetoothService(  687): onLeScan: device = 00:81:F9:88:9B:A5
03-09 12:32:57.830 E/BluetoothService(  687):      curDev:BeaconTag{beaconNo=0, BeaconAddr='00:81:F9:88:9B:A5', BeaconType='null', BeaconData=4}
03-09 12:32:57.830 E/BluetoothService(  687): onLeScan: device = 00:81:F9:88:9B:A5
03-09 12:32:57.830 E/BluetoothService(  687):      curDev:BeaconTag{beaconNo=0, BeaconAddr='00:81:F9:88:9B:A5', BeaconType='null', BeaconData=4}
03-09 12:32:57.830 E/BluetoothService(  687): onLeScan: device = 00:81:F9:88:9B:A5
03-09 12:32:57.836 E/BluetoothService(  687): onLeScan: device = DF:5F:8B:11:CF:86
03-09 12:32:57.837 E/BluetoothService(  687): onLeScan: device = DF:5F:8B:11:CF:86
03-09 12:32:57.837 E/BluetoothService(  687): onLeScan: device = DF:5F:8B:11:CF:86
03-09 12:32:57.852 E/BluetoothService(  687): onLeScan: device = 2E:BD:01:AF:E7:67
03-09 12:32:57.852 E/BluetoothService(  687): onLeScan: device = 2E:BD:01:AF:E7:67
03-09 12:32:57.853 E/BluetoothService(  687): onLeScan: device = 2E:BD:01:AF:E7:67
03-09 12:32:57.861 D/RockFFPlayerBase(  166): WARRNING: VSYNC THREAD can not get buffer to queue
03-09 12:32:57.895 D/RockFFPlayerBase(  166): WARRNING: VSYNC THREAD can not get buffer to queue
03-09 12:32:57.905 E/BluetoothService(  687): onLeScan: device = 1D:3A:51:14:9B:65
03-09 12:32:57.905 E/BluetoothService(  687): onLeScan: device = 1D:3A:51:14:9B:65
03-09 12:32:57.905 E/BluetoothService(  687): onLeScan: device = 1D:3A:51:14:9B:65
03-09 12:32:57.911 E/BluetoothService(  687): onLeScan: device = 16:90:10:52:24:A7
03-09 12:32:57.911 E/BluetoothService(  687): onLeScan: device = 16:90:10:52:24:A7
03-09 12:32:57.911 E/BluetoothService(  687): onLeScan: device = 16:90:10:52:24:A7
03-09 12:32:57.913 E/BluetoothService(  687): onLeScan: device = 64:B2:02:E0:F1:AD
03-09 12:32:57.914 E/BluetoothService(  687): onLeScan: device = 64:B2:02:E0:F1:AD
03-09 12:32:57.914 E/BluetoothService(  687): onLeScan: device = 64:B2:02:E0:F1:AD
03-09 12:32:57.925 E/BluetoothService(  687): onLeScan: device = 62:56:D6:B8:CC:71
03-09 12:32:57.926 E/BluetoothService(  687): onLeScan: device = 62:56:D6:B8:CC:71
03-09 12:32:57.926 E/BluetoothService(  687): onLeScan: device = 62:56:D6:B8:CC:71
03-09 12:32:57.930 D/RockFFPlayerBase(  166): WARRNING: VSYNC THREAD can not get buffer to queue
03-09 12:32:57.932 E/BluetoothService(  687): onLeScan: device = 33:48:39:32:D9:47
03-09 12:32:57.932 E/BluetoothService(  687): onLeScan: device = 33:48:39:32:D9:47
03-09 12:32:57.932 E/BluetoothService(  687): onLeScan: device = 33:48:39:32:D9:47
03-09 12:32:57.937 E/BluetoothService(  687): onLeScan: device = 0B:95:C9:9D:72:1C
03-09 12:32:57.937 E/BluetoothService(  687): onLeScan: device = 0B:95:C9:9D:72:1C
03-09 12:32:57.937 E/BluetoothService(  687): onLeScan: device = 0B:95:C9:9D:72:1C
03-09 12:32:57.952 E/BluetoothService(  687): onLeScan: device = 2E:BD:01:AF:E7:67
03-09 12:32:57.952 E/BluetoothService(  687): onLeScan: device = 2E:BD:01:AF:E7:67
03-09 12:32:57.952 E/BluetoothService(  687): onLeScan: device = 2E:BD:01:AF:E7:67
03-09 12:32:57.964 D/RockFFPlayerBase(  166): WARRNING: VSYNC THREAD can not get buffer to queue
03-09 12:32:57.999 D/RockFFPlayerBase(  166): WARRNING: VSYNC THREAD can not get buffer to queue
03-09 12:32:58.019 E/BluetoothService(  687): onLeScan: device = 16:90:10:52:24:A7
03-09 12:32:58.019 E/BluetoothService(  687): onLeScan: device = 16:90:10:52:24:A7
03-09 12:32:58.019 E/BluetoothService(  687): onLeScan: device = 16:90:10:52:24:A7
03-09 12:32:58.032 E/BluetoothService(  687): onLeScan: device = 33:48:39:32:D9:47
03-09 12:32:58.032 E/BluetoothService(  687): onLeScan: device = 33:48:39:32:D9:47
03-09 12:32:58.032 E/BluetoothService(  687): onLeScan: device = 33:48:39:32:D9:47
03-09 12:32:58.033 D/RockFFPlayerBase(  166): WARRNING: VSYNC THREAD can not get buffer to queue
03-09 12:32:58.043 E/BluetoothService(  687): onLeScan: device = 0B:95:C9:9D:72:1C
03-09 12:32:58.043 E/BluetoothService(  687): onLeScan: device = 0B:95:C9:9D:72:1C
03-09 12:32:58.043 E/BluetoothService(  687): onLeScan: device = 0B:95:C9:9D:72:1C
03-09 12:32:58.056 E/BluetoothService(  687): onLeScan: device = 4E:D5:2B:62:2D:9C
03-09 12:32:58.056 E/BluetoothService(  687): onLeScan: device = 4E:D5:2B:62:2D:9C
03-09 12:32:58.056 E/BluetoothService(  687): onLeScan: device = 4E:D5:2B:62:2D:9C
03-09 12:32:58.060 E/BluetoothService(  687): onLeScan: device = 2E:BD:01:AF:E7:67
03-09 12:32:58.061 E/BluetoothService(  687): onLeScan: device = 2E:BD:01:AF:E7:67
03-09 12:32:58.061 E/BluetoothService(  687): onLeScan: device = 2E:BD:01:AF:E7:67
03-09 12:32:58.068 D/RockFFPlayerBase(  166): WARRNING: VSYNC THREAD can not get buffer to queue
03-09 12:32:58.077 E/MPEG2_DEC(  166): decoder_header error rev -3
03-09 12:32:58.102 D/RockFFPlayerBase(  166): WARRNING: VSYNC THREAD can not get buffer to queue
03-09 12:32:58.110 E/BluetoothService(  687): onLeScan: device = 1D:3A:51:14:9B:65
03-09 12:32:58.110 E/BluetoothService(  687): onLeScan: device = 1D:3A:51:14:9B:65
03-09 12:32:58.110 E/BluetoothService(  687): onLeScan: device = 1D:3A:51:14:9B:65
03-09 12:32:58.117 E/BluetoothService(  687): onLeScan: device = 75:0C:01:39:72:FC
03-09 12:32:58.117 E/BluetoothService(  687): onLeScan: device = 75:0C:01:39:72:FC
03-09 12:32:58.117 E/BluetoothService(  687): onLeScan: device = 75:0C:01:39:72:FC
03-09 12:32:58.137 D/RockFFPlayerBase(  166): WARRNING: VSYNC THREAD can not get buffer to queue
03-09 12:32:58.143 E/BluetoothService(  687): onLeScan: device = 0B:95:C9:9D:72:1C
03-09 12:32:58.143 E/BluetoothService(  687): onLeScan: device = 0B:95:C9:9D:72:1C
03-09 12:32:58.143 E/BluetoothService(  687): onLeScan: device = 0B:95:C9:9D:72:1C
03-09 12:32:58.171 D/RockFFPlayerBase(  166): WARRNING: VSYNC THREAD can not get buffer to queue
03-09 12:32:58.188 E/BluetoothService(  687): onLeScan: device = 64:B2:02:E0:F1:AD
03-09 12:32:58.189 E/BluetoothService(  687): onLeScan: device = 64:B2:02:E0:F1:AD
03-09 12:32:58.189 E/BluetoothService(  687): onLeScan: device = 64:B2:02:E0:F1:AD
03-09 12:32:58.199 E/BluetoothService(  687): onLeScan: device = 62:56:D6:B8:CC:71
03-09 12:32:58.199 E/BluetoothService(  687): onLeScan: device = 62:56:D6:B8:CC:71
03-09 12:32:58.199 E/BluetoothService(  687): onLeScan: device = 62:56:D6:B8:CC:71
03-09 12:32:58.206 D/RockFFPlayerBase(  166): WARRNING: VSYNC THREAD can not get buffer to queue
03-09 12:32:58.210 E/BluetoothService(  687): onLeScan: device = 1D:3A:51:14:9B:65
03-09 12:32:58.210 E/BluetoothService(  687): onLeScan: device = 1D:3A:51:14:9B:65
03-09 12:32:58.210 E/BluetoothService(  687): onLeScan: device = 1D:3A:51:14:9B:65
03-09 12:32:58.239 E/BluetoothService(  687): onLeScan: device = 33:48:39:32:D9:47
03-09 12:32:58.239 E/BluetoothService(  687): onLeScan: device = 33:48:39:32:D9:47
03-09 12:32:58.239 E/BluetoothService(  687): onLeScan: device = 33:48:39:32:D9:47
03-09 12:32:58.240 D/RockFFPlayerBase(  166): WARRNING: VSYNC THREAD can not get buffer to queue
03-09 12:32:58.249 E/BluetoothService(  687): onLeScan: device = 0B:95:C9:9D:72:1C
03-09 12:32:58.249 E/BluetoothService(  687): onLeScan: device = 0B:95:C9:9D:72:1C
03-09 12:32:58.249 E/BluetoothService(  687): onLeScan: device = 0B:95:C9:9D:72:1C
03-09 12:32:58.292 D/RockFFPlayerBase(  166): WARRNING: VSYNC THREAD can not get buffer to queue
03-09 12:32:58.315 E/BluetoothService(  687): onLeScan: device = 1D:3A:51:14:9B:65
03-09 12:32:58.316 E/BluetoothService(  687): onLeScan: device = 1D:3A:51:14:9B:65
03-09 12:32:58.316 E/BluetoothService(  687): onLeScan: device = 1D:3A:51:14:9B:65
03-09 12:32:58.325 E/BluetoothService(  687): onLeScan: device = 4E:D5:2B:62:2D:9C
03-09 12:32:58.325 E/BluetoothService(  687): onLeScan: device = 4E:D5:2B:62:2D:9C
03-09 12:32:58.325 E/BluetoothService(  687): onLeScan: device = 4E:D5:2B:62:2D:9C
03-09 12:32:58.327 D/RockFFPlayerBase(  166): WARRNING: VSYNC THREAD can not get buffer to queue
03-09 12:32:58.343 E/BluetoothService(  687): onLeScan: device = 16:90:10:52:24:A7
03-09 12:32:58.344 E/BluetoothService(  687): onLeScan: device = 16:90:10:52:24:A7
03-09 12:32:58.346 E/BluetoothService(  687): onLeScan: device = 16:90:10:52:24:A7
03-09 12:32:58.347 E/BluetoothService(  687): onLeScan: device = 33:48:39:32:D9:47
03-09 12:32:58.347 E/BluetoothService(  687): onLeScan: device = 33:48:39:32:D9:47
03-09 12:32:58.347 E/BluetoothService(  687): onLeScan: device = 33:48:39:32:D9:47
03-09 12:32:58.353 E/BluetoothService(  687): onLeScan: device = 0B:95:C9:9D:72:1C
03-09 12:32:58.353 E/BluetoothService(  687): onLeScan: device = 0B:95:C9:9D:72:1C
03-09 12:32:58.353 E/BluetoothService(  687): onLeScan: device = 0B:95:C9:9D:72:1C
03-09 12:32:58.361 D/RockFFPlayerBase(  166): WARRNING: VSYNC THREAD can not get buffer to queue
03-09 12:32:58.396 D/RockFFPlayerBase(  166): WARRNING: VSYNC THREAD can not get buffer to queue
03-09 12:32:58.421 E/BluetoothService(  687): onLeScan: device = 1D:3A:51:14:9B:65
03-09 12:32:58.421 E/BluetoothService(  687): onLeScan: device = 1D:3A:51:14:9B:65
03-09 12:32:58.422 E/BluetoothService(  687): onLeScan: device = 1D:3A:51:14:9B:65
03-09 12:32:58.430 D/RockFFPlayerBase(  166): WARRNING: VSYNC THREAD can not get buffer to queue
03-09 12:32:58.445 E/BluetoothService(  687): onLeScan: device = 16:90:10:52:24:A7
03-09 12:32:58.445 E/BluetoothService(  687): onLeScan: device = 16:90:10:52:24:A7
03-09 12:32:58.445 E/BluetoothService(  687): onLeScan: device = 16:90:10:52:24:A7
03-09 12:32:58.455 E/BluetoothService(  687): onLeScan: device = 33:48:39:32:D9:47
03-09 12:32:58.455 E/BluetoothService(  687): onLeScan: device = 33:48:39:32:D9:47
03-09 12:32:58.455 E/BluetoothService(  687): onLeScan: device = 33:48:39:32:D9:47
03-09 12:32:58.462 E/BluetoothService(  687): onLeScan: device = 00:81:F9:88:9B:A5
03-09 12:32:58.463 E/BluetoothService(  687):      curDev:BeaconTag{beaconNo=0, BeaconAddr='00:81:F9:88:9B:A5', BeaconType='null', BeaconData=4}
03-09 12:32:58.463 E/BluetoothService(  687): onLeScan: device = 00:81:F9:88:9B:A5
03-09 12:32:58.463 E/BluetoothService(  687):      curDev:BeaconTag{beaconNo=0, BeaconAddr='00:81:F9:88:9B:A5', BeaconType='null', BeaconData=4}
03-09 12:32:58.463 E/BluetoothService(  687): onLeScan: device = 00:81:F9:88:9B:A5
03-09 12:32:58.465 D/RockFFPlayerBase(  166): WARRNING: VSYNC THREAD can not get buffer to queue
03-09 12:32:58.472 E/BluetoothService(  687): onLeScan: device = 62:56:D6:B8:CC:71
03-09 12:32:58.472 E/BluetoothService(  687): onLeScan: device = 62:56:D6:B8:CC:71
03-09 12:32:58.472 E/BluetoothService(  687): onLeScan: device = 62:56:D6:B8:CC:71
03-09 12:32:58.476 E/MPEG2_DEC(  166): decoder_header error rev -3
03-09 12:32:58.477 E/BluetoothService(  687): onLeScan: device = 2E:BD:01:AF:E7:67
03-09 12:32:58.477 E/BluetoothService(  687): onLeScan: device = 2E:BD:01:AF:E7:67
03-09 12:32:58.477 E/BluetoothService(  687): onLeScan: device = 2E:BD:01:AF:E7:67
03-09 12:32:58.499 D/RockFFPlayerBase(  166): WARRNING: VSYNC THREAD can not get buffer to queue
03-09 12:32:58.534 D/RockFFPlayerBase(  166): WARRNING: VSYNC THREAD can not get buffer to queue
03-09 12:32:58.536 E/BluetoothService(  687): onLeScan: device = 1D:3A:51:14:9B:65
03-09 12:32:58.538 E/BluetoothService(  687): onLeScan: device = 1D:3A:51:14:9B:65
03-09 12:32:58.539 E/BluetoothService(  687): onLeScan: device = 75:C4:B7:EA:10:43
03-09 12:32:58.539 E/BluetoothService(  687): onLeScan: device = 75:C4:B7:EA:10:43
03-09 12:32:58.539 E/BluetoothService(  687): onLeScan: device = 1D:3A:51:14:9B:65
03-09 12:32:58.540 E/BluetoothService(  687): onLeScan: device = 75:C4:B7:EA:10:43
03-09 12:32:58.549 E/BluetoothService(  687): onLeScan: device = 16:90:10:52:24:A7
03-09 12:32:58.549 E/BluetoothService(  687): onLeScan: device = 16:90:10:52:24:A7
03-09 12:32:58.549 E/BluetoothService(  687): onLeScan: device = 16:90:10:52:24:A7
03-09 12:32:58.558 E/BluetoothService(  687): onLeScan: device = 33:48:39:32:D9:47
03-09 12:32:58.558 E/BluetoothService(  687): onLeScan: device = 33:48:39:32:D9:47
03-09 12:32:58.558 E/BluetoothService(  687): onLeScan: device = 33:48:39:32:D9:47
03-09 12:32:58.566 E/BluetoothService(  687): onLeScan: device = 0B:95:C9:9D:72:1C
03-09 12:32:58.566 E/BluetoothService(  687): onLeScan: device = 0B:95:C9:9D:72:1C
03-09 12:32:58.567 E/BluetoothService(  687): onLeScan: device = 0B:95:C9:9D:72:1C
03-09 12:32:58.568 D/RockFFPlayerBase(  166): WARRNING: VSYNC THREAD can not get buffer to queue
03-09 12:32:58.585 E/BluetoothService(  687): onLeScan: device = 2E:BD:01:AF:E7:67
03-09 12:32:58.585 E/BluetoothService(  687): onLeScan: device = 2E:BD:01:AF:E7:67
03-09 12:32:58.585 E/BluetoothService(  687): onLeScan: device = 2E:BD:01:AF:E7:67
03-09 12:32:58.593 E/BluetoothService(  687): onLeScan: device = 3B:16:5B:2B:8C:F8
03-09 12:32:58.594 E/BluetoothService(  687): onLeScan: device = 3B:16:5B:2B:8C:F8
03-09 12:32:58.595 E/BluetoothService(  687): onLeScan: device = 3B:16:5B:2B:8C:F8
03-09 12:32:58.596 D/FaceDetection/DetectionBasedTracker(  687): Java_org_opencv_samples_facedetect_DetectionBasedTracker_nativeSetFaceSize -- BEGIN
03-09 12:32:58.596 D/FaceDetection/DetectionBasedTracker(  687): Java_org_opencv_samples_facedetect_DetectionBasedTracker_nativeSetFaceSize -- END
03-09 12:32:58.596 D/FaceDetection/DetectionBasedTracker(  687): Java_org_opencv_samples_facedetect_DetectionBasedTracker_nativeDetect
03-09 12:32:58.598 D/FaceDetection/DetectionBasedTracker(  687): Java_org_opencv_samples_facedetect_DetectionBasedTracker_nativeDetect END
03-09 12:32:58.598 D/FaceDetection/DetectionBasedTracker(  687): CascadeDetectorAdapter::Detect: begin
03-09 12:32:58.598 D/FaceDetection/DetectionBasedTracker(  687): CascadeDetectorAdapter::Detect: scaleFactor=1.10, minNeighbours=2, minObjSize=(144x144), maxObjSize=(2147483647x2147483647)
03-09 12:32:58.603 D/RockFFPlayerBase(  166): WARRNING: VSYNC THREAD can not get buffer to queue
03-09 12:32:58.637 D/RockFFPlayerBase(  166): WARRNING: VSYNC THREAD can not get buffer to queue
03-09 12:32:58.654 E/BluetoothService(  687): onLeScan: device = 16:90:10:52:24:A7
03-09 12:32:58.654 E/BluetoothService(  687): onLeScan: device = 16:90:10:52:24:A7
03-09 12:32:58.654 E/BluetoothService(  687): onLeScan: device = 16:90:10:52:24:A7
03-09 12:32:58.655 D/FaceDetection/DetectionBasedTracker(  687): Java_org_opencv_samples_facedetect_DetectionBasedTracker_nativeDetect
03-09 12:32:58.655 D/FaceDetection/DetectionBasedTracker(  687): Java_org_opencv_samples_facedetect_DetectionBasedTracker_nativeDetect END
03-09 12:32:58.657 E/BluetoothService(  687): onLeScan: device = 75:0C:01:39:72:FC
03-09 12:32:58.657 E/BluetoothService(  687): onLeScan: device = 75:0C:01:39:72:FC
03-09 12:32:58.657 E/BluetoothService(  687): onLeScan: device = 75:0C:01:39:72:FC
03-09 12:32:58.658 D/FaceDetection/DetectionBasedTracker(  687): CascadeDetectorAdapter::Detect: end
03-09 12:32:58.665 E/BluetoothService(  687): onLeScan: device = 33:48:39:32:D9:47
03-09 12:32:58.665 E/BluetoothService(  687): onLeScan: device = 33:48:39:32:D9:47
03-09 12:32:58.665 E/BluetoothService(  687): onLeScan: device = 33:48:39:32:D9:47
03-09 12:32:58.669 E/BluetoothService(  687): onLeScan: device = 0B:95:C9:9D:72:1C
03-09 12:32:58.669 E/BluetoothService(  687): onLeScan: device = 0B:95:C9:9D:72:1C
03-09 12:32:58.669 E/BluetoothService(  687): onLeScan: device = 0B:95:C9:9D:72:1C
03-09 12:32:58.672 D/RockFFPlayerBase(  166): WARRNING: VSYNC THREAD can not get buffer to queue
03-09 12:32:58.683 E/BluetoothService(  687): onLeScan: device = 2E:BD:01:AF:E7:67
03-09 12:32:58.684 E/BluetoothService(  687): onLeScan: device = 2E:BD:01:AF:E7:67
03-09 12:32:58.684 E/BluetoothService(  687): onLeScan: device = 2E:BD:01:AF:E7:67
03-09 12:32:58.706 D/RockFFPlayerBase(  166): WARRNING: VSYNC THREAD can not get buffer to queue
03-09 12:32:58.711 D/FaceDetection/DetectionBasedTracker(  687): Java_org_opencv_samples_facedetect_DetectionBasedTracker_nativeDetect
03-09 12:32:58.712 D/FaceDetection/DetectionBasedTracker(  687): Java_org_opencv_samples_facedetect_DetectionBasedTracker_nativeDetect END
03-09 12:32:58.712 D/FaceDetection/DetectionBasedTracker(  687): CascadeDetectorAdapter::Detect: begin
03-09 12:32:58.712 D/FaceDetection/DetectionBasedTracker(  687): CascadeDetectorAdapter::Detect: scaleFactor=1.10, minNeighbours=2, minObjSize=(144x144), maxObjSize=(2147483647x2147483647)
03-09 12:32:58.733 E/BluetoothService(  687): onLeScan: device = 64:B2:02:E0:F1:AD
03-09 12:32:58.733 E/BluetoothService(  687): onLeScan: device = 64:B2:02:E0:F1:AD
03-09 12:32:58.733 E/BluetoothService(  687): onLeScan: device = 64:B2:02:E0:F1:AD
03-09 12:32:58.740 E/BluetoothService(  687): onLeScan: device = 1D:3A:51:14:9B:65
03-09 12:32:58.740 E/BluetoothService(  687): onLeScan: device = 1D:3A:51:14:9B:65
03-09 12:32:58.740 E/BluetoothService(  687): onLeScan: device = 1D:3A:51:14:9B:65
03-09 12:32:58.746 E/BluetoothService(  687): onLeScan: device = 62:56:D6:B8:CC:71
03-09 12:32:58.746 E/BluetoothService(  687): onLeScan: device = 62:56:D6:B8:CC:71
03-09 12:32:58.746 E/BluetoothService(  687): onLeScan: device = 62:56:D6:B8:CC:71
03-09 12:32:58.758 D/RockFFPlayerBase(  166): WARRNING: VSYNC THREAD can not get buffer to queue
03-09 12:32:58.762 D/FaceDetection/DetectionBasedTracker(  687): CascadeDetectorAdapter::Detect: end
03-09 12:32:58.770 E/BluetoothService(  687): onLeScan: device = 33:48:39:32:D9:47
03-09 12:32:58.770 E/BluetoothService(  687): onLeScan: device = 33:48:39:32:D9:47
03-09 12:32:58.770 E/BluetoothService(  687): onLeScan: device = 33:48:39:32:D9:47
03-09 12:32:58.777 E/BluetoothService(  687): onLeScan: device = 0B:95:C9:9D:72:1C
03-09 12:32:58.777 E/BluetoothService(  687): onLeScan: device = 0B:95:C9:9D:72:1C
03-09 12:32:58.777 E/BluetoothService(  687): onLeScan: device = 0B:95:C9:9D:72:1C
03-09 12:32:58.786 E/BluetoothService(  687): onLeScan: device = 00:81:F9:88:9B:A5
03-09 12:32:58.787 E/BluetoothService(  687):      curDev:BeaconTag{beaconNo=0, BeaconAddr='00:81:F9:88:9B:A5', BeaconType='null', BeaconData=4}
03-09 12:32:58.787 E/BluetoothService(  687): onLeScan: device = 00:81:F9:88:9B:A5
03-09 12:32:58.787 E/BluetoothService(  687):      curDev:BeaconTag{beaconNo=0, BeaconAddr='00:81:F9:88:9B:A5', BeaconType='null', BeaconData=4}
03-09 12:32:58.787 E/BluetoothService(  687): onLeScan: device = 00:81:F9:88:9B:A5
03-09 12:32:58.790 E/BluetoothService(  687): onLeScan: device = 2E:BD:01:AF:E7:67
03-09 12:32:58.790 E/BluetoothService(  687): onLeScan: device = 2E:BD:01:AF:E7:67
03-09 12:32:58.790 E/BluetoothService(  687): onLeScan: device = 2E:BD:01:AF:E7:67
03-09 12:32:58.793 D/RockFFPlayerBase(  166): WARRNING: VSYNC THREAD can not get buffer to queue
03-09 12:32:58.795 D/FaceDetection/DetectionBasedTracker(  687): Java_org_opencv_samples_facedetect_DetectionBasedTracker_nativeDetect
03-09 12:32:58.796 D/FaceDetection/DetectionBasedTracker(  687): Java_org_opencv_samples_facedetect_DetectionBasedTracker_nativeDetect END
