03-09 12:32:58.796 D/FaceDetection/DetectionBasedTracker(  687): CascadeDetectorAdapter::Detect: begin
03-09 12:32:58.796 D/FaceDetection/DetectionBasedTracker(  687): CascadeDetectorAdapter::Detect: scaleFactor=1.10, minNeighbours=2, minObjSize=(144x144), maxObjSize=(2147483647x2147483647)
03-09 12:32:58.804 E/BluetoothService(  687): onLeScan: device = DF:5F:8B:11:CF:86
03-09 12:32:58.804 E/BluetoothService(  687): onLeScan: device = DF:5F:8B:11:CF:86
03-09 12:32:58.804 E/BluetoothService(  687): onLeScan: device = DF:5F:8B:11:CF:86
03-09 12:32:58.827 D/RockFFPlayerBase(  166): WARRNING: VSYNC THREAD can not get buffer to queue
03-09 12:32:58.840 D/FaceDetection/DetectionBasedTracker(  687): CascadeDetectorAdapter::Detect: end
03-09 12:32:58.843 E/BluetoothService(  687): onLeScan: device = 1D:3A:51:14:9B:65
03-09 12:32:58.843 E/BluetoothService(  687): onLeScan: device = 1D:3A:51:14:9B:65
03-09 12:32:58.844 E/BluetoothService(  687): onLeScan: device = 1D:3A:51:14:9B:65
03-09 12:32:58.861 E/BluetoothService(  687): onLeScan: device = 16:90:10:52:24:A7
03-09 12:32:58.861 E/BluetoothService(  687): onLeScan: device = 16:90:10:52:24:A7
03-09 12:32:58.861 E/BluetoothService(  687): onLeScan: device = 16:90:10:52:24:A7
03-09 12:32:58.862 D/RockFFPlayerBase(  166): WARRNING: VSYNC THREAD can not get buffer to queue
03-09 12:32:58.867 E/BluetoothService(  687): onLeScan: device = 4E:D5:2B:62:2D:9C
03-09 12:32:58.867 E/BluetoothService(  687): onLeScan: device = 4E:D5:2B:62:2D:9C
03-09 12:32:58.867 E/BluetoothService(  687): onLeScan: device = 4E:D5:2B:62:2D:9C
03-09 12:32:58.876 D/FaceDetection/DetectionBasedTracker(  687): Java_org_opencv_samples_facedetect_DetectionBasedTracker_nativeDetect
03-09 12:32:58.876 D/FaceDetection/DetectionBasedTracker(  687): Java_org_opencv_samples_facedetect_DetectionBasedTracker_nativeDetect END
03-09 12:32:58.876 D/FaceDetection/DetectionBasedTracker(  687): CascadeDetectorAdapter::Detect: begin
03-09 12:32:58.877 D/FaceDetection/DetectionBasedTracker(  687): CascadeDetectorAdapter::Detect: scaleFactor=1.10, minNeighbours=2, minObjSize=(144x144), maxObjSize=(2147483647x2147483647)
03-09 12:32:58.877 E/BluetoothService(  687): onLeScan: device = 0B:95:C9:9D:72:1C
03-09 12:32:58.877 E/BluetoothService(  687): onLeScan: device = 0B:95:C9:9D:72:1C
03-09 12:32:58.877 E/BluetoothService(  687): onLeScan: device = 0B:95:C9:9D:72:1C
03-09 12:32:58.881 E/BluetoothService(  687): onLeScan: device = 00:15:83:3C:03:EA
03-09 12:32:58.881 E/BluetoothService(  687): onLeScan: device = 00:15:83:3C:03:EA
03-09 12:32:58.881 E/BluetoothService(  687): onLeScan: device = 00:15:83:3C:03:EA
03-09 12:32:58.893 E/BluetoothService(  687): onLeScan: device = 2E:BD:01:AF:E7:67
03-09 12:32:58.893 E/BluetoothService(  687): onLeScan: device = 2E:BD:01:AF:E7:67
03-09 12:32:58.893 E/BluetoothService(  687): onLeScan: device = 2E:BD:01:AF:E7:67
03-09 12:32:58.896 D/RockFFPlayerBase(  166): WARRNING: VSYNC THREAD can not get buffer to queue
03-09 12:32:58.911 D/FaceDetection/DetectionBasedTracker(  687): CascadeDetectorAdapter::Detect: end
03-09 12:32:58.931 D/RockFFPlayerBase(  166): WARRNING: VSYNC THREAD can not get buffer to queue
03-09 12:32:58.953 E/BluetoothService(  687): onLeScan: device = 1D:3A:51:14:9B:65
03-09 12:32:58.953 E/BluetoothService(  687): onLeScan: device = 1D:3A:51:14:9B:65
03-09 12:32:58.954 E/BluetoothService(  687): onLeScan: device = 1D:3A:51:14:9B:65
03-09 12:32:58.961 D/FaceDetection/DetectionBasedTracker(  687): Java_org_opencv_samples_facedetect_DetectionBasedTracker_nativeDetect
03-09 12:32:58.961 D/FaceDetection/DetectionBasedTracker(  687): Java_org_opencv_samples_facedetect_DetectionBasedTracker_nativeDetect END
03-09 12:32:58.961 D/FaceDetection/DetectionBasedTracker(  687): CascadeDetectorAdapter::Detect: begin
03-09 12:32:58.961 D/FaceDetection/DetectionBasedTracker(  687): CascadeDetectorAdapter::Detect: scaleFactor=1.10, minNeighbours=2, minObjSize=(144x144), maxObjSize=(2147483647x2147483647)
03-09 12:32:58.965 D/RockFFPlayerBase(  166): WARRNING: VSYNC THREAD can not get buffer to queue
03-09 12:32:58.977 E/BluetoothService(  687): onLeScan: device = 0B:95:C9:9D:72:1C
03-09 12:32:58.977 E/BluetoothService(  687): onLeScan: device = 0B:95:C9:9D:72:1C
03-09 12:32:58.978 E/BluetoothService(  687): onLeScan: device = 0B:95:C9:9D:72:1C
03-09 12:32:58.980 E/BluetoothService(  687): onLeScan: device = 33:48:39:32:D9:47
03-09 12:32:58.980 E/BluetoothService(  687): onLeScan: device = 33:48:39:32:D9:47
03-09 12:32:58.980 E/BluetoothService(  687): onLeScan: device = 33:48:39:32:D9:47
03-09 12:32:58.982 E/BluetoothService(  687): onLeScan: device = 75:C4:B7:EA:10:43
03-09 12:32:58.982 E/BluetoothService(  687): onLeScan: device = 75:C4:B7:EA:10:43
03-09 12:32:58.982 E/BluetoothService(  687): onLeScan: device = 75:C4:B7:EA:10:43
03-09 12:32:58.999 E/BluetoothService(  687): onLeScan: device = 2E:BD:01:AF:E7:67
03-09 12:32:58.999 E/BluetoothService(  687): onLeScan: device = 2E:BD:01:AF:E7:67
03-09 12:32:58.999 E/BluetoothService(  687): onLeScan: device = 2E:BD:01:AF:E7:67
03-09 12:32:59.000 D/RockFFPlayerBase(  166): WARRNING: VSYNC THREAD can not get buffer to queue
03-09 12:32:59.002 E/BluetoothService(  687): onLeScan: device = 64:B2:02:E0:F1:AD
03-09 12:32:59.002 E/BluetoothService(  687): onLeScan: device = 64:B2:02:E0:F1:AD
03-09 12:32:59.002 E/BluetoothService(  687): onLeScan: device = 64:B2:02:E0:F1:AD
03-09 12:32:59.005 D/FaceDetection/DetectionBasedTracker(  687): CascadeDetectorAdapter::Detect: end
03-09 12:32:59.009 E/MPEG2_DEC(  166): decoder_header error rev -3
03-09 12:32:59.019 E/BluetoothService(  687): onLeScan: device = 62:56:D6:B8:CC:71
03-09 12:32:59.019 E/BluetoothService(  687): onLeScan: device = 62:56:D6:B8:CC:71
03-09 12:32:59.019 E/BluetoothService(  687): onLeScan: device = 62:56:D6:B8:CC:71
03-09 12:32:59.034 D/RockFFPlayerBase(  166): WARRNING: VSYNC THREAD can not get buffer to queue
03-09 12:32:59.042 D/FaceDetection/DetectionBasedTracker(  687): Java_org_opencv_samples_facedetect_DetectionBasedTracker_nativeDetect
03-09 12:32:59.043 D/FaceDetection/DetectionBasedTracker(  687): Java_org_opencv_samples_facedetect_DetectionBasedTracker_nativeDetect END
03-09 12:32:59.043 D/FaceDetection/DetectionBasedTracker(  687): CascadeDetectorAdapter::Detect: begin
03-09 12:32:59.043 D/FaceDetection/DetectionBasedTracker(  687): CascadeDetectorAdapter::Detect: scaleFactor=1.10, minNeighbours=2, minObjSize=(144x144), maxObjSize=(2147483647x2147483647)
03-09 12:32:59.061 E/BluetoothService(  687): onLeScan: device = 1D:3A:51:14:9B:65
03-09 12:32:59.061 E/BluetoothService(  687): onLeScan: device = 1D:3A:51:14:9B:65
03-09 12:32:59.061 E/BluetoothService(  687): onLeScan: device = 1D:3A:51:14:9B:65
03-09 12:32:59.069 D/RockFFPlayerBase(  166): WARRNING: VSYNC THREAD can not get buffer to queue
03-09 12:32:59.073 E/BluetoothService(  687): onLeScan: device = 16:90:10:52:24:A7
03-09 12:32:59.073 E/BluetoothService(  687): onLeScan: device = 16:90:10:52:24:A7
03-09 12:32:59.073 E/BluetoothService(  687): onLeScan: device = 16:90:10:52:24:A7
03-09 12:32:59.079 D/FaceDetection/DetectionBasedTracker(  687): CascadeDetectorAdapter::Detect: end
03-09 12:32:59.081 E/BluetoothService(  687): onLeScan: device = 0B:95:C9:9D:72:1C
03-09 12:32:59.081 E/BluetoothService(  687): onLeScan: device = 0B:95:C9:9D:72:1C
03-09 12:32:59.081 E/BluetoothService(  687): onLeScan: device = 0B:95:C9:9D:72:1C
03-09 12:32:59.087 E/BluetoothService(  687): onLeScan: device = 33:48:39:32:D9:47
03-09 12:32:59.087 E/BluetoothService(  687): onLeScan: device = 33:48:39:32:D9:47
03-09 12:32:59.087 E/BluetoothService(  687): onLeScan: device = 33:48:39:32:D9:47
03-09 12:32:59.103 D/RockFFPlayerBase(  166): WARRNING: VSYNC THREAD can not get buffer to queue
03-09 12:32:59.104 E/BluetoothService(  687): onLeScan: device = 2E:BD:01:AF:E7:67
03-09 12:32:59.104 E/BluetoothService(  687): onLeScan: device = 2E:BD:01:AF:E7:67
03-09 12:32:59.104 E/BluetoothService(  687): onLeScan: device = 2E:BD:01:AF:E7:67
03-09 12:32:59.111 E/BluetoothService(  687): onLeScan: device = 00:81:F9:88:9B:A5
03-09 12:32:59.111 E/BluetoothService(  687):      curDev:BeaconTag{beaconNo=0, BeaconAddr='00:81:F9:88:9B:A5', BeaconType='null', BeaconData=4}
03-09 12:32:59.111 E/BluetoothService(  687): onLeScan: device = 00:81:F9:88:9B:A5
03-09 12:32:59.111 E/BluetoothService(  687):      curDev:BeaconTag{beaconNo=0, BeaconAddr='00:81:F9:88:9B:A5', BeaconType='null', BeaconData=4}
03-09 12:32:59.111 E/BluetoothService(  687): onLeScan: device = 00:81:F9:88:9B:A5
03-09 12:32:59.126 D/FaceDetection/DetectionBasedTracker(  687): Java_org_opencv_samples_facedetect_DetectionBasedTracker_nativeDetect
03-09 12:32:59.126 D/FaceDetection/DetectionBasedTracker(  687): Java_org_opencv_samples_facedetect_DetectionBasedTracker_nativeDetect END
03-09 12:32:59.126 D/FaceDetection/DetectionBasedTracker(  687): CascadeDetectorAdapter::Detect: begin
03-09 12:32:59.126 D/FaceDetection/DetectionBasedTracker(  687): CascadeDetectorAdapter::Detect: scaleFactor=1.10, minNeighbours=2, minObjSize=(144x144), maxObjSize=(2147483647x2147483647)
03-09 12:32:59.138 D/RockFFPlayerBase(  166): WARRNING: VSYNC THREAD can not get buffer to queue
03-09 12:32:59.140 E/BluetoothService(  687): onLeScan: device = 4E:D5:2B:62:2D:9C
03-09 12:32:59.140 E/BluetoothService(  687): onLeScan: device = 4E:D5:2B:62:2D:9C
03-09 12:32:59.141 E/BluetoothService(  687): onLeScan: device = 4E:D5:2B:62:2D:9C
03-09 12:32:59.161 E/BluetoothService(  687): onLeScan: device = 1D:3A:51:14:9B:65
03-09 12:32:59.161 E/BluetoothService(  687): onLeScan: device = 1D:3A:51:14:9B:65
03-09 12:32:59.161 E/BluetoothService(  687): onLeScan: device = 1D:3A:51:14:9B:65
03-09 12:32:59.166 D/FaceDetection/DetectionBasedTracker(  687): CascadeDetectorAdapter::Detect: end
03-09 12:32:59.172 D/RockFFPlayerBase(  166): WARRNING: VSYNC THREAD can not get buffer to queue
03-09 12:32:59.180 E/BluetoothService(  687): onLeScan: device = 16:90:10:52:24:A7
03-09 12:32:59.180 E/BluetoothService(  687): onLeScan: device = 16:90:10:52:24:A7
03-09 12:32:59.180 E/BluetoothService(  687): onLeScan: device = 16:90:10:52:24:A7
03-09 12:32:59.187 E/BluetoothService(  687): onLeScan: device = 0B:95:C9:9D:72:1C
03-09 12:32:59.187 E/BluetoothService(  687): onLeScan: device = 0B:95:C9:9D:72:1C
03-09 12:32:59.187 E/BluetoothService(  687): onLeScan: device = 0B:95:C9:9D:72:1C
03-09 12:32:59.196 E/BluetoothService(  687): onLeScan: device = 33:48:39:32:D9:47
03-09 12:32:59.196 E/BluetoothService(  687): onLeScan: device = 33:48:39:32:D9:47
03-09 12:32:59.196 E/BluetoothService(  687): onLeScan: device = 33:48:39:32:D9:47
03-09 12:32:59.207 D/FaceDetection/DetectionBasedTracker(  687): Java_org_opencv_samples_facedetect_DetectionBasedTracker_nativeDetect
03-09 12:32:59.207 D/RockFFPlayerBase(  166): WARRNING: VSYNC THREAD can not get buffer to queue
03-09 12:32:59.208 D/FaceDetection/DetectionBasedTracker(  687): Java_org_opencv_samples_facedetect_DetectionBasedTracker_nativeDetect END
03-09 12:32:59.208 D/FaceDetection/DetectionBasedTracker(  687): CascadeDetectorAdapter::Detect: begin
03-09 12:32:59.208 D/FaceDetection/DetectionBasedTracker(  687): CascadeDetectorAdapter::Detect: scaleFactor=1.10, minNeighbours=2, minObjSize=(144x144), maxObjSize=(2147483647x2147483647)
03-09 12:32:59.211 E/BluetoothService(  687): onLeScan: device = 75:0C:01:39:72:FC
03-09 12:32:59.211 E/BluetoothService(  687): onLeScan: device = 75:0C:01:39:72:FC
03-09 12:32:59.211 E/BluetoothService(  687): onLeScan: device = 75:0C:01:39:72:FC
03-09 12:32:59.235 D/FaceDetection/DetectionBasedTracker(  687): CascadeDetectorAdapter::Detect: end
03-09 12:32:59.259 D/RockFFPlayerBase(  166): WARRNING: VSYNC THREAD can not get buffer to queue
03-09 12:32:59.273 E/BluetoothService(  687): onLeScan: device = 64:B2:02:E0:F1:AD
03-09 12:32:59.273 E/BluetoothService(  687): onLeScan: device = 64:B2:02:E0:F1:AD
03-09 12:32:59.273 E/BluetoothService(  687): onLeScan: device = 64:B2:02:E0:F1:AD
03-09 12:32:59.289 E/BluetoothService(  687): onLeScan: device = 62:56:D6:B8:CC:71
03-09 12:32:59.290 E/BluetoothService(  687): onLeScan: device = 62:56:D6:B8:CC:71
03-09 12:32:59.290 E/BluetoothService(  687): onLeScan: device = 62:56:D6:B8:CC:71
03-09 12:32:59.290 D/FaceDetection/DetectionBasedTracker(  687): Java_org_opencv_samples_facedetect_DetectionBasedTracker_nativeDetect
03-09 12:32:59.291 D/FaceDetection/DetectionBasedTracker(  687): Java_org_opencv_samples_facedetect_DetectionBasedTracker_nativeDetect END
03-09 12:32:59.291 D/FaceDetection/DetectionBasedTracker(  687): CascadeDetectorAdapter::Detect: begin
03-09 12:32:59.291 D/FaceDetection/DetectionBasedTracker(  687): CascadeDetectorAdapter::Detect: scaleFactor=1.10, minNeighbours=2, minObjSize=(144x144), maxObjSize=(2147483647x2147483647)
03-09 12:32:59.293 D/RockFFPlayerBase(  166): WARRNING: VSYNC THREAD can not get buffer to queue
03-09 12:32:59.295 E/BluetoothService(  687): onLeScan: device = 0B:95:C9:9D:72:1C
03-09 12:32:59.295 E/BluetoothService(  687): onLeScan: device = 0B:95:C9:9D:72:1C
03-09 12:32:59.296 E/BluetoothService(  687): onLeScan: device = 0B:95:C9:9D:72:1C
03-09 12:32:59.300 E/BluetoothService(  687): onLeScan: device = 33:48:39:32:D9:47
03-09 12:32:59.300 E/BluetoothService(  687): onLeScan: device = 33:48:39:32:D9:47
03-09 12:32:59.300 E/BluetoothService(  687): onLeScan: device = 33:48:39:32:D9:47
03-09 12:32:59.316 E/BluetoothService(  687): onLeScan: device = 2E:BD:01:AF:E7:67
03-09 12:32:59.316 E/BluetoothService(  687): onLeScan: device = 2E:BD:01:AF:E7:67
03-09 12:32:59.316 E/BluetoothService(  687): onLeScan: device = 2E:BD:01:AF:E7:67
03-09 12:32:59.320 E/BluetoothService(  687): onLeScan: device = 00:81:F9:88:9B:A5
03-09 12:32:59.320 E/BluetoothService(  687):      curDev:BeaconTag{beaconNo=0, BeaconAddr='00:81:F9:88:9B:A5', BeaconType='null', BeaconData=4}
03-09 12:32:59.321 I/BluetoothService(  687):  4---->0 
03-09 12:32:59.321 E/BluetoothService(  687): onLeScan: device = 00:81:F9:88:9B:A5
03-09 12:32:59.321 E/BluetoothService(  687):      curDev:BeaconTag{beaconNo=0, BeaconAddr='00:81:F9:88:9B:A5', BeaconType='null', BeaconData=4}
03-09 12:32:59.322 I/BluetoothService(  687):  4---->0 
03-09 12:32:59.322 E/BluetoothService(  687): onLeScan: device = 00:81:F9:88:9B:A5
03-09 12:32:59.322 E/MainActivity(  687): onReceive --------------1 onReceive: intentNo = 4,isPlayingBeaconEvent = true
03-09 12:32:59.322 E/MotionDetectorService(  687): startDetect: 
03-09 12:32:59.322 E/MainActivityPlayModel(  687): startPlay:  isEco =-1
03-09 12:32:59.328 D/RockFFPlayerBase(  166): WARRNING: VSYNC THREAD can not get buffer to queue
03-09 12:32:59.331 D/FaceDetection/DetectionBasedTracker(  687): CascadeDetectorAdapter::Detect: end
03-09 12:32:59.331 D/CameraBridge(  687): call checkCurrentState
03-09 12:32:59.343 D/RockFFPlayer(  166): stop
03-09 12:32:59.343 D/RockFFPlayerBase(  166): dumpStatus(): Started
03-09 12:32:59.343 D/RockFFPlayer(  166): stop_l
03-09 12:32:59.343 D/RockFFPlayer(  166): enter enqueueMessage
03-09 12:32:59.343 D/RockFFPlayer(  166): enqueueMessage:****1
03-09 12:32:59.343 D/RockFFPlayer(  166): enqueueMessage:****2
03-09 12:32:59.343 D/RockFFPlayer(  166): enqueueMessage:****3
03-09 12:32:59.343 D/RockFFPlayer(  166): enqueueMessage:Message 1,set signal
03-09 12:32:59.343 D/RockFFPlayer(  166): enqueueMessage:sync wait
03-09 12:32:59.343 D/RockFFPlayer(  166): deliverMessage 
03-09 12:32:59.343 D/RockFFPlayer(  166): run : dequeueMessage Message 4
03-09 12:32:59.343 D/RockFFPlayer(  166): CMD_STOP
03-09 12:32:59.343 D/RockFFPlayer(  166): doStop()*****
03-09 12:32:59.343 D/RockFFPlayerBase(  166): dumpStatus(): Started
03-09 12:32:59.343 D/RockFFPlayerBase(  166): dumpStatus(): Stop
03-09 12:32:59.343 D/RockFFPlayer(  166): doRelease()************
03-09 12:32:59.343 I/FFIDecoder(  166): waiting on end of decoder thread
03-09 12:32:59.343 E/FFMpegThread(  166): DecoderAudio,wait
03-09 12:32:59.343 D/FFMpegThread(  166): DecoderAudio:wait at pthread_join
03-09 12:32:59.343 E/TraceThread(  166):     DecoderAudio(tid = 3102156984)--> [UID=c7262567] pthread_join begin
03-09 12:32:59.344 I/DecodeAudio(  166): decoding audio ended
03-09 12:32:59.344 D/FFMpegThread(  166): DecoderAudio:thread ended
03-09 12:32:59.344 E/TraceThread(  166):     DecoderAudio(tid = 3102156984)--> [UID=c7262567] pthread_join end
03-09 12:32:59.344 E/FFMpegThread(  166): DecoderAudio:wait ok mThreadStatus=-1
03-09 12:32:59.344 I/FFIDecoder(  166): waiting on end of decoder thread
03-09 12:32:59.344 D/FFMpegThread(  166): DecoderVideo:thread ended
03-09 12:32:59.344 E/FFMpegThread(  166): DecoderVideo,wait
03-09 12:32:59.344 D/FFMpegThread(  166): DecoderVideo:wait at pthread_join
03-09 12:32:59.344 E/TraceThread(  166):     DecoderVideo(tid = 3102157568)--> [UID=c7262567] pthread_join begin
03-09 12:32:59.344 E/TraceThread(  166):     DecoderVideo(tid = 3102157568)--> [UID=c7262567] pthread_join end
03-09 12:32:59.344 E/FFMpegThread(  166): DecoderVideo:wait ok mThreadStatus=-1
03-09 12:32:59.344 E/RockFFPlayerBase(  166): FFMPlayerBase::flushRenderQueue in
03-09 12:32:59.344 E/RockFFPlayerBase(  166): FFMPlayerBase::flushRenderQueue out
03-09 12:32:59.344 E/TraceThread(  166):    RkFrameManage(tid = 3104269112)--> [UID=c7262567] pthread_join begin
03-09 12:32:59.345 I/RockFFPlayer(  166): readthread end of playing
03-09 12:32:59.370 D/skia    (  687): onFlyCompress
03-09 12:32:59.374 D/FrameManage(  166): FrameQueueManage::Displayframe stoped
03-09 12:32:59.374 E/TraceThread(  166):    RkFrameManage(tid = 3104269112)--> [UID=c7262567] pthread_join end
03-09 12:32:59.374 I/FrameManage(  166): RkFrameManage::~RkFrameManage end!
03-09 12:32:59.374 D/RenderBase(  166): powerControl write: 0,width=720,height=480,ishevc=0,videoFramerate=0,streamBitrate=0
03-09 12:32:59.374 E/RenderShared(  166): ~RkRenderer in
03-09 12:32:59.374 E/RenderShared(  166): ~RkRenderer out
03-09 12:32:59.374 D/NativeWindowBuffer(  166): Calling cancelBuffer on buffer 0x3f hanlde( 0xb90b7728 )
03-09 12:32:59.375 D/NativeWindowBuffer(  166): Calling cancelBuffer on buffer 0x40 hanlde( 0xb90b79f0 )
03-09 12:32:59.375 D/NativeWindowBuffer(  166): Calling cancelBuffer on buffer 0x41 hanlde( 0xb90b7b90 )
03-09 12:32:59.375 D/NativeWindowBuffer(  166): Calling cancelBuffer on buffer 0x42 hanlde( 0xb90b7d30 )
03-09 12:32:59.375 D/NativeWindowBuffer(  166): Calling cancelBuffer on buffer 0x43 hanlde( 0xb90b7ed0 )
03-09 12:32:59.375 D/NativeWindowBuffer(  166): Calling cancelBuffer on buffer 0x44 hanlde( 0xb90b78c8 )
03-09 12:32:59.375 D/NativeWindowBuffer(  166): Calling cancelBuffer on buffer 0x45 hanlde( 0xb9072e28 )
03-09 12:32:59.376 D/NativeWindowBuffer(  166): Calling cancelBuffer on buffer 0x46 hanlde( 0xb9072fc8 )
03-09 12:32:59.376 D/NativeWindowBuffer(  166): Calling cancelBuffer on buffer 0x47 hanlde( 0xb9073168 )
03-09 12:32:59.376 D/NativeWindowBuffer(  166): Calling cancelBuffer on buffer 0x48 hanlde( 0xb9073518 )
03-09 12:32:59.376 D/NativeWindowBuffer(  166): Calling cancelBuffer on buffer 0x49 hanlde( 0xb90736b8 )
03-09 12:32:59.376 D/NativeWindowBuffer(  166): Calling cancelBuffer on buffer 0x4a hanlde( 0xb9073858 )
03-09 12:32:59.377 D/NativeWindowBuffer(  166): Calling cancelBuffer on buffer 0x4b hanlde( 0xb90739f8 )
03-09 12:32:59.377 D/NativeWindowBuffer(  166): Calling cancelBuffer on buffer 0x4c hanlde( 0xb8de2258 )
03-09 12:32:59.377 D/NativeWindowBuffer(  166): Calling cancelBuffer on buffer 0x4d hanlde( 0xb8de23f8 )
03-09 12:32:59.377 D/NativeWindowBuffer(  166): buffer already Cancled 0x4e handle( 0xb8de28e8 )
03-09 12:32:59.377 D/NativeWindowBuffer(  166): Calling cancelBuffer on buffer 0x4f hanlde( 0xb8de2a88 )
03-09 12:32:59.377 D/NativeWindowBuffer(  166): Calling cancelBuffer on buffer 0x50 hanlde( 0xb8de2c28 )
03-09 12:32:59.377 D/NativeWindowBuffer(  166): buffer already Cancled 0x51 handle( 0xb8de2dc8 )
03-09 12:32:59.377 D/NativeWindowBuffer(  166): buffer already Cancled 0x52 handle( 0xb8de2f68 )
03-09 12:32:59.377 D/NativeWindowBuffer(  166): buffer already Cancled 0x53 handle( 0xb9073390 )
03-09 12:32:59.377 D/NativeWindowBuffer(  166): Calling cancelBuffer on buffer 0x54 hanlde( 0xb8e2bfa0 )
03-09 12:32:59.378 D/NativeWindowBuffer(  166): buffer already Cancled 0x56 handle( 0xb8e2c170 )
03-09 12:32:59.378 D/NativeWindowBuffer(  166): Calling cancelBuffer on buffer 0x57 hanlde( 0xb8e2c340 )
03-09 12:32:59.378 D/NativeWindowBuffer(  166): Calling cancelBuffer on buffer 0x58 hanlde( 0xb8e2ca58 )
03-09 12:32:59.378 D/NativeWindowBuffer(  166): Calling cancelBuffer on buffer 0x59 hanlde( 0xb8de2510 )
03-09 12:32:59.378 D/NativeWindowBuffer(  166): Calling cancelBuffer on buffer 0x5a hanlde( 0xb8de26e0 )
03-09 12:32:59.379 D/NativeWindowBuffer(  166): Calling cancelBuffer on buffer 0x5b hanlde( 0xb8b5f9d0 )
03-09 12:32:59.379 D/NativeWindowBuffer(  166): Calling cancelBuffer on buffer 0x5c hanlde( 0xb8b5fba0 )
03-09 12:32:59.379 D/NativeWindowBuffer(  166): Calling cancelBuffer on buffer 0x5d hanlde( 0xb8b5fd70 )
03-09 12:32:59.379 D/NativeWindowBuffer(  166): Calling cancelBuffer on buffer 0x5e hanlde( 0xb8b5ff40 )
03-09 12:32:59.380 D/NativeWindowBuffer(  166): Calling cancelBuffer on buffer 0x5f hanlde( 0xb8b60110 )
03-09 12:32:59.380 D/HDMIManager(  166): HdmiManager disconstructor***************
03-09 12:32:59.387 I/vpu_mem_pool(  166): pid 166, close_vpu_memory_pool:552: 
03-09 12:32:59.387 D/FFMpegThread(  166): DecoderVideo:~PlayerThread enter mThreadStatus=-1
03-09 12:32:59.387 D/FFMpegThread(  166): DecoderAudio:~PlayerThread enter mThreadStatus=-1
03-09 12:32:59.387 D/RkAudioPlayer(  166): setAudioSlice 0
03-09 12:32:59.388 D/RockFFPlayer(  166): doRelease ok
03-09 12:32:59.388 D/RockFFPlayer(  166): doStop()*****OK
03-09 12:32:59.388 D/RockFFPlayer(  166): run : dequeueMessage Message 4 OK
03-09 12:32:59.388 D/RockFFPlayer(  166): Messagecomplete type [4]
03-09 12:32:59.388 D/RockFFPlayer(  166): run : Message 4 complete
03-09 12:32:59.388 D/RockFFPlayer(  166): enqueueMessage:sync wait ok
03-09 12:32:59.388 D/RockFFPlayer(  166): doRelease() clearQueue************
03-09 12:32:59.388 D/RockFFPlayer(  166): stop_l:MessageStop down
03-09 12:32:59.388 D/RockFFPlayerBase(  166): dumpStatus(): Stop
03-09 12:32:59.388 D/RockFFPlayer(  166): stop_l : create CancelThread
03-09 12:32:59.388 D/RockFFPlayer(  166): CancelThread start
03-09 12:32:59.388 D/RockFFPlayer(  166): stop_l :CancelThread create ok
03-09 12:32:59.388 D/RockFFPlayer(  166): stop_l buffer thread quit
03-09 12:32:59.388 E/RockFFPlayerBase(  166): closeContext : in
03-09 12:32:59.388 D/RockFFPlayerBase(  166): setSurfaceTexture in
03-09 12:32:59.388 E/RockFFPlayerBase(  166): closeContext : out
03-09 12:32:59.388 D/RockFFPlayer(  166): CancelThread end
03-09 12:32:59.388 D/RockFFPlayer(  166): CancelThread return
03-09 12:32:59.389 D/RockFFPlayerBase(  166): setSurfaceTexture out
03-09 12:32:59.395 D/RockFFPlayer(  166): reset()***********
03-09 12:32:59.395 D/RockFFPlayerBase(  166): dumpStatus(): Stop
03-09 12:32:59.395 D/RockFFPlayer(  166): enter enqueueMessage
03-09 12:32:59.395 D/RockFFPlayer(  166): enqueueMessage:****1
03-09 12:32:59.395 D/RockFFPlayer(  166): enqueueMessage:****2
03-09 12:32:59.395 D/RockFFPlayer(  166): enqueueMessage:****3
03-09 12:32:59.395 D/RockFFPlayer(  166): enqueueMessage:Message 1,set signal
03-09 12:32:59.395 D/RockFFPlayer(  166): enqueueMessage:sync wait
03-09 12:32:59.395 D/RockFFPlayer(  166): deliverMessage 
03-09 12:32:59.395 D/RockFFPlayer(  166): run : dequeueMessage Message 11
03-09 12:32:59.395 D/RockFFPlayer(  166): CMD_RESET
03-09 12:32:59.395 D/RockFFPlayerBase(  166): dumpStatus(): Idle
03-09 12:32:59.395 D/RockFFPlayer(  166): doReset ok
03-09 12:32:59.395 D/RockFFPlayer(  166): run : dequeueMessage Message 11 OK
03-09 12:32:59.395 D/RockFFPlayer(  166): Messagecomplete type [11]
03-09 12:32:59.395 D/RockFFPlayer(  166): run : Message 11 complete
03-09 12:32:59.395 D/RockFFPlayer(  166): enqueueMessage:sync wait ok
03-09 12:32:59.395 D/RockFFPlayer(  166): reset(),MessageReset down
03-09 12:32:59.395 D/RockFFPlayer(  166): signal thread out
03-09 12:32:59.395 D/RockFFPlayer(  166): sched_thread out
03-09 12:32:59.395 D/RockFFPlayer(  166): stop:wait is ok
03-09 12:32:59.395 D/RockFFPlayer(  166): stop:ok
03-09 12:32:59.395 D/RockFFPlayer(  166): ~RkMessageQueue
03-09 12:32:59.395 E/FFPlayer(  166): ~FFPlayer
03-09 12:32:59.395 D/RockFFPlayer(  166): reset()***********
03-09 12:32:59.395 D/RockFFPlayerBase(  166): dumpStatus(): Idle
03-09 12:32:59.395 D/RockFFPlayer(  166): CurrentStatus is IDLE,already reset
03-09 12:32:59.395 D/RockFFPlayer(  166): ~FFMPlayer*******
03-09 12:32:59.395 D/RockFFPlayer(  166): reset()***********
03-09 12:32:59.395 D/RockFFPlayerBase(  166): dumpStatus(): Idle
03-09 12:32:59.395 D/RockFFPlayer(  166): CurrentStatus is IDLE,already reset
03-09 12:32:59.395 D/RockFFPlayer(  166): ~FFMPlayer:CancelThread
03-09 12:32:59.395 D/RockFFPlayer(  166): ~FFMediaSource
03-09 12:32:59.395 D/RockFFPlayer(  166): FFMediaSource context null. 
03-09 12:32:59.395 E/TraceThread(  166):     VsyncReciver(tid = 3100258824)--> [UID=c7262567] pthread_join begin-->player = 0xb8cdf120
03-09 12:32:59.397 E/TraceThread(  166):     VsyncReciver(tid = 3100258824)--> [UID=c7262567] pthread_join   end-->player = 0xb8cdf120
03-09 12:32:59.397 D/VsyncReciver(  166): stop_l:vsyncThread down
03-09 12:32:59.397 E/TraceThread(  166):     RockFFPlayer(tid = 3098114288)--> [UID=c7262567] ~FFMPlayer Destruction; object=0xb8cdf120
03-09 12:32:59.397 D/RockFFPlayer(  166): ~FFMPlayer***end
03-09 12:32:59.397 D/RockFFPlayerBase(  166): ~FFMPlayerBase(():mDequeueThread down
03-09 12:32:59.397 D/RockFFPlayerBase(  166): ~RkMessageHandler
03-09 12:32:59.401 E/MainActivityPlayModel(  687): updateSelectedList: isPlayingBeaconEvent = true,beaconTagNo = 4
03-09 12:32:59.421 I/MainActivityPlayModel(  687): playNext 0 1
03-09 12:32:59.421 I/MainActivityPlayModel(  687): playNext exexex 
03-09 12:32:59.422 E/MainActivityPlayModel(  687): handleMessage: 2020-03-09,12:32:59,Beacon,/mnt/internal_sd/WARNING/手洗い_スタンバイ画面.mp4
03-09 12:32:59.422 I/System.out(  687): cr
03-09 12:32:59.427 E/MainActivityPlayModel(  687): Beacon Play---------- ----------------startPlay:开始播放
03-09 12:32:59.427 E/MainActivity(  687): onReceive --------------1 onReceive: intentNo = 4,isPlayingBeaconEvent = true
03-09 12:32:59.427 E/BluetoothService(  687): onLeScan: device = 1D:3A:51:14:9B:65
03-09 12:32:59.427 E/BluetoothService(  687): onLeScan: device = 1D:3A:51:14:9B:65
03-09 12:32:59.427 E/BluetoothService(  687): onLeScan: device = 1D:3A:51:14:9B:65
03-09 12:32:59.427 E/BluetoothService(  687): onLeScan: device = 16:90:10:52:24:A7
03-09 12:32:59.427 E/BluetoothService(  687): onLeScan: device = 16:90:10:52:24:A7
03-09 12:32:59.427 E/BluetoothService(  687): onLeScan: device = 16:90:10:52:24:A7
03-09 12:32:59.435 E/BluetoothService(  687): onLeScan: device = 4E:D5:2B:62:2D:9C
03-09 12:32:59.435 E/BluetoothService(  687): onLeScan: device = 4E:D5:2B:62:2D:9C
03-09 12:32:59.435 E/BluetoothService(  687): onLeScan: device = 4E:D5:2B:62:2D:9C
03-09 12:32:59.435 E/BluetoothService(  687): onLeScan: device = 2E:BD:01:AF:E7:67
03-09 12:32:59.435 E/BluetoothService(  687): onLeScan: device = 2E:BD:01:AF:E7:67
03-09 12:32:59.435 E/BluetoothService(  687): onLeScan: device = 2E:BD:01:AF:E7:67
03-09 12:32:59.435 E/BluetoothService(  687): onLeScan: device = 00:81:F9:88:9B:A5
03-09 12:32:59.435 E/BluetoothService(  687):      curDev:BeaconTag{beaconNo=0, BeaconAddr='00:81:F9:88:9B:A5', BeaconType='null', BeaconData=0}
03-09 12:32:59.435 E/BluetoothService(  687): onLeScan: device = 00:81:F9:88:9B:A5
03-09 12:32:59.435 E/BluetoothService(  687):      curDev:BeaconTag{beaconNo=0, BeaconAddr='00:81:F9:88:9B:A5', BeaconType='null', BeaconData=0}
03-09 12:32:59.435 E/BluetoothService(  687): onLeScan: device = 00:81:F9:88:9B:A5
03-09 12:32:59.435 E/MainActivityPlayModel(  687): handleMessage8888
03-09 12:32:59.436 D/ISOManager(  687): isBDDirectory(), pathStr = /mnt/internal_sd/WARNING/手洗い_スタンバイ画面.mp4
03-09 12:32:59.436 D/ISOManager(  687): isBDDirectory(), path = /mnt/internal_sd/WARNING/手洗い_スタンバイ画面.mp4
03-09 12:32:59.437 I/MediaPlayerFactory(  166):  createFFPlayer
03-09 12:32:59.437 E/        (  166): isBluray(), extension = .mp4
03-09 12:32:59.437 E/FFPlayerHelper(  166): isBDDirectory() ,path = /mnt/internal_sd/warning/手洗い_スタンバイ画面.mp4
03-09 12:32:59.437 E/FFPlayerHelper(  166): isBDDirectory(): no BDMV
03-09 12:32:59.437 E/RockFFPlayerBase(  166): MediaServer is SP_FOREGROUND, tid=166
03-09 12:32:59.438 E/FFPlayerHelper(  166): efuse open fail
03-09 12:32:59.438 D/RkExtensionPlayer(  166): RkExtensionPlayer in
03-09 12:32:59.438 E/RkExtensionPlayer(  166): createDirectory(), path = /tmp/subtitle/
03-09 12:32:59.438 E/RkExtensionPlayer(  166): createDirectory(), create directory = /tmp/subtitle/ fail,reson = Invalid argument
03-09 12:32:59.438 E/RkExtensionPlayer(  166): createDirectory(), path = /data/subtitle/
03-09 12:32:59.438 E/RkExtensionPlayer(  166): createDirectory(), directory = /data/subtitle/ already exist
03-09 12:32:59.439 E/TraceThread(  166): TraceThread::randomUID() --> [UID=931e7104]
03-09 12:32:59.439 E/TraceThread(  166):     RockFFPlayer(tid = 3070127084)--> [UID=931e7104] FFMPlayer Construction; object=0xb8ca2648
03-09 12:32:59.439 D/RockFFPlayer(  166): setDataSource fd = 17, offset =0,length = 71554
03-09 12:32:59.439 D/RockFFPlayer(  166): start:create thread
03-09 12:32:59.439 D/RockFFPlayer(  166): RkMessageQueue::run()
03-09 12:32:59.439 E/TraceThread(  166):     VsyncReciver(tid = 3102190400)--> [UID=931e7104] VsyncReciver::startthread
03-09 12:32:59.439 D/RockFFPlayer(  166): start:create thread ok,mThreadStatus=0
03-09 12:32:59.439 D/RockFFPlayer(  166): enter enqueueMessage
03-09 12:32:59.439 D/RockFFPlayer(  166): enqueueMessage:****1
03-09 12:32:59.439 D/RockFFPlayer(  166): enqueueMessage:****2
03-09 12:32:59.439 D/RockFFPlayer(  166): enqueueMessage:****3
03-09 12:32:59.439 D/RockFFPlayer(  166): enqueueMessage:Message 1,set signal
03-09 12:32:59.439 D/RockFFPlayer(  166): enqueueMessage:sync wait
03-09 12:32:59.439 D/RockFFPlayer(  166): deliverMessage 
03-09 12:32:59.439 D/RockFFPlayer(  166): run : dequeueMessage Message 20
03-09 12:32:59.439 D/RockFFPlayer(  166): CMD_CURRENTSTATUS
03-09 12:32:59.439 D/RockFFPlayerBase(  166): dumpStatus(): Initialized
03-09 12:32:59.439 D/RockFFPlayer(  166): run : dequeueMessage Message 20 OK
03-09 12:32:59.439 D/RockFFPlayer(  166): Messagecomplete type [20]
03-09 12:32:59.439 D/RockFFPlayer(  166): run : Message 20 complete
03-09 12:32:59.439 D/RockFFPlayer(  166): enqueueMessage:sync wait ok
03-09 12:32:59.440 D/RockFFPlayerBase(  166): setSurfaceTexture in
03-09 12:32:59.440 D/RockFFPlayerBase(  166): setSurfaceTexture out
03-09 12:32:59.440 D/RockFFPlayer(  166): prepareAsync in
03-09 12:32:59.440 D/RockFFPlayerBase(  166): dumpStatus(): Initialized
03-09 12:32:59.440 D/RockFFPlayerBase(  166): dumpStatus(): Preparing
03-09 12:32:59.440 I/FFPlayer_Version(  166): ******************************************
03-09 12:32:59.440 I/FFPlayer_Version(  166): 
03-09 12:32:59.440 I/FFPlayer_Version(  166): starting main player: 2016-05-30-04:46:02
03-09 12:32:59.440 I/FFPlayer_Version(  166): ffPlayer is Built for BOARD_RK312X
03-09 12:32:59.440 I/FFPlayer_Version(  166): 
03-09 12:32:59.440 I/FFPlayer_Version(  166): ******************************************
03-09 12:32:59.440 I/RockFFPlayer(  166): setDataSource(url =file/fd::17,offset::0)
03-09 12:32:59.440 I/RockFFPlayer(  166): setDataSource(fileurl =/mnt/internal_sd/warning/手洗い_スタンバイ画面.mp4)
03-09 12:32:59.440 D/RockFFPlayer(  166): prepareAsync ok
03-09 12:32:59.440 E/RockFFPlayerBase(  166): openContext : in
03-09 12:32:59.440 E/RockFFPlayer(  166): ffmpeg version 10-26
03-09 12:32:59.440 E/RockFFPlayer(  166): av_probe_input_buffer:avio_read
03-09 12:32:59.440 I/RockFFPlayer(  166): flv_probe get probe score: 0
03-09 12:32:59.441 E/RockFFPlayer(  166): Hery, probe size = 3
03-09 12:32:59.441 E/RockFFPlayer(  166): avformat_open_input:read_header
03-09 12:32:59.443 E/RockFFPlayer(  166): warning: mov too few keyframe, num: 1
03-09 12:32:59.443 D/RockFFPlayer(  166): ff notify mov use seek any flag
03-09 12:32:59.443 E/RockFFPlayer(  166): avformat_open_input:read_header ok
03-09 12:32:59.443 D/RkExtensionPlayer(  166): openContext in
03-09 12:32:59.443 E/RkExtensionPlayer(  166): autoDetect(): path = /mnt/internal_sd/warning/手洗い_スタンバイ画面.mp4
03-09 12:32:59.443 E/FFPlayerHelper(  166): isNetWorkUrl: url = /mnt/internal_sd/warning/手洗い_スタンバイ画面.mp4
03-09 12:32:59.443 E/RkExtensionPlayer(  166): autoDetect(): directory = /mnt/internal_sd/warning
03-09 12:32:59.443 E/RkExtensionPlayer(  166): autoDetect(): prefix = /mnt/internal_sd/warning/手洗い_スタンバイ画面
03-09 12:32:59.443 E/RkExtensionPlayer(  166): autoDetect(): fileName = 手洗い_スタンバイ画面
03-09 12:32:59.443 E/RkExtensionPlayer(  166): dr->d_name = 手洗い_スタンバイ画面.mp4
03-09 12:32:59.443 E/RkExtensionPlayer(  166): subPrefix = 手洗い_スタンバイ画面
03-09 12:32:59.443 D/RkExtensionPlayer(  166): openContext out,mTrackInfos size = 0
03-09 12:32:59.443 E/RockFFPlayerBase(  166): openContext : out,ret = 0
03-09 12:32:59.444 D/RockFFPlayer(  166): setDataSource:set local video property=1
03-09 12:32:59.444 E/RockFFPlayer(  166): Hery, s->iformat->name = mov,mp4,m4a,3gp,3g2,mj2
03-09 12:32:59.444 D/RockFFPlayer(  166): There is not appleHls need find video Info
03-09 12:32:59.447 E/RockFFPlayer(  166): MOV -->  mov_check_read_policy --> videouri =file/fd::17,offset::0
03-09 12:32:59.448 E/RockFFPlayer(  166): read_size = 36834
03-09 12:32:59.448 E/RockFFPlayer(  166): update_stream_timings: st[-1194708552].duration = 124928
03-09 12:32:59.448 E/RockFFPlayer(  166): update_stream_timings: st[-1194708552].duration = 154154
03-09 12:32:59.448 E/RockFFPlayer(  166): update_stream_timings: st[-1194708552].duration = 124928
03-09 12:32:59.448 E/RockFFPlayer(  166): update_stream_timings: st[-1194708552].duration = 154154
03-09 12:32:59.448 E/RockFFPlayer(  166): estimate_timings:0: start_time: 0.000 duration: 0.125,base_time.den=48000,base_time.num=1
03-09 12:32:59.448 E/RockFFPlayer(  166): estimate_timings:1: start_time: 0.000 duration: 0.154,base_time.den=60000,base_time.num=1
03-09 12:32:59.448 E/RockFFPlayer(  166): stream: start_time: 0.000 duration: 2.603 bitrate=219 kb/s
03-09 12:32:59.448 E/RockFFPlayer(  166): avformat_find_stream_info:find_stream_info_err:free info,ok
03-09 12:32:59.448 E/RockFFPlayer(  166): avformat_find_stream_info:find_stream_info_err:free info,ok
03-09 12:32:59.448 E/RockFFPlayer(  166): s->streams[0]->codec->codec_type = 1
03-09 12:32:59.448 E/RockFFPlayer(  166): s->streams[0]->codec->probe_packets = 2500
03-09 12:32:59.448 E/RockFFPlayer(  166): s->streams[0]->codec->codec_info_nb_frames = 46
03-09 12:32:59.448 E/RockFFPlayer(  166): s->streams[1]->codec->codec_type = 0
03-09 12:32:59.448 E/RockFFPlayer(  166): s->streams[1]->codec->probe_packets = 2500
03-09 12:32:59.448 E/RockFFPlayer(  166): s->streams[1]->codec->codec_info_nb_frames = 1
03-09 12:32:59.448 E/RockFFPlayer(  166): audio name  = aac
03-09 12:32:59.448 E/RockFFPlayer(  166): is3DVideo()
03-09 12:32:59.448 D/RockFFPlayer(  166): AudioStartTime=0,VideoStartTime=0,tmpTime=0
03-09 12:32:59.448 E/RockFFPlayer(  166): Hery, s->duration = 2602600.000000
03-09 12:32:59.448 I/RockFFPlayer(  166): Input #0, mov,mp4,m4a,3gp,3g2,mj2, from 'file/fd::17,offset::0':
03-09 12:32:59.448 I/RockFFPlayer(  166):   Metadata:
03-09 12:32:59.448 I/RockFFPlayer(  166):     major_brand     : 
03-09 12:32:59.448 I/RockFFPlayer(  166): mp42
03-09 12:32:59.449 I/RockFFPlayer(  166): 
03-09 12:32:59.449 I/RockFFPlayer(  166):     minor_version   : 
03-09 12:32:59.449 I/RockFFPlayer(  166): 0
03-09 12:32:59.449 I/RockFFPlayer(  166): 
03-09 12:32:59.449 I/RockFFPlayer(  166):     compatible_brands: 
03-09 12:32:59.449 I/RockFFPlayer(  166): mp42isomavc1
03-09 12:32:59.449 I/RockFFPlayer(  166): 
03-09 12:32:59.449 I/RockFFPlayer(  166):     creation_time   : 
03-09 12:32:59.449 I/RockFFPlayer(  166): 2020-02-25 04:17:55
03-09 12:32:59.449 I/RockFFPlayer(  166): 
03-09 12:32:59.449 I/RockFFPlayer(  166):   Duration: 
03-09 12:32:59.449 I/RockFFPlayer(  166): 00:00:02.60
03-09 12:32:59.449 I/RockFFPlayer(  166): , start: 
03-09 12:32:59.449 I/RockFFPlayer(  166): 0.000000
03-09 12:32:59.449 I/RockFFPlayer(  166): , bitrate: 
03-09 12:32:59.449 I/RockFFPlayer(  166): 219 kb/s
03-09 12:32:59.449 I/RockFFPlayer(  166): 
03-09 12:32:59.449 I/RockFFPlayer(  166):     Stream #0:0
03-09 12:32:59.449 I/RockFFPlayer(  166): (und)
03-09 12:32:59.449 I/RockFFPlayer(  166): : Audio: aac (mp4a / 0x6134706D), 48000 Hz, stereo, s16, 125 kb/s
03-09 12:32:59.449 I/RockFFPlayer(  166): 
03-09 12:32:59.449 I/RockFFPlayer(  166):     Metadata:
03-09 12:32:59.449 I/RockFFPlayer(  166):       creation_time   : 
03-09 12:32:59.449 I/RockFFPlayer(  166): 2020-02-25 04:17:55
03-09 12:32:59.449 I/RockFFPlayer(  166): 
03-09 12:32:59.449 I/RockFFPlayer(  166):       handler_name    : 
03-09 12:32:59.449 I/RockFFPlayer(  166): Sound Media Handler
03-09 12:32:59.449 I/RockFFPlayer(  166): 
03-09 12:32:59.449 I/RockFFPlayer(  166):     Stream #0:1
03-09 12:32:59.449 I/RockFFPlayer(  166): (und)
03-09 12:32:59.449 I/RockFFPlayer(  166): : Video: h264 (avc1 / 0x31637661), 1280x800, 87 kb/s
03-09 12:32:59.449 I/RockFFPlayer(  166): , 29.97 fps
03-09 12:32:59.449 I/RockFFPlayer(  166): , 29.97 tbr
03-09 12:32:59.449 I/RockFFPlayer(  166): , 60k tbn
03-09 12:32:59.449 I/RockFFPlayer(  166): , 120k tbc
03-09 12:32:59.449 I/RockFFPlayer(  166): 
03-09 12:32:59.449 I/RockFFPlayer(  166):     Metadata:
03-09 12:32:59.449 I/RockFFPlayer(  166):       creation_time   : 
03-09 12:32:59.449 I/RockFFPlayer(  166): 2020-02-25 04:17:55
03-09 12:32:59.449 I/RockFFPlayer(  166): 
03-09 12:32:59.449 I/RockFFPlayer(  166):       handler_name    : 
03-09 12:32:59.449 I/RockFFPlayer(  166): Video Media Handler
03-09 12:32:59.449 I/RockFFPlayer(  166): 
03-09 12:32:59.449 D/RockFFPlayer(  166): prepare_l:start decode and read Thread
03-09 12:32:59.450 D/RockFFPlayer(  166): enter enqueueMessage
03-09 12:32:59.450 D/RockFFPlayer(  166): enqueueMessage:****1
03-09 12:32:59.450 D/RockFFPlayer(  166): enqueueMessage:****2
03-09 12:32:59.450 D/RockFFPlayer(  166): enqueueMessage:****3
03-09 12:32:59.450 D/RockFFPlayer(  166): enqueueMessage:Message 1,set signal
03-09 12:32:59.450 D/RockFFPlayer(  166): enqueueMessage:sync wait
03-09 12:32:59.450 D/RockFFPlayer(  166): deliverMessage 
03-09 12:32:59.450 D/RockFFPlayer(  166): run : dequeueMessage Message 1
03-09 12:32:59.450 D/RockFFPlayer(  166): CMD_PREPARE
03-09 12:32:59.450 I/RockFFPlayer(  166): doPrepare in
03-09 12:32:59.450 I/RockFFPlayer(  166): prepareVideo
03-09 12:32:59.450 E/CrFeatureHelper(  166): check_avtone_library --> Error:2 No such file or directory
03-09 12:32:59.450 D/FFPlayerHelper(  166): CrFeatureHelper --> name = avc1,tag = 828601953
03-09 12:32:59.450 E/CrFeatureHelper(  166): check_avtone_library --> Error:2 No such file or directory
03-09 12:32:59.450 D/FFPlayerHelper(  166): CrFeatureHelper --> name = avc1,tag = 828601953
03-09 12:32:59.450 D/FFPlayerHelper(  166):  ====================errno = No such file or directory
03-09 12:32:59.450 D/RockFFPlayerBase(  166): open MediaDecoder.cfg failed,so can't config anything
03-09 12:32:59.450 D/RockFFPlayerBase(  166): File not exists!
03-09 12:32:59.450 D/RockFFPlayer(  166): local video bitrate is 219 kbps
03-09 12:32:59.450 D/RockFFPlayer(  166): avg.frame.den=1001,avg.frame.num=30000
03-09 12:32:59.450 D/RockFFPlayer(  166): timebase.den=60000,timebase.num=1
03-09 12:32:59.450 D/RockFFPlayer(  166): codecbase.den=120000,codecbase.num=1
03-09 12:32:59.450 D/RockFFPlayer(  166): getVideoFrameRate: use avg frame rate: 29.970030
03-09 12:32:59.450 D/RockFFPlayer(  166): getVideoFrameRate:frameRate=29.970030
03-09 12:32:59.450 D/HDMIManager(  166): unkonwn connection state
03-09 12:32:59.450 D/HDMIManager(  166): TV/HDMI mode fd open failed
03-09 12:32:59.450 D/RockFFPlayer(  166): Video stream frame rate = 29.970030
03-09 12:32:59.450 D/RockFFPlayer(  166): Video stream codec_id = 28
03-09 12:32:59.452 I/RockFFPlayer(  166): prepareVideo, w: 1280, h: 800,mVFrameRate 29.970030
03-09 12:32:59.452 D/RenderBase(  166): powerControl write: 1,width=1280,height=800,ishevc=0,videoFramerate=0,streamBitrate=0
03-09 12:32:59.452 D/RenderShared(  166): RkRendererShared(): format = 22,bufWidth = 1280,bufHeight = 800
03-09 12:32:59.452 D/RenderShared(  166): RkRendererShared(): IOMMU open rga *******************
03-09 12:32:59.452 D/RenderShared(  166): RkRendererShared transform = 0
03-09 12:32:59.452 D/RockFFPlayerBase(  166): initRender(1324) new render ok
03-09 12:32:59.452 D/HDMIManager(  166): HdmiManager constructor***************
03-09 12:32:59.452 E/HDMIManager(  166): get3DMode**********
03-09 12:32:59.453 E/HDMIManager(  166): send**********
03-09 12:32:59.453 E/HDMIManager(  166): send(): cmd = 0 mode get3dmode 0 HDMI
03-09 12:32:59.453 D/CommandListener(  158): :ModeCmd::runCommand argv[1] = get3dmode
03-09 12:32:59.453 E/HDMIManager(  166): getReply(): 501 0 Missing iface
03-09 12:32:59.453 E/HDMIManager(  166): parseReply(): 501 0 Missing iface
03-09 12:32:59.453 E/HDMIManager(  166): parseReply(): mCode = 501,mStatus = 0,mReply = Missing iface
03-09 12:32:59.453 E/HDMIManager(  166): getResolution**********
03-09 12:32:59.453 D/HDMIManager(  166): unkonwn connection state
03-09 12:32:59.453 E/HDMIManager(  166): TV getMode(): open fail
03-09 12:32:59.453 E/HDMIManager(  166): getResolution**********
03-09 12:32:59.453 D/HDMIManager(  166): unkonwn connection state
03-09 12:32:59.453 E/HDMIManager(  166): TV getMode(): open fail
03-09 12:32:59.453 E/HDMIManager(  166): getAllResolution**********
03-09 12:32:59.453 E/HDMIManager(  166): getAllResolution(): open fail
03-09 12:32:59.453 D/HDMIManager(  166): setResolution(): width = 1920,height = 1080,frameRate = 30
03-09 12:32:59.453 D/HDMIManager(  166): setResolution(): support3D = 0,enale24 = 0
03-09 12:32:59.453 E/HDMIManager(  166): getResolution**********
03-09 12:32:59.453 D/HDMIManager(  166): unkonwn connection state
03-09 12:32:59.453 E/HDMIManager(  166): TV getMode(): open fail
03-09 12:32:59.453 D/HDMIManager(  166): unkonwn connection state
03-09 12:32:59.453 D/HDMIManager(  166): TV/HDMI mode fd open failed
03-09 12:32:59.453 I/RockFFPlayer(  166): prepareAudio
03-09 12:32:59.453 E/RockFFPlayer(  166): audio stream codec_id = 86018
03-09 12:32:59.453 D/RockFFPlayerBase(  166): open MediaDecoder.cfg failed,so can't config anything
03-09 12:32:59.453 D/RockFFPlayerBase(  166): File not exists!
03-09 12:32:59.456 D/RockFFPlayer(  166): initAudioPlayer
03-09 12:32:59.457 D/RockFFPlayer(  166): initAudioPlayer getOutputMode  passThrough = 0
03-09 12:32:59.457 D/RockFFPlayer(  166): enable the audio resample
03-09 12:32:59.457 D/RockFFPlayerBase(  166): setAudioOutputMode output_mode = 0
03-09 12:32:59.457 D/RkAudioPlayer(  166): setAudioSlice 0
03-09 12:32:59.457 D/RockFFPlayer(  166): initAudioPlayer out
03-09 12:32:59.457 D/SpeedManager(  166): sound touch donnot support current audio params
03-09 12:32:59.457 D/RkExtensionPlayer(  166): prepareExtendSubtitle in
03-09 12:32:59.457 E/RkExtensionPlayer(  166): prepareExtendSubtitle: context == NULL
03-09 12:32:59.457 E/RockFFPlayer(  166): prepareExtandSubtitle return error!
03-09 12:32:59.457 D/RkExtensionPlayer(  166): ~RkExtensionPlayer in
03-09 12:32:59.457 D/RkExtensionPlayer(  166): RkExtensionPlayer::closeExtendSubDecoder in
03-09 12:32:59.457 E/FFExtensionSource(  166): ~FFExtensionSource in
03-09 12:32:59.457 D/RockFFPlayer(  166): FFMediaSource context null. 
03-09 12:32:59.457 E/FFExtensionSource(  166): ~FFExtensionSource out
03-09 12:32:59.457 D/RockFFPlayer(  166): ~FFMediaSource
03-09 12:32:59.457 D/RockFFPlayer(  166): FFMediaSource context null. 
03-09 12:32:59.457 D/RkExtensionPlayer(  166): closeExtendSubDecoder out
03-09 12:32:59.457 I/RockFFPlayer(  166): prepareSubtitle in
03-09 12:32:59.457 E/RockFFPlayer(  166): hasSubtitle return fail
03-09 12:32:59.457 E/DecodeAudio(  166): mStream->codec->channels = 2  mStream->codec->sample_rate = 48000
03-09 12:32:59.457 D/DecodeAudio(  166): decode audio mAudioOutputMode = 0
03-09 12:32:59.457 D/DecodeVideo(  166): CrFeatureHelper -->   hwdec_flag = 1,Codec->codec_id = 0x1c
03-09 12:32:59.457 D/RockFFPlayer(  166): avg.frame.den=1001,avg.frame.num=30000
03-09 12:32:59.457 D/RockFFPlayer(  166): timebase.den=60000,timebase.num=1
03-09 12:32:59.457 D/RockFFPlayer(  166): codecbase.den=120000,codecbase.num=1
03-09 12:32:59.457 D/RockFFPlayer(  166): getVideoFrameRate: use avg frame rate: 29.970030
03-09 12:32:59.457 D/RockFFPlayer(  166): getVideoFrameRate:frameRate=29.970030
03-09 12:32:59.457 E/PtsProcess(  166): setFrameRate():mFrameRate = 29.970030
03-09 12:32:59.457 E/TraceThread(  166): TraceThread::dumpTrace() FileName:/data/trace_thread.log
03-09 12:32:59.458 D/RockFFPlayerBase(  166): dumpStatus(): Preapared
03-09 12:32:59.458 I/RockFFPlayer(  166): doPrepareFinish ok
03-09 12:32:59.458 D/RockFFPlayer(  166): run : dequeueMessage Message 1 OK
03-09 12:32:59.458 D/RockFFPlayer(  166): Messagecomplete type [1]
03-09 12:32:59.458 D/RockFFPlayer(  166): enqueueMessage:sync wait ok
03-09 12:32:59.458 I/RockFFPlayer(  166): decodeMovie:getCurrentStatus() = 8
03-09 12:32:59.458 E/MediaPlayer(  687): Should have subtitle controller already set
03-09 12:32:59.458 E/MediaPlayerImp(  687): play: /mnt/internal_sd/WARNING/手洗い_スタンバイ画面.mp4
03-09 12:32:59.459 E/MediaPlayer(  687): Should have subtitle controller already set
03-09 12:32:59.459 D/RockFFPlayer(  166): run : Message 1 complete
03-09 12:32:59.459 D/RockFFPlayer(  166): setLooping(): loop = 0
03-09 12:32:59.459 D/RockFFPlayer(  166): setLooping(): loop = 0
03-09 12:32:59.460 D/RockFFPlayer(  166): start()**************
03-09 12:32:59.460 D/RockFFPlayerBase(  166): dumpStatus(): Preapared
03-09 12:32:59.460 D/RockFFPlayerBase(  166): allocDecoderBuffer***********
03-09 12:32:59.460 D/RockFFPlayerBase(  166): allocDecoderBuffer(): mVideoWidth = 1280,mVideoHeight = 800
03-09 12:32:59.460 D/NativeWindowBuffer(  166): MALLOC:def->mWidth=1280,def->mHeight=800,def->nBufferSize=1843200
03-09 12:32:59.460 D/NativeWindowBuffer(  166): native_window_set_buffers_geometry before mNativeWindow = 0xb8cdd678
03-09 12:32:59.460 D/NativeWindowBuffer(  166): OMX-buffers: min=2 actual=32 undeq=1+1 def.mWidth = 1280 def.mHeight = 800
03-09 12:32:59.460 D/NativeWindowBuffer(  166): allocating 32 buffers from a native window of size 1843200 on output port
03-09 12:32:59.463 D/NativeWindowBuffer(  166): registered graphic buffer with ID 0x40 (pointer = 0xb8cdff58 , 0xb8e29f00) phy_addr = 0
03-09 12:32:59.465 D/NativeWindowBuffer(  166): registered graphic buffer with ID 0x41 (pointer = 0xb8e2a378 , 0xb8e2a2e8) phy_addr = 0
03-09 12:32:59.468 D/NativeWindowBuffer(  166): registered graphic buffer with ID 0x42 (pointer = 0xb8e2a518 , 0xb8e2a488) phy_addr = 0
03-09 12:32:59.471 D/NativeWindowBuffer(  166): registered graphic buffer with ID 0x43 (pointer = 0xb8e2a6b8 , 0xb8e2a628) phy_addr = 0
03-09 12:32:59.473 D/NativeWindowBuffer(  166): registered graphic buffer with ID 0x44 (pointer = 0xb8e2a858 , 0xb8e2a7c8) phy_addr = 0
03-09 12:32:59.476 D/NativeWindowBuffer(  166): registered graphic buffer with ID 0x45 (pointer = 0xb8e2abb0 , 0xb8e2ab20) phy_addr = 0
03-09 12:32:59.478 D/NativeWindowBuffer(  166): registered graphic buffer with ID 0x46 (pointer = 0xb8e2ad50 , 0xb8e2acc0) phy_addr = 0
03-09 12:32:59.481 D/NativeWindowBuffer(  166): registered graphic buffer with ID 0x47 (pointer = 0xb8e2aef0 , 0xb8e2ae60) phy_addr = 0
03-09 12:32:59.483 D/NativeWindowBuffer(  166): registered graphic buffer with ID 0x48 (pointer = 0xb8e2b090 , 0xb8e2b000) phy_addr = 0
03-09 12:32:59.486 D/NativeWindowBuffer(  166): registered graphic buffer with ID 0x49 (pointer = 0xb8e2b4c0 , 0xb8e2b430) phy_addr = 0
03-09 12:32:59.490 D/NativeWindowBuffer(  166): registered graphic buffer with ID 0x4a (pointer = 0xb8e2b660 , 0xb8e2b5d0) phy_addr = 0
03-09 12:32:59.492 D/NativeWindowBuffer(  166): registered graphic buffer with ID 0x4b (pointer = 0xb8e2b800 , 0xb8e2b770) phy_addr = 0
03-09 12:32:59.495 D/NativeWindowBuffer(  166): registered graphic buffer with ID 0x4c (pointer = 0xb8e2b9a0 , 0xb8e2b910) phy_addr = 0
03-09 12:32:59.498 D/NativeWindowBuffer(  166): registered graphic buffer with ID 0x4d (pointer = 0xb8e2bb40 , 0xb8e2bab0) phy_addr = 0
03-09 12:32:59.501 D/NativeWindowBuffer(  166): registered graphic buffer with ID 0x4e (pointer = 0xb8e2a020 , 0xb8e29f90) phy_addr = 0
03-09 12:32:59.503 D/NativeWindowBuffer(  166): registered graphic buffer with ID 0x4f (pointer = 0xb8e2b118 , 0xb8e2a9e8) phy_addr = 0
03-09 12:32:59.506 D/NativeWindowBuffer(  166): registered graphic buffer with ID 0x50 (pointer = 0xb8e2b2b8 , 0xb8e2b228) phy_addr = 0
03-09 12:32:59.508 D/NativeWindowBuffer(  166): registered graphic buffer with ID 0x51 (pointer = 0xb8b62518 , 0xb8b62488) phy_addr = 0
