03-09 11:01:45.213 V/WindowManagerService(  459): Based on layer: Adding window Window{33238d17 u0 com.fihtdc.filemanager/com.fihtdc.filemanager.FileManagerMain} at 4 of 9
03-09 11:01:46.227 W/ContextImpl( 1054): Calling a method in the system process without a qualified user: android.app.ContextImpl.startService:1709 android.content.ContextWrapper.startService:516 android.content.ContextWrapper.startService:516 com.rockchip.devicetest.BootReceiver.onReceive:58 android.app.ActivityThread.handleReceiver:2629 
03-09 11:01:46.265 W/ContextImpl(  651): Calling a method in the system process without a qualified user: android.app.ContextImpl.startService:1709 android.content.ContextWrapper.startService:516 android.content.ContextWrapper.startService:516 android.rockchip.update.service.RKUpdateReceiver.onReceive:74 android.app.ActivityThread.handleReceiver:2629 
03-09 11:01:48.744 D/TaskPersister(  459): removeObsoleteFile: deleting file=27_task.xml
03-09 11:01:48.744 D/TaskPersister(  459): removeObsoleteFile: deleting file=27_task_thumbnail.png
03-09 11:01:50.000 W/ActivityManagerService(  459): Unable to start service Intent { act=com.google.android.gms.analytics.service.START cmp=com.google.android.gms/.analytics.service.AnalyticsService (has extras) } U=0: not found
03-09 11:01:53.668 I/ActivityStackSupervisor(  459): START u0 {act=com.fihtdc.filemanager.DOWNLOAD_LOCATION cmp=com.fihtdc.filemanager/.selectpath.SelectPathActivity (has extras)} from uid 10033 on display 0
03-09 11:01:53.727 V/WindowManagerService(  459): Adding window Window{2621f8cc u0 com.fihtdc.filemanager/com.fihtdc.filemanager.selectpath.SelectPathActivity} at 5 of 10 (after Window{33238d17 u0 com.fihtdc.filemanager/com.fihtdc.filemanager.FileManagerMain})
03-09 11:01:54.351 W/ActivityThread(  651): ClassLoader.loadClass: The class loader returned by Thread.getContextClassLoader() may fail for processes that host multiple applications. You should explicitly specify a context class loader. For example: Thread.setContextClassLoader(getClass().getClassLoader());
03-09 11:01:55.003 W/ActivityManagerService(  459): Unable to start service Intent { act=com.google.android.gms.analytics.service.START cmp=com.google.android.gms/.analytics.service.AnalyticsService (has extras) } U=0: not found
03-09 11:01:57.550 V/WindowManagerService(  459): not Base app: Adding window Window{1d77b9ef u0 Copying…} at 5 of 11
03-09 11:02:26.753 I/ActivityManagerService(  459): Start proc 1534:com.android.musicfx/u0a7 for broadcast com.android.musicfx/.ControlPanelReceiver
03-09 11:02:29.695 I/ActivityStackSupervisor(  459): START u0 {act=com.fihtdc.filemanager.DOWNLOAD_LOCATION cmp=com.fihtdc.filemanager/.selectpath.SelectPathActivity (has extras)} from uid 10033 on display 0
03-09 11:02:29.729 V/WindowManagerService(  459): Adding window Window{2258da71 u0 com.fihtdc.filemanager/com.fihtdc.filemanager.selectpath.SelectPathActivity} at 5 of 10 (after Window{33238d17 u0 com.fihtdc.filemanager/com.fihtdc.filemanager.FileManagerMain})
03-09 11:02:34.862 V/WindowManagerService(  459): not Base app: Adding window Window{1da14a30 u0 Copying…} at 5 of 11
03-09 11:02:47.164 V/WindowManagerService(  459): Adding window Window{739f60 u0 PopupWindow:323c2b63} at 5 of 10 (after Window{33238d17 u0 com.fihtdc.filemanager/com.fihtdc.filemanager.FileManagerMain})
03-09 11:02:48.626 V/WindowManagerService(  459): not Base app: Adding window Window{96a90d5 u0 com.fihtdc.filemanager/com.fihtdc.filemanager.FileManagerMain} at 6 of 11
03-09 11:02:48.695 W/InputMethodManagerService(  459): Window already focused, ignoring focus gain of: com.android.internal.view.IInputMethodClient$Stub$Proxy@143ec0ea attribute=null, token = android.os.BinderProxy@23a16d96
03-09 11:02:50.158 V/WindowManagerService(  459): Adding window Window{3bf06daf u0 PopupWindow:30d579ab} at 6 of 12 (after Window{96a90d5 u0 com.fihtdc.filemanager/com.fihtdc.filemanager.FileManagerMain})
03-09 11:02:51.883 W/AppOps  (  459): Bad call: specified package media under uid 1000 but it is really 1013
03-09 11:02:51.930 W/AppOps  (  459): Bad call: specified package media under uid 1000 but it is really 1013
03-09 11:02:52.129 W/AppOps  (  459): Bad call: specified package media under uid 1000 but it is really 1013
03-09 11:02:54.185 I/ActivityStackSupervisor(  459): START u0 {act=android.intent.action.MAIN cat=[android.intent.category.HOME] flg=0x10200000 cmp=com.android.launcher3/.Launcher} from uid 1000 on display 0
03-09 11:02:55.059 W/AppOps  (  459): Bad call: specified package media under uid 1000 but it is really 1013
03-09 11:02:56.043 I/ActivityStackSupervisor(  459): START u0 {act=android.intent.action.MAIN cat=[android.intent.category.LAUNCHER] flg=0x10200000 cmp=com.example.hu.mediaplayerapk/.ui.activity.MainActivity (has extras)} from uid 10029 on display 0
03-09 11:02:56.514 W/AppOps  (  459): Bad call: specified package media under uid 1000 but it is really 1013
03-09 11:02:56.560 W/AppOps  (  459): Bad call: specified package media under uid 1000 but it is really 1013
03-09 11:02:59.310 W/AppOps  (  459): Bad call: specified package media under uid 1000 but it is really 1013
03-09 11:02:59.525 W/AppOps  (  459): Bad call: specified package media under uid 1000 but it is really 1013
03-09 11:03:03.527 W/AppOps  (  459): Bad call: specified package media under uid 1000 but it is really 1013
03-09 11:03:06.536 W/AppOps  (  459): Bad call: specified package media under uid 1000 but it is really 1013
03-09 11:03:08.811 W/AppOps  (  459): Bad call: specified package media under uid 1000 but it is really 1013
03-09 11:03:09.024 W/AppOps  (  459): Bad call: specified package media under uid 1000 but it is really 1013
03-09 11:03:15.721 W/AppOps  (  459): Bad call: specified package media under uid 1000 but it is really 1013
03-09 11:03:17.177 I/ActivityStackSupervisor(  459): START u0 {act=android.intent.action.MAIN cat=[android.intent.category.HOME] flg=0x10200000 cmp=com.android.launcher3/.Launcher} from uid 1000 on display 0
03-09 11:03:19.470 I/ActivityStackSupervisor(  459): START u0 {act=android.intent.action.MAIN cat=[android.intent.category.LAUNCHER] flg=0x10200000 cmp=com.fihtdc.filemanager/.FileManager (has extras)} from uid 10029 on display 0
03-09 11:03:20.276 W/AppOps  (  459): Bad call: specified package media under uid 1000 but it is really 1013
03-09 11:21:22.353 I/UsageStatsService(  459): User[0] Flushing usage stats to disk
03-09 11:31:23.285 I/ProcessStatsService(  459): Prepared write state in 3ms
03-09 11:31:23.293 I/ProcessStatsService(  459): Pruning old procstats: /data/system/procstats/state-2020-03-08-10-00-00.bin
03-09 11:31:29.458 I/ActivityManagerService(  459): Killing 1339:com.android.managedprovisioning/u0a6 (adj 13): empty for 1801s
03-09 11:31:29.474 I/ActivityManagerService(  459): Killing 1290:com.example.cv.watchdog_assis/u0a48 (adj 13): empty for 1801s
03-09 11:31:29.490 I/ActivityManagerService(  459): Killing 1173:com.android.keychain/1000 (adj 15): empty for 1802s
03-09 11:31:29.498 I/ActivityManagerService(  459): Killing 1141:com.android.music/u0a46 (adj 15): empty for 1802s
03-09 11:31:29.513 I/ActivityManagerService(  459): Killing 916:android.process.acore/u0a2 (adj 15): empty for 1803s
03-09 12:01:24.326 I/ProcessStatsService(  459): Prepared write state in 4ms
03-09 12:31:29.491 I/ProcessStatsService(  459): Prepared write state in 2ms
03-09 12:31:29.494 I/ProcessStatsService(  459): Prepared write state in 3ms
03-09 12:32:35.521 I/ValidateNoPeople(  459): skipping global notification
03-09 12:32:35.525 D/UsbDeviceManager(  459): Usb state is true false false
03-09 12:32:35.525 I/ValidateNoPeople(  459): skipping global notification
03-09 12:32:35.530 D/MountService(  459): sharedvolumeNum: 0 ;avail: false
03-09 12:32:35.650 D/UsbDeviceManager(  459): Usb state is true true false
03-09 12:32:35.654 D/MountService(  459): sharedvolumeNum: 0 ;avail: false
03-09 12:32:37.841 I/ActivityStackSupervisor(  459): START u0 {act=android.intent.action.MAIN cat=[android.intent.category.HOME] flg=0x10200000 cmp=com.android.launcher3/.Launcher} from uid 1000 on display 0
03-09 12:32:42.024 I/ActivityStackSupervisor(  459): START u0 {act=android.intent.action.MAIN cat=[android.intent.category.LAUNCHER] flg=0x10200000 cmp=com.example.hu.mediaplayerapk/.ui.activity.MainActivity (has extras)} from uid 10029 on display 0
03-09 12:32:42.496 W/AppOps  (  459): Bad call: specified package media under uid 1000 but it is really 1013
03-09 12:32:42.542 W/AppOps  (  459): Bad call: specified package media under uid 1000 but it is really 1013
03-09 12:32:44.319 W/AppOps  (  459): Bad call: specified package media under uid 1000 but it is really 1013
03-09 12:32:44.533 W/AppOps  (  459): Bad call: specified package media under uid 1000 but it is really 1013
03-09 12:32:46.353 W/AppOps  (  459): Bad call: specified package media under uid 1000 but it is really 1013
03-09 12:32:49.055 W/Vold    (  159): subsystem found in netlink event
03-09 12:32:49.055 D/Vold    (  159): handleEvent   scsi_device, 2
03-09 12:32:49.082 D/DirectVolume(  159): directvolume DEVPATH = /devices/ff540000.usb/usb4/4-1/4-1:1.0/host0/target0:0:0/0:0:0:0/block/sda/sda1.
03-09 12:32:49.082 D/DirectVolume(  159): directvolume DEVPATH = /devices/ff540000.usb/usb4/4-1/4-1:1.0/host0/target0:0:0/0:0:0:0/block/sda/sda1.
03-09 12:32:49.082 D/DirectVolume(  159): directvolume DEVPATH = /devices/ff540000.usb/usb4/4-1/4-1:1.0/host0/target0:0:0/0:0:0:0/block/sda/sda1.
03-09 12:32:49.082 D/DirectVolume(  159): directvolume DEVPATH = /devices/ff540000.usb/usb4/4-1/4-1:1.0/host0/target0:0:0/0:0:0:0/block/sda/sda1.
03-09 12:32:49.082 D/DirectVolume(  159): directvolume DEVPATH = /devices/ff540000.usb/usb4/4-1/4-1:1.0/host0/target0:0:0/0:0:0:0/block/sda/sda1.
03-09 12:32:49.082 D/DirectVolume(  159): DEVTYPE = partition.
03-09 12:32:49.082 E/DirectVolume(  159): #######################################NlActionRemove pDevPah=/devices/ff540000.usb/usb4/4-1/4-1:1.0/host0/target0:0:0/0:0:0:0/block/sda,devtype=partition
03-09 12:32:49.083 D/DirectVolume(  159): Volume usb_storage /mnt/usb_storage/USB_DISK2 partition 8:1 removed
03-09 12:32:49.083 E/DirectVolume(  159): ################sendbroadcast---------
03-09 12:32:49.083 D/DirectVolume(  159): Volume usb_storage /mnt/usb_storage/USB_DISK2 partition 8:1 removed
03-09 12:32:49.083 E/DirectVolume(  159): ################sendbroadcast---------
03-09 12:32:49.083 D/Vold    (  159): Device '/devices/ff540000.usb/usb4/4-1/4-1:1.0/host0/target0:0:0/0:0:0:0/block/sda/sda1' event handled by volume usb_storage
03-09 12:32:49.083 I/MountService(  459): onEvent:: raw= 632 Volume usb_storage /mnt/usb_storage/USB_DISK2 bad removal (8:1) cooked =  632 Volume usb_storage /mnt/usb_storage/USB_DISK2 bad removal (8:1)
03-09 12:32:49.083 I/MountService(  459): Sending unmounted event first
03-09 12:32:49.083 D/DirectVolume(  159): directvolume DEVPATH = /devices/ff540000.usb/usb4/4-1/4-1:1.0/host0/target0:0:0/0:0:0:0/block/sda.
03-09 12:32:49.083 D/DirectVolume(  159): directvolume DEVPATH = /devices/ff540000.usb/usb4/4-1/4-1:1.0/host0/target0:0:0/0:0:0:0/block/sda.
03-09 12:32:49.083 D/DirectVolume(  159): directvolume DEVPATH = /devices/ff540000.usb/usb4/4-1/4-1:1.0/host0/target0:0:0/0:0:0:0/block/sda.
03-09 12:32:49.083 D/DirectVolume(  159): directvolume DEVPATH = /devices/ff540000.usb/usb4/4-1/4-1:1.0/host0/target0:0:0/0:0:0:0/block/sda.
03-09 12:32:49.083 D/DirectVolume(  159): directvolume DEVPATH = /devices/ff540000.usb/usb4/4-1/4-1:1.0/host0/target0:0:0/0:0:0:0/block/sda.
03-09 12:32:49.083 D/DirectVolume(  159): DEVTYPE = disk.
03-09 12:32:49.083 E/DirectVolume(  159): #######################################NlActionRemove pDevPah=/devices/ff540000.usb/usb4/4-1/4-1:1.0/host0/target0:0:0/0:0:0:0/block/sda,devtype=disk
03-09 12:32:49.083 D/Vold    (  159): Device '/devices/ff540000.usb/usb4/4-1/4-1:1.0/host0/target0:0:0/0:0:0:0/block/sda' event handled by volume usb_storage
03-09 12:32:49.084 D/MountService(  459): sendStorageIntent Intent { act=android.intent.action.MEDIA_BAD_REMOVAL dat=file:///mnt/usb_storage/USB_DISK2 flg=0x4000000 (has extras) } to UserHandle{-1}
03-09 12:32:49.084 I/MountService(  459): onEvent:: raw= 632 Volume usb_storage /mnt/usb_storage/USB_DISK2 bad removal (8:1) cooked =  632 Volume usb_storage /mnt/usb_storage/USB_DISK2 bad removal (8:1)
03-09 12:32:49.084 I/MountService(  459): Sending unmounted event first
03-09 12:32:49.084 D/MountService(  459): sendStorageIntent Intent { act=android.intent.action.MEDIA_BAD_REMOVAL dat=file:///mnt/usb_storage/USB_DISK2 flg=0x4000000 (has extras) } to UserHandle{-1}
03-09 12:32:49.086 W/Vold    (  159): subsystem found in netlink event
03-09 12:32:49.086 D/Vold    (  159): handleEvent   usb, 2
03-09 12:32:49.086 W/Vold    (  159): subsystem found in netlink event
03-09 12:32:49.086 D/Vold    (  159): handleEvent   usb, 2
03-09 12:32:49.101 W/ActivityManagerService(  459): Unable to start service Intent { act=com.fihtdc.cloudagent2.service.ICloudService cmp=com.fihtdc.cloudagent2/.service.CloudService } U=0: not found
03-09 12:32:49.118 W/ActivityManagerService(  459): Unable to start service Intent { act=com.fihtdc.cloudagent2.service.ICloudService cmp=com.fihtdc.cloudagent2/.service.CloudService } U=0: not found
03-09 12:32:49.146 D/VoldCmdListener(  159): volume unmount_bad /mnt/usb_storage/USB_DISK2 force_and_revert
03-09 12:32:49.146 W/Vold    (  159): Attempt to unmount  /mnt/usb_storage/USB_DISK2 
03-09 12:32:49.146 D/Vold    (  159): Volume usb_storage state changing 4 (Mounted) -> 5 (Unmounting)
03-09 12:32:49.147 E/Vold    (  159): 1********************************
03-09 12:32:49.147 E/Vold    (  159): ######### del /mnt/usb_storage/USB_DISK2/udisk0
03-09 12:32:49.147 I/Vold    (  159): /mnt/usb_storage/USB_DISK2/udisk0 sucessfully unmounted
03-09 12:32:49.147 I/Vold    (  159): /mnt/usb_storage/USB_DISK2/udisk0 unmounted sucessfully
03-09 12:32:49.147 E/Vold    (  159): handleUdiskPartitionRemoved handlePartitionRemoved,ready to unlink: /dev/block/vold/8:1
03-09 12:32:49.148 E/Vold    (  159): 2********************************
03-09 12:32:49.149 I/MountService(  459): onEvent:: raw= 605 Volume usb_storage /mnt/usb_storage/USB_DISK2 state changed from 4 (Mounted) to 5 (Unmounting) cooked =  605 Volume usb_storage /mnt/usb_storage/USB_DISK2 state changed from 4 (Mounted) to 5 (Unmounting)
03-09 12:32:49.149 I/MountService(  459): notifyVolumeStateChange::mounted
03-09 12:32:49.149 D/MountService(  459): sendStorageIntent Intent { act=android.intent.action.MEDIA_EJECT dat=file:///mnt/usb_storage/USB_DISK2 flg=0x4000000 (has extras) } to UserHandle{-1}
03-09 12:32:49.179 W/ActivityManagerService(  459): Unable to start service Intent { act=com.fihtdc.cloudagent2.service.ICloudService cmp=com.fihtdc.cloudagent2/.service.CloudService } U=0: not found
03-09 12:32:49.208 D/Vold    (  159): Volume usb_storage state changing 5 (Unmounting) -> 1 (Idle-Unmounted)
03-09 12:32:49.208 D/VoldCmdListener(  159): volume unmount_bad /mnt/usb_storage/USB_DISK2 force_and_revert
03-09 12:32:49.208 W/Vold    (  159): Attempt to unmount  /mnt/usb_storage/USB_DISK2 
03-09 12:32:49.208 W/Vold    (  159): Attempt to unmount volume which isn't mounted (1)
03-09 12:32:49.208 I/MountService(  459): onEvent:: raw= 605 Volume usb_storage /mnt/usb_storage/USB_DISK2 state changed from 5 (Unmounting) to 1 (Idle-Unmounted) cooked =  605 Volume usb_storage /mnt/usb_storage/USB_DISK2 state changed from 5 (Unmounting) to 1 (Idle-Unmounted)
03-09 12:32:49.208 I/MountService(  459): notifyVolumeStateChange::mounted
03-09 12:32:49.208 I/MountService(  459): updating volume state for media bad removal nofs and unmountable
03-09 12:32:49.208 D/MountService(  459): volume state changed for /mnt/usb_storage/USB_DISK2 (mounted -> unmounted)
03-09 12:32:49.209 W/MountService(  459): Duplicate state transition (unmounted -> unmounted) for /mnt/usb_storage/USB_DISK2
03-09 12:32:49.209 D/MountService(  459): sendStorageIntent Intent { act=android.intent.action.MEDIA_UNMOUNTED dat=file:///mnt/usb_storage/USB_DISK2 flg=0x4000000 (has extras) } to UserHandle{-1}
03-09 12:32:49.209 I/MountService(  459): Sending media bad removal
03-09 12:32:49.209 D/MountService(  459): volume state changed for /mnt/usb_storage/USB_DISK2 (unmounted -> bad_removal)
03-09 12:32:49.209 W/MountService(  459): unmount /mnt/usb_storage/USB_DISK2 failed (-7)
03-09 12:32:49.209 D/MountService(  459): volume state changed for /mnt/usb_storage/USB_DISK2 (bad_removal -> unmounted)
03-09 12:32:49.211 D/MountService(  459): sendStorageIntent Intent { act=android.intent.action.MEDIA_UNMOUNTED dat=file:///mnt/usb_storage/USB_DISK2 flg=0x4000000 (has extras) } to UserHandle{-1}
03-09 12:32:49.216 D/MountService(  459): sendStorageIntent Intent { act=android.intent.action.MEDIA_UNMOUNTED dat=file:///mnt/usb_storage/USB_DISK2 flg=0x4000000 (has extras) } to UserHandle{-1}
03-09 12:32:49.216 I/MountService(  459): Sending media bad removal
03-09 12:32:49.216 D/MountService(  459): volume state changed for /mnt/usb_storage/USB_DISK2 (unmounted -> bad_removal)
03-09 12:32:49.220 I/ValidateNoPeople(  459): skipping global notification
03-09 12:32:49.234 I/ValidateNoPeople(  459): skipping global notification
03-09 12:32:49.254 I/ValidateNoPeople(  459): skipping global notification
03-09 12:32:49.268 I/ValidateNoPeople(  459): skipping global notification
03-09 12:32:49.277 W/ActivityManagerService(  459): Unable to start service Intent { act=com.fihtdc.cloudagent2.service.ICloudService cmp=com.fihtdc.cloudagent2/.service.CloudService } U=0: not found
03-09 12:32:49.289 W/ActivityManagerService(  459): Unable to start service Intent { act=com.fihtdc.cloudagent2.service.ICloudService cmp=com.fihtdc.cloudagent2/.service.CloudService } U=0: not found
03-09 12:32:49.299 W/ActivityManagerService(  459): Unable to start service Intent { act=com.fihtdc.cloudagent2.service.ICloudService cmp=com.fihtdc.cloudagent2/.service.CloudService } U=0: not found
03-09 12:32:49.399 W/AppOps  (  459): Bad call: specified package media under uid 1000 but it is really 1013
03-09 12:32:49.688 W/AppOps  (  459): Bad call: specified package media under uid 1000 but it is really 1013
03-09 12:32:52.015 W/ContextImpl(  459): Calling a method in the system process without a qualified user: android.app.ContextImpl.sendBroadcast:1344 com.android.internal.policy.impl.PhoneWindowManager.interceptKeyBeforeDispatching:2793 com.android.server.wm.InputMonitor.interceptKeyBeforeDispatching:476 com.android.server.input.InputManagerService.interceptKeyBeforeDispatching:1500 <bottom of call stack> 
03-09 12:32:52.141 W/AppOps  (  459): Bad call: specified package media under uid 1000 but it is really 1013
--------- beginning of main
03-09 12:32:53.891 E/BluetoothService(  687): onLeScan: device = 2E:BD:01:AF:E7:67
03-09 12:32:53.894 E/BluetoothService(  687): onLeScan: device = 00:81:F9:88:9B:A5
03-09 12:32:53.894 E/BluetoothService(  687):      curDev:BeaconTag{beaconNo=0, BeaconAddr='00:81:F9:88:9B:A5', BeaconType='null', BeaconData=0}
03-09 12:32:53.895 E/BluetoothService(  687): onLeScan: device = 00:81:F9:88:9B:A5
03-09 12:32:53.895 E/BluetoothService(  687):      curDev:BeaconTag{beaconNo=0, BeaconAddr='00:81:F9:88:9B:A5', BeaconType='null', BeaconData=0}
03-09 12:32:53.895 E/BluetoothService(  687): onLeScan: device = 00:81:F9:88:9B:A5
03-09 12:32:53.907 D/RockFFPlayerBase(  166): WARRNING: VSYNC THREAD can not get buffer to queue
03-09 12:32:53.938 E/BluetoothService(  687): onLeScan: device = 0B:95:C9:9D:72:1C
03-09 12:32:53.938 E/BluetoothService(  687): onLeScan: device = 0B:95:C9:9D:72:1C
03-09 12:32:53.938 E/BluetoothService(  687): onLeScan: device = 0B:95:C9:9D:72:1C
03-09 12:32:53.940 E/BluetoothService(  687): onLeScan: device = 1D:3A:51:14:9B:65
03-09 12:32:53.940 E/BluetoothService(  687): onLeScan: device = 1D:3A:51:14:9B:65
03-09 12:32:53.940 E/BluetoothService(  687): onLeScan: device = 1D:3A:51:14:9B:65
03-09 12:32:53.941 D/RockFFPlayerBase(  166): WARRNING: VSYNC THREAD can not get buffer to queue
03-09 12:32:53.969 E/BluetoothService(  687): onLeScan: device = 4E:D5:2B:62:2D:9C
03-09 12:32:53.969 E/BluetoothService(  687): onLeScan: device = 4E:D5:2B:62:2D:9C
03-09 12:32:53.969 E/BluetoothService(  687): onLeScan: device = 4E:D5:2B:62:2D:9C
03-09 12:32:53.976 D/RockFFPlayerBase(  166): WARRNING: VSYNC THREAD can not get buffer to queue
03-09 12:32:53.985 E/BluetoothService(  687): onLeScan: device = 75:0C:01:39:72:FC
03-09 12:32:53.985 E/BluetoothService(  687): onLeScan: device = 75:0C:01:39:72:FC
03-09 12:32:53.985 E/BluetoothService(  687): onLeScan: device = 75:0C:01:39:72:FC
03-09 12:32:54.011 D/RockFFPlayerBase(  166): WARRNING: VSYNC THREAD can not get buffer to queue
03-09 12:32:54.042 E/BluetoothService(  687): onLeScan: device = 1D:3A:51:14:9B:65
03-09 12:32:54.042 E/BluetoothService(  687): onLeScan: device = 1D:3A:51:14:9B:65
03-09 12:32:54.042 E/BluetoothService(  687): onLeScan: device = 1D:3A:51:14:9B:65
03-09 12:32:54.045 D/RockFFPlayerBase(  166): WARRNING: VSYNC THREAD can not get buffer to queue
03-09 12:32:54.047 E/BluetoothService(  687): onLeScan: device = 0B:95:C9:9D:72:1C
03-09 12:32:54.047 E/BluetoothService(  687): onLeScan: device = 0B:95:C9:9D:72:1C
03-09 12:32:54.047 E/BluetoothService(  687): onLeScan: device = 0B:95:C9:9D:72:1C
03-09 12:32:54.053 E/BluetoothService(  687): onLeScan: device = 16:90:10:52:24:A7
03-09 12:32:54.053 E/BluetoothService(  687): onLeScan: device = 16:90:10:52:24:A7
03-09 12:32:54.053 E/BluetoothService(  687): onLeScan: device = 16:90:10:52:24:A7
03-09 12:32:54.080 D/RockFFPlayerBase(  166): WARRNING: VSYNC THREAD can not get buffer to queue
03-09 12:32:54.114 D/RockFFPlayerBase(  166): WARRNING: VSYNC THREAD can not get buffer to queue
03-09 12:32:54.124 E/BluetoothService(  687): onLeScan: device = 41:DA:8C:91:63:53
03-09 12:32:54.124 E/BluetoothService(  687): onLeScan: device = 41:DA:8C:91:63:53
03-09 12:32:54.124 E/BluetoothService(  687): onLeScan: device = 41:DA:8C:91:63:53
03-09 12:32:54.131 E/BluetoothService(  687): onLeScan: device = 62:56:D6:B8:CC:71
03-09 12:32:54.131 E/BluetoothService(  687): onLeScan: device = 62:56:D6:B8:CC:71
03-09 12:32:54.131 E/BluetoothService(  687): onLeScan: device = 62:56:D6:B8:CC:71
03-09 12:32:54.147 E/BluetoothService(  687): onLeScan: device = 1D:3A:51:14:9B:65
03-09 12:32:54.147 E/BluetoothService(  687): onLeScan: device = 1D:3A:51:14:9B:65
03-09 12:32:54.147 E/BluetoothService(  687): onLeScan: device = 1D:3A:51:14:9B:65
03-09 12:32:54.149 D/RockFFPlayerBase(  166): WARRNING: VSYNC THREAD can not get buffer to queue
03-09 12:32:54.152 E/BluetoothService(  687): onLeScan: device = 0B:95:C9:9D:72:1C
03-09 12:32:54.152 E/BluetoothService(  687): onLeScan: device = 0B:95:C9:9D:72:1C
03-09 12:32:54.152 E/BluetoothService(  687): onLeScan: device = 0B:95:C9:9D:72:1C
03-09 12:32:54.159 E/BluetoothService(  687): onLeScan: device = 16:90:10:52:24:A7
03-09 12:32:54.159 E/BluetoothService(  687): onLeScan: device = 16:90:10:52:24:A7
03-09 12:32:54.159 E/BluetoothService(  687): onLeScan: device = 16:90:10:52:24:A7
03-09 12:32:54.183 D/RockFFPlayerBase(  166): WARRNING: VSYNC THREAD can not get buffer to queue
03-09 12:32:54.218 D/RockFFPlayerBase(  166): WARRNING: VSYNC THREAD can not get buffer to queue
03-09 12:32:54.218 E/BluetoothService(  687): onLeScan: device = 00:81:F9:88:9B:A5
03-09 12:32:54.218 E/BluetoothService(  687):      curDev:BeaconTag{beaconNo=0, BeaconAddr='00:81:F9:88:9B:A5', BeaconType='null', BeaconData=0}
03-09 12:32:54.219 E/BluetoothService(  687): onLeScan: device = 00:81:F9:88:9B:A5
03-09 12:32:54.219 E/BluetoothService(  687):      curDev:BeaconTag{beaconNo=0, BeaconAddr='00:81:F9:88:9B:A5', BeaconType='null', BeaconData=0}
03-09 12:32:54.219 E/BluetoothService(  687): onLeScan: device = 00:81:F9:88:9B:A5
03-09 12:32:54.243 E/BluetoothService(  687): onLeScan: device = 4E:D5:2B:62:2D:9C
03-09 12:32:54.243 E/BluetoothService(  687): onLeScan: device = 4E:D5:2B:62:2D:9C
03-09 12:32:54.243 E/BluetoothService(  687): onLeScan: device = 4E:D5:2B:62:2D:9C
03-09 12:32:54.253 E/BluetoothService(  687): onLeScan: device = 1D:3A:51:14:9B:65
03-09 12:32:54.254 E/BluetoothService(  687): onLeScan: device = 1D:3A:51:14:9B:65
03-09 12:32:54.254 E/BluetoothService(  687): onLeScan: device = 1D:3A:51:14:9B:65
03-09 12:32:54.260 E/BluetoothService(  687): onLeScan: device = 0B:95:C9:9D:72:1C
03-09 12:32:54.260 E/BluetoothService(  687): onLeScan: device = 0B:95:C9:9D:72:1C
03-09 12:32:54.260 E/BluetoothService(  687): onLeScan: device = 0B:95:C9:9D:72:1C
03-09 12:32:54.266 E/BluetoothService(  687): onLeScan: device = 16:90:10:52:24:A7
03-09 12:32:54.266 E/BluetoothService(  687): onLeScan: device = 16:90:10:52:24:A7
03-09 12:32:54.266 E/BluetoothService(  687): onLeScan: device = 16:90:10:52:24:A7
03-09 12:32:54.270 D/RockFFPlayerBase(  166): WARRNING: VSYNC THREAD can not get buffer to queue
03-09 12:32:54.304 D/RockFFPlayerBase(  166): WARRNING: VSYNC THREAD can not get buffer to queue
03-09 12:32:54.339 D/RockFFPlayerBase(  166): WARRNING: VSYNC THREAD can not get buffer to queue
03-09 12:32:54.355 E/BluetoothService(  687): onLeScan: device = 1D:3A:51:14:9B:65
03-09 12:32:54.355 E/BluetoothService(  687): onLeScan: device = 1D:3A:51:14:9B:65
03-09 12:32:54.355 E/BluetoothService(  687): onLeScan: device = 1D:3A:51:14:9B:65
03-09 12:32:54.368 E/BluetoothService(  687): onLeScan: device = 16:90:10:52:24:A7
03-09 12:32:54.368 E/BluetoothService(  687): onLeScan: device = 16:90:10:52:24:A7
03-09 12:32:54.368 E/BluetoothService(  687): onLeScan: device = 16:90:10:52:24:A7
03-09 12:32:54.369 E/BluetoothService(  687): onLeScan: device = 0B:95:C9:9D:72:1C
03-09 12:32:54.369 E/BluetoothService(  687): onLeScan: device = 0B:95:C9:9D:72:1C
03-09 12:32:54.370 E/BluetoothService(  687): onLeScan: device = 0B:95:C9:9D:72:1C
03-09 12:32:54.373 D/RockFFPlayerBase(  166): WARRNING: VSYNC THREAD can not get buffer to queue
03-09 12:32:54.396 E/BluetoothService(  687): onLeScan: device = 41:DA:8C:91:63:53
03-09 12:32:54.396 E/BluetoothService(  687): onLeScan: device = 41:DA:8C:91:63:53
03-09 12:32:54.397 E/BluetoothService(  687): onLeScan: device = 41:DA:8C:91:63:53
03-09 12:32:54.401 E/BluetoothService(  687): onLeScan: device = 62:56:D6:B8:CC:71
03-09 12:32:54.401 E/BluetoothService(  687): onLeScan: device = 62:56:D6:B8:CC:71
03-09 12:32:54.401 E/BluetoothService(  687): onLeScan: device = 62:56:D6:B8:CC:71
03-09 12:32:54.408 D/RockFFPlayerBase(  166): WARRNING: VSYNC THREAD can not get buffer to queue
03-09 12:32:54.442 D/RockFFPlayerBase(  166): WARRNING: VSYNC THREAD can not get buffer to queue
03-09 12:32:54.458 E/BluetoothService(  687): onLeScan: device = 1D:3A:51:14:9B:65
03-09 12:32:54.458 E/BluetoothService(  687): onLeScan: device = 1D:3A:51:14:9B:65
03-09 12:32:54.458 E/BluetoothService(  687): onLeScan: device = 1D:3A:51:14:9B:65
03-09 12:32:54.471 E/BluetoothService(  687): onLeScan: device = 16:90:10:52:24:A7
03-09 12:32:54.471 E/BluetoothService(  687): onLeScan: device = 16:90:10:52:24:A7
03-09 12:32:54.471 E/BluetoothService(  687): onLeScan: device = 16:90:10:52:24:A7
03-09 12:32:54.472 E/BluetoothService(  687): onLeScan: device = 0B:95:C9:9D:72:1C
03-09 12:32:54.472 E/BluetoothService(  687): onLeScan: device = 0B:95:C9:9D:72:1C
03-09 12:32:54.472 E/BluetoothService(  687): onLeScan: device = 0B:95:C9:9D:72:1C
03-09 12:32:54.477 D/RockFFPlayerBase(  166): WARRNING: VSYNC THREAD can not get buffer to queue
03-09 12:32:54.511 D/RockFFPlayerBase(  166): WARRNING: VSYNC THREAD can not get buffer to queue
03-09 12:32:54.516 E/BluetoothService(  687): onLeScan: device = 4E:D5:2B:62:2D:9C
03-09 12:32:54.516 E/BluetoothService(  687): onLeScan: device = 4E:D5:2B:62:2D:9C
03-09 12:32:54.516 E/BluetoothService(  687): onLeScan: device = 4E:D5:2B:62:2D:9C
03-09 12:32:54.521 E/MPEG2_DEC(  166): decoder_header error rev -3
03-09 12:32:54.536 E/BluetoothService(  687): onLeScan: device = 75:0C:01:39:72:FC
03-09 12:32:54.536 E/BluetoothService(  687): onLeScan: device = 75:0C:01:39:72:FC
03-09 12:32:54.536 E/BluetoothService(  687): onLeScan: device = 75:0C:01:39:72:FC
03-09 12:32:54.538 E/BluetoothService(  687): onLeScan: device = 00:81:F9:88:9B:A5
03-09 12:32:54.538 E/BluetoothService(  687):      curDev:BeaconTag{beaconNo=0, BeaconAddr='00:81:F9:88:9B:A5', BeaconType='null', BeaconData=0}
03-09 12:32:54.538 E/BluetoothService(  687): onLeScan: device = 00:81:F9:88:9B:A5
03-09 12:32:54.538 E/BluetoothService(  687):      curDev:BeaconTag{beaconNo=0, BeaconAddr='00:81:F9:88:9B:A5', BeaconType='null', BeaconData=0}
03-09 12:32:54.538 E/BluetoothService(  687): onLeScan: device = 00:81:F9:88:9B:A5
03-09 12:32:54.546 D/RockFFPlayerBase(  166): WARRNING: VSYNC THREAD can not get buffer to queue
03-09 12:32:54.560 E/BluetoothService(  687): onLeScan: device = 1D:3A:51:14:9B:65
03-09 12:32:54.560 E/BluetoothService(  687): onLeScan: device = 1D:3A:51:14:9B:65
03-09 12:32:54.560 E/BluetoothService(  687): onLeScan: device = 1D:3A:51:14:9B:65
03-09 12:32:54.575 E/BluetoothService(  687): onLeScan: device = 0B:95:C9:9D:72:1C
03-09 12:32:54.575 E/BluetoothService(  687): onLeScan: device = 0B:95:C9:9D:72:1C
03-09 12:32:54.575 E/BluetoothService(  687): onLeScan: device = 0B:95:C9:9D:72:1C
03-09 12:32:54.579 E/BluetoothService(  687): onLeScan: device = 16:90:10:52:24:A7
03-09 12:32:54.579 E/BluetoothService(  687): onLeScan: device = 16:90:10:52:24:A7
03-09 12:32:54.580 E/BluetoothService(  687): onLeScan: device = 16:90:10:52:24:A7
03-09 12:32:54.580 D/RockFFPlayerBase(  166): WARRNING: VSYNC THREAD can not get buffer to queue
03-09 12:32:54.615 D/RockFFPlayerBase(  166): WARRNING: VSYNC THREAD can not get buffer to queue
03-09 12:32:54.648 E/BluetoothService(  687): onLeScan: device = 64:B2:02:E0:F1:AD
03-09 12:32:54.648 E/BluetoothService(  687): onLeScan: device = 64:B2:02:E0:F1:AD
03-09 12:32:54.648 E/BluetoothService(  687): onLeScan: device = 64:B2:02:E0:F1:AD
03-09 12:32:54.649 D/RockFFPlayerBase(  166): WARRNING: VSYNC THREAD can not get buffer to queue
03-09 12:32:54.663 E/BluetoothService(  687): onLeScan: device = 1D:3A:51:14:9B:65
03-09 12:32:54.663 E/BluetoothService(  687): onLeScan: device = 1D:3A:51:14:9B:65
03-09 12:32:54.663 E/BluetoothService(  687): onLeScan: device = 1D:3A:51:14:9B:65
03-09 12:32:54.671 E/BluetoothService(  687): onLeScan: device = 62:56:D6:B8:CC:71
03-09 12:32:54.671 E/BluetoothService(  687): onLeScan: device = 62:56:D6:B8:CC:71
03-09 12:32:54.671 E/BluetoothService(  687): onLeScan: device = 62:56:D6:B8:CC:71
03-09 12:32:54.676 E/BluetoothService(  687): onLeScan: device = 0B:95:C9:9D:72:1C
03-09 12:32:54.676 E/BluetoothService(  687): onLeScan: device = 0B:95:C9:9D:72:1C
03-09 12:32:54.676 E/BluetoothService(  687): onLeScan: device = 0B:95:C9:9D:72:1C
03-09 12:32:54.679 E/BluetoothService(  687): onLeScan: device = 16:90:10:52:24:A7
03-09 12:32:54.679 E/BluetoothService(  687): onLeScan: device = 16:90:10:52:24:A7
03-09 12:32:54.680 E/BluetoothService(  687): onLeScan: device = 16:90:10:52:24:A7
03-09 12:32:54.684 D/RockFFPlayerBase(  166): WARRNING: VSYNC THREAD can not get buffer to queue
03-09 12:32:54.736 D/RockFFPlayerBase(  166): WARRNING: VSYNC THREAD can not get buffer to queue
03-09 12:32:54.763 E/BluetoothService(  687): onLeScan: device = 1D:3A:51:14:9B:65
03-09 12:32:54.763 E/BluetoothService(  687): onLeScan: device = 1D:3A:51:14:9B:65
03-09 12:32:54.763 E/BluetoothService(  687): onLeScan: device = 1D:3A:51:14:9B:65
03-09 12:32:54.770 D/RockFFPlayerBase(  166): WARRNING: VSYNC THREAD can not get buffer to queue
03-09 12:32:54.782 E/BluetoothService(  687): onLeScan: device = 16:90:10:52:24:A7
03-09 12:32:54.782 E/BluetoothService(  687): onLeScan: device = 16:90:10:52:24:A7
03-09 12:32:54.782 E/BluetoothService(  687): onLeScan: device = 16:90:10:52:24:A7
03-09 12:32:54.787 E/BluetoothService(  687): onLeScan: device = 4E:D5:2B:62:2D:9C
03-09 12:32:54.787 E/BluetoothService(  687): onLeScan: device = 4E:D5:2B:62:2D:9C
03-09 12:32:54.787 E/BluetoothService(  687): onLeScan: device = 4E:D5:2B:62:2D:9C
03-09 12:32:54.805 D/RockFFPlayerBase(  166): WARRNING: VSYNC THREAD can not get buffer to queue
03-09 12:32:54.808 E/BluetoothService(  687): onLeScan: device = 75:0C:01:39:72:FC
03-09 12:32:54.808 E/BluetoothService(  687): onLeScan: device = 75:0C:01:39:72:FC
03-09 12:32:54.808 E/BluetoothService(  687): onLeScan: device = 75:0C:01:39:72:FC
03-09 12:32:54.839 D/RockFFPlayerBase(  166): WARRNING: VSYNC THREAD can not get buffer to queue
03-09 12:32:54.860 E/BluetoothService(  687): onLeScan: device = 00:81:F9:88:9B:A5
03-09 12:32:54.861 E/BluetoothService(  687):      curDev:BeaconTag{beaconNo=0, BeaconAddr='00:81:F9:88:9B:A5', BeaconType='null', BeaconData=0}
03-09 12:32:54.861 E/BluetoothService(  687): onLeScan: device = 00:81:F9:88:9B:A5
03-09 12:32:54.861 E/BluetoothService(  687):      curDev:BeaconTag{beaconNo=0, BeaconAddr='00:81:F9:88:9B:A5', BeaconType='null', BeaconData=0}
03-09 12:32:54.861 E/BluetoothService(  687): onLeScan: device = 00:81:F9:88:9B:A5
03-09 12:32:54.874 D/RockFFPlayerBase(  166): WARRNING: VSYNC THREAD can not get buffer to queue
03-09 12:32:54.889 E/BluetoothService(  687): onLeScan: device = 0B:95:C9:9D:72:1C
03-09 12:32:54.889 E/BluetoothService(  687): onLeScan: device = 0B:95:C9:9D:72:1C
03-09 12:32:54.889 E/BluetoothService(  687): onLeScan: device = 0B:95:C9:9D:72:1C
03-09 12:32:54.908 D/RockFFPlayerBase(  166): WARRNING: VSYNC THREAD can not get buffer to queue
03-09 12:32:54.919 E/BluetoothService(  687): onLeScan: device = 64:B2:02:E0:F1:AD
03-09 12:32:54.919 E/BluetoothService(  687): onLeScan: device = 64:B2:02:E0:F1:AD
03-09 12:32:54.919 E/BluetoothService(  687): onLeScan: device = 64:B2:02:E0:F1:AD
03-09 12:32:54.941 E/BluetoothService(  687): onLeScan: device = 62:56:D6:B8:CC:71
03-09 12:32:54.941 E/BluetoothService(  687): onLeScan: device = 62:56:D6:B8:CC:71
03-09 12:32:54.941 E/BluetoothService(  687): onLeScan: device = 62:56:D6:B8:CC:71
03-09 12:32:54.943 D/RockFFPlayerBase(  166): WARRNING: VSYNC THREAD can not get buffer to queue
03-09 12:32:54.977 D/RockFFPlayerBase(  166): WARRNING: VSYNC THREAD can not get buffer to queue
03-09 12:32:54.979 E/BluetoothService(  687): onLeScan: device = 1D:3A:51:14:9B:65
03-09 12:32:54.980 E/BluetoothService(  687): onLeScan: device = 1D:3A:51:14:9B:65
03-09 12:32:54.981 E/BluetoothService(  687): onLeScan: device = 1D:3A:51:14:9B:65
03-09 12:32:54.991 E/BluetoothService(  687): onLeScan: device = 16:90:10:52:24:A7
03-09 12:32:54.991 E/BluetoothService(  687): onLeScan: device = 16:90:10:52:24:A7
03-09 12:32:54.991 E/BluetoothService(  687): onLeScan: device = 16:90:10:52:24:A7
03-09 12:32:54.992 E/BluetoothService(  687): onLeScan: device = 0B:95:C9:9D:72:1C
03-09 12:32:54.993 E/BluetoothService(  687): onLeScan: device = 0B:95:C9:9D:72:1C
03-09 12:32:54.993 E/BluetoothService(  687): onLeScan: device = 0B:95:C9:9D:72:1C
03-09 12:32:55.012 D/RockFFPlayerBase(  166): WARRNING: VSYNC THREAD can not get buffer to queue
03-09 12:32:55.019 E/MPEG2_DEC(  166): decoder_header error rev -3
03-09 12:32:55.046 D/RockFFPlayerBase(  166): WARRNING: VSYNC THREAD can not get buffer to queue
03-09 12:32:55.057 E/BluetoothService(  687): onLeScan: device = 4E:D5:2B:62:2D:9C
03-09 12:32:55.057 E/BluetoothService(  687): onLeScan: device = 4E:D5:2B:62:2D:9C
03-09 12:32:55.057 E/BluetoothService(  687): onLeScan: device = 4E:D5:2B:62:2D:9C
03-09 12:32:55.081 E/BluetoothService(  687): onLeScan: device = 1D:3A:51:14:9B:65
03-09 12:32:55.081 E/BluetoothService(  687): onLeScan: device = 1D:3A:51:14:9B:65
03-09 12:32:55.081 D/RockFFPlayerBase(  166): WARRNING: VSYNC THREAD can not get buffer to queue
03-09 12:32:55.081 E/BluetoothService(  687): onLeScan: device = 1D:3A:51:14:9B:65
03-09 12:32:55.089 E/BluetoothService(  687): onLeScan: device = 33:48:39:32:D9:47
03-09 12:32:55.089 E/BluetoothService(  687): onLeScan: device = 33:48:39:32:D9:47
03-09 12:32:55.089 E/BluetoothService(  687): onLeScan: device = 33:48:39:32:D9:47
03-09 12:32:55.099 E/BluetoothService(  687): onLeScan: device = 16:90:10:52:24:A7
03-09 12:32:55.099 E/BluetoothService(  687): onLeScan: device = 16:90:10:52:24:A7
03-09 12:32:55.099 E/BluetoothService(  687): onLeScan: device = 16:90:10:52:24:A7
03-09 12:32:55.101 E/BluetoothService(  687): onLeScan: device = 0B:95:C9:9D:72:1C
03-09 12:32:55.101 E/BluetoothService(  687): onLeScan: device = 0B:95:C9:9D:72:1C
03-09 12:32:55.101 E/BluetoothService(  687): onLeScan: device = 0B:95:C9:9D:72:1C
03-09 12:32:55.115 D/RockFFPlayerBase(  166): WARRNING: VSYNC THREAD can not get buffer to queue
03-09 12:32:55.138 E/BluetoothService(  687): onLeScan: device = 2E:BD:01:AF:E7:67
03-09 12:32:55.138 E/BluetoothService(  687): onLeScan: device = 2E:BD:01:AF:E7:67
03-09 12:32:55.138 E/BluetoothService(  687): onLeScan: device = 2E:BD:01:AF:E7:67
03-09 12:32:55.150 D/RockFFPlayerBase(  166): WARRNING: VSYNC THREAD can not get buffer to queue
03-09 12:32:55.182 E/BluetoothService(  687): onLeScan: device = 1D:3A:51:14:9B:65
03-09 12:32:55.182 E/BluetoothService(  687): onLeScan: device = 1D:3A:51:14:9B:65
03-09 12:32:55.182 E/BluetoothService(  687): onLeScan: device = 1D:3A:51:14:9B:65
03-09 12:32:55.184 E/BluetoothService(  687): onLeScan: device = 00:81:F9:88:9B:A5
03-09 12:32:55.184 E/BluetoothService(  687):      curDev:BeaconTag{beaconNo=0, BeaconAddr='00:81:F9:88:9B:A5', BeaconType='null', BeaconData=0}
03-09 12:32:55.184 E/BluetoothService(  687): onLeScan: device = 00:81:F9:88:9B:A5
03-09 12:32:55.184 E/BluetoothService(  687):      curDev:BeaconTag{beaconNo=0, BeaconAddr='00:81:F9:88:9B:A5', BeaconType='null', BeaconData=0}
03-09 12:32:55.184 E/BluetoothService(  687): onLeScan: device = 00:81:F9:88:9B:A5
03-09 12:32:55.184 D/RockFFPlayerBase(  166): WARRNING: VSYNC THREAD can not get buffer to queue
03-09 12:32:55.193 E/BluetoothService(  687): onLeScan: device = 64:B2:02:E0:F1:AD
03-09 12:32:55.193 E/BluetoothService(  687): onLeScan: device = 64:B2:02:E0:F1:AD
03-09 12:32:55.193 E/BluetoothService(  687): onLeScan: device = 64:B2:02:E0:F1:AD
03-09 12:32:55.202 E/BluetoothService(  687): onLeScan: device = 16:90:10:52:24:A7
03-09 12:32:55.202 E/BluetoothService(  687): onLeScan: device = 16:90:10:52:24:A7
03-09 12:32:55.203 E/BluetoothService(  687): onLeScan: device = 16:90:10:52:24:A7
03-09 12:32:55.236 D/RockFFPlayerBase(  166): WARRNING: VSYNC THREAD can not get buffer to queue
03-09 12:32:55.246 E/BluetoothService(  687): onLeScan: device = 2E:BD:01:AF:E7:67
03-09 12:32:55.247 E/BluetoothService(  687): onLeScan: device = 2E:BD:01:AF:E7:67
03-09 12:32:55.247 E/BluetoothService(  687): onLeScan: device = 2E:BD:01:AF:E7:67
03-09 12:32:55.271 D/RockFFPlayerBase(  166): WARRNING: VSYNC THREAD can not get buffer to queue
03-09 12:32:55.284 E/BluetoothService(  687): onLeScan: device = 1D:3A:51:14:9B:65
03-09 12:32:55.284 E/BluetoothService(  687): onLeScan: device = 1D:3A:51:14:9B:65
03-09 12:32:55.284 E/BluetoothService(  687): onLeScan: device = 1D:3A:51:14:9B:65
03-09 12:32:55.296 E/BluetoothService(  687): onLeScan: device = 33:48:39:32:D9:47
03-09 12:32:55.296 E/BluetoothService(  687): onLeScan: device = 33:48:39:32:D9:47
03-09 12:32:55.296 E/BluetoothService(  687): onLeScan: device = 33:48:39:32:D9:47
03-09 12:32:55.305 D/RockFFPlayerBase(  166): WARRNING: VSYNC THREAD can not get buffer to queue
03-09 12:32:55.306 E/BluetoothService(  687): onLeScan: device = 0B:95:C9:9D:72:1C
03-09 12:32:55.306 E/BluetoothService(  687): onLeScan: device = 0B:95:C9:9D:72:1C
03-09 12:32:55.307 E/BluetoothService(  687): onLeScan: device = 0B:95:C9:9D:72:1C
03-09 12:32:55.333 E/BluetoothService(  687): onLeScan: device = 4E:D5:2B:62:2D:9C
03-09 12:32:55.333 E/BluetoothService(  687): onLeScan: device = 4E:D5:2B:62:2D:9C
03-09 12:32:55.333 E/BluetoothService(  687): onLeScan: device = 4E:D5:2B:62:2D:9C
03-09 12:32:55.340 D/RockFFPlayerBase(  166): WARRNING: VSYNC THREAD can not get buffer to queue
03-09 12:32:55.355 E/BluetoothService(  687): onLeScan: device = 2E:BD:01:AF:E7:67
03-09 12:32:55.355 E/BluetoothService(  687): onLeScan: device = 2E:BD:01:AF:E7:67
03-09 12:32:55.355 E/BluetoothService(  687): onLeScan: device = 2E:BD:01:AF:E7:67
03-09 12:32:55.359 E/BluetoothService(  687): onLeScan: device = 75:0C:01:39:72:FC
03-09 12:32:55.359 E/BluetoothService(  687): onLeScan: device = 75:0C:01:39:72:FC
03-09 12:32:55.359 E/BluetoothService(  687): onLeScan: device = 75:0C:01:39:72:FC
03-09 12:32:55.374 D/RockFFPlayerBase(  166): WARRNING: VSYNC THREAD can not get buffer to queue
03-09 12:32:55.389 E/BluetoothService(  687): onLeScan: device = 1D:3A:51:14:9B:65
03-09 12:32:55.389 E/BluetoothService(  687): onLeScan: device = 1D:3A:51:14:9B:65
03-09 12:32:55.390 E/BluetoothService(  687): onLeScan: device = 1D:3A:51:14:9B:65
03-09 12:32:55.409 D/RockFFPlayerBase(  166): WARRNING: VSYNC THREAD can not get buffer to queue
03-09 12:32:55.413 E/BluetoothService(  687): onLeScan: device = 0B:95:C9:9D:72:1C
03-09 12:32:55.413 E/BluetoothService(  687): onLeScan: device = 0B:95:C9:9D:72:1C
03-09 12:32:55.413 E/BluetoothService(  687): onLeScan: device = 0B:95:C9:9D:72:1C
03-09 12:32:55.443 D/RockFFPlayerBase(  166): WARRNING: VSYNC THREAD can not get buffer to queue
03-09 12:32:55.455 E/BluetoothService(  687): onLeScan: device = 2E:BD:01:AF:E7:67
03-09 12:32:55.455 E/BluetoothService(  687): onLeScan: device = 2E:BD:01:AF:E7:67
03-09 12:32:55.455 E/BluetoothService(  687): onLeScan: device = 2E:BD:01:AF:E7:67
03-09 12:32:55.463 E/BluetoothService(  687): onLeScan: device = 64:B2:02:E0:F1:AD
03-09 12:32:55.463 E/BluetoothService(  687): onLeScan: device = 64:B2:02:E0:F1:AD
03-09 12:32:55.463 E/BluetoothService(  687): onLeScan: device = 64:B2:02:E0:F1:AD
03-09 12:32:55.478 D/RockFFPlayerBase(  166): WARRNING: VSYNC THREAD can not get buffer to queue
03-09 12:32:55.484 E/BluetoothService(  687): onLeScan: device = 62:56:D6:B8:CC:71
03-09 12:32:55.484 E/BluetoothService(  687): onLeScan: device = 62:56:D6:B8:CC:71
03-09 12:32:55.485 E/BluetoothService(  687): onLeScan: device = 62:56:D6:B8:CC:71
03-09 12:32:55.495 E/BluetoothService(  687): onLeScan: device = 1D:3A:51:14:9B:65
03-09 12:32:55.495 E/BluetoothService(  687): onLeScan: device = 1D:3A:51:14:9B:65
03-09 12:32:55.495 E/BluetoothService(  687): onLeScan: device = 1D:3A:51:14:9B:65
03-09 12:32:55.504 E/BluetoothService(  687): onLeScan: device = 00:81:F9:88:9B:A5
03-09 12:32:55.504 E/BluetoothService(  687):      curDev:BeaconTag{beaconNo=0, BeaconAddr='00:81:F9:88:9B:A5', BeaconType='null', BeaconData=0}
03-09 12:32:55.504 E/BluetoothService(  687): onLeScan: device = 00:81:F9:88:9B:A5
03-09 12:32:55.504 E/BluetoothService(  687):      curDev:BeaconTag{beaconNo=0, BeaconAddr='00:81:F9:88:9B:A5', BeaconType='null', BeaconData=0}
03-09 12:32:55.504 E/BluetoothService(  687): onLeScan: device = 00:81:F9:88:9B:A5
03-09 12:32:55.508 E/BluetoothService(  687): onLeScan: device = 33:48:39:32:D9:47
03-09 12:32:55.508 E/BluetoothService(  687): onLeScan: device = 33:48:39:32:D9:47
03-09 12:32:55.508 E/BluetoothService(  687): onLeScan: device = 33:48:39:32:D9:47
03-09 12:32:55.512 D/RockFFPlayerBase(  166): WARRNING: VSYNC THREAD can not get buffer to queue
03-09 12:32:55.521 E/BluetoothService(  687): onLeScan: device = 0B:95:C9:9D:72:1C
03-09 12:32:55.521 E/BluetoothService(  687): onLeScan: device = 0B:95:C9:9D:72:1C
03-09 12:32:55.521 E/BluetoothService(  687): onLeScan: device = 0B:95:C9:9D:72:1C
03-09 12:32:55.547 D/RockFFPlayerBase(  166): WARRNING: VSYNC THREAD can not get buffer to queue
03-09 12:32:55.582 D/RockFFPlayerBase(  166): WARRNING: VSYNC THREAD can not get buffer to queue
03-09 12:32:55.599 E/BluetoothService(  687): onLeScan: device = 1D:3A:51:14:9B:65
03-09 12:32:55.599 E/BluetoothService(  687): onLeScan: device = 1D:3A:51:14:9B:65
03-09 12:32:55.599 E/BluetoothService(  687): onLeScan: device = 1D:3A:51:14:9B:65
03-09 12:32:55.604 E/BluetoothService(  687): onLeScan: device = 4E:D5:2B:62:2D:9C
03-09 12:32:55.604 E/BluetoothService(  687): onLeScan: device = 4E:D5:2B:62:2D:9C
03-09 12:32:55.604 E/BluetoothService(  687): onLeScan: device = 4E:D5:2B:62:2D:9C
03-09 12:32:55.612 E/BluetoothService(  687): onLeScan: device = 16:90:10:52:24:A7
03-09 12:32:55.612 E/BluetoothService(  687): onLeScan: device = 16:90:10:52:24:A7
03-09 12:32:55.613 E/BluetoothService(  687): onLeScan: device = 16:90:10:52:24:A7
03-09 12:32:55.616 D/RockFFPlayerBase(  166): WARRNING: VSYNC THREAD can not get buffer to queue
03-09 12:32:55.617 E/BluetoothService(  687): onLeScan: device = 33:48:39:32:D9:47
03-09 12:32:55.617 E/BluetoothService(  687): onLeScan: device = 33:48:39:32:D9:47
03-09 12:32:55.618 E/BluetoothService(  687): onLeScan: device = 33:48:39:32:D9:47
03-09 12:32:55.630 E/BluetoothService(  687): onLeScan: device = 0B:95:C9:9D:72:1C
03-09 12:32:55.630 E/BluetoothService(  687): onLeScan: device = 0B:95:C9:9D:72:1C
03-09 12:32:55.630 E/BluetoothService(  687): onLeScan: device = 0B:95:C9:9D:72:1C
03-09 12:32:55.651 D/RockFFPlayerBase(  166): WARRNING: VSYNC THREAD can not get buffer to queue
03-09 12:32:55.653 E/MPEG2_DEC(  166): decoder_header error rev -3
03-09 12:32:55.660 E/BluetoothService(  687): onLeScan: device = 2E:BD:01:AF:E7:67
03-09 12:32:55.660 E/BluetoothService(  687): onLeScan: device = 2E:BD:01:AF:E7:67
03-09 12:32:55.660 E/BluetoothService(  687): onLeScan: device = 2E:BD:01:AF:E7:67
03-09 12:32:55.685 D/RockFFPlayerBase(  166): WARRNING: VSYNC THREAD can not get buffer to queue
03-09 12:32:55.703 E/BluetoothService(  687): onLeScan: device = 1D:3A:51:14:9B:65
03-09 12:32:55.704 E/BluetoothService(  687): onLeScan: device = 1D:3A:51:14:9B:65
03-09 12:32:55.704 E/BluetoothService(  687): onLeScan: device = 1D:3A:51:14:9B:65
03-09 12:32:55.721 E/BluetoothService(  687): onLeScan: device = 33:48:39:32:D9:47
03-09 12:32:55.721 E/BluetoothService(  687): onLeScan: device = 33:48:39:32:D9:47
03-09 12:32:55.721 E/BluetoothService(  687): onLeScan: device = 33:48:39:32:D9:47
03-09 12:32:55.736 E/BluetoothService(  687): onLeScan: device = 64:B2:02:E0:F1:AD
03-09 12:32:55.736 E/BluetoothService(  687): onLeScan: device = 64:B2:02:E0:F1:AD
03-09 12:32:55.736 E/BluetoothService(  687): onLeScan: device = 64:B2:02:E0:F1:AD
03-09 12:32:55.737 D/RockFFPlayerBase(  166): WARRNING: VSYNC THREAD can not get buffer to queue
03-09 12:32:55.739 E/BluetoothService(  687): onLeScan: device = 0B:95:C9:9D:72:1C
03-09 12:32:55.739 E/BluetoothService(  687): onLeScan: device = 0B:95:C9:9D:72:1C
03-09 12:32:55.739 E/BluetoothService(  687): onLeScan: device = 0B:95:C9:9D:72:1C
03-09 12:32:55.757 E/BluetoothService(  687): onLeScan: device = 62:56:D6:B8:CC:71
03-09 12:32:55.757 E/BluetoothService(  687): onLeScan: device = 62:56:D6:B8:CC:71
03-09 12:32:55.757 E/BluetoothService(  687): onLeScan: device = 62:56:D6:B8:CC:71
03-09 12:32:55.770 E/BluetoothService(  687): onLeScan: device = 2E:BD:01:AF:E7:67
03-09 12:32:55.770 E/BluetoothService(  687): onLeScan: device = 2E:BD:01:AF:E7:67
03-09 12:32:55.770 E/BluetoothService(  687): onLeScan: device = 2E:BD:01:AF:E7:67
03-09 12:32:55.771 D/RockFFPlayerBase(  166): WARRNING: VSYNC THREAD can not get buffer to queue
03-09 12:32:55.806 D/RockFFPlayerBase(  166): WARRNING: VSYNC THREAD can not get buffer to queue
03-09 12:32:55.811 E/BluetoothService(  687): onLeScan: device = 1D:3A:51:14:9B:65
03-09 12:32:55.811 E/BluetoothService(  687): onLeScan: device = 1D:3A:51:14:9B:65
03-09 12:32:55.811 E/BluetoothService(  687): onLeScan: device = 1D:3A:51:14:9B:65
03-09 12:32:55.840 D/RockFFPlayerBase(  166): WARRNING: VSYNC THREAD can not get buffer to queue
03-09 12:32:55.845 E/BluetoothService(  687): onLeScan: device = 0B:95:C9:9D:72:1C
03-09 12:32:55.845 E/BluetoothService(  687): onLeScan: device = 0B:95:C9:9D:72:1C
03-09 12:32:55.845 E/BluetoothService(  687): onLeScan: device = 0B:95:C9:9D:72:1C
03-09 12:32:55.874 E/BluetoothService(  687): onLeScan: device = 2E:BD:01:AF:E7:67
03-09 12:32:55.875 E/BluetoothService(  687): onLeScan: device = 2E:BD:01:AF:E7:67
03-09 12:32:55.875 E/BluetoothService(  687): onLeScan: device = 2E:BD:01:AF:E7:67
03-09 12:32:55.875 D/RockFFPlayerBase(  166): WARRNING: VSYNC THREAD can not get buffer to queue
03-09 12:32:55.910 D/RockFFPlayerBase(  166): WARRNING: VSYNC THREAD can not get buffer to queue
03-09 12:32:55.912 E/BluetoothService(  687): onLeScan: device = 1D:3A:51:14:9B:65
03-09 12:32:55.912 E/BluetoothService(  687): onLeScan: device = 1D:3A:51:14:9B:65
03-09 12:32:55.913 E/BluetoothService(  687): onLeScan: device = 1D:3A:51:14:9B:65
03-09 12:32:55.922 E/BluetoothService(  687): onLeScan: device = 16:90:10:52:24:A7
03-09 12:32:55.922 E/BluetoothService(  687): onLeScan: device = 16:90:10:52:24:A7
03-09 12:32:55.922 E/BluetoothService(  687): onLeScan: device = 16:90:10:52:24:A7
03-09 12:32:55.944 D/RockFFPlayerBase(  166): WARRNING: VSYNC THREAD can not get buffer to queue
03-09 12:32:55.977 E/BluetoothService(  687): onLeScan: device = 2E:BD:01:AF:E7:67
03-09 12:32:55.977 E/BluetoothService(  687): onLeScan: device = 2E:BD:01:AF:E7:67
03-09 12:32:55.977 E/BluetoothService(  687): onLeScan: device = 2E:BD:01:AF:E7:67
03-09 12:32:55.979 D/RockFFPlayerBase(  166): WARRNING: VSYNC THREAD can not get buffer to queue
