03-09 12:33:00.330 D/RockFFPlayer(  166): enqueueMessage:sync wait ok
03-09 12:33:00.330 D/RockFFPlayer(  166): run : Message 20 complete
03-09 12:33:00.331 D/RockFFPlayerBase(  166): setSurfaceTexture in
03-09 12:33:00.331 D/RockFFPlayerBase(  166): setSurfaceTexture out
03-09 12:33:00.331 D/RockFFPlayer(  166): prepareAsync in
03-09 12:33:00.331 D/RockFFPlayerBase(  166): dumpStatus(): Initialized
03-09 12:33:00.331 D/RockFFPlayerBase(  166): dumpStatus(): Preparing
03-09 12:33:00.331 I/FFPlayer_Version(  166): ******************************************
03-09 12:33:00.331 I/FFPlayer_Version(  166): 
03-09 12:33:00.331 I/FFPlayer_Version(  166): starting main player: 2016-05-30-04:46:02
03-09 12:33:00.331 I/FFPlayer_Version(  166): ffPlayer is Built for BOARD_RK312X
03-09 12:33:00.331 I/FFPlayer_Version(  166): 
03-09 12:33:00.331 I/FFPlayer_Version(  166): ******************************************
03-09 12:33:00.331 I/RockFFPlayer(  166): setDataSource(url =file/fd::17,offset::0)
03-09 12:33:00.331 I/RockFFPlayer(  166): setDataSource(fileurl =/mnt/internal_sd/washing/washing.mpg)
03-09 12:33:00.332 E/RockFFPlayerBase(  166): openContext : in
03-09 12:33:00.332 D/RockFFPlayer(  166): prepareAsync ok
03-09 12:33:00.332 E/RockFFPlayer(  166): ffmpeg version 10-26
03-09 12:33:00.332 E/RockFFPlayer(  166): av_probe_input_buffer:avio_read
03-09 12:33:00.332 I/RockFFPlayer(  166): flv_probe get probe score: 0
03-09 12:33:00.332 E/RockFFPlayer(  166): Hery, probe size = 2
03-09 12:33:00.332 E/RockFFPlayer(  166): av_probe_input_buffer:avio_read
03-09 12:33:00.332 I/RockFFPlayer(  166): flv_probe get probe score: 0
03-09 12:33:00.332 E/RockFFPlayer(  166): Hery, probe size = 2
03-09 12:33:00.333 E/RockFFPlayer(  166): av_probe_input_buffer:avio_read
03-09 12:33:00.333 I/RockFFPlayer(  166): flv_probe get probe score: 0
03-09 12:33:00.334 E/RockFFPlayer(  166): Hery, probe size = 2
03-09 12:33:00.334 E/RockFFPlayer(  166): avformat_open_input:read_header
03-09 12:33:00.334 E/RockFFPlayer(  166): avformat_open_input:read_header ok
03-09 12:33:00.334 D/RkExtensionPlayer(  166): openContext in
03-09 12:33:00.334 E/RkExtensionPlayer(  166): autoDetect(): path = /mnt/internal_sd/washing/washing.mpg
03-09 12:33:00.334 E/FFPlayerHelper(  166): isNetWorkUrl: url = /mnt/internal_sd/washing/washing.mpg
03-09 12:33:00.334 E/RkExtensionPlayer(  166): autoDetect(): directory = /mnt/internal_sd/washing
03-09 12:33:00.334 E/RkExtensionPlayer(  166): autoDetect(): prefix = /mnt/internal_sd/washing/washing
03-09 12:33:00.335 E/RkExtensionPlayer(  166): autoDetect(): fileName = washing
03-09 12:33:00.335 E/RkExtensionPlayer(  166): dr->d_name = washing.mpg
03-09 12:33:00.335 E/RkExtensionPlayer(  166): subPrefix = washing
03-09 12:33:00.335 D/RkExtensionPlayer(  166): openContext out,mTrackInfos size = 0
03-09 12:33:00.335 E/RockFFPlayerBase(  166): openContext : out,ret = 0
03-09 12:33:00.335 D/RockFFPlayer(  166): setDataSource:set local video property=1
03-09 12:33:00.335 E/RockFFPlayer(  166): Hery, s->iformat->name = mpeg
03-09 12:33:00.335 D/RockFFPlayer(  166): There is not appleHls need find video Info
03-09 12:33:00.419 E/RockFFPlayer(  166): Probe buffer size limit 2097152 reached
03-09 12:33:00.419 E/RockFFPlayer(  166): avformat_find_stream_info:add probesize
03-09 12:33:00.424 E/CameraHal_Marvin(  166): HAL-MOCKUP: PHY ADDR (0x10000000),iommu addr (0x10000000)
03-09 12:33:00.425 E/CameraHal_Marvin(  166): HAL-MOCKUP: PHY ADDR (0x102c2000),iommu addr (0x102c2000)
03-09 12:33:00.426 E/CameraHal_Marvin(  166): HAL-MOCKUP: PHY ADDR (0x10584000),iommu addr (0x10584000)
03-09 12:33:00.426 E/CameraHal_Marvin(  166): HAL-MOCKUP: PHY ADDR (0x10846000),iommu addr (0x10846000)
03-09 12:33:00.428 E/RockFFPlayer(  166): Probe buffer size limit 2621440 reached
03-09 12:33:00.428 E/RockFFPlayer(  166): avformat_find_stream_info:add probesize
03-09 12:33:00.439 E/CameraHal_Marvin(  166): ADPF: AdpfStart: Can't enable CamerIc DPF (8)
03-09 12:33:00.439 E/CameraHal_Marvin(  166): ADPCC: AdpccStart: Can't enable CamerIc DPCC (8)
03-09 12:33:00.439 E/CameraHal(  166): cameraCreate(137): sensor name GC2145
03-09 12:33:00.439 D/CameraHal(  166): Calling process is: com.example.hu.mediaplayerapk
03-09 12:33:00.440 D/CameraHal(  166): enableSensor(213): orientation = 0xb8adfee8 (Gravity sensor)
03-09 12:33:00.445 E/RockFFPlayer(  166): Probe buffer size limit 3670016 reached
03-09 12:33:00.445 E/RockFFPlayer(  166): avformat_find_stream_info:add probesize
03-09 12:33:00.445 E/RockFFPlayer(  166): max_analyze_duration 5000000 reached at 5005000
03-09 12:33:00.445 E/RockFFPlayer(  166): read_size = 3727369
03-09 12:33:00.445 E/RockFFPlayer(  166): estimate_timings_from_pts
03-09 12:33:00.446 E/RockFFPlayer(  166): estimate_timings_from_pts end_time = 5426583,AV_NOPTS_VALUE = -9223372036854775808
03-09 12:33:00.446 E/RockFFPlayer(  166): update_stream_timings: st[-1196597856].duration = 5387382
03-09 12:33:00.446 E/RockFFPlayer(  166): update_stream_timings: st[-1196597856].duration = 5401080
03-09 12:33:00.446 E/RockFFPlayer(  166): update_stream_timings: st[-1196597856].duration = 5387382
03-09 12:33:00.446 E/RockFFPlayer(  166): update_stream_timings: st[-1196597856].duration = 5401080
03-09 12:33:00.446 E/RockFFPlayer(  166): estimate_timings: local file
03-09 12:33:00.446 E/RockFFPlayer(  166): estimate_timings:0: start_time: 0.032 duration: 5.387,base_time.den=90000,base_time.num=1
03-09 12:33:00.446 E/RockFFPlayer(  166): estimate_timings:1: start_time: 0.026 duration: 5.401,base_time.den=90000,base_time.num=1
03-09 12:33:00.446 E/RockFFPlayer(  166): stream: start_time: 0.283 duration: 60.012 bitrate=9720 kb/s
03-09 12:33:00.446 E/RockFFPlayer(  166): avformat_find_stream_info:find_stream_info_err:free info,ok
03-09 12:33:00.446 E/RockFFPlayer(  166): avformat_find_stream_info:find_stream_info_err:free info,ok
03-09 12:33:00.446 E/RockFFPlayer(  166): s->streams[0]->codec->codec_type = 0
03-09 12:33:00.446 E/RockFFPlayer(  166): s->streams[0]->codec->probe_packets = 2500
03-09 12:33:00.446 E/RockFFPlayer(  166): s->streams[0]->codec->codec_info_nb_frames = 152
03-09 12:33:00.446 E/RockFFPlayer(  166): s->streams[1]->codec->codec_type = 1
03-09 12:33:00.446 E/RockFFPlayer(  166): s->streams[1]->codec->probe_packets = 2500
03-09 12:33:00.446 E/RockFFPlayer(  166): s->streams[1]->codec->codec_info_nb_frames = 141
03-09 12:33:00.446 E/RockFFPlayer(  166): audio name  = mp2
03-09 12:33:00.446 E/RockFFPlayer(  166): is3DVideo()
03-09 12:33:00.446 D/RockFFPlayer(  166): AudioStartTime=283366,VideoStartTime=350100,tmpTime=283366
03-09 12:33:00.446 D/RockFFPlayer(  166): findAVStreamStartTime:start_time =283366
03-09 12:33:00.446 E/RockFFPlayer(  166): Hery, s->duration = 60012000.000000
03-09 12:33:00.446 I/RockFFPlayer(  166): Input #0, mpeg, from 'file/fd::17,offset::0':
03-09 12:33:00.446 I/RockFFPlayer(  166):   Duration: 
03-09 12:33:00.446 I/RockFFPlayer(  166): 00:01:00.01
03-09 12:33:00.446 I/RockFFPlayer(  166): , start: 
03-09 12:33:00.446 I/RockFFPlayer(  166): 0.283366
03-09 12:33:00.446 I/RockFFPlayer(  166): , bitrate: 
03-09 12:33:00.446 I/RockFFPlayer(  166): 9720 kb/s
03-09 12:33:00.446 I/RockFFPlayer(  166): 
03-09 12:33:00.446 I/RockFFPlayer(  166):     Stream #0:0
03-09 12:33:00.446 I/RockFFPlayer(  166): [0x1e0]
03-09 12:33:00.446 I/RockFFPlayer(  166): : Video: mpeg2video (Main), yuv420p, 720x480 [SAR 32:27 DAR 16:9]
03-09 12:33:00.446 I/RockFFPlayer(  166): , 29.97 fps
03-09 12:33:00.446 I/RockFFPlayer(  166): , 29.97 tbr
03-09 12:33:00.446 I/RockFFPlayer(  166): , 90k tbn
03-09 12:33:00.446 I/RockFFPlayer(  166): , 59.94 tbc
03-09 12:33:00.446 I/RockFFPlayer(  166): 
03-09 12:33:00.446 I/RockFFPlayer(  166):     Stream #0:1
03-09 12:33:00.446 I/RockFFPlayer(  166): [0x1c0]
03-09 12:33:00.446 I/RockFFPlayer(  166): : Audio: mp2, 32000 Hz, stereo, s16, 128 kb/s
03-09 12:33:00.446 I/RockFFPlayer(  166): 
03-09 12:33:00.446 D/RockFFPlayer(  166): prepare_l:start decode and read Thread
03-09 12:33:00.446 D/RockFFPlayer(  166): enter enqueueMessage
03-09 12:33:00.446 D/RockFFPlayer(  166): enqueueMessage:****1
03-09 12:33:00.446 D/RockFFPlayer(  166): enqueueMessage:****2
03-09 12:33:00.446 D/RockFFPlayer(  166): enqueueMessage:****3
03-09 12:33:00.446 D/RockFFPlayer(  166): enqueueMessage:Message 1,set signal
03-09 12:33:00.447 D/RockFFPlayer(  166): enqueueMessage:sync wait
03-09 12:33:00.447 D/RockFFPlayer(  166): deliverMessage 
03-09 12:33:00.447 D/RockFFPlayer(  166): run : dequeueMessage Message 1
03-09 12:33:00.447 D/RockFFPlayer(  166): CMD_PREPARE
03-09 12:33:00.447 I/RockFFPlayer(  166): doPrepare in
03-09 12:33:00.447 I/RockFFPlayer(  166): prepareVideo
03-09 12:33:00.447 E/CrFeatureHelper(  166): check_avtone_library --> Error:2 No such file or directory
03-09 12:33:00.447 D/FFPlayerHelper(  166): CrFeatureHelper --> name = ,tag = 0
03-09 12:33:00.447 E/CrFeatureHelper(  166): check_avtone_library --> Error:2 No such file or directory
03-09 12:33:00.447 D/FFPlayerHelper(  166): CrFeatureHelper --> name = ,tag = 0
03-09 12:33:00.447 D/FFPlayerHelper(  166):  ====================errno = No such file or directory
03-09 12:33:00.447 D/RockFFPlayerBase(  166): open MediaDecoder.cfg failed,so can't config anything
03-09 12:33:00.447 D/RockFFPlayerBase(  166): File not exists!
03-09 12:33:00.447 D/RockFFPlayer(  166): local video bitrate is 9720 kbps
03-09 12:33:00.447 D/RockFFPlayer(  166): avg.frame.den=1001,avg.frame.num=30000
03-09 12:33:00.447 D/RockFFPlayer(  166): timebase.den=90000,timebase.num=1
03-09 12:33:00.447 D/RockFFPlayer(  166): codecbase.den=60000,codecbase.num=1001
03-09 12:33:00.447 D/RockFFPlayer(  166): getVideoFrameRate: use avg frame rate: 29.970030
03-09 12:33:00.447 D/RockFFPlayer(  166): getVideoFrameRate:frameRate=29.970030
03-09 12:33:00.447 D/HDMIManager(  166): unkonwn connection state
03-09 12:33:00.447 D/HDMIManager(  166): TV/HDMI mode fd open failed
03-09 12:33:00.447 D/RockFFPlayer(  166): Video stream frame rate = 29.970030
03-09 12:33:00.447 D/RockFFPlayer(  166): Video stream codec_id = 2
03-09 12:33:00.448 I/RockFFPlayer(  166): prepareVideo, w: 720, h: 480,mVFrameRate 29.970030
03-09 12:33:00.448 D/RenderBase(  166): powerControl write: 1,width=720,height=480,ishevc=0,videoFramerate=0,streamBitrate=0
03-09 12:33:00.448 D/RenderShared(  166): RkRendererShared(): format = 22,bufWidth = 720,bufHeight = 480
03-09 12:33:00.448 D/RenderShared(  166): RkRendererShared(): IOMMU open rga *******************
03-09 12:33:00.448 D/RenderShared(  166): RkRendererShared transform = 0
03-09 12:33:00.448 D/RockFFPlayerBase(  166): initRender(1324) new render ok
03-09 12:33:00.448 D/HDMIManager(  166): HdmiManager constructor***************
03-09 12:33:00.448 E/HDMIManager(  166): get3DMode**********
03-09 12:33:00.448 E/HDMIManager(  166): send**********
03-09 12:33:00.448 E/HDMIManager(  166): send(): cmd = 0 mode get3dmode 0 HDMI
03-09 12:33:00.448 D/CommandListener(  158): :ModeCmd::runCommand argv[1] = get3dmode
03-09 12:33:00.448 E/HDMIManager(  166): getReply(): 501 0 Missing iface
03-09 12:33:00.448 E/HDMIManager(  166): parseReply(): 501 0 Missing iface
03-09 12:33:00.448 E/HDMIManager(  166): parseReply(): mCode = 501,mStatus = 0,mReply = Missing iface
03-09 12:33:00.448 E/HDMIManager(  166): getResolution**********
03-09 12:33:00.448 D/HDMIManager(  166): unkonwn connection state
03-09 12:33:00.448 E/HDMIManager(  166): TV getMode(): open fail
03-09 12:33:00.448 E/HDMIManager(  166): getResolution**********
03-09 12:33:00.448 D/HDMIManager(  166): unkonwn connection state
03-09 12:33:00.448 E/HDMIManager(  166): TV getMode(): open fail
03-09 12:33:00.448 E/HDMIManager(  166): getAllResolution**********
03-09 12:33:00.448 E/HDMIManager(  166): getAllResolution(): open fail
03-09 12:33:00.448 D/HDMIManager(  166): setResolution(): width = 720,height = 480,frameRate = 30
03-09 12:33:00.448 D/HDMIManager(  166): setResolution(): support3D = 0,enale24 = 0
03-09 12:33:00.448 E/HDMIManager(  166): getResolution**********
03-09 12:33:00.448 D/HDMIManager(  166): unkonwn connection state
03-09 12:33:00.449 E/HDMIManager(  166): TV getMode(): open fail
03-09 12:33:00.449 D/HDMIManager(  166): unkonwn connection state
03-09 12:33:00.449 D/HDMIManager(  166): TV/HDMI mode fd open failed
03-09 12:33:00.449 I/RockFFPlayer(  166): prepareAudio
03-09 12:33:00.449 E/RockFFPlayer(  166): audio stream codec_id = 86016
03-09 12:33:00.449 D/RockFFPlayerBase(  166): open MediaDecoder.cfg failed,so can't config anything
03-09 12:33:00.449 D/RockFFPlayerBase(  166): File not exists!
03-09 12:33:00.449 D/RockFFPlayer(  166): initAudioPlayer
03-09 12:33:00.449 D/RockFFPlayer(  166): initAudioPlayer getOutputMode  passThrough = 0
03-09 12:33:00.449 D/RockFFPlayer(  166): enable the audio resample
03-09 12:33:00.449 D/RockFFPlayerBase(  166): setAudioOutputMode output_mode = 0
03-09 12:33:00.449 D/RkAudioPlayer(  166): setAudioSlice 0
03-09 12:33:00.449 D/RockFFPlayer(  166): initAudioPlayer out
03-09 12:33:00.449 D/SpeedManager(  166): sound touch donnot support current audio params
03-09 12:33:00.449 D/RkExtensionPlayer(  166): prepareExtendSubtitle in
03-09 12:33:00.449 E/RkExtensionPlayer(  166): prepareExtendSubtitle: context == NULL
03-09 12:33:00.449 E/RockFFPlayer(  166): prepareExtandSubtitle return error!
03-09 12:33:00.449 D/RkExtensionPlayer(  166): ~RkExtensionPlayer in
03-09 12:33:00.449 D/RkExtensionPlayer(  166): RkExtensionPlayer::closeExtendSubDecoder in
03-09 12:33:00.449 E/FFExtensionSource(  166): ~FFExtensionSource in
03-09 12:33:00.449 D/RockFFPlayer(  166): FFMediaSource context null. 
03-09 12:33:00.449 E/FFExtensionSource(  166): ~FFExtensionSource out
03-09 12:33:00.449 D/RockFFPlayer(  166): ~FFMediaSource
03-09 12:33:00.449 D/RockFFPlayer(  166): FFMediaSource context null. 
03-09 12:33:00.449 D/RkExtensionPlayer(  166): closeExtendSubDecoder out
03-09 12:33:00.449 I/RockFFPlayer(  166): prepareSubtitle in
03-09 12:33:00.449 E/RockFFPlayer(  166): hasSubtitle return fail
03-09 12:33:00.449 E/DecodeAudio(  166): mStream->codec->channels = 2  mStream->codec->sample_rate = 32000
03-09 12:33:00.449 D/DecodeAudio(  166): decode audio mAudioOutputMode = 0
03-09 12:33:00.449 D/DecodeVideo(  166): CrFeatureHelper -->   hwdec_flag = 1,Codec->codec_id = 0x2
03-09 12:33:00.449 D/RockFFPlayer(  166): avg.frame.den=1001,avg.frame.num=30000
03-09 12:33:00.449 D/RockFFPlayer(  166): timebase.den=90000,timebase.num=1
03-09 12:33:00.449 D/RockFFPlayer(  166): codecbase.den=60000,codecbase.num=1001
03-09 12:33:00.449 D/RockFFPlayer(  166): getVideoFrameRate: use avg frame rate: 29.970030
03-09 12:33:00.449 D/RockFFPlayer(  166): getVideoFrameRate:frameRate=29.970030
03-09 12:33:00.449 E/PtsProcess(  166): setFrameRate():mFrameRate = 29.970030
03-09 12:33:00.450 E/TraceThread(  166): TraceThread::dumpTrace() FileName:/data/trace_thread.log
03-09 12:33:00.450 D/RockFFPlayerBase(  166): dumpStatus(): Preapared
03-09 12:33:00.450 I/RockFFPlayer(  166): doPrepareFinish ok
03-09 12:33:00.450 D/RockFFPlayer(  166): run : dequeueMessage Message 1 OK
03-09 12:33:00.450 D/RockFFPlayer(  166): Messagecomplete type [1]
03-09 12:33:00.450 W/CameraService(  166): CameraService::connect X (id 0, this pid is 166, name com.example.hu.mediaplayerapk)
03-09 12:33:00.450 D/RockFFPlayer(  166): enqueueMessage:sync wait ok
03-09 12:33:00.450 I/RockFFPlayer(  166): decodeMovie:getCurrentStatus() = 8
03-09 12:33:00.450 E/MediaPlayer(  687): Should have subtitle controller already set
03-09 12:33:00.450 E/MediaPlayerImp(  687): play: /mnt/internal_sd/WASHING/washing.mpg
03-09 12:33:00.450 E/BluetoothService(  687): onLeScan: device = 0B:95:C9:9D:72:1C
03-09 12:33:00.451 E/BluetoothService(  687): onLeScan: device = 0B:95:C9:9D:72:1C
03-09 12:33:00.451 E/BluetoothService(  687): onLeScan: device = 0B:95:C9:9D:72:1C
03-09 12:33:00.451 E/BluetoothService(  687): onLeScan: device = 16:90:10:52:24:A7
03-09 12:33:00.451 E/BluetoothService(  687): onLeScan: device = 16:90:10:52:24:A7
03-09 12:33:00.451 E/BluetoothService(  687): onLeScan: device = 16:90:10:52:24:A7
03-09 12:33:00.451 E/BluetoothService(  687): onLeScan: device = 64:B2:02:E0:F1:AD
03-09 12:33:00.451 E/BluetoothService(  687): onLeScan: device = 64:B2:02:E0:F1:AD
03-09 12:33:00.451 E/BluetoothService(  687): onLeScan: device = 64:B2:02:E0:F1:AD
03-09 12:33:00.451 E/BluetoothService(  687): onLeScan: device = 62:56:D6:B8:CC:71
03-09 12:33:00.451 E/BluetoothService(  687): onLeScan: device = 62:56:D6:B8:CC:71
03-09 12:33:00.451 E/BluetoothService(  687): onLeScan: device = 62:56:D6:B8:CC:71
03-09 12:33:00.451 E/BluetoothService(  687): onLeScan: device = 1D:3A:51:14:9B:65
03-09 12:33:00.451 E/BluetoothService(  687): onLeScan: device = 1D:3A:51:14:9B:65
03-09 12:33:00.451 E/BluetoothService(  687): onLeScan: device = 1D:3A:51:14:9B:65
03-09 12:33:00.451 E/BluetoothService(  687): onLeScan: device = 0B:95:C9:9D:72:1C
03-09 12:33:00.451 E/BluetoothService(  687): onLeScan: device = 0B:95:C9:9D:72:1C
03-09 12:33:00.451 E/BluetoothService(  687): onLeScan: device = 0B:95:C9:9D:72:1C
03-09 12:33:00.451 E/MediaPlayer(  687): Should have subtitle controller already set
03-09 12:33:00.451 D/JavaCameraView(  687): getSupportedPreviewSizes()
03-09 12:33:00.452 D/RockFFPlayer(  166): setLooping(): loop = 0
03-09 12:33:00.452 E/JavaCameraView(  687): init: screenWidth = 1280,screenHeight = 672
03-09 12:33:00.452 E/JavaCameraView(  687): init: previewWidth:800,previewHeight:600
03-09 12:33:00.452 D/RockFFPlayer(  166): setLooping(): loop = 0
03-09 12:33:00.452 D/RockFFPlayer(  166): start()**************
03-09 12:33:00.452 D/RockFFPlayerBase(  166): dumpStatus(): Preapared
03-09 12:33:00.452 D/RockFFPlayerBase(  166): allocDecoderBuffer***********
03-09 12:33:00.452 D/RockFFPlayerBase(  166): allocDecoderBuffer(): mVideoWidth = 720,mVideoHeight = 480
03-09 12:33:00.452 D/NativeWindowBuffer(  166): MALLOC:def->mWidth=720,def->mHeight=480,def->nBufferSize=622080
03-09 12:33:00.452 D/NativeWindowBuffer(  166): native_window_set_buffers_geometry before mNativeWindow = 0xb8cdd678
03-09 12:33:00.452 D/RockFFPlayer(  166): run : Message 1 complete
03-09 12:33:00.452 D/NativeWindowBuffer(  166): OMX-buffers: min=2 actual=32 undeq=1+1 def.mWidth = 720 def.mHeight = 480
03-09 12:33:00.453 D/NativeWindowBuffer(  166): allocating 32 buffers from a native window of size 622080 on output port
03-09 12:33:00.455 D/JavaCameraView(  687): startPreview
03-09 12:33:00.455 D/CameraHal(  166): commandThread(937): commandThread(937):receive CMD_SET_PREVIEW_WINDOW
03-09 12:33:00.455 D/CameraHal(  166): commandThread(953): commandThread(953): CMD_SET_PREVIEW_WINDOW out
03-09 12:33:00.455 D/CameraHal(  166): commandThread(832): commandThread(832):receive CMD_PREVIEW_START
03-09 12:33:00.455 D/JavaCameraView(  687): Starting processing thread
03-09 12:33:00.455 D/CameraHal(  166): stop(1859): m_camDevice->stopPreview success!
03-09 12:33:00.456 D/NativeWindowBuffer(  166): registered graphic buffer with ID 0x46 (pointer = 0xb8e28dd0 , 0xb90779d8) phy_addr = 0
03-09 12:33:00.457 D/NativeWindowBuffer(  166): registered graphic buffer with ID 0x47 (pointer = 0xb8addc88 , 0xb90b7f58) phy_addr = 0
03-09 12:33:00.458 D/NativeWindowBuffer(  166): registered graphic buffer with ID 0x48 (pointer = 0xb8e29458 , 0xb8e35f68) phy_addr = 0
03-09 12:33:00.460 D/NativeWindowBuffer(  166): registered graphic buffer with ID 0x49 (pointer = 0xb8e295f8 , 0xb8e29568) phy_addr = 0
03-09 12:33:00.461 D/NativeWindowBuffer(  166): registered graphic buffer with ID 0x4a (pointer = 0xb8e29708 , 0xb8e754f8) phy_addr = 0
03-09 12:33:00.462 D/NativeWindowBuffer(  166): registered graphic buffer with ID 0x4b (pointer = 0xb8e757d8 , 0xb8e75748) phy_addr = 0
03-09 12:33:00.463 D/NativeWindowBuffer(  166): registered graphic buffer with ID 0x4c (pointer = 0xb8e75978 , 0xb8e758e8) phy_addr = 0
03-09 12:33:00.464 D/NativeWindowBuffer(  166): registered graphic buffer with ID 0x4d (pointer = 0xb8e36988 , 0xb8e28e58) phy_addr = 0
03-09 12:33:00.465 D/NativeWindowBuffer(  166): registered graphic buffer with ID 0x4e (pointer = 0xb8e36b28 , 0xb8e36a98) phy_addr = 0
03-09 12:33:00.466 D/NativeWindowBuffer(  166): registered graphic buffer with ID 0x4f (pointer = 0xb8e75588 , 0xb8e36e48) phy_addr = 0
03-09 12:33:00.468 D/NativeWindowBuffer(  166): registered graphic buffer with ID 0x50 (pointer = 0xb8d67858 , 0xb8b622d8) phy_addr = 0
03-09 12:33:00.495 D/NativeWindowBuffer(  166): registered graphic buffer with ID 0x51 (pointer = 0xb8d679f8 , 0xb8d67968) phy_addr = 0
03-09 12:33:00.514 D/NativeWindowBuffer(  166): registered graphic buffer with ID 0x52 (pointer = 0xb8d67b98 , 0xb8d67b08) phy_addr = 0
03-09 12:33:00.535 D/NativeWindowBuffer(  166): registered graphic buffer with ID 0x53 (pointer = 0xb8d67d38 , 0xb8d67ca8) phy_addr = 0
03-09 12:33:00.545 D/NativeWindowBuffer(  166): registered graphic buffer with ID 0x54 (pointer = 0xb8ae0bf8 , 0xb8ae0b68) phy_addr = 0
03-09 12:33:00.546 D/NativeWindowBuffer(  166): registered graphic buffer with ID 0x55 (pointer = 0xb8e36c40 , 0xb8e36bb0) phy_addr = 0
03-09 12:33:00.546 D/NativeWindowBuffer(  166): registered graphic buffer with ID 0x56 (pointer = 0xb8e34fb0 , 0xb8e34f20) phy_addr = 0
03-09 12:33:00.547 D/NativeWindowBuffer(  166): registered graphic buffer with ID 0x57 (pointer = 0xb8e35150 , 0xb8e350c0) phy_addr = 0
03-09 12:33:00.548 D/NativeWindowBuffer(  166): registered graphic buffer with ID 0x58 (pointer = 0xb8e352f0 , 0xb8e35260) phy_addr = 0
03-09 12:33:00.549 D/NativeWindowBuffer(  166): registered graphic buffer with ID 0x59 (pointer = 0xb8e35490 , 0xb8e35400) phy_addr = 0
03-09 12:33:00.550 D/NativeWindowBuffer(  166): registered graphic buffer with ID 0x5a (pointer = 0xb8ca72f0 , 0xb8ca7260) phy_addr = 0
03-09 12:33:00.551 D/NativeWindowBuffer(  166): registered graphic buffer with ID 0x5b (pointer = 0xb8ca7490 , 0xb8ca7400) phy_addr = 0
03-09 12:33:00.552 D/NativeWindowBuffer(  166): registered graphic buffer with ID 0x5c (pointer = 0xb8ca7630 , 0xb8ca75a0) phy_addr = 0
03-09 12:33:00.553 D/NativeWindowBuffer(  166): registered graphic buffer with ID 0x5d (pointer = 0xb8ce27f8 , 0xb8ca7740) phy_addr = 0
03-09 12:33:00.554 D/NativeWindowBuffer(  166): registered graphic buffer with ID 0x5e (pointer = 0xb8ae0d98 , 0xb8ae0d08) phy_addr = 0
03-09 12:33:00.555 D/NativeWindowBuffer(  166): registered graphic buffer with ID 0x5f (pointer = 0xb8ae0f38 , 0xb8ae0ea8) phy_addr = 0
03-09 12:33:00.556 D/NativeWindowBuffer(  166): registered graphic buffer with ID 0x60 (pointer = 0xb8e28520 , 0xb8e28490) phy_addr = 0
03-09 12:33:00.557 D/NativeWindowBuffer(  166): registered graphic buffer with ID 0x61 (pointer = 0xb8e286c0 , 0xb8e28630) phy_addr = 0
03-09 12:33:00.557 D/NativeWindowBuffer(  166): registered graphic buffer with ID 0x62 (pointer = 0xb8e28860 , 0xb8e287d0) phy_addr = 0
03-09 12:33:00.558 D/NativeWindowBuffer(  166): registered graphic buffer with ID 0x63 (pointer = 0xb8e7d150 , 0xb8e28970) phy_addr = 0
03-09 12:33:00.559 D/NativeWindowBuffer(  166): registered graphic buffer with ID 0x64 (pointer = 0xb8e7d2f0 , 0xb8e7d260) phy_addr = 0
03-09 12:33:00.560 D/NativeWindowBuffer(  166): registered graphic buffer with ID 0x65 (pointer = 0xb8e7d490 , 0xb8e7d400) phy_addr = 0
03-09 12:33:00.560 D/NativeWindowBuffer(  166): Calling cancelBuffer on buffer 0x46 hanlde( 0xb90779d8 )
03-09 12:33:00.560 D/NativeWindowBuffer(  166): Calling cancelBuffer on buffer 0x47 hanlde( 0xb90b7f58 )
03-09 12:33:00.560 D/NativeWindowBuffer(  166): Calling cancelBuffer on buffer 0x48 hanlde( 0xb8e35f68 )
03-09 12:33:00.561 D/NativeWindowBuffer(  166): Calling cancelBuffer on buffer 0x49 hanlde( 0xb8e29568 )
03-09 12:33:00.561 D/NativeWindowBuffer(  166): Calling cancelBuffer on buffer 0x4a hanlde( 0xb8e754f8 )
03-09 12:33:00.561 D/RockFFPlayerBase(  166): mOutputPorBuffers = 0xb8ce04dc mNativeWindowBufferAlloctor->getBufferInfo() =0xb8ce04dc
03-09 12:33:00.561 D/FrameManage(  166): setBufferInfo mOutPutBuffer = 0xb8ce04dc
03-09 12:33:00.561 D/RockFFPlayer(  166): enter enqueueMessage
03-09 12:33:00.561 D/RockFFPlayer(  166): enqueueMessage:****1
03-09 12:33:00.561 D/RockFFPlayer(  166): enqueueMessage:****2
03-09 12:33:00.561 D/RockFFPlayer(  166): enqueueMessage:****3
03-09 12:33:00.561 D/RockFFPlayer(  166): enqueueMessage:Message 1,set signal
03-09 12:33:00.561 D/RockFFPlayer(  166): enqueueMessage:sync wait
03-09 12:33:00.561 D/RockFFPlayer(  166): deliverMessage 
03-09 12:33:00.561 D/RockFFPlayer(  166): run : dequeueMessage Message 2
03-09 12:33:00.561 D/RockFFPlayer(  166): CMD_START
03-09 12:33:00.561 D/RockFFPlayer(  166): doStart()************
03-09 12:33:00.561 D/RockFFPlayerBase(  166): dumpStatus(): Preapared
03-09 12:33:00.561 D/RockFFPlayerBase(  166): dumpStatus(): Started
03-09 12:33:00.561 D/RkAudioPlayer(  166): audio mode: 0
03-09 12:33:00.561 D/RkAudioPlayer(  166): mAudioSink->open in mSampleRate = 32032 channels = 2
03-09 12:33:00.561 D/AudioSink(  166): open(32032, 2, 0x0, 0x1, 4, 37 0x0)
03-09 12:33:00.561 I/AudioTrack(  166): minFrameCount: 5950, afFrameCount=2048, minBufCount=4, sampleRate=32032, afSampleRate=44100, afLatency=185
03-09 12:33:00.633 D/AudioHardwareTiny(  166): close device
03-09 12:33:00.634 E/FrameManage(  166): Priority scheduling not supported
03-09 12:33:00.634 D/FFMpegThread(  166): startAsync:threadname=DecoderAudio
03-09 12:33:00.634 E/TraceThread(  166):    RkFrameManage(tid = 3102181728)--> [UID=99527119] RkFrameManage::Threadproc
03-09 12:33:00.634 D/FFMpegThread(  166): DecoderAudio:starting thread
03-09 12:33:00.634 D/RockFFPlayer(  166): doStart:pause audio decode
03-09 12:33:00.634 D/DecodeAudio(  166): *********************special_pause
03-09 12:33:00.634 D/FFMpegThread(  166): startAsync:threadname=DecoderVideo
03-09 12:33:00.634 D/DecodeAudio(  166): prepare()
03-09 12:33:00.634 E/TraceThread(  166):     DecoderAudio(tid = 3098940712)--> [UID=99527119] DecoderAudio::decode
03-09 12:33:00.634 D/FFMpegThread(  166): DecoderVideo:starting thread
03-09 12:33:00.634 D/RockFFPlayer(  166): doStart(): mSeekTimeUs = -1
03-09 12:33:00.634 D/RockFFPlayer(  166): doStart ok
03-09 12:33:00.634 D/RockFFPlayer(  166): run : dequeueMessage Message 2 OK
03-09 12:33:00.634 D/RockFFPlayer(  166): Messagecomplete type [2]
03-09 12:33:00.634 D/RockFFPlayer(  166): run : Message 2 complete
03-09 12:33:00.634 D/RockFFPlayer(  166): enqueueMessage:sync wait ok
03-09 12:33:00.634 D/DecodeVideo(  166): Use the old vpu framework
03-09 12:33:00.634 E/MediaPlayerImp(  687): onPrepared: 60012
03-09 12:33:00.635 I/vpu_mem_pool(  166): pid 166, open_vpu_memory_pool:473: success
03-09 12:33:00.635 D/DecodeVideo(  166): CommitBuffer2VpuPool dupshared_fd = 0x69 share_fd = 0x4b
03-09 12:33:00.635 D/DecodeVideo(  166): CommitBuffer2VpuPool dupshared_fd = 0x6b share_fd = 0x4c
03-09 12:33:00.635 D/DecodeVideo(  166): CommitBuffer2VpuPool dupshared_fd = 0x6c share_fd = 0x4d
03-09 12:33:00.635 D/DecodeVideo(  166): CommitBuffer2VpuPool dupshared_fd = 0x6d share_fd = 0x4e
03-09 12:33:00.635 D/DecodeVideo(  166): CommitBuffer2VpuPool dupshared_fd = 0x6e share_fd = 0x4f
03-09 12:33:00.635 D/DecodeVideo(  166): CommitBuffer2VpuPool dupshared_fd = 0x6f share_fd = 0x50
03-09 12:33:00.635 D/DecodeVideo(  166): CommitBuffer2VpuPool dupshared_fd = 0x70 share_fd = 0x51
03-09 12:33:00.635 D/DecodeVideo(  166): CommitBuffer2VpuPool dupshared_fd = 0x71 share_fd = 0x52
03-09 12:33:00.635 D/DecodeVideo(  166): CommitBuffer2VpuPool dupshared_fd = 0x72 share_fd = 0x53
03-09 12:33:00.635 D/DecodeVideo(  166): CommitBuffer2VpuPool dupshared_fd = 0x73 share_fd = 0x54
03-09 12:33:00.635 D/DecodeVideo(  166): CommitBuffer2VpuPool dupshared_fd = 0x74 share_fd = 0x55
03-09 12:33:00.635 D/DecodeVideo(  166): CommitBuffer2VpuPool dupshared_fd = 0x75 share_fd = 0x56
03-09 12:33:00.635 D/DecodeVideo(  166): CommitBuffer2VpuPool dupshared_fd = 0x76 share_fd = 0x57
03-09 12:33:00.635 D/DecodeVideo(  166): CommitBuffer2VpuPool dupshared_fd = 0x77 share_fd = 0x58
03-09 12:33:00.635 D/DecodeVideo(  166): CommitBuffer2VpuPool dupshared_fd = 0x78 share_fd = 0x59
03-09 12:33:00.635 D/DecodeVideo(  166): CommitBuffer2VpuPool dupshared_fd = 0x79 share_fd = 0x5a
03-09 12:33:00.635 D/DecodeVideo(  166): CommitBuffer2VpuPool dupshared_fd = 0x7a share_fd = 0x5b
03-09 12:33:00.635 D/DecodeVideo(  166): CommitBuffer2VpuPool dupshared_fd = 0x7b share_fd = 0x5c
03-09 12:33:00.635 E/TraceThread(  166):     DecoderVideo(tid = 3098941296)--> [UID=99527119] DecoderVideo::decode
03-09 12:33:00.635 E/DecodeVideo(  166): RkMark DecoderVideo ctx->no_thread send ts stream first time!
03-09 12:33:00.636 E/MPEG2_DEC(  166): decoder_header error rev -3
03-09 12:33:00.642 D/RockFFPlayer(  166): set videoFirstFrame=349016
03-09 12:33:00.642 D/RockFFPlayer(  166): onDisplayEvent(): FIRST_FRAME 
03-09 12:33:00.642 D/RockFFPlayer(  166): *****************onDisplayEvent:audio flush set timeus=349016
03-09 12:33:00.642 D/RockFFPlayer(  166): onDisplayEvent:resume audio decode
03-09 12:33:00.643 E/BluetoothService(  687): onLeScan: device = 1D:3A:51:14:9B:65
03-09 12:33:00.644 E/BluetoothService(  687): onLeScan: device = 1D:3A:51:14:9B:65
03-09 12:33:00.644 E/BluetoothService(  687): onLeScan: device = 1D:3A:51:14:9B:65
03-09 12:33:00.644 E/BluetoothService(  687): onLeScan: device = 0B:95:C9:9D:72:1C
03-09 12:33:00.644 E/BluetoothService(  687): onLeScan: device = 0B:95:C9:9D:72:1C
03-09 12:33:00.644 E/BluetoothService(  687): onLeScan: device = 0B:95:C9:9D:72:1C
03-09 12:33:00.644 E/BluetoothService(  687): onLeScan: device = 16:90:10:52:24:A7
03-09 12:33:00.644 E/BluetoothService(  687): onLeScan: device = 16:90:10:52:24:A7
03-09 12:33:00.644 E/BluetoothService(  687): onLeScan: device = 16:90:10:52:24:A7
03-09 12:33:00.644 E/BluetoothService(  687): onLeScan: device = 00:15:81:D5:96:4A
03-09 12:33:00.644 E/BluetoothService(  687): onLeScan: device = 00:15:81:D5:96:4A
03-09 12:33:00.644 E/BluetoothService(  687): onLeScan: device = 00:15:81:D5:96:4A
03-09 12:33:00.644 E/BluetoothService(  687): onLeScan: device = 00:81:F9:88:9B:A5
03-09 12:33:00.644 D/RockFFPlayer(  166): ****************flush audio pts=283082
03-09 12:33:00.644 E/BluetoothService(  687):      curDev:BeaconTag{beaconNo=0, BeaconAddr='00:81:F9:88:9B:A5', BeaconType='null', BeaconData=4}
03-09 12:33:00.644 E/BluetoothService(  687): onLeScan: device = 00:81:F9:88:9B:A5
03-09 12:33:00.644 E/BluetoothService(  687):      curDev:BeaconTag{beaconNo=0, BeaconAddr='00:81:F9:88:9B:A5', BeaconType='null', BeaconData=4}
03-09 12:33:00.644 D/RockFFPlayer(  166): ****************flush audio pts=319046
03-09 12:33:00.644 E/BluetoothService(  687): onLeScan: device = 00:81:F9:88:9B:A5
03-09 12:33:00.644 E/BluetoothService(  687): onLeScan: device = 1D:3A:51:14:9B:65
03-09 12:33:00.644 E/BluetoothService(  687): onLeScan: device = 1D:3A:51:14:9B:65
03-09 12:33:00.644 E/BluetoothService(  687): onLeScan: device = 1D:3A:51:14:9B:65
03-09 12:33:00.645 E/BluetoothService(  687): onLeScan: device = 0B:95:C9:9D:72:1C
03-09 12:33:00.645 E/BluetoothService(  687): onLeScan: device = 0B:95:C9:9D:72:1C
03-09 12:33:00.646 E/BluetoothService(  687): onLeScan: device = 0B:95:C9:9D:72:1C
03-09 12:33:00.648 D/RockFFPlayer(  166): onDisplayEvent video delay time: 66733 
03-09 12:33:00.648 D/RockFFPlayer(  166): [onDisplayEvent]audiotime = 355007;videotime=349016;latenessUs=5991;rawpts=349366
03-09 12:33:00.648 E/RockFFPlayer(  166): Hery, notify MEDIA_INFO_RENDERING_START 5991
03-09 12:33:00.648 D/RockFFPlayer(  166): *****Channel Changed Time is 323527
03-09 12:33:00.648 D/RockFFPlayer(  166): onDisplayEvent(3660) render first frame
03-09 12:33:00.649 W/MediaPlayer(  687): info/warning (3, 0)
03-09 12:33:00.657 D/AudioHardwareTiny(  166): start_output_stream
03-09 12:33:00.657 W/AppOps  (  459): Bad call: specified package media under uid 1000 but it is really 1013
03-09 12:33:00.657 D/AudioHardwareTiny(  166): Device     : 0x80400
03-09 12:33:00.657 D/AudioHardwareTiny(  166): SampleRate : 44100
03-09 12:33:00.657 D/AudioHardwareTiny(  166): Channels   : 2
03-09 12:33:00.657 D/AudioHardwareTiny(  166): Formate    : 0
03-09 12:33:00.657 D/AudioHardwareTiny(  166): PreiodSize : 2048
03-09 12:33:00.657 D/AudioHardwareTiny(  166): The current HDMI is DVI mode
03-09 12:33:00.658 D/DecodeVideo(  166): commitHdl2Vpu dupshared_fd = 0x7d shared_fd = 0x46 
03-09 12:33:00.666 E/MPEG2_DEC(  166): decoder_header error rev -3
03-09 12:33:00.674 D/RockFFPlayerBase(  166): WARRNING: VSYNC THREAD can not get buffer to queue
03-09 12:33:00.684 E/CameraHal(  166): setupPreview(258): >>>>>>>width_sensor=1600,height_sensor=1200,preview_w=1600,preview_h=1200
03-09 12:33:00.684 D/CameraHal(  166): setupPreview(306): isp out put format is YUV420SP.
03-09 12:33:00.685 D/CameraHal(  166): start(1814): m_camDevice->startPreview success
03-09 12:33:00.685 D/CameraHal(  166): displayThread(596): displayThread(596): receive CMD_DISPLAY_START
03-09 12:33:00.685 D/CameraHal(  166): cameraDisplayBufferDestory(399): cameraDisplayBufferDestory(399): mANativeWindow is NULL, destory is ignore
03-09 12:33:00.692 D/DecodeVideo(  166): commitHdl2Vpu dupshared_fd = 0x7f shared_fd = 0x47 
03-09 12:33:00.709 D/DecodeVideo(  166): commitHdl2Vpu dupshared_fd = 0x80 shared_fd = 0x48 
03-09 12:33:00.726 D/RockFFPlayerBase(  166): WARRNING: VSYNC THREAD can not get buffer to queue
03-09 12:33:00.736 E/BluetoothService(  687): onLeScan: device = 1D:3A:51:14:9B:65
03-09 12:33:00.736 E/BluetoothService(  687): onLeScan: device = 1D:3A:51:14:9B:65
03-09 12:33:00.736 E/BluetoothService(  687): onLeScan: device = 1D:3A:51:14:9B:65
03-09 12:33:00.739 D/CameraHal(  166): commandThread(905): commandThread(905): CMD_PREVIEW_START out
03-09 12:33:00.744 D/DecodeVideo(  166): commitHdl2Vpu dupshared_fd = 0x81 shared_fd = 0x49 
03-09 12:33:00.748 E/BluetoothService(  687): onLeScan: device = 16:90:10:52:24:A7
03-09 12:33:00.748 E/BluetoothService(  687): onLeScan: device = 16:90:10:52:24:A7
03-09 12:33:00.748 E/BluetoothService(  687): onLeScan: device = 16:90:10:52:24:A7
03-09 12:33:00.754 E/BluetoothService(  687): onLeScan: device = 0B:95:C9:9D:72:1C
03-09 12:33:00.754 E/BluetoothService(  687): onLeScan: device = 0B:95:C9:9D:72:1C
03-09 12:33:00.754 E/BluetoothService(  687): onLeScan: device = 0B:95:C9:9D:72:1C
03-09 12:33:00.761 D/RockFFPlayerBase(  166): WARRNING: VSYNC THREAD can not get buffer to queue
03-09 12:33:00.766 E/BluetoothService(  687): onLeScan: device = 4E:D5:2B:62:2D:9C
03-09 12:33:00.766 E/BluetoothService(  687): onLeScan: device = 4E:D5:2B:62:2D:9C
03-09 12:33:00.766 E/BluetoothService(  687): onLeScan: device = 4E:D5:2B:62:2D:9C
03-09 12:33:00.778 D/DecodeVideo(  166): commitHdl2Vpu dupshared_fd = 0x86 shared_fd = 0x4a 
03-09 12:33:00.795 D/RockFFPlayerBase(  166): WARRNING: VSYNC THREAD can not get buffer to queue
03-09 12:33:00.830 D/RockFFPlayerBase(  166): WARRNING: VSYNC THREAD can not get buffer to queue
03-09 12:33:00.841 E/BluetoothService(  687): onLeScan: device = 1D:3A:51:14:9B:65
03-09 12:33:00.841 E/BluetoothService(  687): onLeScan: device = 1D:3A:51:14:9B:65
03-09 12:33:00.841 E/BluetoothService(  687): onLeScan: device = 1D:3A:51:14:9B:65
03-09 12:33:00.847 E/BluetoothService(  687): onLeScan: device = 16:90:10:52:24:A7
03-09 12:33:00.847 E/BluetoothService(  687): onLeScan: device = 16:90:10:52:24:A7
03-09 12:33:00.848 E/BluetoothService(  687): onLeScan: device = 16:90:10:52:24:A7
03-09 12:33:00.857 E/BluetoothService(  687): onLeScan: device = 0B:95:C9:9D:72:1C
03-09 12:33:00.857 E/BluetoothService(  687): onLeScan: device = 0B:95:C9:9D:72:1C
03-09 12:33:00.857 E/BluetoothService(  687): onLeScan: device = 0B:95:C9:9D:72:1C
03-09 12:33:00.864 D/RockFFPlayerBase(  166): WARRNING: VSYNC THREAD can not get buffer to queue
03-09 12:33:00.899 D/RockFFPlayerBase(  166): WARRNING: VSYNC THREAD can not get buffer to queue
03-09 12:33:00.911 E/BluetoothService(  687): onLeScan: device = 00:81:F9:88:9B:A5
03-09 12:33:00.911 E/BluetoothService(  687):      curDev:BeaconTag{beaconNo=0, BeaconAddr='00:81:F9:88:9B:A5', BeaconType='null', BeaconData=4}
03-09 12:33:00.912 E/BluetoothService(  687): onLeScan: device = 00:81:F9:88:9B:A5
03-09 12:33:00.912 E/BluetoothService(  687):      curDev:BeaconTag{beaconNo=0, BeaconAddr='00:81:F9:88:9B:A5', BeaconType='null', BeaconData=4}
03-09 12:33:00.912 E/BluetoothService(  687): onLeScan: device = 00:81:F9:88:9B:A5
03-09 12:33:00.934 D/RockFFPlayerBase(  166): WARRNING: VSYNC THREAD can not get buffer to queue
03-09 12:33:00.944 E/BluetoothService(  687): onLeScan: device = 1D:3A:51:14:9B:65
03-09 12:33:00.944 E/BluetoothService(  687): onLeScan: device = 1D:3A:51:14:9B:65
03-09 12:33:00.944 E/BluetoothService(  687): onLeScan: device = 1D:3A:51:14:9B:65
03-09 12:33:00.949 E/BluetoothService(  687): onLeScan: device = 16:90:10:52:24:A7
03-09 12:33:00.949 E/BluetoothService(  687): onLeScan: device = 16:90:10:52:24:A7
03-09 12:33:00.949 E/BluetoothService(  687): onLeScan: device = 16:90:10:52:24:A7
03-09 12:33:00.961 E/BluetoothService(  687): onLeScan: device = 0B:95:C9:9D:72:1C
03-09 12:33:00.961 E/BluetoothService(  687): onLeScan: device = 0B:95:C9:9D:72:1C
03-09 12:33:00.962 E/BluetoothService(  687): onLeScan: device = 0B:95:C9:9D:72:1C
03-09 12:33:00.968 D/RockFFPlayerBase(  166): WARRNING: VSYNC THREAD can not get buffer to queue
03-09 12:33:01.003 D/RockFFPlayerBase(  166): WARRNING: VSYNC THREAD can not get buffer to queue
03-09 12:33:01.038 E/BluetoothService(  687): onLeScan: device = 4E:D5:2B:62:2D:9C
03-09 12:33:01.038 D/RockFFPlayerBase(  166): WARRNING: VSYNC THREAD can not get buffer to queue
03-09 12:33:01.038 E/BluetoothService(  687): onLeScan: device = 4E:D5:2B:62:2D:9C
03-09 12:33:01.038 E/BluetoothService(  687): onLeScan: device = 4E:D5:2B:62:2D:9C
03-09 12:33:01.047 E/BluetoothService(  687): onLeScan: device = 1D:3A:51:14:9B:65
03-09 12:33:01.047 E/BluetoothService(  687): onLeScan: device = 1D:3A:51:14:9B:65
03-09 12:33:01.047 E/BluetoothService(  687): onLeScan: device = 1D:3A:51:14:9B:65
03-09 12:33:01.055 E/BluetoothService(  687): onLeScan: device = 16:90:10:52:24:A7
03-09 12:33:01.055 E/BluetoothService(  687): onLeScan: device = 16:90:10:52:24:A7
03-09 12:33:01.056 E/BluetoothService(  687): onLeScan: device = 16:90:10:52:24:A7
03-09 12:33:01.062 E/BluetoothService(  687): onLeScan: device = 0B:95:C9:9D:72:1C
03-09 12:33:01.062 E/BluetoothService(  687): onLeScan: device = 0B:95:C9:9D:72:1C
03-09 12:33:01.062 E/BluetoothService(  687): onLeScan: device = 0B:95:C9:9D:72:1C
03-09 12:33:01.072 D/RockFFPlayerBase(  166): WARRNING: VSYNC THREAD can not get buffer to queue
03-09 12:33:01.106 D/RockFFPlayerBase(  166): WARRNING: VSYNC THREAD can not get buffer to queue
03-09 12:33:01.130 E/BluetoothService(  687): onLeScan: device = 75:0C:01:39:72:FC
03-09 12:33:01.130 E/BluetoothService(  687): onLeScan: device = 75:0C:01:39:72:FC
03-09 12:33:01.131 E/BluetoothService(  687): onLeScan: device = 75:0C:01:39:72:FC
03-09 12:33:01.141 D/RockFFPlayerBase(  166): WARRNING: VSYNC THREAD can not get buffer to queue
03-09 12:33:01.150 E/BluetoothService(  687): onLeScan: device = 1D:3A:51:14:9B:65
03-09 12:33:01.150 E/BluetoothService(  687): onLeScan: device = 1D:3A:51:14:9B:65
03-09 12:33:01.150 E/BluetoothService(  687): onLeScan: device = 1D:3A:51:14:9B:65
03-09 12:33:01.164 E/BluetoothService(  687): onLeScan: device = 0B:95:C9:9D:72:1C
03-09 12:33:01.165 E/BluetoothService(  687): onLeScan: device = 0B:95:C9:9D:72:1C
03-09 12:33:01.165 E/BluetoothService(  687): onLeScan: device = 0B:95:C9:9D:72:1C
03-09 12:33:01.176 E/MPEG2_DEC(  166): decoder_header error rev -3
03-09 12:33:01.178 E/CameraHal_Marvin(  166): CAMERIC-MI-IRQ: CamerIcMiIrq: MP buffer skipped (reused),pDrvCtx->invalFrame === 0,g_miFrameNum == 1;numFramesToSkip == 1
03-09 12:33:01.186 E/BluetoothService(  687): onLeScan: device = 64:B2:02:E0:F1:AD
03-09 12:33:01.186 E/BluetoothService(  687): onLeScan: device = 64:B2:02:E0:F1:AD
03-09 12:33:01.186 E/BluetoothService(  687): onLeScan: device = 64:B2:02:E0:F1:AD
03-09 12:33:01.191 E/BluetoothService(  687): onLeScan: device = 62:56:D6:B8:CC:71
03-09 12:33:01.192 E/BluetoothService(  687): onLeScan: device = 62:56:D6:B8:CC:71
03-09 12:33:01.192 E/BluetoothService(  687): onLeScan: device = 62:56:D6:B8:CC:71
03-09 12:33:01.193 D/RockFFPlayerBase(  166): WARRNING: VSYNC THREAD can not get buffer to queue
03-09 12:33:01.227 D/RockFFPlayerBase(  166): WARRNING: VSYNC THREAD can not get buffer to queue
03-09 12:33:01.233 E/BluetoothService(  687): onLeScan: device = 00:81:F9:88:9B:A5
03-09 12:33:01.233 E/BluetoothService(  687):      curDev:BeaconTag{beaconNo=0, BeaconAddr='00:81:F9:88:9B:A5', BeaconType='null', BeaconData=4}
03-09 12:33:01.233 E/BluetoothService(  687): onLeScan: device = 00:81:F9:88:9B:A5
03-09 12:33:01.233 E/BluetoothService(  687):      curDev:BeaconTag{beaconNo=0, BeaconAddr='00:81:F9:88:9B:A5', BeaconType='null', BeaconData=4}
03-09 12:33:01.233 E/BluetoothService(  687): onLeScan: device = 00:81:F9:88:9B:A5
03-09 12:33:01.253 E/BluetoothService(  687): onLeScan: device = 1D:3A:51:14:9B:65
03-09 12:33:01.254 E/BluetoothService(  687): onLeScan: device = 1D:3A:51:14:9B:65
03-09 12:33:01.254 E/BluetoothService(  687): onLeScan: device = 1D:3A:51:14:9B:65
03-09 12:33:01.262 D/RockFFPlayerBase(  166): WARRNING: VSYNC THREAD can not get buffer to queue
03-09 12:33:01.266 E/BluetoothService(  687): onLeScan: device = 16:90:10:52:24:A7
03-09 12:33:01.266 E/BluetoothService(  687): onLeScan: device = 16:90:10:52:24:A7
03-09 12:33:01.266 E/BluetoothService(  687): onLeScan: device = 16:90:10:52:24:A7
03-09 12:33:01.296 D/RockFFPlayerBase(  166): WARRNING: VSYNC THREAD can not get buffer to queue
03-09 12:33:01.307 E/BluetoothService(  687): onLeScan: device = 4E:D5:2B:62:2D:9C
03-09 12:33:01.307 E/BluetoothService(  687): onLeScan: device = 4E:D5:2B:62:2D:9C
03-09 12:33:01.307 E/BluetoothService(  687): onLeScan: device = 4E:D5:2B:62:2D:9C
03-09 12:33:01.330 D/RockFFPlayerBase(  166): WARRNING: VSYNC THREAD can not get buffer to queue
03-09 12:33:01.357 E/BluetoothService(  687): onLeScan: device = 1D:3A:51:14:9B:65
03-09 12:33:01.357 E/BluetoothService(  687): onLeScan: device = 1D:3A:51:14:9B:65
03-09 12:33:01.357 E/BluetoothService(  687): onLeScan: device = 1D:3A:51:14:9B:65
03-09 12:33:01.365 D/RockFFPlayerBase(  166): WARRNING: VSYNC THREAD can not get buffer to queue
03-09 12:33:01.370 E/BluetoothService(  687): onLeScan: device = 0B:95:C9:9D:72:1C
03-09 12:33:01.370 E/BluetoothService(  687): onLeScan: device = 0B:95:C9:9D:72:1C
03-09 12:33:01.370 E/BluetoothService(  687): onLeScan: device = 0B:95:C9:9D:72:1C
03-09 12:33:01.400 D/RockFFPlayerBase(  166): WARRNING: VSYNC THREAD can not get buffer to queue
03-09 12:33:01.411 E/BluetoothService(  687): onLeScan: device = 75:0C:01:39:72:FC
03-09 12:33:01.411 E/BluetoothService(  687): onLeScan: device = 75:0C:01:39:72:FC
03-09 12:33:01.411 E/BluetoothService(  687): onLeScan: device = 75:0C:01:39:72:FC
03-09 12:33:01.434 D/RockFFPlayerBase(  166): WARRNING: VSYNC THREAD can not get buffer to queue
03-09 12:33:01.457 E/BluetoothService(  687): onLeScan: device = 64:B2:02:E0:F1:AD
03-09 12:33:01.457 E/BluetoothService(  687): onLeScan: device = 64:B2:02:E0:F1:AD
03-09 12:33:01.457 E/BluetoothService(  687): onLeScan: device = 64:B2:02:E0:F1:AD
03-09 12:33:01.464 E/BluetoothService(  687): onLeScan: device = 1D:3A:51:14:9B:65
03-09 12:33:01.464 E/BluetoothService(  687): onLeScan: device = 1D:3A:51:14:9B:65
03-09 12:33:01.465 E/BluetoothService(  687): onLeScan: device = 1D:3A:51:14:9B:65
03-09 12:33:01.469 D/RockFFPlayerBase(  166): WARRNING: VSYNC THREAD can not get buffer to queue
03-09 12:33:01.470 E/BluetoothService(  687): onLeScan: device = 16:90:10:52:24:A7
03-09 12:33:01.470 E/BluetoothService(  687): onLeScan: device = 16:90:10:52:24:A7
03-09 12:33:01.471 E/BluetoothService(  687): onLeScan: device = 16:90:10:52:24:A7
03-09 12:33:01.503 D/RockFFPlayerBase(  166): WARRNING: VSYNC THREAD can not get buffer to queue
03-09 12:33:01.538 D/RockFFPlayerBase(  166): WARRNING: VSYNC THREAD can not get buffer to queue
03-09 12:33:01.548 E/BluetoothService(  687): onLeScan: device = 00:81:F9:88:9B:A5
03-09 12:33:01.548 E/BluetoothService(  687):      curDev:BeaconTag{beaconNo=0, BeaconAddr='00:81:F9:88:9B:A5', BeaconType='null', BeaconData=4}
03-09 12:33:01.548 E/BluetoothService(  687): onLeScan: device = 00:81:F9:88:9B:A5
03-09 12:33:01.549 E/BluetoothService(  687):      curDev:BeaconTag{beaconNo=0, BeaconAddr='00:81:F9:88:9B:A5', BeaconType='null', BeaconData=4}
03-09 12:33:01.549 E/BluetoothService(  687): onLeScan: device = 00:81:F9:88:9B:A5
03-09 12:33:01.560 E/BluetoothService(  687): onLeScan: device = 62:56:D6:B8:CC:71
03-09 12:33:01.561 E/BluetoothService(  687): onLeScan: device = 62:56:D6:B8:CC:71
03-09 12:33:01.561 E/BluetoothService(  687): onLeScan: device = 62:56:D6:B8:CC:71
03-09 12:33:01.566 E/BluetoothService(  687): onLeScan: device = 1D:3A:51:14:9B:65
03-09 12:33:01.566 E/BluetoothService(  687): onLeScan: device = 1D:3A:51:14:9B:65
03-09 12:33:01.567 E/BluetoothService(  687): onLeScan: device = 1D:3A:51:14:9B:65
03-09 12:33:01.572 D/RockFFPlayerBase(  166): WARRNING: VSYNC THREAD can not get buffer to queue
03-09 12:33:01.575 E/BluetoothService(  687): onLeScan: device = 0B:95:C9:9D:72:1C
03-09 12:33:01.576 E/BluetoothService(  687): onLeScan: device = 0B:95:C9:9D:72:1C
03-09 12:33:01.576 E/BluetoothService(  687): onLeScan: device = 0B:95:C9:9D:72:1C
03-09 12:33:01.577 E/BluetoothService(  687): onLeScan: device = CF:F2:35:EF:11:6B
03-09 12:33:01.577 E/BluetoothService(  687): onLeScan: device = CF:F2:35:EF:11:6B
03-09 12:33:01.578 E/BluetoothService(  687): onLeScan: device = CF:F2:35:EF:11:6B
03-09 12:33:01.579 E/BluetoothService(  687): onLeScan: device = 4E:D5:2B:62:2D:9C
03-09 12:33:01.579 E/BluetoothService(  687): onLeScan: device = 4E:D5:2B:62:2D:9C
03-09 12:33:01.580 E/BluetoothService(  687): onLeScan: device = 4E:D5:2B:62:2D:9C
03-09 12:33:01.607 D/RockFFPlayerBase(  166): WARRNING: VSYNC THREAD can not get buffer to queue
03-09 12:33:01.659 D/RockFFPlayerBase(  166): WARRNING: VSYNC THREAD can not get buffer to queue
03-09 12:33:01.672 E/BluetoothService(  687): onLeScan: device = 1D:3A:51:14:9B:65
03-09 12:33:01.673 E/BluetoothService(  687): onLeScan: device = 1D:3A:51:14:9B:65
03-09 12:33:01.673 E/BluetoothService(  687): onLeScan: device = 1D:3A:51:14:9B:65
03-09 12:33:01.683 E/BluetoothService(  687): onLeScan: device = 0B:95:C9:9D:72:1C
03-09 12:33:01.683 E/BluetoothService(  687): onLeScan: device = 0B:95:C9:9D:72:1C
03-09 12:33:01.683 E/BluetoothService(  687): onLeScan: device = 0B:95:C9:9D:72:1C
03-09 12:33:01.685 E/BluetoothService(  687): onLeScan: device = 16:90:10:52:24:A7
03-09 12:33:01.685 E/BluetoothService(  687): onLeScan: device = 16:90:10:52:24:A7
03-09 12:33:01.685 E/BluetoothService(  687): onLeScan: device = 16:90:10:52:24:A7
03-09 12:33:01.693 D/RockFFPlayerBase(  166): WARRNING: VSYNC THREAD can not get buffer to queue
03-09 12:33:01.710 E/MPEG2_DEC(  166): decoder_header error rev -3
03-09 12:33:01.727 E/BluetoothService(  687): onLeScan: device = 64:B2:02:E0:F1:AD
03-09 12:33:01.727 E/BluetoothService(  687): onLeScan: device = 64:B2:02:E0:F1:AD
03-09 12:33:01.727 E/BluetoothService(  687): onLeScan: device = 64:B2:02:E0:F1:AD
03-09 12:33:01.728 D/RockFFPlayerBase(  166): WARRNING: VSYNC THREAD can not get buffer to queue
03-09 12:33:01.762 D/RockFFPlayerBase(  166): WARRNING: VSYNC THREAD can not get buffer to queue
03-09 12:33:01.781 E/BluetoothService(  687): onLeScan: device = 1D:3A:51:14:9B:65
03-09 12:33:01.781 E/BluetoothService(  687): onLeScan: device = 1D:3A:51:14:9B:65
03-09 12:33:01.781 E/BluetoothService(  687): onLeScan: device = 1D:3A:51:14:9B:65
03-09 12:33:01.785 E/BluetoothService(  687): onLeScan: device = 0B:95:C9:9D:72:1C
03-09 12:33:01.785 E/BluetoothService(  687): onLeScan: device = 0B:95:C9:9D:72:1C
03-09 12:33:01.786 E/BluetoothService(  687): onLeScan: device = 0B:95:C9:9D:72:1C
03-09 12:33:01.792 E/BluetoothService(  687): onLeScan: device = 16:90:10:52:24:A7
03-09 12:33:01.792 E/BluetoothService(  687): onLeScan: device = 16:90:10:52:24:A7
03-09 12:33:01.792 E/BluetoothService(  687): onLeScan: device = 16:90:10:52:24:A7
03-09 12:33:01.797 D/RockFFPlayerBase(  166): WARRNING: VSYNC THREAD can not get buffer to queue
03-09 12:33:01.831 D/RockFFPlayerBase(  166): WARRNING: VSYNC THREAD can not get buffer to queue
03-09 12:33:01.833 E/BluetoothService(  687): onLeScan: device = 62:56:D6:B8:CC:71
03-09 12:33:01.834 E/BluetoothService(  687): onLeScan: device = 62:56:D6:B8:CC:71
03-09 12:33:01.834 E/BluetoothService(  687): onLeScan: device = 62:56:D6:B8:CC:71
03-09 12:33:01.862 E/BluetoothService(  687): onLeScan: device = 00:81:F9:88:9B:A5
03-09 12:33:01.862 E/BluetoothService(  687):      curDev:BeaconTag{beaconNo=0, BeaconAddr='00:81:F9:88:9B:A5', BeaconType='null', BeaconData=4}
03-09 12:33:01.863 E/BluetoothService(  687): onLeScan: device = 00:81:F9:88:9B:A5
03-09 12:33:01.863 E/BluetoothService(  687):      curDev:BeaconTag{beaconNo=0, BeaconAddr='00:81:F9:88:9B:A5', BeaconType='null', BeaconData=4}
