D/NativeWindowBuffer(  170): registered graphic buffer with ID 0x58 (pointer = 0xb72c1a40 , 0xb72c19b0) phy_addr = 0
D/NativeWindowBuffer(  170): registered graphic buffer with ID 0x59 (pointer = 0xb72c1be0 , 0xb72c1b50) phy_addr = 0
D/NativeWindowBuffer(  170): registered graphic buffer with ID 0x5a (pointer = 0xb72c1d80 , 0xb72c1cf0) phy_addr = 0
D/NativeWindowBuffer(  170): registered graphic buffer with ID 0x5b (pointer = 0xb72c1f20 , 0xb72c1e90) phy_addr = 0
D/NativeWindowBuffer(  170): registered graphic buffer with ID 0x5c (pointer = 0xb72c20c0 , 0xb72c2030) phy_addr = 0
D/NativeWindowBuffer(  170): registered graphic buffer with ID 0x5d (pointer = 0xb72c2260 , 0xb72c21d0) phy_addr = 0
D/NativeWindowBuffer(  170): registered graphic buffer with ID 0x5e (pointer = 0xb72c13b0 , 0xb72c1320) phy_addr = 0
D/NativeWindowBuffer(  170): registered graphic buffer with ID 0x5f (pointer = 0xb72c1550 , 0xb72c14c0) phy_addr = 0
D/NativeWindowBuffer(  170): registered graphic buffer with ID 0x60 (pointer = 0xb72c2948 , 0xb72c28b8) phy_addr = 0
D/NativeWindowBuffer(  170): registered graphic buffer with ID 0x61 (pointer = 0xb72c2ae8 , 0xb72c2a58) phy_addr = 0
D/NativeWindowBuffer(  170): registered graphic buffer with ID 0x62 (pointer = 0xb72c2c88 , 0xb72c2bf8) phy_addr = 0
D/NativeWindowBuffer(  170): registered graphic buffer with ID 0x63 (pointer = 0xb72c2e28 , 0xb72c2d98) phy_addr = 0
D/NativeWindowBuffer(  170): registered graphic buffer with ID 0x64 (pointer = 0xb72c2fc8 , 0xb72c2f38) phy_addr = 0
D/NativeWindowBuffer(  170): registered graphic buffer with ID 0x65 (pointer = 0xb72c3168 , 0xb72c30d8) phy_addr = 0
D/NativeWindowBuffer(  170): Calling cancelBuffer on buffer 0x46 hanlde( 0xb72b9cf8 )
D/NativeWindowBuffer(  170): Calling cancelBuffer on buffer 0x47 hanlde( 0xb72b9928 )
D/NativeWindowBuffer(  170): Calling cancelBuffer on buffer 0x48 hanlde( 0xb72b9558 )
D/NativeWindowBuffer(  170): Calling cancelBuffer on buffer 0x49 hanlde( 0xb72b9188 )
D/NativeWindowBuffer(  170): Calling cancelBuffer on buffer 0x4a hanlde( 0xb72b8db8 )
D/RockFFPlayerBase(  170): mOutputPorBuffers = 0xb72b1abc mNativeWindowBufferAlloctor->getBufferInfo() =0xb72b1abc
D/FrameManage(  170): setBufferInfo mOutPutBuffer = 0xb72b1abc
D/RockFFPlayer(  170): enter enqueueMessage
D/RockFFPlayer(  170): enqueueMessage:****1
D/RockFFPlayer(  170): enqueueMessage:****2
D/RockFFPlayer(  170): enqueueMessage:****3
D/RockFFPlayer(  170): enqueueMessage:Message 1,set signal
D/RockFFPlayer(  170): enqueueMessage:sync wait
D/RockFFPlayer(  170): deliverMessage 
D/RockFFPlayer(  170): run : dequeueMessage Message 2
D/RockFFPlayer(  170): CMD_START
D/RockFFPlayer(  170): doStart()************
D/RockFFPlayerBase(  170): dumpStatus(): Preapared
D/RockFFPlayerBase(  170): dumpStatus(): Started
D/RkAudioPlayer(  170): audio mode: 0
D/RkAudioPlayer(  170): mAudioSink->open in mSampleRate = 48048 channels = 2
D/AudioSink(  170): open(48048, 2, 0x0, 0x1, 4, 15 0x0)
I/AudioTrack(  170): minFrameCount: 8925, afFrameCount=2048, minBufCount=4, sampleRate=48048, afSampleRate=44100, afLatency=185
E/FrameManage(  170): Priority scheduling not supported
D/FFMpegThread(  170): startAsync:threadname=DecoderAudio
E/TraceThread(  170):    RkFrameManage(tid = 3073135080)--> [UID=d1b45eb8] RkFrameManage::Threadproc
D/FFMpegThread(  170): DecoderAudio:starting thread
D/DecodeAudio(  170): prepare()
D/RockFFPlayer(  170): doStart:pause audio decode
D/DecodeAudio(  170): *********************special_pause
D/FFMpegThread(  170): startAsync:threadname=DecoderVideo
E/TraceThread(  170):     DecoderAudio(tid = 3073135664)--> [UID=d1b45eb8] DecoderAudio::decode
D/FFMpegThread(  170): DecoderVideo:starting thread
D/RockFFPlayer(  170): doStart(): mSeekTimeUs = -1
D/RockFFPlayer(  170): doStart ok
D/RockFFPlayer(  170): run : dequeueMessage Message 2 OK
D/RockFFPlayer(  170): Messagecomplete type [2]
D/RockFFPlayer(  170): run : Message 2 complete
D/RockFFPlayer(  170): enqueueMessage:sync wait ok
D/DecodeVideo(  170): Use the old vpu framework
E/MediaPlayerImp( 3100): onPrepared: 2603
I/H264_DEBUG(  170): init done status 0, ts_en = 3 debug 0
I/vpu_mem_pool(  170): pid 170, open_vpu_memory_pool:473: success
D/DecodeVideo(  170): CommitBuffer2VpuPool dupshared_fd = 0x68 share_fd = 0x4b
D/DecodeVideo(  170): CommitBuffer2VpuPool dupshared_fd = 0x69 share_fd = 0x4c
D/DecodeVideo(  170): CommitBuffer2VpuPool dupshared_fd = 0x6a share_fd = 0x4d
D/DecodeVideo(  170): CommitBuffer2VpuPool dupshared_fd = 0x6b share_fd = 0x4e
D/DecodeVideo(  170): CommitBuffer2VpuPool dupshared_fd = 0x6c share_fd = 0x4f
D/DecodeVideo(  170): CommitBuffer2VpuPool dupshared_fd = 0x6d share_fd = 0x50
D/DecodeVideo(  170): CommitBuffer2VpuPool dupshared_fd = 0x6e share_fd = 0x51
D/DecodeVideo(  170): CommitBuffer2VpuPool dupshared_fd = 0x6f share_fd = 0x52
D/DecodeVideo(  170): CommitBuffer2VpuPool dupshared_fd = 0x70 share_fd = 0x53
D/DecodeVideo(  170): CommitBuffer2VpuPool dupshared_fd = 0x71 share_fd = 0x54
D/DecodeVideo(  170): CommitBuffer2VpuPool dupshared_fd = 0x72 share_fd = 0x55
D/DecodeVideo(  170): CommitBuffer2VpuPool dupshared_fd = 0x73 share_fd = 0x56
D/DecodeVideo(  170): CommitBuffer2VpuPool dupshared_fd = 0x74 share_fd = 0x57
D/DecodeVideo(  170): CommitBuffer2VpuPool dupshared_fd = 0x75 share_fd = 0x58
D/DecodeVideo(  170): CommitBuffer2VpuPool dupshared_fd = 0x76 share_fd = 0x59
D/DecodeVideo(  170): CommitBuffer2VpuPool dupshared_fd = 0x77 share_fd = 0x5a
D/DecodeVideo(  170): CommitBuffer2VpuPool dupshared_fd = 0x78 share_fd = 0x5b
D/DecodeVideo(  170): CommitBuffer2VpuPool dupshared_fd = 0x79 share_fd = 0x5c
E/TraceThread(  170):     DecoderVideo(tid = 3073136664)--> [UID=d1b45eb8] DecoderVideo::decode
E/DecodeVideo(  170): RkMark DecoderVideo ctx->no_thread send ts stream first time!
I/H264_DEBUG(  170): decoded width 1280  decoded height 800
I/H264_DEBUG(  170): display width 1280, display height 800
D/RockFFPlayer(  170): set videoFirstFrame=0
D/RockFFPlayer(  170): onDisplayEvent(): FIRST_FRAME 
D/RockFFPlayer(  170): *****************onDisplayEvent:audio flush set timeus=0
D/RockFFPlayer(  170): onDisplayEvent:resume audio decode
E/BluetoothService( 3100): onLeScan: device = 35:9E:53:FD:9A:04
E/BluetoothService( 3100): onLeScan: device = 00:81:F9:88:9B:A5
E/BluetoothService( 3100): onLeScan: device = 35:9E:53:FD:9A:04
E/BluetoothService( 3100): onLeScan: device = 73:53:3E:C4:BD:18
E/BluetoothService( 3100): onLeScan: device = 35:9E:53:FD:9A:04
E/BluetoothService( 3100): onLeScan: device = 35:9E:53:FD:9A:04
E/BluetoothService( 3100): onLeScan: device = 00:81:F9:88:9B:A5
E/BluetoothService( 3100): onLeScan: device = 73:53:3E:C4:BD:18
E/BluetoothService( 3100): onLeScan: device = 35:9E:53:FD:9A:04
D/RockFFPlayer(  170): onDisplayEvent video delay time: 66733 
W/AppOps  (  460): Bad call: specified package media under uid 1000 but it is really 1013
D/AudioHardwareTiny(  170): start_output_stream
D/AudioHardwareTiny(  170): Device     : 0x80400
D/AudioHardwareTiny(  170): SampleRate : 44100
D/AudioHardwareTiny(  170): Channels   : 2
D/AudioHardwareTiny(  170): Formate    : 0
D/AudioHardwareTiny(  170): PreiodSize : 2048
D/AudioHardwareTiny(  170): The current HDMI is DVI mode
D/RockFFPlayerBase(  170): WARRNING: VSYNC THREAD can not get buffer to queue
D/RockFFPlayerBase(  170): WARRNING: VSYNC THREAD can not get buffer to queue
D/RockFFPlayerBase(  170): WARRNING: VSYNC THREAD can not get buffer to queue
D/RockFFPlayerBase(  170): WARRNING: VSYNC THREAD can not get buffer to queue
D/RockFFPlayerBase(  170): WARRNING: VSYNC THREAD can not get buffer to queue
E/BluetoothService( 3100): onLeScan: device = 35:9E:53:FD:9A:04
D/RockFFPlayerBase(  170): WARRNING: VSYNC THREAD can not get buffer to queue
D/RockFFPlayer(  170): [onDisplayEvent]audiotime = 103206;videotime=0;latenessUs=103206;rawpts=0
E/RockFFPlayer(  170): Hery, notify MEDIA_INFO_RENDERING_START 103206
D/RockFFPlayer(  170): *****Channel Changed Time is 651123
D/RockFFPlayer(  170): onDisplayEvent(3660) render first frame
W/MediaPlayer( 3100): info/warning (3, 0)
D/RockFFPlayer(  170): [onDisplayEvent]audiotime = 105502;videotime=33332;latenessUs=72170;rawpts=33366
D/RockFFPlayer(  170): [onDisplayEvent]audiotime = 107634;videotime=66666;latenessUs=40968;rawpts=66733
D/RockFFPlayer(  170): [onDisplayEvent]audiotime = 109762;videotime=100000;latenessUs=9762;rawpts=100100
D/DecodeVideo(  170): commitHdl2Vpu dupshared_fd = 0x7d shared_fd = 0x46 
D/DecodeVideo(  170): commitHdl2Vpu dupshared_fd = 0x7e shared_fd = 0x47 
D/DecodeVideo(  170): commitHdl2Vpu dupshared_fd = 0x7f shared_fd = 0x48 
D/DecodeVideo(  170): commitHdl2Vpu dupshared_fd = 0x80 shared_fd = 0x49 
D/DecodeVideo(  170): commitHdl2Vpu dupshared_fd = 0x81 shared_fd = 0x4a 
E/BluetoothService( 3100): onLeScan: device = 35:9E:53:FD:9A:04
D/RockFFPlayerBase(  170): WARRNING: VSYNC THREAD can not get buffer to queue
E/BluetoothService( 3100): onLeScan: device = 73:53:3E:C4:BD:18
D/RockFFPlayerBase(  170): WARRNING: VSYNC THREAD can not get buffer to queue
E/BluetoothService( 3100): onLeScan: device = 00:81:F9:88:9B:A5
D/RockFFPlayerBase(  170): WARRNING: VSYNC THREAD can not get buffer to queue
E/BluetoothService( 3100): onLeScan: device = 35:9E:53:FD:9A:04
D/RockFFPlayerBase(  170): WARRNING: VSYNC THREAD can not get buffer to queue
D/RockFFPlayerBase(  170): WARRNING: VSYNC THREAD can not get buffer to queue
D/RockFFPlayerBase(  170): WARRNING: VSYNC THREAD can not get buffer to queue
E/BluetoothService( 3100): onLeScan: device = 35:9E:53:FD:9A:04
D/RockFFPlayerBase(  170): WARRNING: VSYNC THREAD can not get buffer to queue
D/RockFFPlayerBase(  170): WARRNING: VSYNC THREAD can not get buffer to queue
E/BluetoothService( 3100): onLeScan: device = 35:9E:53:FD:9A:04
D/RockFFPlayerBase(  170): WARRNING: VSYNC THREAD can not get buffer to queue
E/BluetoothService( 3100): onLeScan: device = 73:53:3E:C4:BD:18
D/RockFFPlayerBase(  170): WARRNING: VSYNC THREAD can not get buffer to queue
E/BluetoothService( 3100): onLeScan: device = 00:81:F9:88:9B:A5
D/RockFFPlayerBase(  170): WARRNING: VSYNC THREAD can not get buffer to queue
E/BluetoothService( 3100): onLeScan: device = 35:9E:53:FD:9A:04
D/RockFFPlayerBase(  170): WARRNING: VSYNC THREAD can not get buffer to queue
D/RockFFPlayerBase(  170): WARRNING: VSYNC THREAD can not get buffer to queue
D/RockFFPlayerBase(  170): WARRNING: VSYNC THREAD can not get buffer to queue
E/BluetoothService( 3100): onLeScan: device = 35:9E:53:FD:9A:04
D/RockFFPlayer(  170): url_feof=0,err=0
I/RockFFPlayer(  170): av_read_frame end of stream ret = -541478725
D/RockFFPlayerBase(  170): WARRNING: VSYNC THREAD can not get buffer to queue
D/RockFFPlayerBase(  170): WARRNING: VSYNC THREAD can not get buffer to queue
D/RockFFPlayerBase(  170): WARRNING: VSYNC THREAD can not get buffer to queue
E/BluetoothService( 3100): onLeScan: device = 73:53:3E:C4:BD:18
E/BluetoothService( 3100): onLeScan: device = 35:9E:53:FD:9A:04
D/RockFFPlayerBase(  170): WARRNING: VSYNC THREAD can not get buffer to queue
D/RockFFPlayerBase(  170): WARRNING: VSYNC THREAD can not get buffer to queue
E/BluetoothService( 3100): onLeScan: device = 00:81:F9:88:9B:A5
D/FaceDetection/DetectionBasedTracker( 3100): Java_org_opencv_samples_facedetect_DetectionBasedTracker_nativeSetFaceSize -- BEGIN
D/FaceDetection/DetectionBasedTracker( 3100): Java_org_opencv_samples_facedetect_DetectionBasedTracker_nativeSetFaceSize -- END
D/FaceDetection/DetectionBasedTracker( 3100): Java_org_opencv_samples_facedetect_DetectionBasedTracker_nativeDetect
D/FaceDetection/DetectionBasedTracker( 3100): CascadeDetectorAdapter::Detect: begin
D/FaceDetection/DetectionBasedTracker( 3100): Java_org_opencv_samples_facedetect_DetectionBasedTracker_nativeDetect END
D/RockFFPlayerBase(  170): WARRNING: VSYNC THREAD can not get buffer to queue
D/FaceDetection/DetectionBasedTracker( 3100): CascadeDetectorAdapter::Detect: scaleFactor=1.10, minNeighbours=2, minObjSize=(216x216), maxObjSize=(2147483647x2147483647)
E/BluetoothService( 3100): onLeScan: device = 35:9E:53:FD:9A:04
D/FaceDetection/DetectionBasedTracker( 3100): CascadeDetectorAdapter::Detect: end
D/RockFFPlayerBase(  170): WARRNING: VSYNC THREAD can not get buffer to queue
D/FaceDetection/DetectionBasedTracker( 3100): Java_org_opencv_samples_facedetect_DetectionBasedTracker_nativeDetect
D/FaceDetection/DetectionBasedTracker( 3100): Java_org_opencv_samples_facedetect_DetectionBasedTracker_nativeDetect END
D/FaceDetection/DetectionBasedTracker( 3100): CascadeDetectorAdapter::Detect: begin
D/FaceDetection/DetectionBasedTracker( 3100): CascadeDetectorAdapter::Detect: scaleFactor=1.10, minNeighbours=2, minObjSize=(216x216), maxObjSize=(2147483647x2147483647)
D/FaceDetection/DetectionBasedTracker( 3100): CascadeDetectorAdapter::Detect: end
D/RockFFPlayerBase(  170): WARRNING: VSYNC THREAD can not get buffer to queue
E/BluetoothService( 3100): onLeScan: device = 35:9E:53:FD:9A:04
D/RockFFPlayerBase(  170): WARRNING: VSYNC THREAD can not get buffer to queue
D/FaceDetection/DetectionBasedTracker( 3100): Java_org_opencv_samples_facedetect_DetectionBasedTracker_nativeDetect
D/FaceDetection/DetectionBasedTracker( 3100): CascadeDetectorAdapter::Detect: begin
D/FaceDetection/DetectionBasedTracker( 3100): CascadeDetectorAdapter::Detect: scaleFactor=1.10, minNeighbours=2, minObjSize=(216x216), maxObjSize=(2147483647x2147483647)
D/FaceDetection/DetectionBasedTracker( 3100): Java_org_opencv_samples_facedetect_DetectionBasedTracker_nativeDetect END
D/RockFFPlayerBase(  170): WARRNING: VSYNC THREAD can not get buffer to queue
D/FaceDetection/DetectionBasedTracker( 3100): CascadeDetectorAdapter::Detect: end
E/BluetoothService( 3100): onLeScan: device = 73:53:3E:C4:BD:18
D/RockFFPlayerBase(  170): WARRNING: VSYNC THREAD can not get buffer to queue
E/BluetoothService( 3100): onLeScan: device = 35:9E:53:FD:9A:04
D/RockFFPlayerBase(  170): WARRNING: VSYNC THREAD can not get buffer to queue
D/FaceDetection/DetectionBasedTracker( 3100): Java_org_opencv_samples_facedetect_DetectionBasedTracker_nativeDetect
D/FaceDetection/DetectionBasedTracker( 3100): Java_org_opencv_samples_facedetect_DetectionBasedTracker_nativeDetect END
D/FaceDetection/DetectionBasedTracker( 3100): CascadeDetectorAdapter::Detect: begin
D/FaceDetection/DetectionBasedTracker( 3100): CascadeDetectorAdapter::Detect: scaleFactor=1.10, minNeighbours=2, minObjSize=(216x216), maxObjSize=(2147483647x2147483647)
D/FaceDetection/DetectionBasedTracker( 3100): CascadeDetectorAdapter::Detect: end
D/RockFFPlayerBase(  170): WARRNING: VSYNC THREAD can not get buffer to queue
E/BluetoothService( 3100): onLeScan: device = 00:81:F9:88:9B:A5
D/RockFFPlayerBase(  170): WARRNING: VSYNC THREAD can not get buffer to queue
E/BluetoothService( 3100): onLeScan: device = 35:9E:53:FD:9A:04
D/RockFFPlayerBase(  170): WARRNING: VSYNC THREAD can not get buffer to queue
D/FaceDetection/DetectionBasedTracker( 3100): Java_org_opencv_samples_facedetect_DetectionBasedTracker_nativeDetect
D/FaceDetection/DetectionBasedTracker( 3100): CascadeDetectorAdapter::Detect: begin
D/FaceDetection/DetectionBasedTracker( 3100): CascadeDetectorAdapter::Detect: scaleFactor=1.10, minNeighbours=2, minObjSize=(216x216), maxObjSize=(2147483647x2147483647)
D/FaceDetection/DetectionBasedTracker( 3100): Java_org_opencv_samples_facedetect_DetectionBasedTracker_nativeDetect END
D/FaceDetection/DetectionBasedTracker( 3100): CascadeDetectorAdapter::Detect: end
D/RockFFPlayerBase(  170): WARRNING: VSYNC THREAD can not get buffer to queue
D/RockFFPlayerBase(  170): WARRNING: VSYNC THREAD can not get buffer to queue
E/BluetoothService( 3100): onLeScan: device = 35:9E:53:FD:9A:04
D/RockFFPlayerBase(  170): WARRNING: VSYNC THREAD can not get buffer to queue
D/FaceDetection/DetectionBasedTracker( 3100): Java_org_opencv_samples_facedetect_DetectionBasedTracker_nativeDetect
D/FaceDetection/DetectionBasedTracker( 3100): CascadeDetectorAdapter::Detect: begin
D/FaceDetection/DetectionBasedTracker( 3100): CascadeDetectorAdapter::Detect: scaleFactor=1.10, minNeighbours=2, minObjSize=(216x216), maxObjSize=(2147483647x2147483647)
D/FaceDetection/DetectionBasedTracker( 3100): Java_org_opencv_samples_facedetect_DetectionBasedTracker_nativeDetect END
E/BluetoothService( 3100): onLeScan: device = 73:53:3E:C4:BD:18
D/FaceDetection/DetectionBasedTracker( 3100): CascadeDetectorAdapter::Detect: end
D/RockFFPlayerBase(  170): WARRNING: VSYNC THREAD can not get buffer to queue
D/RockFFPlayerBase(  170): WARRNING: VSYNC THREAD can not get buffer to queue
E/BluetoothService( 3100): onLeScan: device = CF:F2:35:EF:11:6B
D/FaceDetection/DetectionBasedTracker( 3100): Java_org_opencv_samples_facedetect_DetectionBasedTracker_nativeDetect
E/BluetoothService( 3100): onLeScan: device = 35:9E:53:FD:9A:04
D/FaceDetection/DetectionBasedTracker( 3100): Java_org_opencv_samples_facedetect_DetectionBasedTracker_nativeDetect END
D/FaceDetection/DetectionBasedTracker( 3100): CascadeDetectorAdapter::Detect: begin
D/FaceDetection/DetectionBasedTracker( 3100): CascadeDetectorAdapter::Detect: scaleFactor=1.10, minNeighbours=2, minObjSize=(216x216), maxObjSize=(2147483647x2147483647)
D/RockFFPlayerBase(  170): WARRNING: VSYNC THREAD can not get buffer to queue
D/FaceDetection/DetectionBasedTracker( 3100): CascadeDetectorAdapter::Detect: end
D/RockFFPlayerBase(  170): WARRNING: VSYNC THREAD can not get buffer to queue
E/BluetoothService( 3100): onLeScan: device = 00:81:F9:88:9B:A5
D/RockFFPlayerBase(  170): WARRNING: VSYNC THREAD can not get buffer to queue
D/FaceDetection/DetectionBasedTracker( 3100): Java_org_opencv_samples_facedetect_DetectionBasedTracker_nativeDetect
D/FaceDetection/DetectionBasedTracker( 3100): Java_org_opencv_samples_facedetect_DetectionBasedTracker_nativeDetect END
D/FaceDetection/DetectionBasedTracker( 3100): CascadeDetectorAdapter::Detect: begin
D/FaceDetection/DetectionBasedTracker( 3100): CascadeDetectorAdapter::Detect: scaleFactor=1.10, minNeighbours=2, minObjSize=(216x216), maxObjSize=(2147483647x2147483647)
E/BluetoothService( 3100): onLeScan: device = 35:9E:53:FD:9A:04
D/RockFFPlayerBase(  170): WARRNING: VSYNC THREAD can not get buffer to queue
D/FaceDetection/DetectionBasedTracker( 3100): CascadeDetectorAdapter::Detect: end
D/RockFFPlayerBase(  170): WARRNING: VSYNC THREAD can not get buffer to queue
E/BluetoothService( 3100): onLeScan: device = 73:53:3E:C4:BD:18
D/RockFFPlayerBase(  170): WARRNING: VSYNC THREAD can not get buffer to queue
D/FaceDetection/DetectionBasedTracker( 3100): Java_org_opencv_samples_facedetect_DetectionBasedTracker_nativeDetect
D/FaceDetection/DetectionBasedTracker( 3100): CascadeDetectorAdapter::Detect: begin
D/FaceDetection/DetectionBasedTracker( 3100): CascadeDetectorAdapter::Detect: scaleFactor=1.10, minNeighbours=2, minObjSize=(216x216), maxObjSize=(2147483647x2147483647)
D/FaceDetection/DetectionBasedTracker( 3100): Java_org_opencv_samples_facedetect_DetectionBasedTracker_nativeDetect END
E/BluetoothService( 3100): onLeScan: device = 35:9E:53:FD:9A:04
D/FaceDetection/DetectionBasedTracker( 3100): CascadeDetectorAdapter::Detect: end
D/RockFFPlayerBase(  170): WARRNING: VSYNC THREAD can not get buffer to queue
D/RockFFPlayerBase(  170): WARRNING: VSYNC THREAD can not get buffer to queue
D/RockFFPlayerBase(  170): WARRNING: VSYNC THREAD can not get buffer to queue
D/FaceDetection/DetectionBasedTracker( 3100): Java_org_opencv_samples_facedetect_DetectionBasedTracker_nativeDetect
D/FaceDetection/DetectionBasedTracker( 3100): Java_org_opencv_samples_facedetect_DetectionBasedTracker_nativeDetect END
D/FaceDetection/DetectionBasedTracker( 3100): CascadeDetectorAdapter::Detect: begin
D/FaceDetection/DetectionBasedTracker( 3100): CascadeDetectorAdapter::Detect: scaleFactor=1.10, minNeighbours=2, minObjSize=(216x216), maxObjSize=(2147483647x2147483647)
D/FaceDetection/DetectionBasedTracker( 3100): CascadeDetectorAdapter::Detect: end
E/BluetoothService( 3100): onLeScan: device = 35:9E:53:FD:9A:04
D/RockFFPlayerBase(  170): WARRNING: VSYNC THREAD can not get buffer to queue
E/BluetoothService( 3100): onLeScan: device = 00:81:F9:88:9B:A5
D/RockFFPlayerBase(  170): WARRNING: VSYNC THREAD can not get buffer to queue
D/RockFFPlayerBase(  170): WARRNING: VSYNC THREAD can not get buffer to queue
D/FaceDetection/DetectionBasedTracker( 3100): Java_org_opencv_samples_facedetect_DetectionBasedTracker_nativeDetect
D/FaceDetection/DetectionBasedTracker( 3100): Java_org_opencv_samples_facedetect_DetectionBasedTracker_nativeDetect END
D/FaceDetection/DetectionBasedTracker( 3100): CascadeDetectorAdapter::Detect: begin
D/FaceDetection/DetectionBasedTracker( 3100): CascadeDetectorAdapter::Detect: scaleFactor=1.10, minNeighbours=2, minObjSize=(216x216), maxObjSize=(2147483647x2147483647)
D/FaceDetection/DetectionBasedTracker( 3100): CascadeDetectorAdapter::Detect: end
D/RockFFPlayerBase(  170): WARRNING: VSYNC THREAD can not get buffer to queue
E/BluetoothService( 3100): onLeScan: device = 35:9E:53:FD:9A:04
E/BluetoothService( 3100): onLeScan: device = 73:53:3E:C4:BD:18
D/RockFFPlayerBase(  170): WARRNING: VSYNC THREAD can not get buffer to queue
D/RKUpdateService(  651): WorkHandler::handleMessage() : To perform 'COMMAND_CHECK_LOCAL_UPDATING'.
D/RKUpdateService(  651): getValidFirmwareImageFile() : Target image file path : /data/media/0/update.zip
D/RKUpdateService(  651): getValidFirmwareImageFile() : Target image file path : /mnt/internal_sd/update.zip
D/RKUpdateService(  651): getValidFirmwareImageFile() : Target image file path : /mnt/external_sd/update.zip
D/RKUpdateService(  651): getValidFirmwareImageFile() : Target image file path : /mnt/usb_storage/update.zip
D/FaceDetection/DetectionBasedTracker( 3100): Java_org_opencv_samples_facedetect_DetectionBasedTracker_nativeDetect
D/RockFFPlayerBase(  170): WARRNING: VSYNC THREAD can not get buffer to queue
D/FaceDetection/DetectionBasedTracker( 3100): CascadeDetectorAdapter::Detect: begin
D/FaceDetection/DetectionBasedTracker( 3100): CascadeDetectorAdapter::Detect: scaleFactor=1.10, minNeighbours=2, minObjSize=(216x216), maxObjSize=(2147483647x2147483647)
D/FaceDetection/DetectionBasedTracker( 3100): Java_org_opencv_samples_facedetect_DetectionBasedTracker_nativeDetect END
D/FaceDetection/DetectionBasedTracker( 3100): CascadeDetectorAdapter::Detect: end
E/BluetoothService( 3100): onLeScan: device = 35:9E:53:FD:9A:04
D/RockFFPlayerBase(  170): WARRNING: VSYNC THREAD can not get buffer to queue
D/RockFFPlayerBase(  170): WARRNING: VSYNC THREAD can not get buffer to queue
D/FaceDetection/DetectionBasedTracker( 3100): Java_org_opencv_samples_facedetect_DetectionBasedTracker_nativeDetect
D/FaceDetection/DetectionBasedTracker( 3100): CascadeDetectorAdapter::Detect: begin
D/FaceDetection/DetectionBasedTracker( 3100): CascadeDetectorAdapter::Detect: scaleFactor=1.10, minNeighbours=2, minObjSize=(216x216), maxObjSize=(2147483647x2147483647)
D/FaceDetection/DetectionBasedTracker( 3100): Java_org_opencv_samples_facedetect_DetectionBasedTracker_nativeDetect END
E/BluetoothService( 3100): onLeScan: device = 00:81:F9:88:9B:A5
D/RockFFPlayerBase(  170): WARRNING: VSYNC THREAD can not get buffer to queue
D/FaceDetection/DetectionBasedTracker( 3100): CascadeDetectorAdapter::Detect: end
E/BluetoothService( 3100): onLeScan: device = 35:9E:53:FD:9A:04
D/RockFFPlayerBase(  170): WARRNING: VSYNC THREAD can not get buffer to queue
D/RockFFPlayerBase(  170): WARRNING: VSYNC THREAD can not get buffer to queue
D/FaceDetection/DetectionBasedTracker( 3100): Java_org_opencv_samples_facedetect_DetectionBasedTracker_nativeDetect
D/FaceDetection/DetectionBasedTracker( 3100): Java_org_opencv_samples_facedetect_DetectionBasedTracker_nativeDetect END
D/FaceDetection/DetectionBasedTracker( 3100): CascadeDetectorAdapter::Detect: begin
D/FaceDetection/DetectionBasedTracker( 3100): CascadeDetectorAdapter::Detect: scaleFactor=1.10, minNeighbours=2, minObjSize=(216x216), maxObjSize=(2147483647x2147483647)
E/BluetoothService( 3100): onLeScan: device = 00:81:F9:88:9B:A5
E/BluetoothService( 3100): onLeScan: device = 73:53:3E:C4:BD:18
D/FaceDetection/DetectionBasedTracker( 3100): CascadeDetectorAdapter::Detect: end
D/RockFFPlayerBase(  170): WARRNING: VSYNC THREAD can not get buffer to queue
E/BluetoothService( 3100): onLeScan: device = 35:9E:53:FD:9A:04
D/RockFFPlayerBase(  170): WARRNING: VSYNC THREAD can not get buffer to queue
D/RockFFPlayerBase(  170): WARRNING: VSYNC THREAD can not get buffer to queue
D/FaceDetection/DetectionBasedTracker( 3100): Java_org_opencv_samples_facedetect_DetectionBasedTracker_nativeDetect
D/FaceDetection/DetectionBasedTracker( 3100): Java_org_opencv_samples_facedetect_DetectionBasedTracker_nativeDetect END
D/FaceDetection/DetectionBasedTracker( 3100): CascadeDetectorAdapter::Detect: begin
D/FaceDetection/DetectionBasedTracker( 3100): CascadeDetectorAdapter::Detect: scaleFactor=1.10, minNeighbours=2, minObjSize=(216x216), maxObjSize=(2147483647x2147483647)
E/BluetoothService( 3100): onLeScan: device = 00:81:F9:88:9B:A5
D/FaceDetection/DetectionBasedTracker( 3100): CascadeDetectorAdapter::Detect: end
D/RockFFPlayerBase(  170): WARRNING: VSYNC THREAD can not get buffer to queue
E/BluetoothService( 3100): onLeScan: device = 00:81:F9:88:9B:A5
E/BluetoothService( 3100): onLeScan: device = 35:9E:53:FD:9A:04
D/RockFFPlayerBase(  170): WARRNING: VSYNC THREAD can not get buffer to queue
D/RockFFPlayerBase(  170): WARRNING: VSYNC THREAD can not get buffer to queue
D/FaceDetection/DetectionBasedTracker( 3100): Java_org_opencv_samples_facedetect_DetectionBasedTracker_nativeDetect
D/FaceDetection/DetectionBasedTracker( 3100): CascadeDetectorAdapter::Detect: begin
D/FaceDetection/DetectionBasedTracker( 3100): CascadeDetectorAdapter::Detect: scaleFactor=1.10, minNeighbours=2, minObjSize=(216x216), maxObjSize=(2147483647x2147483647)
D/FaceDetection/DetectionBasedTracker( 3100): Java_org_opencv_samples_facedetect_DetectionBasedTracker_nativeDetect END
D/RockFFPlayerBase(  170): WARRNING: VSYNC THREAD can not get buffer to queue
D/FaceDetection/DetectionBasedTracker( 3100): CascadeDetectorAdapter::Detect: end
E/BluetoothService( 3100): onLeScan: device = 35:9E:53:FD:9A:04
D/RockFFPlayerBase(  170): WARRNING: VSYNC THREAD can not get buffer to queue
E/BluetoothService( 3100): onLeScan: device = 73:53:3E:C4:BD:18
D/FaceDetection/DetectionBasedTracker( 3100): Java_org_opencv_samples_facedetect_DetectionBasedTracker_nativeDetect
D/FaceDetection/DetectionBasedTracker( 3100): Java_org_opencv_samples_facedetect_DetectionBasedTracker_nativeDetect END
D/FaceDetection/DetectionBasedTracker( 3100): CascadeDetectorAdapter::Detect: begin
D/FaceDetection/DetectionBasedTracker( 3100): CascadeDetectorAdapter::Detect: scaleFactor=1.10, minNeighbours=2, minObjSize=(216x216), maxObjSize=(2147483647x2147483647)
D/RockFFPlayerBase(  170): WARRNING: VSYNC THREAD can not get buffer to queue
D/FaceDetection/DetectionBasedTracker( 3100): CascadeDetectorAdapter::Detect: end
D/RockFFPlayerBase(  170): WARRNING: VSYNC THREAD can not get buffer to queue
E/BluetoothService( 3100): onLeScan: device = 35:9E:53:FD:9A:04
D/RockFFPlayer(  170): doPause
E/AudioSink(  170): received unknown event type: 1 inside CallbackWrapper !
D/RockFFPlayerBase(  170): dumpStatus(): Pause
D/RockFFPlayer(  170): doPause**1
D/RockFFPlayer(  170): doPause**2
D/RockFFPlayer(  170): doPause**3
D/RockFFPlayer(  170): doPause**4
D/RockFFPlayer(  170): doPause**5
D/RockFFPlayer(  170): readpacket:checkConsumeAll ok,mLooping = 0
E/MainActivityPlayModel( 3100): handleMessage7777
I/MainActivityPlayModel( 3100): playNext 1 1
I/MainActivityPlayModel( 3100): playNext exexex 
E/MainActivityPlayModel( 3100): handleMessage8888
D/RockFFPlayer(  170): reset()***********
D/RockFFPlayerBase(  170): dumpStatus(): Pause
D/RockFFPlayer(  170): reset(),stop_l
D/RockFFPlayer(  170): stop_l
D/RockFFPlayer(  170): enter enqueueMessage
D/RockFFPlayer(  170): enqueueMessage:****1
D/RockFFPlayer(  170): enqueueMessage:****2
D/RockFFPlayer(  170): enqueueMessage:****3
D/RockFFPlayer(  170): enqueueMessage:Message 1,set signal
D/RockFFPlayer(  170): enqueueMessage:sync wait
D/RockFFPlayer(  170): deliverMessage 
D/RockFFPlayer(  170): run : dequeueMessage Message 4
D/RockFFPlayer(  170): CMD_STOP
D/RockFFPlayer(  170): doStop()*****
D/RockFFPlayerBase(  170): dumpStatus(): Pause
D/RockFFPlayerBase(  170): dumpStatus(): Stop
I/RockFFPlayer(  170): readthread end of playing
D/RockFFPlayer(  170): doRelease()************
I/FFIDecoder(  170): waiting on end of decoder thread
E/FFMpegThread(  170): DecoderAudio,wait
D/FFMpegThread(  170): DecoderAudio:wait at pthread_join
E/TraceThread(  170):     DecoderAudio(tid = 3073135664)--> [UID=d1b45eb8] pthread_join begin
I/DecodeAudio(  170): decoding audio ended
D/FFMpegThread(  170): DecoderAudio:thread ended
E/TraceThread(  170):     DecoderAudio(tid = 3073135664)--> [UID=d1b45eb8] pthread_join end
E/FFMpegThread(  170): DecoderAudio:wait ok mThreadStatus=-1
I/FFIDecoder(  170): waiting on end of decoder thread
E/FFMpegThread(  170): DecoderVideo,wait
D/FFMpegThread(  170): DecoderVideo:wait at pthread_join
E/TraceThread(  170):     DecoderVideo(tid = 3073136664)--> [UID=d1b45eb8] pthread_join begin
D/FFMpegThread(  170): DecoderVideo:thread ended
E/TraceThread(  170):     DecoderVideo(tid = 3073136664)--> [UID=d1b45eb8] pthread_join end
E/FFMpegThread(  170): DecoderVideo:wait ok mThreadStatus=-1
E/RockFFPlayerBase(  170): FFMPlayerBase::flushRenderQueue in
E/RockFFPlayerBase(  170): FFMPlayerBase::flushRenderQueue out
E/TraceThread(  170):    RkFrameManage(tid = 3073135080)--> [UID=d1b45eb8] pthread_join begin
D/FrameManage(  170): FrameQueueManage::Displayframe stoped
E/TraceThread(  170):    RkFrameManage(tid = 3073135080)--> [UID=d1b45eb8] pthread_join end
I/FrameManage(  170): RkFrameManage::~RkFrameManage end!
D/RenderBase(  170): powerControl write: 0,width=1280,height=800,ishevc=0,videoFramerate=0,streamBitrate=0
E/RenderShared(  170): ~RkRenderer in
E/RenderShared(  170): ~RkRenderer out
D/NativeWindowBuffer(  170): Calling cancelBuffer on buffer 0x46 hanlde( 0xb72b9cf8 )
D/NativeWindowBuffer(  170): Calling cancelBuffer on buffer 0x47 hanlde( 0xb72b9928 )
D/NativeWindowBuffer(  170): buffer already Cancled 0x48 handle( 0xb72b9558 )
D/NativeWindowBuffer(  170): Calling cancelBuffer on buffer 0x49 hanlde( 0xb72b9188 )
D/NativeWindowBuffer(  170): Calling cancelBuffer on buffer 0x4a hanlde( 0xb72b8db8 )
D/NativeWindowBuffer(  170): Calling cancelBuffer on buffer 0x4b hanlde( 0xb72b89e8 )
D/NativeWindowBuffer(  170): Calling cancelBuffer on buffer 0x4c hanlde( 0xb72b8618 )
D/NativeWindowBuffer(  170): buffer already Cancled 0x4d handle( 0xb72b4608 )
D/NativeWindowBuffer(  170): buffer already Cancled 0x4e handle( 0xb72aec48 )
D/NativeWindowBuffer(  170): Calling cancelBuffer on buffer 0x4f hanlde( 0xb72b0210 )
D/NativeWindowBuffer(  170): buffer already Cancled 0x50 handle( 0xb72af8b0 )
D/NativeWindowBuffer(  170): Calling cancelBuffer on buffer 0x51 hanlde( 0xb72b0a48 )
D/NativeWindowBuffer(  170): Calling cancelBuffer on buffer 0x52 hanlde( 0xb72c0e40 )
D/NativeWindowBuffer(  170): buffer already Cancled 0x53 handle( 0xb72c0fe0 )
D/NativeWindowBuffer(  170): Calling cancelBuffer on buffer 0x54 hanlde( 0xb72c1180 )
D/NativeWindowBuffer(  170): Calling cancelBuffer on buffer 0x55 hanlde( 0xb72c0cb8 )
D/NativeWindowBuffer(  170): Calling cancelBuffer on buffer 0x56 hanlde( 0xb72c1670 )
D/NativeWindowBuffer(  170): Calling cancelBuffer on buffer 0x57 hanlde( 0xb72c1810 )
D/NativeWindowBuffer(  170): Calling cancelBuffer on buffer 0x58 hanlde( 0xb72c19b0 )
D/NativeWindowBuffer(  170): Calling cancelBuffer on buffer 0x59 hanlde( 0xb72c1b50 )
D/NativeWindowBuffer(  170): Calling cancelBuffer on buffer 0x5a hanlde( 0xb72c1cf0 )
D/NativeWindowBuffer(  170): Calling cancelBuffer on buffer 0x5b hanlde( 0xb72c1e90 )
D/NativeWindowBuffer(  170): Calling cancelBuffer on buffer 0x5c hanlde( 0xb72c2030 )
D/NativeWindowBuffer(  170): Calling cancelBuffer on buffer 0x5d hanlde( 0xb72c21d0 )
D/NativeWindowBuffer(  170): Calling cancelBuffer on buffer 0x5e hanlde( 0xb72c1320 )
D/NativeWindowBuffer(  170): Calling cancelBuffer on buffer 0x5f hanlde( 0xb72c14c0 )
D/NativeWindowBuffer(  170): Calling cancelBuffer on buffer 0x60 hanlde( 0xb72c28b8 )
D/NativeWindowBuffer(  170): Calling cancelBuffer on buffer 0x61 hanlde( 0xb72c2a58 )
D/NativeWindowBuffer(  170): Calling cancelBuffer on buffer 0x62 hanlde( 0xb72c2bf8 )
D/NativeWindowBuffer(  170): Calling cancelBuffer on buffer 0x63 hanlde( 0xb72c2d98 )
D/NativeWindowBuffer(  170): Calling cancelBuffer on buffer 0x64 hanlde( 0xb72c2f38 )
D/NativeWindowBuffer(  170): Calling cancelBuffer on buffer 0x65 hanlde( 0xb72c30d8 )
D/HDMIManager(  170): HdmiManager disconstructor***************
D/FaceDetection/DetectionBasedTracker( 3100): Java_org_opencv_samples_facedetect_DetectionBasedTracker_nativeDetect
I/H264_DEBUG(  170): deinit DONE
D/FaceDetection/DetectionBasedTracker( 3100): CascadeDetectorAdapter::Detect: begin
D/FaceDetection/DetectionBasedTracker( 3100): CascadeDetectorAdapter::Detect: scaleFactor=1.10, minNeighbours=2, minObjSize=(216x216), maxObjSize=(2147483647x2147483647)
I/vpu_mem_pool(  170): pid 170, close_vpu_memory_pool:552: 
D/FFMpegThread(  170): DecoderVideo:~PlayerThread enter mThreadStatus=-1
D/FFMpegThread(  170): DecoderAudio:~PlayerThread enter mThreadStatus=-1
D/RkAudioPlayer(  170): setAudioSlice 0
D/RockFFPlayer(  170): doRelease ok
D/RockFFPlayer(  170): doStop()*****OK
D/RockFFPlayer(  170): run : dequeueMessage Message 4 OK
D/RockFFPlayer(  170): Messagecomplete type [4]
D/RockFFPlayer(  170): run : Message 4 complete
D/RockFFPlayer(  170): enqueueMessage:sync wait ok
D/RockFFPlayer(  170): doRelease() clearQueue************
D/RockFFPlayer(  170): stop_l:MessageStop down
D/RockFFPlayerBase(  170): dumpStatus(): Stop
D/RockFFPlayer(  170): stop_l : create CancelThread
D/RockFFPlayer(  170): CancelThread start
D/RockFFPlayer(  170): stop_l :CancelThread create ok
D/RockFFPlayer(  170): stop_l buffer thread quit
E/RockFFPlayerBase(  170): closeContext : in
D/RockFFPlayer(  170): enter enqueueMessage
D/RockFFPlayer(  170): enqueueMessage:****1
D/RockFFPlayer(  170): enqueueMessage:****2
D/RockFFPlayer(  170): enqueueMessage:****3
D/RockFFPlayer(  170): enqueueMessage:Message 1,set signal
D/RockFFPlayer(  170): enqueueMessage:sync wait
D/RockFFPlayer(  170): deliverMessage 
D/RockFFPlayer(  170): run : dequeueMessage Message 11
D/RockFFPlayer(  170): CMD_RESET
D/RockFFPlayerBase(  170): dumpStatus(): Idle
D/RockFFPlayer(  170): doReset ok
D/RockFFPlayer(  170): run : dequeueMessage Message 11 OK
D/RockFFPlayer(  170): Messagecomplete type [11]
D/RockFFPlayer(  170): run : Message 11 complete
D/RockFFPlayer(  170): enqueueMessage:sync wait ok
D/RockFFPlayer(  170): reset(),MessageReset down
D/RockFFPlayer(  170): signal thread out
D/RockFFPlayer(  170): sched_thread out
D/RockFFPlayer(  170): stop:wait is ok
D/RockFFPlayer(  170): stop:ok
D/RockFFPlayer(  170): ~RkMessageQueue
E/RockFFPlayerBase(  170): closeContext : out
D/RockFFPlayer(  170): CancelThread end
D/RockFFPlayer(  170): CancelThread return
E/FFPlayer(  170): ~FFPlayer
D/RockFFPlayer(  170): reset()***********
D/RockFFPlayerBase(  170): dumpStatus(): Idle
D/RockFFPlayer(  170): CurrentStatus is IDLE,already reset
D/RockFFPlayer(  170): ~FFMPlayer*******
D/RockFFPlayer(  170): reset()***********
D/RockFFPlayerBase(  170): dumpStatus(): Idle
D/RockFFPlayer(  170): CurrentStatus is IDLE,already reset
D/RockFFPlayer(  170): ~FFMPlayer:CancelThread
D/RockFFPlayer(  170): ~FFMediaSource
D/RockFFPlayer(  170): FFMediaSource context null. 
E/TraceThread(  170):     VsyncReciver(tid = 3072940704)--> [UID=d1b45eb8] pthread_join begin-->player = 0xb7245438
D/FaceDetection/DetectionBasedTracker( 3100): Java_org_opencv_samples_facedetect_DetectionBasedTracker_nativeDetect END
D/FaceDetection/DetectionBasedTracker( 3100): CascadeDetectorAdapter::Detect: end
E/TraceThread(  170):     VsyncReciver(tid = 3072940704)--> [UID=d1b45eb8] pthread_join   end-->player = 0xb7245438
D/VsyncReciver(  170): stop_l:vsyncThread down
D/RockFFPlayer(  170): ~FFMPlayer***mNativeWindow
E/TraceThread(  170):     RockFFPlayer(tid = 3072836696)--> [UID=d1b45eb8] ~FFMPlayer Destruction; object=0xb7245438
D/RockFFPlayer(  170): ~FFMPlayer***end
D/RockFFPlayerBase(  170): ~FFMPlayerBase(():mDequeueThread down
D/RockFFPlayerBase(  170): ~RkMessageHandler
D/ISOManager( 3100): isBDDirectory(), pathStr = /mnt/internal_sd/impactv/手洗い_スタンバイ画面.mp4
D/ISOManager( 3100): isBDDirectory(), path = /mnt/internal_sd/impactv/手洗い_スタンバイ画面.mp4
I/MediaPlayerFactory(  170):  createFFPlayer
E/        (  170): isBluray(), extension = .mp4
E/FFPlayerHelper(  170): isBDDirectory() ,path = /mnt/internal_sd/impactv/手洗い_スタンバイ画面.mp4
E/FFPlayerHelper(  170): isBDDirectory(): no BDMV
E/RockFFPlayerBase(  170): MediaServer is SP_FOREGROUND, tid=873
E/FFPlayerHelper(  170): efuse open fail
D/RkExtensionPlayer(  170): RkExtensionPlayer in
E/RkExtensionPlayer(  170): createDirectory(), path = /tmp/subtitle/
E/RkExtensionPlayer(  170): createDirectory(), create directory = /tmp/subtitle/ fail,reson = Invalid argument
E/RkExtensionPlayer(  170): createDirectory(), path = /data/subtitle/
E/RkExtensionPlayer(  170): createDirectory(), directory = /data/subtitle/ already exist
E/TraceThread(  170): TraceThread::randomUID() --> [UID=670a40a2]
E/TraceThread(  170):     RockFFPlayer(tid = 3072836696)--> [UID=670a40a2] FFMPlayer Construction; object=0xb72ab108
D/RockFFPlayer(  170): setDataSource fd = 62, offset =0,length = 71554
D/RockFFPlayer(  170): start:create thread
D/RockFFPlayer(  170): RkMessageQueue::run()
E/TraceThread(  170):     VsyncReciver(tid = 3072941640)--> [UID=670a40a2] VsyncReciver::startthread
D/RockFFPlayer(  170): start:create thread ok,mThreadStatus=0
D/RockFFPlayer(  170): enter enqueueMessage
D/RockFFPlayer(  170): enqueueMessage:****1
D/RockFFPlayer(  170): enqueueMessage:****2
D/RockFFPlayer(  170): enqueueMessage:****3
D/RockFFPlayer(  170): enqueueMessage:Message 1,set signal
D/RockFFPlayer(  170): enqueueMessage:sync wait
D/RockFFPlayer(  170): deliverMessage 
D/RockFFPlayer(  170): run : dequeueMessage Message 20
D/RockFFPlayer(  170): CMD_CURRENTSTATUS
D/RockFFPlayerBase(  170): dumpStatus(): Initialized
D/RockFFPlayer(  170): run : dequeueMessage Message 20 OK
D/RockFFPlayer(  170): Messagecomplete type [20]
D/RockFFPlayer(  170): run : Message 20 complete
D/RockFFPlayer(  170): enqueueMessage:sync wait ok
D/RockFFPlayerBase(  170): setSurfaceTexture in
D/RockFFPlayerBase(  170): setSurfaceTexture out
D/RockFFPlayer(  170): prepareAsync in
D/RockFFPlayerBase(  170): dumpStatus(): Initialized
D/RockFFPlayerBase(  170): dumpStatus(): Preparing
I/FFPlayer_Version(  170): ******************************************
I/FFPlayer_Version(  170): 
I/FFPlayer_Version(  170): starting main player: 2016-05-30-04:46:02
I/FFPlayer_Version(  170): ffPlayer is Built for BOARD_RK312X
I/FFPlayer_Version(  170): 
I/FFPlayer_Version(  170): ******************************************
I/RockFFPlayer(  170): setDataSource(url =file/fd::62,offset::0)
I/RockFFPlayer(  170): setDataSource(fileurl =/mnt/internal_sd/impactv/手洗い_スタンバイ画面.mp4)
D/RockFFPlayer(  170): prepareAsync ok
E/RockFFPlayerBase(  170): openContext : in
E/RockFFPlayer(  170): ffmpeg version 10-26
E/RockFFPlayer(  170): av_probe_input_buffer:avio_read
I/RockFFPlayer(  170): flv_probe get probe score: 0
E/RockFFPlayer(  170): Hery, probe size = 3
E/RockFFPlayer(  170): avformat_open_input:read_header
E/RockFFPlayer(  170): warning: mov too few keyframe, num: 1
D/RockFFPlayer(  170): ff notify mov use seek any flag
E/RockFFPlayer(  170): avformat_open_input:read_header ok
D/RkExtensionPlayer(  170): openContext in
E/RkExtensionPlayer(  170): autoDetect(): path = /mnt/internal_sd/impactv/手洗い_スタンバイ画面.mp4
E/FFPlayerHelper(  170): isNetWorkUrl: url = /mnt/internal_sd/impactv/手洗い_スタンバイ画面.mp4
E/RkExtensionPlayer(  170): autoDetect(): directory = /mnt/internal_sd/impactv
E/RkExtensionPlayer(  170): autoDetect(): prefix = /mnt/internal_sd/impactv/手洗い_スタンバイ画面
E/RkExtensionPlayer(  170): autoDetect(): fileName = 手洗い_スタンバイ画面
E/RkExtensionPlayer(  170): dr->d_name = 手洗い_スタンバイ画面.mp4
E/RkExtensionPlayer(  170): subPrefix = 手洗い_スタンバイ画面
E/RkExtensionPlayer(  170): dr->d_name = impactv_mix_program_list.txt
E/RkExtensionPlayer(  170): subPrefix = impactv_mix_program_list
E/RkExtensionPlayer(  170): isSubtitle: yes: impactv_mix_program_list.txt
E/RkExtensionPlayer(  170): dr->d_name = impactv_bgm_list.txt
E/RkExtensionPlayer(  170): subPrefix = impactv_bgm_list
E/RkExtensionPlayer(  170): isSubtitle: yes: impactv_bgm_list.txt
D/RkExtensionPlayer(  170): openContext out,mTrackInfos size = 0
E/RockFFPlayerBase(  170): openContext : out,ret = 0
D/RockFFPlayer(  170): setDataSource:set local video property=1
E/RockFFPlayer(  170): Hery, s->iformat->name = mov,mp4,m4a,3gp,3g2,mj2
D/RockFFPlayer(  170): There is not appleHls need find video Info
E/RockFFPlayer(  170): MOV -->  mov_check_read_policy --> videouri =file/fd::62,offset::0
E/RockFFPlayer(  170): read_size = 36834
E/RockFFPlayer(  170): update_stream_timings: st[-1221874128].duration = 124928
E/RockFFPlayer(  170): update_stream_timings: st[-1221874128].duration = 154154
E/RockFFPlayer(  170): update_stream_timings: st[-1221874128].duration = 124928
E/RockFFPlayer(  170): update_stream_timings: st[-1221874128].duration = 154154
E/RockFFPlayer(  170): estimate_timings:0: start_time: 0.000 duration: 0.125,base_time.den=48000,base_time.num=1
E/RockFFPlayer(  170): estimate_timings:1: start_time: 0.000 duration: 0.154,base_time.den=60000,base_time.num=1
E/RockFFPlayer(  170): stream: start_time: 0.000 duration: 2.603 bitrate=219 kb/s
E/RockFFPlayer(  170): avformat_find_stream_info:find_stream_info_err:free info,ok
E/RockFFPlayer(  170): avformat_find_stream_info:find_stream_info_err:free info,ok
E/RockFFPlayer(  170): s->streams[0]->codec->codec_type = 1
E/RockFFPlayer(  170): s->streams[0]->codec->probe_packets = 2500
E/RockFFPlayer(  170): s->streams[0]->codec->codec_info_nb_frames = 46
E/RockFFPlayer(  170): s->streams[1]->codec->codec_type = 0
E/RockFFPlayer(  170): s->streams[1]->codec->probe_packets = 2500
E/RockFFPlayer(  170): s->streams[1]->codec->codec_info_nb_frames = 1
E/RockFFPlayer(  170): audio name  = aac
E/RockFFPlayer(  170): is3DVideo()
D/RockFFPlayer(  170): AudioStartTime=0,VideoStartTime=0,tmpTime=0
E/RockFFPlayer(  170): Hery, s->duration = 2602600.000000
I/RockFFPlayer(  170): Input #0, mov,mp4,m4a,3gp,3g2,mj2, from 'file/fd::62,offset::0':
I/RockFFPlayer(  170):   Metadata:
I/RockFFPlayer(  170):     major_brand     : 
I/RockFFPlayer(  170): mp42
I/RockFFPlayer(  170): 
I/RockFFPlayer(  170):     minor_version   : 
I/RockFFPlayer(  170): 0
I/RockFFPlayer(  170): 
I/RockFFPlayer(  170):     compatible_brands: 
I/RockFFPlayer(  170): mp42isomavc1
I/RockFFPlayer(  170): 
I/RockFFPlayer(  170):     creation_time   : 
I/RockFFPlayer(  170): 2020-02-25 04:17:55
I/RockFFPlayer(  170): 
I/RockFFPlayer(  170):   Duration: 
I/RockFFPlayer(  170): 00:00:02.60
I/RockFFPlayer(  170): , start: 
I/RockFFPlayer(  170): 0.000000
I/RockFFPlayer(  170): , bitrate: 
I/RockFFPlayer(  170): 219 kb/s
I/RockFFPlayer(  170): 
I/RockFFPlayer(  170):     Stream #0:0
I/RockFFPlayer(  170): (und)
I/RockFFPlayer(  170): : Audio: aac (mp4a / 0x6134706D), 48000 Hz, stereo, s16, 125 kb/s
I/RockFFPlayer(  170): 
I/RockFFPlayer(  170):     Metadata:
I/RockFFPlayer(  170):       creation_time   : 
I/RockFFPlayer(  170): 2020-02-25 04:17:55
I/RockFFPlayer(  170): 
I/RockFFPlayer(  170):       handler_name    : 
I/RockFFPlayer(  170): Sound Media Handler
I/RockFFPlayer(  170): 
I/RockFFPlayer(  170):     Stream #0:1
I/RockFFPlayer(  170): (und)
I/RockFFPlayer(  170): : Video: h264 (avc1 / 0x31637661), 1280x800, 87 kb/s
I/RockFFPlayer(  170): , 29.97 fps
I/RockFFPlayer(  170): , 29.97 tbr
I/RockFFPlayer(  170): , 60k tbn
I/RockFFPlayer(  170): , 120k tbc
I/RockFFPlayer(  170): 
I/RockFFPlayer(  170):     Metadata:
I/RockFFPlayer(  170):       creation_time   : 
I/RockFFPlayer(  170): 2020-02-25 04:17:55
I/RockFFPlayer(  170): 
I/RockFFPlayer(  170):       handler_name    : 
I/RockFFPlayer(  170): Video Media Handler
I/RockFFPlayer(  170): 
D/RockFFPlayer(  170): prepare_l:start decode and read Thread
D/RockFFPlayer(  170): enter enqueueMessage
D/RockFFPlayer(  170): enqueueMessage:****1
D/RockFFPlayer(  170): enqueueMessage:****2
D/RockFFPlayer(  170): enqueueMessage:****3
D/RockFFPlayer(  170): enqueueMessage:Message 1,set signal
D/RockFFPlayer(  170): enqueueMessage:sync wait
D/RockFFPlayer(  170): deliverMessage 
D/RockFFPlayer(  170): run : dequeueMessage Message 1
D/RockFFPlayer(  170): CMD_PREPARE
I/RockFFPlayer(  170): doPrepare in
I/RockFFPlayer(  170): prepareVideo
E/CrFeatureHelper(  170): check_avtone_library --> Error:2 No such file or directory
D/FFPlayerHelper(  170): CrFeatureHelper --> name = avc1,tag = 828601953
E/CrFeatureHelper(  170): check_avtone_library --> Error:2 No such file or directory
D/FFPlayerHelper(  170): CrFeatureHelper --> name = avc1,tag = 828601953
D/FFPlayerHelper(  170):  ====================errno = No such file or directory
D/RockFFPlayerBase(  170): open MediaDecoder.cfg failed,so can't config anything
D/RockFFPlayerBase(  170): File not exists!
D/RockFFPlayer(  170): local video bitrate is 219 kbps
D/RockFFPlayer(  170): avg.frame.den=1001,avg.frame.num=30000
D/RockFFPlayer(  170): timebase.den=60000,timebase.num=1
D/RockFFPlayer(  170): codecbase.den=120000,codecbase.num=1
D/RockFFPlayer(  170): getVideoFrameRate: use avg frame rate: 29.970030
D/RockFFPlayer(  170): getVideoFrameRate:frameRate=29.970030
D/HDMIManager(  170): unkonwn connection state
D/HDMIManager(  170): TV/HDMI mode fd open failed
D/RockFFPlayer(  170): Video stream frame rate = 29.970030
D/RockFFPlayer(  170): Video stream codec_id = 28
I/RockFFPlayer(  170): prepareVideo, w: 1280, h: 800,mVFrameRate 29.970030
D/RenderBase(  170): powerControl write: 1,width=1280,height=800,ishevc=0,videoFramerate=0,streamBitrate=0
D/RenderShared(  170): RkRendererShared(): format = 22,bufWidth = 1280,bufHeight = 800
D/RenderShared(  170): RkRendererShared(): IOMMU open rga *******************
D/RenderShared(  170): RkRendererShared transform = 0
D/RockFFPlayerBase(  170): initRender(1324) new render ok
D/HDMIManager(  170): HdmiManager constructor***************
E/HDMIManager(  170): get3DMode**********
E/HDMIManager(  170): send**********
E/HDMIManager(  170): send(): cmd = 0 mode get3dmode 0 HDMI
D/CommandListener(  162): :ModeCmd::runCommand argv[1] = get3dmode
E/HDMIManager(  170): getReply(): 501 0 Missing iface
E/HDMIManager(  170): parseReply(): 501 0 Missing iface
E/HDMIManager(  170): parseReply(): mCode = 501,mStatus = 0,mReply = Missing iface
E/HDMIManager(  170): getResolution**********
D/HDMIManager(  170): unkonwn connection state
E/HDMIManager(  170): TV getMode(): open fail
E/HDMIManager(  170): getResolution**********
D/HDMIManager(  170): unkonwn connection state
E/HDMIManager(  170): TV getMode(): open fail
E/HDMIManager(  170): getAllResolution**********
E/HDMIManager(  170): getAllResolution(): open fail
D/HDMIManager(  170): setResolution(): width = 1920,height = 1080,frameRate = 30
D/HDMIManager(  170): setResolution(): support3D = 0,enale24 = 0
E/HDMIManager(  170): getResolution**********
D/HDMIManager(  170): unkonwn connection state
E/HDMIManager(  170): TV getMode(): open fail
D/HDMIManager(  170): unkonwn connection state
D/HDMIManager(  170): TV/HDMI mode fd open failed
I/RockFFPlayer(  170): prepareAudio
I/Binder_4( 3604): type=1400 audit(0.0:40): avc: denied { write } for name="displayd" dev="tmpfs" ino=5320 scontext=u:r:mediaserver:s0 tcontext=u:object_r:socket_device:s0 tclass=sock_file permissive=1
E/RockFFPlayer(  170): audio stream codec_id = 86018
D/RockFFPlayerBase(  170): open MediaDecoder.cfg failed,so can't config anything
D/RockFFPlayerBase(  170): File not exists!
D/RockFFPlayer(  170): initAudioPlayer
D/RockFFPlayer(  170): initAudioPlayer getOutputMode  passThrough = 0
D/RockFFPlayer(  170): enable the audio resample
D/RockFFPlayerBase(  170): setAudioOutputMode output_mode = 0
D/RkAudioPlayer(  170): setAudioSlice 0
D/RockFFPlayer(  170): initAudioPlayer out
D/SpeedManager(  170): sound touch donnot support current audio params
D/RkExtensionPlayer(  170): prepareExtendSubtitle in
E/RkExtensionPlayer(  170): prepareExtendSubtitle: context == NULL
E/RockFFPlayer(  170): prepareExtandSubtitle return error!
D/RkExtensionPlayer(  170): ~RkExtensionPlayer in
D/RkExtensionPlayer(  170): RkExtensionPlayer::closeExtendSubDecoder in
E/FFExtensionSource(  170): ~FFExtensionSource in
D/RockFFPlayer(  170): FFMediaSource context null. 
E/FFExtensionSource(  170): ~FFExtensionSource out
D/RockFFPlayer(  170): ~FFMediaSource
D/RockFFPlayer(  170): FFMediaSource context null. 
D/RkExtensionPlayer(  170): closeExtendSubDecoder out
I/RockFFPlayer(  170): prepareSubtitle in
E/RockFFPlayer(  170): hasSubtitle return fail
