I/System.out(  465): com.android.packageinstaller.UninstallAppProgressaddAppToken taskId:205
D/WindowManagerService(  465): null  ==========setInputFocusLw ==========  =======
D/ViewRootImpl( 4289): onDetachedFromWindow ungister contentObserver
D/DisplayManager( 4289): getDisplayInfo: displayId=0, info=DisplayInfo{"内置屏幕", uniqueId "local:0", app 1280 x 672, real 1280 x 720, largest app 1280 x 1207, smallest app 720 x 647, 57.925 fps, supportedRefreshRates [57.925], rotation 0, density 160 (160.15764 x 160.0) dpi, layerStack 0, appVsyncOff 0, presDeadline 18263703, type BUILT_IN, state ON, FLAG_SECURE, FLAG_SUPPORTS_PROTECTED_BUFFERS}
D/PhoneWindow( 4289): DecorView - SCREEN_WEITH = 1280 - SCREE_HEIGHT = 672
I/ActivityManagerService(  465): Force stopping net.frameo.frame appid=10059 user=-1: uninstall pkg
I/ActivityManagerService(  465): Killing 3327:net.frameo.frame/u0a59 (adj 9): stop net.frameo.frame
D/WifiService(  465): releaseWifiLockLocked: WifiLock{LockTag type=3 binder=android.os.BinderProxy@6059e80}
D/WifiService(  465): Client connection lost with reason: 4
I/WindowState(  465): WIN DEATH: Window{18fda7b0 u0 net.frameo.frame/net.frameo.frame.ui.activities.AWaitForLicenseKey}
I/ActivityManagerService(  465):   Force finishing activity 3 ActivityRecord{d68bd98 u0 net.frameo.frame/.ui.activities.AWaitForLicenseKey t196}
D/DisplayManager( 4289): getDisplayInfo: displayId=0, info=DisplayInfo{"内置屏幕", uniqueId "local:0", app 1280 x 672, real 1280 x 720, largest app 1280 x 1207, smallest app 720 x 647, 57.925 fps, supportedRefreshRates [57.925], rotation 0, density 160 (160.15764 x 160.0) dpi, layerStack 0, appVsyncOff 0, presDeadline 18263703, type BUILT_IN, state ON, FLAG_SECURE, FLAG_SUPPORTS_PROTECTED_BUFFERS}
W/ActivityManagerService(  465): Spurious death for ProcessRecord{2620b312 3327:net.frameo.frame/u0a59}, curProc for 3327: null
I/ActivityManagerService(  465): Force stopping net.frameo.frame appid=10059 user=0: pkg removed
V/WindowManagerService(  465): Adding window Window{1218a059 u0 com.android.packageinstaller/com.android.packageinstaller.UninstallAppProgress} at 4 of 10 (after Window{501a134 u0 com.android.packageinstaller/com.android.packageinstaller.UninstallerActivity})
D/ViewRootImpl( 4289): onDetachedFromWindow ungister contentObserver
I/InputReader(  465): Reconfiguring input devices.  changes=0x00000010
D/JobSchedulerService(  465): Receieved: android.intent.action.PACKAGE_REMOVED
D/BackupManagerService(  465): Received broadcast Intent { act=android.intent.action.PACKAGE_REMOVED dat=package:net.frameo.frame flg=0x4000010 (has extras) }
D/TaskPersister(  465): removeObsoleteFile: deleting file=194_task_thumbnail.png
I/art     (  864): Explicit concurrent mark sweep GC freed 9427(477KB) AllocSpace objects, 8(322KB) LOS objects, 39% free, 3MB/6MB, paused 798us total 18.766ms
I/art     ( 1795): Explicit concurrent mark sweep GC freed 2017(145KB) AllocSpace objects, 2(40KB) LOS objects, 24% free, 1937KB/2MB, paused 282us total 18.976ms
D/ViewRootImpl( 4289): onAttachToWindow register content observer attrs=WM.LayoutParams{(0,0)(wrapxwrap)mPosX=0mPosY=0mHScale=1.0mVScale=1.0 align=UNDEFINE taskId=205 sim=#120 ty=1 fl=#1800002 fmt=-3 wanim=0x103046a surfaceInsets=Rect(32, 32 - 32, 32) needsMenuKey=2packageName=com.android.packageinstallertoken=android.os.BinderProxy@1df5f7fa}
D/WindowManagerService(  465): Window{1218a059 u0 com.android.packageinstaller/com.android.packageinstaller.UninstallAppProgress}  ==========setInputFocusLw ==========  =======
D/VoicemailCleanupService(  918): Cleaning up data for package: net.frameo.frame
I/LatinIME:LogUtils(  721): Dictionary info: dictionary = main:en ; version = 42 ; date = 1381226429
D/ViewRootImpl( 4289): 580<<<<<< BACK FROM relayoutWM.LayoutParams{(0,0)(wrapxwrap)mPosX=0mPosY=0mHScale=1.0mVScale=1.0 align=UNDEFINE taskId=205 sim=#120 ty=1 fl=#1800002 fmt=-3 wanim=0x103046a surfaceInsets=Rect(32, 32 - 32, 32) needsMenuKey=2packageName=com.android.packageinstallertoken=android.os.BinderProxy@1df5f7fa}
I/Launcher(  864): Deferring update until onResume
I/ActivityManagerService(  465): Start proc 4325:com.android.keychain/1000 for broadcast com.android.keychain/.KeyChainBroadcastReceiver
I/Launcher(  864): Deferring update until onResume
I/art     (  465): Explicit concurrent mark sweep GC freed 10472(834KB) AllocSpace objects, 6(1442KB) LOS objects, 33% free, 13MB/20MB, paused 4.154ms total 79.632ms
E/WifiStateMachine(  465): WifiStateMachine CMD_START_SCAN source -2 txSuccessRate=0.13 rxSuccessRate=0.51 targetRoamBSSID=d0:76:e7:13:d0:73 RSSI=-50
E/WifiStateMachine(  465): startDelayedScan send -> 346 milli 20000
E/WifiStateMachine(  465): WifiStateMachine CMD_START_SCAN with age=360057 interval=341718 maxinterval=300000
E/WifiStateMachine(  465): WifiStateMachine CMD_START_SCAN try full band scan age=360057 interval=341718 maxinterval=300000
E/WifiStateMachine(  465): WifiStateMachine CMD_START_SCAN full=true
E/WifiStateMachine(  465): [1,582,969,191,285 ms] noteScanstart no scan source uid -2
D/DisplayManager( 4325): getDisplayInfo: displayId=0, info=DisplayInfo{"内置屏幕", uniqueId "local:0", app 1280 x 672, real 1280 x 720, largest app 1280 x 1207, smallest app 720 x 647, 57.925 fps, supportedRefreshRates [57.925], rotation 0, density 160 (160.15764 x 160.0) dpi, layerStack 0, appVsyncOff 0, presDeadline 18263703, type BUILT_IN, state ON, FLAG_SECURE, FLAG_SUPPORTS_PROTECTED_BUFFERS}
I/ActivityManagerService(  465): Displayed com.android.packageinstaller/.UninstallAppProgress: +373ms
D/DisplayManager( 4325): getDisplayInfo: displayId=0, info=DisplayInfo{"内置屏幕", uniqueId "local:0", app 1280 x 672, real 1280 x 720, largest app 1280 x 1207, smallest app 720 x 647, 57.925 fps, supportedRefreshRates [57.925], rotation 0, density 160 (160.15764 x 160.0) dpi, layerStack 0, appVsyncOff 0, presDeadline 18263703, type BUILT_IN, state ON, FLAG_SECURE, FLAG_SUPPORTS_PROTECTED_BUFFERS}
D/DisplayManager( 4325): getDisplayInfo: displayId=0, info=DisplayInfo{"内置屏幕", uniqueId "local:0", app 1280 x 672, real 1280 x 720, largest app 1280 x 1207, smallest app 720 x 647, 57.925 fps, supportedRefreshRates [57.925], rotation 0, density 160 (160.15764 x 160.0) dpi, layerStack 0, appVsyncOff 0, presDeadline 18263703, type BUILT_IN, state ON, FLAG_SECURE, FLAG_SUPPORTS_PROTECTED_BUFFERS}
D/DisplayManager( 4325): getDisplayInfo: displayId=0, info=DisplayInfo{"内置屏幕", uniqueId "local:0", app 1280 x 672, real 1280 x 720, largest app 1280 x 1207, smallest app 720 x 647, 57.925 fps, supportedRefreshRates [57.925], rotation 0, density 160 (160.15764 x 160.0) dpi, layerStack 0, appVsyncOff 0, presDeadline 18263703, type BUILT_IN, state ON, FLAG_SECURE, FLAG_SUPPORTS_PROTECTED_BUFFERS}
D/ActivityManagerService(  465): moveHomeStackTaskToTop: moving TaskRecord{15a6a227 #185 A=com.android.launcher3 U=0 sz=1}
D/WindowManagerService(  465): Window{29e8a27a u0 com.android.launcher3/com.android.launcher3.Launcher}  ==========setInputFocusLw ==========  =======
W/ContextImpl( 4325): Calling a method in the system process without a qualified user: android.app.ContextImpl.startService:1709 android.content.ContextWrapper.startService:516 android.content.ContextWrapper.startService:516 com.android.keychain.KeyChainBroadcastReceiver.onReceive:12 android.app.ActivityThread.handleReceiver:2629 
D/DisplayManager(  465): getDisplayInfo: displayId=0, info=DisplayInfo{"内置屏幕", uniqueId "local:0", app 1280 x 672, real 1280 x 720, largest app 1280 x 1207, smallest app 720 x 647, 57.925 fps, supportedRefreshRates [57.925], rotation 0, density 160 (160.15764 x 160.0) dpi, layerStack 0, appVsyncOff 0, presDeadline 18263703, type BUILT_IN, state ON, FLAG_SECURE, FLAG_SUPPORTS_PROTECTED_BUFFERS}
D/DisplayManager( 4289): getDisplayInfo: displayId=0, info=DisplayInfo{"内置屏幕", uniqueId "local:0", app 1280 x 672, real 1280 x 720, largest app 1280 x 1207, smallest app 720 x 647, 57.925 fps, supportedRefreshRates [57.925], rotation 0, density 160 (160.15764 x 160.0) dpi, layerStack 0, appVsyncOff 0, presDeadline 18263703, type BUILT_IN, state ON, FLAG_SECURE, FLAG_SUPPORTS_PROTECTED_BUFFERS}
W/Launcher(  864): setApplicationContext called twice! old=com.android.launcher3.LauncherApplication@19ed7e2 new=com.android.launcher3.LauncherApplication@19ed7e2
I/ActivityManagerService(  465): Start proc 4344:com.android.documentsui/u0a21 for broadcast com.android.documentsui/.PackageReceiver
D/Launcher.Workspace(  864): 11683562 - stripEmptyScreens()
D/Launcher.Workspace(  864): 11683562 - stripEmptyScreens()
I/ActivityManagerService(  465): Killing 3304:com.svox.pico/u0a41 (adj 15): empty for 2075s
D/ViewRootImpl( 4289): onAttachToWindow register content observer attrs=WM.LayoutParams{(0,64)(wrapxwrap)mPosX=0mPosY=0mHScale=1.0mVScale=1.0 align=UNDEFINE taskId=-1 gr=#51 ty=2005 fl=#1000098 fmt=-3 wanim=0x1030004 surfaceInsets=Rect(0, 0 - 0, 0)packageName=com.android.packageinstallertoken=null}
D/ViewRootImpl( 4289): 172<<<<<< BACK FROM relayoutWM.LayoutParams{(0,64)(wrapxwrap)mPosX=0mPosY=0mHScale=1.0mVScale=1.0 align=UNDEFINE taskId=-1 gr=#51 sim=#20 ty=2005 fl=#1000098 fmt=-3 wanim=0x1030004 surfaceInsets=Rect(0, 0 - 0, 0)packageName=com.android.packageinstallertoken=null}
D/DisplayManager( 4344): getDisplayInfo: displayId=0, info=DisplayInfo{"内置屏幕", uniqueId "local:0", app 1280 x 672, real 1280 x 720, largest app 1280 x 1207, smallest app 720 x 647, 57.925 fps, supportedRefreshRates [57.925], rotation 0, density 160 (160.15764 x 160.0) dpi, layerStack 0, appVsyncOff 0, presDeadline 18263703, type BUILT_IN, state ON, FLAG_SECURE, FLAG_SUPPORTS_PROTECTED_BUFFERS}
D/DisplayManager( 4344): getDisplayInfo: displayId=0, info=DisplayInfo{"内置屏幕", uniqueId "local:0", app 1280 x 672, real 1280 x 720, largest app 1280 x 1207, smallest app 720 x 647, 57.925 fps, supportedRefreshRates [57.925], rotation 0, density 160 (160.15764 x 160.0) dpi, layerStack 0, appVsyncOff 0, presDeadline 18263703, type BUILT_IN, state ON, FLAG_SECURE, FLAG_SUPPORTS_PROTECTED_BUFFERS}
D/DisplayManager( 4344): getDisplayInfo: displayId=0, info=DisplayInfo{"内置屏幕", uniqueId "local:0", app 1280 x 672, real 1280 x 720, largest app 1280 x 1207, smallest app 720 x 647, 57.925 fps, supportedRefreshRates [57.925], rotation 0, density 160 (160.15764 x 160.0) dpi, layerStack 0, appVsyncOff 0, presDeadline 18263703, type BUILT_IN, state ON, FLAG_SECURE, FLAG_SUPPORTS_PROTECTED_BUFFERS}
D/DisplayManager( 4344): getDisplayInfo: displayId=0, info=DisplayInfo{"内置屏幕", uniqueId "local:0", app 1280 x 672, real 1280 x 720, largest app 1280 x 1207, smallest app 720 x 647, 57.925 fps, supportedRefreshRates [57.925], rotation 0, density 160 (160.15764 x 160.0) dpi, layerStack 0, appVsyncOff 0, presDeadline 18263703, type BUILT_IN, state ON, FLAG_SECURE, FLAG_SUPPORTS_PROTECTED_BUFFERS}
D/ViewRootImpl( 4289): 580<<<<<< BACK FROM relayoutnull
D/ViewRootImpl( 4289): onDetachedFromWindow ungister contentObserver
I/hwcomposer(  163): collect_all_zones(1032):  skip empty rectangle [19,318,0,0]
I/hwcomposer(  163): collect_all_zones(1032):  skip empty rectangle [19,318,0,0]
I/hwcomposer(  163): collect_all_zones(1032):  skip empty rectangle [19,318,0,0]
I/hwcomposer(  163): collect_all_zones(1032):  skip empty rectangle [19,318,0,0]
I/hwcomposer(  163): collect_all_zones(1032):  skip empty rectangle [19,318,0,0]
I/hwcomposer(  163): collect_all_zones(1032):  skip empty rectangle [19,318,0,0]
D/Documents( 4344): Update found 6 roots in 28ms
I/hwcomposer(  163): collect_all_zones(1032):  skip empty rectangle [19,318,0,0]
I/hwcomposer(  163): collect_all_zones(1032):  skip empty rectangle [19,318,0,0]
I/hwcomposer(  163): collect_all_zones(1032):  skip empty rectangle [19,318,0,0]
I/hwcomposer(  163): collect_all_zones(1032):  skip empty rectangle [19,318,0,0]
I/hwcomposer(  163): collect_all_zones(1032):  skip empty rectangle [19,318,0,0]
I/hwcomposer(  163): collect_all_zones(1032):  skip empty rectangle [19,318,0,0]
I/hwcomposer(  163): collect_all_zones(1032):  skip empty rectangle [19,318,0,0]
I/hwcomposer(  163): collect_all_zones(1032):  skip empty rectangle [19,318,0,0]
E/WifiStateMachine(  465): [1,582,969,192,112 ms] noteScanEnd no scan source onTime=0
E/WifiStateMachine(  465): wifi setScanResults statecom.android.server.wifi.WifiStateMachine$ConnectedState@1e08ae43 sup_state=COMPLETED debouncing=false mConnectionRequests=1 selection=<none>
D/ViewRootImpl( 4289): onDetachedFromWindow ungister contentObserver
E/WifiStateMachine(  465): WifiStateMachine CMD_START_SCAN source -2 txSuccessRate=0.77 rxSuccessRate=0.52 targetRoamBSSID=d0:76:e7:13:d0:73 RSSI=-48
E/WifiStateMachine(  465): startDelayedScan send -> 347 milli 20000
E/WifiStateMachine(  465): WifiStateMachine CMD_START_SCAN with age=20004 interval=341718 maxinterval=300000
E/WifiStateMachine(  465): WifiStateMachine CMD_START_SCAN full=false
E/WifiStateMachine(  465): WifiStateMachine starting scan for "Welcome901_2.4G"WPA_PSK with 2462
E/WifiStateMachine(  465): [1,582,969,211,290 ms] noteScanstart no scan source uid -2
E/WifiStateMachine(  465): [1,582,969,211,507 ms] noteScanEnd no scan source onTime=0
E/WifiStateMachine(  465): wifi setScanResults statecom.android.server.wifi.WifiStateMachine$ConnectedState@1e08ae43 sup_state=COMPLETED debouncing=false mConnectionRequests=1 selection=<none>
E/WifiStateMachine(  465): WifiStateMachine CMD_START_SCAN source -2 txSuccessRate=0.13 rxSuccessRate=1.24 targetRoamBSSID=d0:76:e7:13:d0:73 RSSI=-47
E/WifiStateMachine(  465): startDelayedScan send -> 348 milli 20000
E/WifiStateMachine(  465): WifiStateMachine CMD_START_SCAN with age=40007 interval=341718 maxinterval=300000
E/WifiStateMachine(  465): WifiStateMachine CMD_START_SCAN full=false
E/WifiStateMachine(  465): WifiStateMachine starting scan for "Welcome901_2.4G"WPA_PSK with 2462
E/WifiStateMachine(  465): [1,582,969,231,293 ms] noteScanstart no scan source uid -2
E/WifiStateMachine(  465): [1,582,969,231,514 ms] noteScanEnd no scan source onTime=0
E/WifiStateMachine(  465): wifi setScanResults statecom.android.server.wifi.WifiStateMachine$ConnectedState@1e08ae43 sup_state=COMPLETED debouncing=false mConnectionRequests=1 selection=<none>
E/WifiStateMachine(  465): WifiStateMachine CMD_START_SCAN source -2 txSuccessRate=0.00 rxSuccessRate=1.38 targetRoamBSSID=d0:76:e7:13:d0:73 RSSI=-48
E/WifiStateMachine(  465): startDelayedScan send -> 349 milli 20000
E/WifiStateMachine(  465): WifiStateMachine CMD_START_SCAN with age=60012 interval=341718 maxinterval=300000
E/WifiStateMachine(  465): WifiStateMachine CMD_START_SCAN full=false
E/WifiStateMachine(  465): WifiStateMachine starting scan for "Welcome901_2.4G"WPA_PSK with 2462
E/WifiStateMachine(  465): [1,582,969,251,298 ms] noteScanstart no scan source uid -2
E/WifiStateMachine(  465): [1,582,969,251,509 ms] noteScanEnd no scan source onTime=0
E/WifiStateMachine(  465): wifi setScanResults statecom.android.server.wifi.WifiStateMachine$ConnectedState@1e08ae43 sup_state=COMPLETED debouncing=false mConnectionRequests=1 selection=<none>
D/DhcpStateMachine(  465): transitionTo: destState=WaitBeforeRenewalState
E/WifiStateMachine(  465): setSuspendOptimizationsNative: 1 false -want true stack:setSuspendOptimizationsNative - handlePreDhcpSetup - processMessage - processMsg
E/native  (  465): do suspend false
E/WifiStateMachine(  465): scanCount==0 - aborting
I/dhcpcd  ( 4363): sending signal 14 to pid 1168
I/dhcpcd  ( 1168): received SIGALRM, renewing
I/dhcpcd  ( 1168): wlan0: renewing lease of 192.168.1.187
I/dhcpcd  ( 1168): wlan0: acknowledged 192.168.1.187 from 192.168.1.1
I/dhcpcd  ( 1168): wlan0: leased 192.168.1.187 for 7200 seconds
D/DhcpStateMachine(  465): transitionTo: destState=RunningState
E/WifiStateMachine(  465): setSuspendOptimizationsNative: 1 true -want true stack:setSuspendOptimizationsNative - handlePostDhcpSetup - processMessage - processMsg
E/WifiStateMachine(  465): WifiStateMachine DHCP successful
E/WifiStateMachine(  465): Link configuration changed for netId: 1 old: {InterfaceName: wlan0 LinkAddresses: [fe80::1a93:7fff:fe88:c797/64,192.168.1.187/24,]  Routes: [fe80::/64 -> :: wlan0,192.168.1.0/24 -> 0.0.0.0 wlan0,0.0.0.0/0 -> 192.168.1.1 wlan0,] DnsAddresses: [192.168.1.1,] Domains:  MTU: 0 TcpBufferSizes: 524288,1048576,2097152,262144,524288,1048576} new: {InterfaceName: wlan0 LinkAddresses: [fe80::1a93:7fff:fe88:c797/64,192.168.1.187/24,]  Routes: [fe80::/64 -> :: wlan0,192.168.1.0/24 -> 0.0.0.0 wlan0,0.0.0.0/0 -> 192.168.1.1 wlan0,] DnsAddresses: [192.168.1.1,] Domains:  MTU: 0}
E/WifiStateMachine(  465): updateLinkProperties nid: 1 state: CONNECTED reason: DHCP_SUCCESS v4 v4r v4dns isprov
E/WifiStateMachine(  465): setDetailed state, old =CONNECTED and new state=CAPTIVE_PORTAL_CHECK hidden=false
D/ConnectivityService(  465): NetworkAgentInfo [WIFI () - 100] EVENT_NETWORK_INFO_CHANGED, going from CONNECTED to CONNECTING
D/WifiWatchdogStateMachine(  465): transitionTo: destState=NotConnectedState
E/WifiStateMachine(  465): setDetailed state, old =CAPTIVE_PORTAL_CHECK and new state=CONNECTED hidden=false
D/WifiWatchdogStateMachine(  465): transitionTo: destState=NotConnectedState
D/ConnectivityService(  465): NetworkAgentInfo [WIFI () - 100] EVENT_NETWORK_INFO_CHANGED, going from CONNECTING to CONNECTED
D/WifiWatchdogStateMachine(  465): transitionTo: destState=OnlineWatchState
D/WifiWatchdogStateMachine(  465): transitionTo: destState=OnlineState
E/WifiStateMachine(  465): transitionTo: destState=ConnectedState
E/WifiStateMachine(  465): WifiStateMachine: Leaving Connected state
D/WifiWatchdogStateMachine(  465): transitionTo: destState=OnlineWatchState
D/WifiWatchdogStateMachine(  465): transitionTo: destState=OnlineState
E/WifiStateMachine(  465): ConnectedState Enter  mScreenOn=true scanperiod=20000
E/WifiStateMachine(  465): startDelayedScan send -> 350 milli 20000
E/WifiStateMachine(  465): wifi network checker is off.
E/WifiStateMachine(  465): Wifi Connected, start to check if need to enable wifi intelligent sleep.
E/WifiStateMachine(  465): WifiStateMachine CMD_START_SCAN source -2 txSuccessRate=0.50 rxSuccessRate=0.64 targetRoamBSSID=d0:76:e7:13:d0:73 RSSI=-44
E/WifiStateMachine(  465): WifiStateMachine L2Connected CMD_START_SCAN source -2 349, 350 -> obsolete
E/WifiStateMachine(  465): WifiStateMachine CMD_START_SCAN source -2 txSuccessRate=0.02 rxSuccessRate=1.43 targetRoamBSSID=d0:76:e7:13:d0:73 RSSI=-45
E/WifiStateMachine(  465): startDelayedScan send -> 351 milli 20000
E/WifiStateMachine(  465): WifiStateMachine CMD_START_SCAN with age=96128 interval=341718 maxinterval=300000
E/WifiStateMachine(  465): WifiStateMachine CMD_START_SCAN full=false
E/WifiStateMachine(  465): WifiStateMachine starting scan for "Welcome901_2.4G"WPA_PSK with 2462
E/WifiStateMachine(  465): [1,582,969,287,414 ms] noteScanstart no scan source uid -2
E/WifiStateMachine(  465): [1,582,969,287,635 ms] noteScanEnd no scan source onTime=0
E/WifiStateMachine(  465): wifi setScanResults statecom.android.server.wifi.WifiStateMachine$ConnectedState@1e08ae43 sup_state=COMPLETED debouncing=false mConnectionRequests=1 selection=<none>
E/WifiStateMachine(  465): WifiStateMachine CMD_START_SCAN source -2 txSuccessRate=0.00 rxSuccessRate=2.26 targetRoamBSSID=d0:76:e7:13:d0:73 RSSI=-45
E/WifiStateMachine(  465): startDelayedScan send -> 352 milli 20000
E/WifiStateMachine(  465): WifiStateMachine CMD_START_SCAN with age=116132 interval=341718 maxinterval=300000
E/WifiStateMachine(  465): WifiStateMachine CMD_START_SCAN full=false
E/WifiStateMachine(  465): WifiStateMachine starting scan for "Welcome901_2.4G"WPA_PSK with 2462
E/WifiStateMachine(  465): [1,582,969,307,418 ms] noteScanstart no scan source uid -2
E/WifiStateMachine(  465): [1,582,969,307,637 ms] noteScanEnd no scan source onTime=0
E/WifiStateMachine(  465): wifi setScanResults statecom.android.server.wifi.WifiStateMachine$ConnectedState@1e08ae43 sup_state=COMPLETED debouncing=false mConnectionRequests=1 selection=<none>
E/WifiStateMachine(  465): WifiStateMachine CMD_START_SCAN source -2 txSuccessRate=0.00 rxSuccessRate=0.76 targetRoamBSSID=d0:76:e7:13:d0:73 RSSI=-45
E/WifiStateMachine(  465): startDelayedScan send -> 353 milli 20000
E/WifiStateMachine(  465): WifiStateMachine CMD_START_SCAN with age=136135 interval=341718 maxinterval=300000
E/WifiStateMachine(  465): WifiStateMachine CMD_START_SCAN full=false
E/WifiStateMachine(  465): WifiStateMachine starting scan for "Welcome901_2.4G"WPA_PSK with 2462
E/WifiStateMachine(  465): [1,582,969,327,421 ms] noteScanstart no scan source uid -2
E/WifiStateMachine(  465): [1,582,969,327,633 ms] noteScanEnd no scan source onTime=0
E/WifiStateMachine(  465): wifi setScanResults statecom.android.server.wifi.WifiStateMachine$ConnectedState@1e08ae43 sup_state=COMPLETED debouncing=false mConnectionRequests=1 selection=<none>
E/WifiStateMachine(  465): WifiStateMachine CMD_START_SCAN source -2 txSuccessRate=0.00 rxSuccessRate=1.63 targetRoamBSSID=d0:76:e7:13:d0:73 RSSI=-45
E/WifiStateMachine(  465): startDelayedScan send -> 354 milli 20000
E/WifiStateMachine(  465): WifiStateMachine CMD_START_SCAN with age=156139 interval=341718 maxinterval=300000
E/WifiStateMachine(  465): WifiStateMachine CMD_START_SCAN full=false
E/WifiStateMachine(  465): WifiStateMachine starting scan for "Welcome901_2.4G"WPA_PSK with 2462
E/WifiStateMachine(  465): [1,582,969,347,425 ms] noteScanstart no scan source uid -2
E/WifiStateMachine(  465): [1,582,969,347,647 ms] noteScanEnd no scan source onTime=0
E/WifiStateMachine(  465): wifi setScanResults statecom.android.server.wifi.WifiStateMachine$ConnectedState@1e08ae43 sup_state=COMPLETED debouncing=false mConnectionRequests=1 selection=<none>
E/WifiStateMachine(  465): WifiStateMachine CMD_START_SCAN source -2 txSuccessRate=0.00 rxSuccessRate=1.10 targetRoamBSSID=d0:76:e7:13:d0:73 RSSI=-50
E/WifiStateMachine(  465): startDelayedScan send -> 355 milli 20000
E/WifiStateMachine(  465): WifiStateMachine CMD_START_SCAN with age=176142 interval=341718 maxinterval=300000
E/WifiStateMachine(  465): WifiStateMachine CMD_START_SCAN full=false
E/WifiStateMachine(  465): WifiStateMachine starting scan for "Welcome901_2.4G"WPA_PSK with 2462
E/WifiStateMachine(  465): [1,582,969,367,428 ms] noteScanstart no scan source uid -2
E/WifiStateMachine(  465): [1,582,969,367,645 ms] noteScanEnd no scan source onTime=0
E/WifiStateMachine(  465): wifi setScanResults statecom.android.server.wifi.WifiStateMachine$ConnectedState@1e08ae43 sup_state=COMPLETED debouncing=false mConnectionRequests=1 selection=<none>
E/WifiStateMachine(  465): WifiStateMachine CMD_START_SCAN source -2 txSuccessRate=0.00 rxSuccessRate=0.75 targetRoamBSSID=d0:76:e7:13:d0:73 RSSI=-51
E/WifiStateMachine(  465): startDelayedScan send -> 356 milli 20000
E/WifiStateMachine(  465): WifiStateMachine CMD_START_SCAN with age=196143 interval=341718 maxinterval=300000
E/WifiStateMachine(  465): WifiStateMachine CMD_START_SCAN full=false
E/WifiStateMachine(  465): WifiStateMachine starting scan for "Welcome901_2.4G"WPA_PSK with 2462
E/WifiStateMachine(  465): [1,582,969,387,430 ms] noteScanstart no scan source uid -2
E/WifiStateMachine(  465): [1,582,969,387,644 ms] noteScanEnd no scan source onTime=0
E/WifiStateMachine(  465): wifi setScanResults statecom.android.server.wifi.WifiStateMachine$ConnectedState@1e08ae43 sup_state=COMPLETED debouncing=false mConnectionRequests=1 selection=<none>
E/WifiStateMachine(  465): WifiStateMachine CMD_START_SCAN source -2 txSuccessRate=0.00 rxSuccessRate=0.00 targetRoamBSSID=d0:76:e7:13:d0:73 RSSI=-54
E/WifiStateMachine(  465): startDelayedScan send -> 357 milli 20000
E/WifiStateMachine(  465): WifiStateMachine CMD_START_SCAN with age=216147 interval=341718 maxinterval=300000
E/WifiStateMachine(  465): WifiStateMachine CMD_START_SCAN full=false
E/WifiStateMachine(  465): WifiStateMachine starting scan for "Welcome901_2.4G"WPA_PSK with 2462
E/WifiStateMachine(  465): [1,582,969,407,434 ms] noteScanstart no scan source uid -2
E/WifiStateMachine(  465): [1,582,969,407,655 ms] noteScanEnd no scan source onTime=0
E/WifiStateMachine(  465): wifi setScanResults statecom.android.server.wifi.WifiStateMachine$ConnectedState@1e08ae43 sup_state=COMPLETED debouncing=false mConnectionRequests=1 selection=<none>
E/WifiStateMachine(  465): WifiStateMachine CMD_START_SCAN source -2 txSuccessRate=0.00 rxSuccessRate=1.31 targetRoamBSSID=d0:76:e7:13:d0:73 RSSI=-51
E/WifiStateMachine(  465): startDelayedScan send -> 358 milli 20000
E/WifiStateMachine(  465): WifiStateMachine CMD_START_SCAN with age=236151 interval=341718 maxinterval=300000
E/WifiStateMachine(  465): WifiStateMachine CMD_START_SCAN full=false
E/WifiStateMachine(  465): WifiStateMachine starting scan for "Welcome901_2.4G"WPA_PSK with 2462
E/WifiStateMachine(  465): [1,582,969,427,437 ms] noteScanstart no scan source uid -2
E/WifiStateMachine(  465): [1,582,969,427,656 ms] noteScanEnd no scan source onTime=0
E/WifiStateMachine(  465): wifi setScanResults statecom.android.server.wifi.WifiStateMachine$ConnectedState@1e08ae43 sup_state=COMPLETED debouncing=false mConnectionRequests=1 selection=<none>
E/WifiStateMachine(  465): WifiStateMachine CMD_START_SCAN source -2 txSuccessRate=0.00 rxSuccessRate=0.50 targetRoamBSSID=d0:76:e7:13:d0:73 RSSI=-48
E/WifiStateMachine(  465): startDelayedScan send -> 359 milli 20000
E/WifiStateMachine(  465): WifiStateMachine CMD_START_SCAN with age=256152 interval=341718 maxinterval=300000
E/WifiStateMachine(  465): WifiStateMachine CMD_START_SCAN full=false
E/WifiStateMachine(  465): WifiStateMachine starting scan for "Welcome901_2.4G"WPA_PSK with 2462
E/WifiStateMachine(  465): [1,582,969,447,438 ms] noteScanstart no scan source uid -2
E/WifiStateMachine(  465): [1,582,969,447,649 ms] noteScanEnd no scan source onTime=0
E/WifiStateMachine(  465): wifi setScanResults statecom.android.server.wifi.WifiStateMachine$ConnectedState@1e08ae43 sup_state=COMPLETED debouncing=false mConnectionRequests=1 selection=<none>
E/WifiStateMachine(  465): WifiStateMachine CMD_START_SCAN source -2 txSuccessRate=0.00 rxSuccessRate=0.00 targetRoamBSSID=d0:76:e7:13:d0:73 RSSI=-42
E/WifiStateMachine(  465): startDelayedScan send -> 360 milli 20000
E/WifiStateMachine(  465): WifiStateMachine CMD_START_SCAN with age=276156 interval=341718 maxinterval=300000
E/WifiStateMachine(  465): WifiStateMachine CMD_START_SCAN full=false
E/WifiStateMachine(  465): WifiStateMachine starting scan for "Welcome901_2.4G"WPA_PSK with 2462
E/WifiStateMachine(  465): [1,582,969,467,442 ms] noteScanstart no scan source uid -2
E/WifiStateMachine(  465): [1,582,969,467,656 ms] noteScanEnd no scan source onTime=0
E/WifiStateMachine(  465): wifi setScanResults statecom.android.server.wifi.WifiStateMachine$ConnectedState@1e08ae43 sup_state=COMPLETED debouncing=false mConnectionRequests=1 selection=<none>
E/WifiStateMachine(  465): WifiStateMachine CMD_START_SCAN source -2 txSuccessRate=0.00 rxSuccessRate=0.61 targetRoamBSSID=d0:76:e7:13:d0:73 RSSI=-44
E/WifiStateMachine(  465): startDelayedScan send -> 361 milli 20000
E/WifiStateMachine(  465): WifiStateMachine CMD_START_SCAN with age=296158 interval=341718 maxinterval=300000
E/WifiStateMachine(  465): WifiStateMachine CMD_START_SCAN full=false
E/WifiStateMachine(  465): WifiStateMachine starting scan for "Welcome901_2.4G"WPA_PSK with 2462
E/WifiStateMachine(  465): [1,582,969,487,444 ms] noteScanstart no scan source uid -2
E/WifiStateMachine(  465): [1,582,969,487,656 ms] noteScanEnd no scan source onTime=0
E/WifiStateMachine(  465): wifi setScanResults statecom.android.server.wifi.WifiStateMachine$ConnectedState@1e08ae43 sup_state=COMPLETED debouncing=false mConnectionRequests=1 selection=<none>
E/WifiStateMachine(  465): WifiStateMachine CMD_START_SCAN source -2 txSuccessRate=0.00 rxSuccessRate=0.00 targetRoamBSSID=d0:76:e7:13:d0:73 RSSI=-46
E/WifiStateMachine(  465): startDelayedScan send -> 362 milli 20000
E/WifiStateMachine(  465): WifiStateMachine CMD_START_SCAN with age=316163 interval=341718 maxinterval=300000
E/WifiStateMachine(  465): WifiStateMachine CMD_START_SCAN full=false
E/WifiStateMachine(  465): WifiStateMachine starting scan for "Welcome901_2.4G"WPA_PSK with 2462
E/WifiStateMachine(  465): [1,582,969,507,449 ms] noteScanstart no scan source uid -2
E/WifiStateMachine(  465): [1,582,969,507,667 ms] noteScanEnd no scan source onTime=0
E/WifiStateMachine(  465): wifi setScanResults statecom.android.server.wifi.WifiStateMachine$ConnectedState@1e08ae43 sup_state=COMPLETED debouncing=false mConnectionRequests=1 selection=<none>
E/WifiStateMachine(  465): WifiStateMachine CMD_START_SCAN source -2 txSuccessRate=0.00 rxSuccessRate=8.74 targetRoamBSSID=d0:76:e7:13:d0:73 RSSI=-44
E/WifiStateMachine(  465): startDelayedScan send -> 363 milli 20000
E/WifiStateMachine(  465): WifiStateMachine CMD_START_SCAN with age=336166 interval=341718 maxinterval=300000
E/WifiStateMachine(  465): WifiStateMachine CMD_START_SCAN full=false
E/WifiStateMachine(  465): WifiStateMachine starting scan for "Welcome901_2.4G"WPA_PSK with 2462
E/WifiStateMachine(  465): [1,582,969,527,452 ms] noteScanstart no scan source uid -2
E/WifiStateMachine(  465): [1,582,969,527,668 ms] noteScanEnd no scan source onTime=0
E/WifiStateMachine(  465): wifi setScanResults statecom.android.server.wifi.WifiStateMachine$ConnectedState@1e08ae43 sup_state=COMPLETED debouncing=false mConnectionRequests=1 selection=<none>
E/WifiStateMachine(  465): WifiStateMachine CMD_START_SCAN source -2 txSuccessRate=0.00 rxSuccessRate=0.64 targetRoamBSSID=d0:76:e7:13:d0:73 RSSI=-45
E/WifiStateMachine(  465): startDelayedScan send -> 364 milli 20000
E/WifiStateMachine(  465): WifiStateMachine CMD_START_SCAN with age=356168 interval=341718 maxinterval=300000
E/WifiStateMachine(  465): WifiStateMachine CMD_START_SCAN try full band scan age=356168 interval=341718 maxinterval=300000
E/WifiStateMachine(  465): WifiStateMachine CMD_START_SCAN full=true
E/WifiStateMachine(  465): [1,582,969,547,454 ms] noteScanstart no scan source uid -2
E/WifiStateMachine(  465): [1,582,969,548,277 ms] noteScanEnd no scan source onTime=0
E/WifiStateMachine(  465): wifi setScanResults statecom.android.server.wifi.WifiStateMachine$ConnectedState@1e08ae43 sup_state=COMPLETED debouncing=false mConnectionRequests=1 selection=<none>
I/ProcessStatsService(  465): Prepared write state in 4ms
W/bt-btm  ( 1245): Stopping oneshot timer
I/ProcessStatsService(  465): Prepared write state in 3ms
E/WifiStateMachine(  465): WifiStateMachine CMD_START_SCAN source -2 txSuccessRate=0.00 rxSuccessRate=0.32 targetRoamBSSID=d0:76:e7:13:d0:73 RSSI=-48
E/WifiStateMachine(  465): startDelayedScan send -> 365 milli 20000
E/WifiStateMachine(  465): WifiStateMachine CMD_START_SCAN with age=20004 interval=341718 maxinterval=300000
E/WifiStateMachine(  465): WifiStateMachine CMD_START_SCAN full=false
E/WifiStateMachine(  465): WifiStateMachine starting scan for "Welcome901_2.4G"WPA_PSK with 2462
E/WifiStateMachine(  465): [1,582,969,567,459 ms] noteScanstart no scan source uid -2
E/WifiStateMachine(  465): [1,582,969,567,680 ms] noteScanEnd no scan source onTime=0
E/WifiStateMachine(  465): wifi setScanResults statecom.android.server.wifi.WifiStateMachine$ConnectedState@1e08ae43 sup_state=COMPLETED debouncing=false mConnectionRequests=1 selection=<none>
I/ActivityStackSupervisor(  465): START u0 {act=android.intent.action.MAIN cat=[android.intent.category.LAUNCHER] flg=0x10200000 cmp=com.android.settings/.Settings bnds=[478,589][592,666] (has extras)} from uid 10029 on display 0
I/art     ( 1326): Explicit concurrent mark sweep GC freed 5087(411KB) AllocSpace objects, 0(0B) LOS objects, 39% free, 4MB/7MB, paused 1.255ms total 20.461ms
I/art     ( 1326): WaitForGcToComplete blocked for 9.147ms for cause HeapTrim
I/art     ( 1326): Explicit concurrent mark sweep GC freed 4883(408KB) AllocSpace objects, 0(0B) LOS objects, 39% free, 4MB/6MB, paused 430us total 16.373ms
I/art     ( 1326): Explicit concurrent mark sweep GC freed 3(96B) AllocSpace objects, 0(0B) LOS objects, 39% free, 4MB/6MB, paused 409us total 15.621ms
D/ViewRootImpl( 1326): onDetachedFromWindow ungister contentObserver
D/WindowManagerService(  465): null  ==========setInputFocusLw ==========  =======
D/ViewRootImpl( 1326): 1280<<<<<< BACK FROM relayoutnull
D/WindowManagerService(  465): Window{20d12b7 u0 com.android.settings/com.android.settings.Settings}  ==========setInputFocusLw ==========  =======
D/ViewRootImpl( 1326): 1280<<<<<< BACK FROM relayoutWM.LayoutParams{(0,0)(fillxfill)mPosX=0mPosY=0mHScale=1.0mVScale=1.0 align=UNDEFINE taskId=189 sim=#110 ty=1 fl=#81810100 wanim=0x1030469 surfaceInsets=Rect(0, 0 - 0, 0) needsMenuKey=2packageName=com.android.settingstoken=android.os.BinderProxy@2aeeadb6}
D/UserManager( 1326): ---getMaxSupportedUsers,we has UMS,force disabled M-user---
D/DashboardSummary( 1326): rebuildUI took: 48 ms
D/ViewRootImpl(  864): 1280<<<<<< BACK FROM relayoutnull
I/hwcomposer(  163): collect_all_zones(1032):  skip empty rectangle [52,0,0,0]
I/hwcomposer(  163): collect_all_zones(1032):  skip empty rectangle [52,0,0,0]
I/ActivityStackSupervisor(  465): START u0 {act=android.intent.action.MAIN cmp=com.android.settings/.SubSettings (has extras)} from uid 1000 on display 0
I/System.out(  465): com.android.settings.SubSettingsaddAppToken taskId:189
D/WindowManagerService(  465): null  ==========setInputFocusLw ==========  =======
D/DisplayManager( 1326): getDisplayInfo: displayId=0, info=DisplayInfo{"内置屏幕", uniqueId "local:0", app 1280 x 672, real 1280 x 720, largest app 1280 x 1207, smallest app 720 x 647, 57.925 fps, supportedRefreshRates [57.925], rotation 0, density 160 (160.15764 x 160.0) dpi, layerStack 0, appVsyncOff 0, presDeadline 18263703, type BUILT_IN, state ON, FLAG_SECURE, FLAG_SUPPORTS_PROTECTED_BUFFERS}
D/PhoneWindow( 1326): DecorView - SCREEN_WEITH = 1280 - SCREE_HEIGHT = 672
I/System.out( 1326): action Title!
D/SubSettings( 1326): Launching fragment com.android.settings.UsbSetting
I/ndroid.settings( 1326): type=1400 audit(0.0:170): avc: denied { write } for name="force_usb_mode" dev="sysfs" ino=12960 scontext=u:r:system_app:s0 tcontext=u:object_r:sysfs:s0 tclass=file permissive=1
D/UsbSettings( 1326): read form file /sys/bus/platform/drivers/usb20_otg/force_usb_mode
D/UsbSettings( 1326): Usb mode: 1
D/UsbSettings( 1326): Write2File,write mode = 1
D/DisplayManager( 1326): getDisplayInfo: displayId=0, info=DisplayInfo{"内置屏幕", uniqueId "local:0", app 1280 x 672, real 1280 x 720, largest app 1280 x 1207, smallest app 720 x 647, 57.925 fps, supportedRefreshRates [57.925], rotation 0, density 160 (160.15764 x 160.0) dpi, layerStack 0, appVsyncOff 0, presDeadline 18263703, type BUILT_IN, state ON, FLAG_SECURE, FLAG_SUPPORTS_PROTECTED_BUFFERS}
V/WindowManagerService(  465): Adding window Window{fa2d963 u0 com.android.settings/com.android.settings.SubSettings} at 2 of 8 (after Window{20d12b7 u0 com.android.settings/com.android.settings.Settings})
D/ViewRootImpl( 1326): onAttachToWindow register content observer attrs=WM.LayoutParams{(0,0)(fillxfill)mPosX=0mPosY=0mHScale=1.0mVScale=1.0 align=UNDEFINE taskId=189 sim=#100 ty=1 fl=#81810100 wanim=0x1030469 surfaceInsets=Rect(0, 0 - 0, 0) needsMenuKey=2packageName=com.android.settingstoken=android.os.BinderProxy@c05bfbf}
D/WindowManagerService(  465): Window{fa2d963 u0 com.android.settings/com.android.settings.SubSettings}  ==========setInputFocusLw ==========  =======
D/ViewRootImpl( 1326): 1280<<<<<< BACK FROM relayoutWM.LayoutParams{(0,0)(fillxfill)mPosX=0mPosY=0mHScale=1.0mVScale=1.0 align=UNDEFINE taskId=189 sim=#110 ty=1 fl=#81810100 wanim=0x1030469 surfaceInsets=Rect(0, 0 - 0, 0) needsMenuKey=2packageName=com.android.settingstoken=android.os.BinderProxy@c05bfbf}
I/ActivityManagerService(  465): Displayed com.android.settings/.SubSettings: +110ms
I/hwcomposer(  163): collect_all_zones(1032):  skip empty rectangle [52,0,0,0]
D/OpenGLRenderer( 1326): endAllStagingAnimators on 0xb927fbe8 (RippleDrawable) with handle 0xb8fe2ca0
D/ViewRootImpl( 1326): 1280<<<<<< BACK FROM relayoutnull
I/hwcomposer(  163): collect_all_zones(1032):  skip empty rectangle [52,0,0,0]
I/hwcomposer(  163): collect_all_zones(1032):  skip empty rectangle [52,0,0,0]
D/ViewRootImpl( 1326): 1280<<<<<< BACK FROM relayoutWM.LayoutParams{(0,0)(fillxfill)mPosX=0mPosY=0mHScale=1.0mVScale=1.0 align=UNDEFINE taskId=189 sim=#20 ty=1 fl=#81810100 wanim=0x1030469 surfaceInsets=Rect(0, 0 - 0, 0) needsMenuKey=2packageName=com.android.settingstoken=android.os.BinderProxy@2aeeadb6}
D/UsbSettings( 1326): Write2File,write mode = 2
D/UsbSettings( 1326): Usb mode: 2
D/UsbDeviceManager(  465): Usb state is true false true
I/ValidateNoPeople(  465): skipping global notification
D/MountService(  465): sharedvolumeNum: 0 ;avail: true
D/Tethering(  465): UsbManager.ACTION_USB_STATE: true, false, false
D/xzj     (  574): false---------------------------ooooooooooo,stop mtp service---------------false
D/RKUpdateReceiver(  664): action = android.hardware.usb.action.USB_STATE
I/ValidateNoPeople(  465): skipping global notification
D/UsbDeviceManager(  465): Usb state is true true true
D/Tethering(  465): UsbManager.ACTION_USB_STATE: true, false, false
D/MountService(  465): sharedvolumeNum: 0 ;avail: true
D/xzj     (  574): true---------------------------ooooooooooo,stop mtp service---------------false
D/RKUpdateReceiver(  664): action = android.hardware.usb.action.USB_STATE
I/ValidateNoPeople(  465): skipping global notification
I/art     ( 3137): Ignoring second debugger -- accepting and dropping
I/art     ( 4289): Ignoring second debugger -- accepting and dropping
I/art     (  834): Ignoring second debugger -- accepting and dropping
I/art     ( 1795): Ignoring second debugger -- accepting and dropping
I/art     ( 1488): Ignoring second debugger -- accepting and dropping
I/art     (  465): Ignoring second debugger -- accepting and dropping
I/art     (  721): Ignoring second debugger -- accepting and dropping
I/art     ( 1361): Ignoring second debugger -- accepting and dropping
I/art     ( 2642): Ignoring second debugger -- accepting and dropping
I/art     (  918): Ignoring second debugger -- accepting and dropping
I/art     (  983): Ignoring second debugger -- accepting and dropping
I/art     (  664): Ignoring second debugger -- accepting and dropping
I/art     ( 3097): Ignoring second debugger -- accepting and dropping
I/art     ( 1245): Ignoring second debugger -- accepting and dropping
I/art     (  864): Ignoring second debugger -- accepting and dropping
I/art     (  610): Ignoring second debugger -- accepting and dropping
I/art     ( 4325): Ignoring second debugger -- accepting and dropping
I/art     ( 2664): Ignoring second debugger -- accepting and dropping
I/art     (  813): Ignoring second debugger -- accepting and dropping
I/art     ( 3117): Ignoring second debugger -- accepting and dropping
I/art     ( 1134): Ignoring second debugger -- accepting and dropping
I/art     ( 1326): Ignoring second debugger -- accepting and dropping
I/art     ( 4344): Ignoring second debugger -- accepting and dropping
I/art     (  574): Ignoring second debugger -- accepting and dropping
D/AndroidRuntime( 4413): >>>>>> START com.android.internal.os.RuntimeInit uid 2000 <<<<<<
D/AndroidRuntime( 4413): CheckJNI is OFF
I/AndroidRuntime( 4413): JNI options: '-Xjniopts:warnonly'
I/art     ( 3137): Ignoring second debugger -- accepting and dropping
I/art     ( 4289): Ignoring second debugger -- accepting and dropping
E/memtrack( 4413): Couldn't load memtrack module (No such file or directory)
E/android.os.Debug( 4413): failed to load memtrack module: -2
I/art     (  834): Ignoring second debugger -- accepting and dropping
I/art     ( 1795): Ignoring second debugger -- accepting and dropping
I/art     ( 1488): Ignoring second debugger -- accepting and dropping
D/AndroidRuntime( 4413): Calling main entry com.android.commands.pm.Pm
I/art     (  465): Ignoring second debugger -- accepting and dropping
D/        ( 3117): Zip: EOCD not found, /data/local/tmp/202002291239.apk is not zip
W/zipro   ( 3117): Error opening archive /data/local/tmp/202002291239.apk: Invalid file
D/asset   ( 3117): failed to open Zip archive '/data/local/tmp/202002291239.apk'
W/DefContainer( 3117): Failed to parse package at /data/local/tmp/202002291239.apk: android.content.pm.PackageParser$PackageParserException: Failed to parse /data/local/tmp/202002291239.apk
I/art     (  721): Ignoring second debugger -- accepting and dropping
I/art     ( 1361): Ignoring second debugger -- accepting and dropping
I/art     ( 2642): Ignoring second debugger -- accepting and dropping
I/art     (  918): Ignoring second debugger -- accepting and dropping
I/art     (  983): Ignoring second debugger -- accepting and dropping
I/art     (  664): Ignoring second debugger -- accepting and dropping
I/art     ( 3097): Ignoring second debugger -- accepting and dropping
I/art     (  465): Explicit concurrent mark sweep GC freed 44780(2MB) AllocSpace objects, 9(1525KB) LOS objects, 33% free, 12MB/19MB, paused 782us total 62.162ms
I/art     ( 4413): System.exit called, status: 1
I/AndroidRuntime( 4413): VM exiting with result code 1.
I/art     ( 1245): Ignoring second debugger -- accepting and dropping
I/art     (  864): Ignoring second debugger -- accepting and dropping
I/art     (  610): Ignoring second debugger -- accepting and dropping
I/art     ( 4325): Ignoring second debugger -- accepting and dropping
I/art     ( 2664): Ignoring second debugger -- accepting and dropping
I/art     (  813): Ignoring second debugger -- accepting and dropping
I/art     ( 3117): Ignoring second debugger -- accepting and dropping
I/art     ( 1134): Ignoring second debugger -- accepting and dropping
I/art     ( 1326): Ignoring second debugger -- accepting and dropping
I/art     ( 4344): Ignoring second debugger -- accepting and dropping
I/art     (  574): Ignoring second debugger -- accepting and dropping
I/art     ( 3137): Ignoring second debugger -- accepting and dropping
I/art     ( 4289): Ignoring second debugger -- accepting and dropping
I/art     (  834): Ignoring second debugger -- accepting and dropping
I/art     ( 1795): Ignoring second debugger -- accepting and dropping
I/art     ( 1488): Ignoring second debugger -- accepting and dropping
I/art     (  465): Ignoring second debugger -- accepting and dropping
I/art     (  721): Ignoring second debugger -- accepting and dropping
I/art     ( 1361): Ignoring second debugger -- accepting and dropping
I/art     ( 2642): Ignoring second debugger -- accepting and dropping
I/art     (  918): Ignoring second debugger -- accepting and dropping
I/art     (  983): Ignoring second debugger -- accepting and dropping
I/art     (  664): Ignoring second debugger -- accepting and dropping
I/art     ( 3097): Ignoring second debugger -- accepting and dropping
I/art     ( 1245): Ignoring second debugger -- accepting and dropping
I/art     (  864): Ignoring second debugger -- accepting and dropping
I/art     (  610): Ignoring second debugger -- accepting and dropping
I/art     ( 4325): Ignoring second debugger -- accepting and dropping
I/art     ( 2664): Ignoring second debugger -- accepting and dropping
I/art     (  813): Ignoring second debugger -- accepting and dropping
I/art     ( 3117): Ignoring second debugger -- accepting and dropping
I/art     ( 1134): Ignoring second debugger -- accepting and dropping
I/art     ( 1326): Ignoring second debugger -- accepting and dropping
I/art     ( 4344): Ignoring second debugger -- accepting and dropping
E/WifiStateMachine(  465): WifiStateMachine CMD_START_SCAN source -2 txSuccessRate=0.00 rxSuccessRate=0.64 targetRoamBSSID=d0:76:e7:13:d0:73 RSSI=-47
E/WifiStateMachine(  465): startDelayedScan send -> 366 milli 20000
E/WifiStateMachine(  465): WifiStateMachine CMD_START_SCAN with age=40007 interval=341718 maxinterval=300000
E/WifiStateMachine(  465): WifiStateMachine CMD_START_SCAN full=false
E/WifiStateMachine(  465): WifiStateMachine starting scan for "Welcome901_2.4G"WPA_PSK with 2462
E/WifiStateMachine(  465): [1,582,969,587,462 ms] noteScanstart no scan source uid -2
E/WifiStateMachine(  465): [1,582,969,587,677 ms] noteScanEnd no scan source onTime=0
E/WifiStateMachine(  465): wifi setScanResults statecom.android.server.wifi.WifiStateMachine$ConnectedState@1e08ae43 sup_state=COMPLETED debouncing=false mConnectionRequests=1 selection=<none>
E/WifiStateMachine(  465): WifiStateMachine CMD_START_SCAN source -2 txSuccessRate=0.00 rxSuccessRate=0.80 targetRoamBSSID=d0:76:e7:13:d0:73 RSSI=-48
E/WifiStateMachine(  465): startDelayedScan send -> 367 milli 20000
E/WifiStateMachine(  465): WifiStateMachine CMD_START_SCAN with age=60009 interval=341718 maxinterval=300000
E/WifiStateMachine(  465): WifiStateMachine CMD_START_SCAN full=false
E/WifiStateMachine(  465): WifiStateMachine starting scan for "Welcome901_2.4G"WPA_PSK with 2462
E/WifiStateMachine(  465): [1,582,969,607,463 ms] noteScanstart no scan source uid -2
E/WifiStateMachine(  465): [1,582,969,607,678 ms] noteScanEnd no scan source onTime=0
E/WifiStateMachine(  465): wifi setScanResults statecom.android.server.wifi.WifiStateMachine$ConnectedState@1e08ae43 sup_state=COMPLETED debouncing=false mConnectionRequests=1 selection=<none>
E/WifiStateMachine(  465): WifiStateMachine CMD_START_SCAN source -2 txSuccessRate=0.00 rxSuccessRate=0.59 targetRoamBSSID=d0:76:e7:13:d0:73 RSSI=-48
E/WifiStateMachine(  465): startDelayedScan send -> 368 milli 20000
E/WifiStateMachine(  465): WifiStateMachine CMD_START_SCAN with age=80013 interval=341718 maxinterval=300000
E/WifiStateMachine(  465): WifiStateMachine CMD_START_SCAN full=false
E/WifiStateMachine(  465): WifiStateMachine starting scan for "Welcome901_2.4G"WPA_PSK with 2462
E/WifiStateMachine(  465): [1,582,969,627,467 ms] noteScanstart no scan source uid -2
E/WifiStateMachine(  465): [1,582,969,627,686 ms] noteScanEnd no scan source onTime=0
E/WifiStateMachine(  465): wifi setScanResults statecom.android.server.wifi.WifiStateMachine$ConnectedState@1e08ae43 sup_state=COMPLETED debouncing=false mConnectionRequests=1 selection=<none>
E/WifiStateMachine(  465): WifiStateMachine CMD_START_SCAN source -2 txSuccessRate=0.00 rxSuccessRate=0.53 targetRoamBSSID=d0:76:e7:13:d0:73 RSSI=-43
E/WifiStateMachine(  465): startDelayedScan send -> 369 milli 20000
E/WifiStateMachine(  465): WifiStateMachine CMD_START_SCAN with age=100016 interval=341718 maxinterval=300000
E/WifiStateMachine(  465): WifiStateMachine CMD_START_SCAN full=false
E/WifiStateMachine(  465): WifiStateMachine starting scan for "Welcome901_2.4G"WPA_PSK with 2462
E/WifiStateMachine(  465): [1,582,969,647,470 ms] noteScanstart no scan source uid -2
E/WifiStateMachine(  465): [1,582,969,647,685 ms] noteScanEnd no scan source onTime=0
E/WifiStateMachine(  465): wifi setScanResults statecom.android.server.wifi.WifiStateMachine$ConnectedState@1e08ae43 sup_state=COMPLETED debouncing=false mConnectionRequests=1 selection=<none>
E/WifiStateMachine(  465): WifiStateMachine CMD_START_SCAN source -2 txSuccessRate=0.00 rxSuccessRate=0.75 targetRoamBSSID=d0:76:e7:13:d0:73 RSSI=-44
E/WifiStateMachine(  465): startDelayedScan send -> 370 milli 20000
E/WifiStateMachine(  465): WifiStateMachine CMD_START_SCAN with age=120021 interval=341718 maxinterval=300000
E/WifiStateMachine(  465): WifiStateMachine CMD_START_SCAN full=false
E/WifiStateMachine(  465): WifiStateMachine starting scan for "Welcome901_2.4G"WPA_PSK with 2462
E/WifiStateMachine(  465): [1,582,969,667,475 ms] noteScanstart no scan source uid -2
E/WifiStateMachine(  465): [1,582,969,667,685 ms] noteScanEnd no scan source onTime=0
E/WifiStateMachine(  465): wifi setScanResults statecom.android.server.wifi.WifiStateMachine$ConnectedState@1e08ae43 sup_state=COMPLETED debouncing=false mConnectionRequests=1 selection=<none>
E/WifiStateMachine(  465): WifiStateMachine CMD_START_SCAN source -2 txSuccessRate=0.00 rxSuccessRate=0.25 targetRoamBSSID=d0:76:e7:13:d0:73 RSSI=-39
E/WifiStateMachine(  465): startDelayedScan send -> 371 milli 20000
E/WifiStateMachine(  465): WifiStateMachine CMD_START_SCAN with age=140025 interval=341718 maxinterval=300000
E/WifiStateMachine(  465): WifiStateMachine CMD_START_SCAN full=false
E/WifiStateMachine(  465): WifiStateMachine starting scan for "Welcome901_2.4G"WPA_PSK with 2462
E/WifiStateMachine(  465): [1,582,969,687,479 ms] noteScanstart no scan source uid -2
E/WifiStateMachine(  465): [1,582,969,687,690 ms] noteScanEnd no scan source onTime=0
E/WifiStateMachine(  465): wifi setScanResults statecom.android.server.wifi.WifiStateMachine$ConnectedState@1e08ae43 sup_state=COMPLETED debouncing=false mConnectionRequests=1 selection=<none>
E/WifiStateMachine(  465): WifiStateMachine CMD_START_SCAN source -2 txSuccessRate=0.00 rxSuccessRate=1.42 targetRoamBSSID=d0:76:e7:13:d0:73 RSSI=-47
E/WifiStateMachine(  465): startDelayedScan send -> 372 milli 20000
E/WifiStateMachine(  465): WifiStateMachine CMD_START_SCAN with age=160028 interval=341718 maxinterval=300000
E/WifiStateMachine(  465): WifiStateMachine CMD_START_SCAN full=false
E/WifiStateMachine(  465): WifiStateMachine starting scan for "Welcome901_2.4G"WPA_PSK with 2462
E/WifiStateMachine(  465): [1,582,969,707,482 ms] noteScanstart no scan source uid -2
E/WifiStateMachine(  465): [1,582,969,707,696 ms] noteScanEnd no scan source onTime=0
