E/DecodeAudio(  170): mStream->codec->channels = 2  mStream->codec->sample_rate = 48000
D/DecodeAudio(  170): decode audio mAudioOutputMode = 0
D/DecodeVideo(  170): CrFeatureHelper -->   hwdec_flag = 1,Codec->codec_id = 0x1c
D/RockFFPlayer(  170): avg.frame.den=1001,avg.frame.num=30000
D/RockFFPlayer(  170): timebase.den=60000,timebase.num=1
D/RockFFPlayer(  170): codecbase.den=120000,codecbase.num=1
D/RockFFPlayer(  170): getVideoFrameRate: use avg frame rate: 29.970030
D/RockFFPlayer(  170): getVideoFrameRate:frameRate=29.970030
E/PtsProcess(  170): setFrameRate():mFrameRate = 29.970030
E/TraceThread(  170): TraceThread::dumpTrace() FileName:/data/trace_thread.log
D/RockFFPlayerBase(  170): dumpStatus(): Preapared
I/RockFFPlayer(  170): doPrepareFinish ok
D/RockFFPlayer(  170): run : dequeueMessage Message 1 OK
D/RockFFPlayer(  170): Messagecomplete type [1]
D/RockFFPlayer(  170): run : Message 1 complete
E/MediaPlayer( 3100): Should have subtitle controller already set
E/MediaPlayerImp( 3100): play: /mnt/internal_sd/impactv/手洗い_スタンバイ画面.mp4
D/RockFFPlayer(  170): enqueueMessage:sync wait ok
I/RockFFPlayer(  170): decodeMovie:getCurrentStatus() = 8
E/BluetoothService( 3100): onLeScan: device = 00:81:F9:88:9B:A5
E/MediaPlayer( 3100): Should have subtitle controller already set
D/RockFFPlayer(  170): setLooping(): loop = 0
D/RockFFPlayer(  170): setLooping(): loop = 0
D/RockFFPlayer(  170): start()**************
D/RockFFPlayerBase(  170): dumpStatus(): Preapared
D/RockFFPlayerBase(  170): allocDecoderBuffer***********
D/RockFFPlayerBase(  170): allocDecoderBuffer(): mVideoWidth = 1280,mVideoHeight = 800
D/NativeWindowBuffer(  170): MALLOC:def->mWidth=1280,def->mHeight=800,def->nBufferSize=1843200
D/NativeWindowBuffer(  170): native_window_set_buffers_geometry before mNativeWindow = 0xb72b9cd8
D/NativeWindowBuffer(  170): OMX-buffers: min=2 actual=32 undeq=1+1 def.mWidth = 1280 def.mHeight = 800
D/NativeWindowBuffer(  170): allocating 32 buffers from a native window of size 1843200 on output port
D/NativeWindowBuffer(  170): registered graphic buffer with ID 0x47 (pointer = 0xb72a6a60 , 0xb72a7c58) phy_addr = 0
D/NativeWindowBuffer(  170): registered graphic buffer with ID 0x48 (pointer = 0xb72a9938 , 0xb72c77e8) phy_addr = 0
D/NativeWindowBuffer(  170): registered graphic buffer with ID 0x49 (pointer = 0xb72c7a10 , 0xb72c7980) phy_addr = 0
D/NativeWindowBuffer(  170): registered graphic buffer with ID 0x4a (pointer = 0xb72c7bb0 , 0xb72c7b20) phy_addr = 0
D/NativeWindowBuffer(  170): registered graphic buffer with ID 0x4b (pointer = 0xb72c7d50 , 0xb72c7cc0) phy_addr = 0
D/NativeWindowBuffer(  170): registered graphic buffer with ID 0x4c (pointer = 0xb72c8028 , 0xb72c7f98) phy_addr = 0
D/NativeWindowBuffer(  170): registered graphic buffer with ID 0x4d (pointer = 0xb72c81c8 , 0xb72c8138) phy_addr = 0
D/NativeWindowBuffer(  170): registered graphic buffer with ID 0x4e (pointer = 0xb72c8368 , 0xb72c82d8) phy_addr = 0
D/NativeWindowBuffer(  170): registered graphic buffer with ID 0x4f (pointer = 0xb72c8508 , 0xb72c8478) phy_addr = 0
D/NativeWindowBuffer(  170): registered graphic buffer with ID 0x50 (pointer = 0xb72c88b8 , 0xb72c8828) phy_addr = 0
D/NativeWindowBuffer(  170): registered graphic buffer with ID 0x51 (pointer = 0xb72c8a58 , 0xb72c89c8) phy_addr = 0
D/NativeWindowBuffer(  170): registered graphic buffer with ID 0x52 (pointer = 0xb72c8c60 , 0xb72c8b68) phy_addr = 0
D/FaceDetection/DetectionBasedTracker( 3100): Java_org_opencv_samples_facedetect_DetectionBasedTracker_nativeDetect
D/FaceDetection/DetectionBasedTracker( 3100): Java_org_opencv_samples_facedetect_DetectionBasedTracker_nativeDetect END
D/FaceDetection/DetectionBasedTracker( 3100): CascadeDetectorAdapter::Detect: begin
D/FaceDetection/DetectionBasedTracker( 3100): CascadeDetectorAdapter::Detect: scaleFactor=1.10, minNeighbours=2, minObjSize=(216x216), maxObjSize=(2147483647x2147483647)
D/NativeWindowBuffer(  170): registered graphic buffer with ID 0x53 (pointer = 0xb72c8e00 , 0xb72c8d70) phy_addr = 0
D/NativeWindowBuffer(  170): registered graphic buffer with ID 0x54 (pointer = 0xb72c8fa0 , 0xb72c8f10) phy_addr = 0
D/NativeWindowBuffer(  170): registered graphic buffer with ID 0x55 (pointer = 0xb72c9140 , 0xb72c90b0) phy_addr = 0
D/NativeWindowBuffer(  170): registered graphic buffer with ID 0x56 (pointer = 0xb72c9630 , 0xb72c95a0) phy_addr = 0
D/NativeWindowBuffer(  170): registered graphic buffer with ID 0x57 (pointer = 0xb72c97d0 , 0xb72c9740) phy_addr = 0
D/NativeWindowBuffer(  170): registered graphic buffer with ID 0x58 (pointer = 0xb72c9970 , 0xb72c98e0) phy_addr = 0
D/FaceDetection/DetectionBasedTracker( 3100): CascadeDetectorAdapter::Detect: end
D/NativeWindowBuffer(  170): registered graphic buffer with ID 0x59 (pointer = 0xb72c9b10 , 0xb72c9a80) phy_addr = 0
D/NativeWindowBuffer(  170): registered graphic buffer with ID 0x5a (pointer = 0xb72c9cb0 , 0xb72c9c20) phy_addr = 0
D/NativeWindowBuffer(  170): registered graphic buffer with ID 0x5b (pointer = 0xb72c9e50 , 0xb72c9dc0) phy_addr = 0
D/NativeWindowBuffer(  170): registered graphic buffer with ID 0x5c (pointer = 0xb72c9ff0 , 0xb72c9f60) phy_addr = 0
D/NativeWindowBuffer(  170): registered graphic buffer with ID 0x5d (pointer = 0xb72ca190 , 0xb72ca100) phy_addr = 0
D/NativeWindowBuffer(  170): registered graphic buffer with ID 0x46 (pointer = 0xb72ca330 , 0xb72ca2a0) phy_addr = 0
D/NativeWindowBuffer(  170): registered graphic buffer with ID 0x62 (pointer = 0xb72caa18 , 0xb72ca988) phy_addr = 0
D/NativeWindowBuffer(  170): registered graphic buffer with ID 0x63 (pointer = 0xb72cabb8 , 0xb72cab28) phy_addr = 0
D/NativeWindowBuffer(  170): registered graphic buffer with ID 0x5f (pointer = 0xb72cad58 , 0xb72cacc8) phy_addr = 0
D/NativeWindowBuffer(  170): registered graphic buffer with ID 0x64 (pointer = 0xb72caef8 , 0xb72cae68) phy_addr = 0
D/NativeWindowBuffer(  170): registered graphic buffer with ID 0x61 (pointer = 0xb72cb098 , 0xb72cb008) phy_addr = 0
D/NativeWindowBuffer(  170): registered graphic buffer with ID 0x60 (pointer = 0xb72cb238 , 0xb72cb1a8) phy_addr = 0
D/NativeWindowBuffer(  170): registered graphic buffer with ID 0x65 (pointer = 0xb72cb3d8 , 0xb72cb348) phy_addr = 0
D/NativeWindowBuffer(  170): registered graphic buffer with ID 0x66 (pointer = 0xb72cb578 , 0xb72cb4e8) phy_addr = 0
D/NativeWindowBuffer(  170): Calling cancelBuffer on buffer 0x47 hanlde( 0xb72a7c58 )
D/NativeWindowBuffer(  170): Calling cancelBuffer on buffer 0x48 hanlde( 0xb72c77e8 )
D/NativeWindowBuffer(  170): Calling cancelBuffer on buffer 0x49 hanlde( 0xb72c7980 )
D/NativeWindowBuffer(  170): Calling cancelBuffer on buffer 0x4a hanlde( 0xb72c7b20 )
D/NativeWindowBuffer(  170): Calling cancelBuffer on buffer 0x4b hanlde( 0xb72c7cc0 )
D/RockFFPlayerBase(  170): mOutputPorBuffers = 0xb72a9b44 mNativeWindowBufferAlloctor->getBufferInfo() =0xb72a9b44
D/FrameManage(  170): setBufferInfo mOutPutBuffer = 0xb72a9b44
D/RockFFPlayer(  170): enter enqueueMessage
D/RockFFPlayer(  170): enqueueMessage:****1
D/RockFFPlayer(  170): enqueueMessage:****2
D/RockFFPlayer(  170): enqueueMessage:****3
D/RockFFPlayer(  170): enqueueMessage:Message 1,set signal
D/RockFFPlayer(  170): enqueueMessage:sync wait
D/RockFFPlayer(  170): deliverMessage 
D/RockFFPlayer(  170): run : dequeueMessage Message 2
D/RockFFPlayer(  170): CMD_START
D/RockFFPlayer(  170): doStart()************
D/RockFFPlayerBase(  170): dumpStatus(): Preapared
D/RockFFPlayerBase(  170): dumpStatus(): Started
D/RkAudioPlayer(  170): audio mode: 0
D/RkAudioPlayer(  170): mAudioSink->open in mSampleRate = 48048 channels = 2
D/AudioSink(  170): open(48048, 2, 0x0, 0x1, 4, 16 0x0)
I/AudioTrack(  170): minFrameCount: 8925, afFrameCount=2048, minBufCount=4, sampleRate=48048, afSampleRate=44100, afLatency=185
E/FrameManage(  170): Priority scheduling not supported
D/FFMpegThread(  170): startAsync:threadname=DecoderAudio
E/TraceThread(  170):    RkFrameManage(tid = 3073161512)--> [UID=670a40a2] RkFrameManage::Threadproc
D/FFMpegThread(  170): DecoderAudio:starting thread
D/DecodeAudio(  170): prepare()
D/RockFFPlayer(  170): doStart:pause audio decode
D/DecodeAudio(  170): *********************special_pause
D/FFMpegThread(  170): startAsync:threadname=DecoderVideo
E/TraceThread(  170):     DecoderAudio(tid = 3073162096)--> [UID=670a40a2] DecoderAudio::decode
D/FFMpegThread(  170): DecoderVideo:starting thread
D/RockFFPlayer(  170): doStart(): mSeekTimeUs = -1
D/RockFFPlayer(  170): doStart ok
D/RockFFPlayer(  170): run : dequeueMessage Message 2 OK
D/RockFFPlayer(  170): Messagecomplete type [2]
D/RockFFPlayer(  170): run : Message 2 complete
D/RockFFPlayer(  170): enqueueMessage:sync wait ok
D/DecodeVideo(  170): Use the old vpu framework
E/MediaPlayerImp( 3100): onPrepared: 2603
E/BluetoothService( 3100): onLeScan: device = 35:9E:53:FD:9A:04
E/BluetoothService( 3100): onLeScan: device = 73:53:3E:C4:BD:18
E/BluetoothService( 3100): onLeScan: device = 35:9E:53:FD:9A:04
I/H264_DEBUG(  170): init done status 0, ts_en = 3 debug 0
I/vpu_mem_pool(  170): pid 170, open_vpu_memory_pool:473: success
D/DecodeVideo(  170): CommitBuffer2VpuPool dupshared_fd = 0x68 share_fd = 0x4c
D/DecodeVideo(  170): CommitBuffer2VpuPool dupshared_fd = 0x69 share_fd = 0x4d
D/DecodeVideo(  170): CommitBuffer2VpuPool dupshared_fd = 0x6a share_fd = 0x4e
D/DecodeVideo(  170): CommitBuffer2VpuPool dupshared_fd = 0x6b share_fd = 0x4f
D/DecodeVideo(  170): CommitBuffer2VpuPool dupshared_fd = 0x6c share_fd = 0x50
D/DecodeVideo(  170): CommitBuffer2VpuPool dupshared_fd = 0x6d share_fd = 0x51
D/DecodeVideo(  170): CommitBuffer2VpuPool dupshared_fd = 0x6e share_fd = 0x52
D/DecodeVideo(  170): CommitBuffer2VpuPool dupshared_fd = 0x6f share_fd = 0x53
D/DecodeVideo(  170): CommitBuffer2VpuPool dupshared_fd = 0x70 share_fd = 0x54
D/DecodeVideo(  170): CommitBuffer2VpuPool dupshared_fd = 0x71 share_fd = 0x55
D/DecodeVideo(  170): CommitBuffer2VpuPool dupshared_fd = 0x72 share_fd = 0x56
D/DecodeVideo(  170): CommitBuffer2VpuPool dupshared_fd = 0x73 share_fd = 0x57
D/DecodeVideo(  170): CommitBuffer2VpuPool dupshared_fd = 0x74 share_fd = 0x58
D/DecodeVideo(  170): CommitBuffer2VpuPool dupshared_fd = 0x75 share_fd = 0x59
D/DecodeVideo(  170): CommitBuffer2VpuPool dupshared_fd = 0x76 share_fd = 0x5a
D/DecodeVideo(  170): CommitBuffer2VpuPool dupshared_fd = 0x77 share_fd = 0x5b
D/DecodeVideo(  170): CommitBuffer2VpuPool dupshared_fd = 0x78 share_fd = 0x5c
D/DecodeVideo(  170): CommitBuffer2VpuPool dupshared_fd = 0x79 share_fd = 0x5d
E/TraceThread(  170):     DecoderVideo(tid = 3073162888)--> [UID=670a40a2] DecoderVideo::decode
E/DecodeVideo(  170): RkMark DecoderVideo ctx->no_thread send ts stream first time!
I/H264_DEBUG(  170): decoded width 1280  decoded height 800
I/H264_DEBUG(  170): display width 1280, display height 800
D/RockFFPlayer(  170): set videoFirstFrame=0
D/RockFFPlayer(  170): onDisplayEvent(): FIRST_FRAME 
D/RockFFPlayer(  170): *****************onDisplayEvent:audio flush set timeus=0
D/RockFFPlayer(  170): onDisplayEvent:resume audio decode
D/RockFFPlayer(  170): onDisplayEvent video delay time: 66733 
E/AudioSink(  170): received unknown event type: 1 inside CallbackWrapper !
D/RockFFPlayerBase(  170): WARRNING: VSYNC THREAD can not get buffer to queue
D/FaceDetection/DetectionBasedTracker( 3100): Java_org_opencv_samples_facedetect_DetectionBasedTracker_nativeDetect
D/FaceDetection/DetectionBasedTracker( 3100): Java_org_opencv_samples_facedetect_DetectionBasedTracker_nativeDetect END
D/FaceDetection/DetectionBasedTracker( 3100): CascadeDetectorAdapter::Detect: begin
D/FaceDetection/DetectionBasedTracker( 3100): CascadeDetectorAdapter::Detect: scaleFactor=1.10, minNeighbours=2, minObjSize=(216x216), maxObjSize=(2147483647x2147483647)
D/RockFFPlayerBase(  170): WARRNING: VSYNC THREAD can not get buffer to queue
D/FaceDetection/DetectionBasedTracker( 3100): CascadeDetectorAdapter::Detect: end
D/RockFFPlayerBase(  170): WARRNING: VSYNC THREAD can not get buffer to queue
W/AppOps  (  460): Bad call: specified package media under uid 1000 but it is really 1013
D/RockFFPlayerBase(  170): WARRNING: VSYNC THREAD can not get buffer to queue
D/RockFFPlayerBase(  170): WARRNING: VSYNC THREAD can not get buffer to queue
E/BluetoothService( 3100): onLeScan: device = 35:9E:53:FD:9A:04
D/RockFFPlayerBase(  170): WARRNING: VSYNC THREAD can not get buffer to queue
D/RockFFPlayer(  170): [onDisplayEvent]audiotime = 106080;videotime=0;latenessUs=106080;rawpts=0
E/RockFFPlayer(  170): Hery, notify MEDIA_INFO_RENDERING_START 106080
D/RockFFPlayer(  170): *****Channel Changed Time is 257104
D/RockFFPlayer(  170): onDisplayEvent(3660) render first frame
W/MediaPlayer( 3100): info/warning (3, 0)
D/RockFFPlayer(  170): [onDisplayEvent]audiotime = 108419;videotime=33332;latenessUs=75087;rawpts=33366
D/RockFFPlayer(  170): [onDisplayEvent]audiotime = 110621;videotime=66666;latenessUs=43955;rawpts=66733
D/RockFFPlayer(  170): [onDisplayEvent]audiotime = 112807;videotime=100000;latenessUs=12807;rawpts=100100
D/FaceDetection/DetectionBasedTracker( 3100): Java_org_opencv_samples_facedetect_DetectionBasedTracker_nativeDetect
D/DecodeVideo(  170): commitHdl2Vpu dupshared_fd = 0x7d shared_fd = 0x47 
D/FaceDetection/DetectionBasedTracker( 3100): Java_org_opencv_samples_facedetect_DetectionBasedTracker_nativeDetect END
D/FaceDetection/DetectionBasedTracker( 3100): CascadeDetectorAdapter::Detect: begin
D/FaceDetection/DetectionBasedTracker( 3100): CascadeDetectorAdapter::Detect: scaleFactor=1.10, minNeighbours=2, minObjSize=(216x216), maxObjSize=(2147483647x2147483647)
D/DecodeVideo(  170): commitHdl2Vpu dupshared_fd = 0x7f shared_fd = 0x48 
D/FaceDetection/DetectionBasedTracker( 3100): CascadeDetectorAdapter::Detect: end
D/DecodeVideo(  170): commitHdl2Vpu dupshared_fd = 0x80 shared_fd = 0x49 
D/DecodeVideo(  170): commitHdl2Vpu dupshared_fd = 0x7e shared_fd = 0x4a 
E/BluetoothService( 3100): onLeScan: device = 00:81:F9:88:9B:A5
D/DecodeVideo(  170): commitHdl2Vpu dupshared_fd = 0x81 shared_fd = 0x4b 
E/BluetoothService( 3100): onLeScan: device = 35:9E:53:FD:9A:04
D/FaceDetection/DetectionBasedTracker( 3100): Java_org_opencv_samples_facedetect_DetectionBasedTracker_nativeDetect
D/FaceDetection/DetectionBasedTracker( 3100): Java_org_opencv_samples_facedetect_DetectionBasedTracker_nativeDetect END
D/FaceDetection/DetectionBasedTracker( 3100): CascadeDetectorAdapter::Detect: begin
D/FaceDetection/DetectionBasedTracker( 3100): CascadeDetectorAdapter::Detect: scaleFactor=1.10, minNeighbours=2, minObjSize=(216x216), maxObjSize=(2147483647x2147483647)
D/RockFFPlayerBase(  170): WARRNING: VSYNC THREAD can not get buffer to queue
D/FaceDetection/DetectionBasedTracker( 3100): CascadeDetectorAdapter::Detect: end
E/BluetoothService( 3100): onLeScan: device = 73:53:3E:C4:BD:18
D/RockFFPlayerBase(  170): WARRNING: VSYNC THREAD can not get buffer to queue
D/RockFFPlayerBase(  170): WARRNING: VSYNC THREAD can not get buffer to queue
E/BluetoothService( 3100): onLeScan: device = 35:9E:53:FD:9A:04
D/FaceDetection/DetectionBasedTracker( 3100): Java_org_opencv_samples_facedetect_DetectionBasedTracker_nativeDetect
D/FaceDetection/DetectionBasedTracker( 3100): Java_org_opencv_samples_facedetect_DetectionBasedTracker_nativeDetect END
D/FaceDetection/DetectionBasedTracker( 3100): CascadeDetectorAdapter::Detect: begin
D/FaceDetection/DetectionBasedTracker( 3100): CascadeDetectorAdapter::Detect: scaleFactor=1.10, minNeighbours=2, minObjSize=(216x216), maxObjSize=(2147483647x2147483647)
D/RockFFPlayerBase(  170): WARRNING: VSYNC THREAD can not get buffer to queue
D/FaceDetection/DetectionBasedTracker( 3100): CascadeDetectorAdapter::Detect: end
D/RockFFPlayerBase(  170): WARRNING: VSYNC THREAD can not get buffer to queue
D/RockFFPlayerBase(  170): WARRNING: VSYNC THREAD can not get buffer to queue
E/BluetoothService( 3100): onLeScan: device = 35:9E:53:FD:9A:04
D/FaceDetection/DetectionBasedTracker( 3100): Java_org_opencv_samples_facedetect_DetectionBasedTracker_nativeDetect
D/FaceDetection/DetectionBasedTracker( 3100): Java_org_opencv_samples_facedetect_DetectionBasedTracker_nativeDetect END
D/FaceDetection/DetectionBasedTracker( 3100): CascadeDetectorAdapter::Detect: begin
D/FaceDetection/DetectionBasedTracker( 3100): CascadeDetectorAdapter::Detect: scaleFactor=1.10, minNeighbours=2, minObjSize=(216x216), maxObjSize=(2147483647x2147483647)
D/RockFFPlayerBase(  170): WARRNING: VSYNC THREAD can not get buffer to queue
D/FaceDetection/DetectionBasedTracker( 3100): CascadeDetectorAdapter::Detect: end
D/RockFFPlayerBase(  170): WARRNING: VSYNC THREAD can not get buffer to queue
E/BluetoothService( 3100): onLeScan: device = 00:81:F9:88:9B:A5
D/RockFFPlayerBase(  170): WARRNING: VSYNC THREAD can not get buffer to queue
E/BluetoothService( 3100): onLeScan: device = 35:9E:53:FD:9A:04
D/FaceDetection/DetectionBasedTracker( 3100): Java_org_opencv_samples_facedetect_DetectionBasedTracker_nativeDetect
D/FaceDetection/DetectionBasedTracker( 3100): Java_org_opencv_samples_facedetect_DetectionBasedTracker_nativeDetect END
D/FaceDetection/DetectionBasedTracker( 3100): CascadeDetectorAdapter::Detect: begin
D/FaceDetection/DetectionBasedTracker( 3100): CascadeDetectorAdapter::Detect: scaleFactor=1.10, minNeighbours=2, minObjSize=(216x216), maxObjSize=(2147483647x2147483647)
E/BluetoothService( 3100): onLeScan: device = 73:53:3E:C4:BD:18
D/RockFFPlayerBase(  170): WARRNING: VSYNC THREAD can not get buffer to queue
D/FaceDetection/DetectionBasedTracker( 3100): CascadeDetectorAdapter::Detect: end
D/RockFFPlayerBase(  170): WARRNING: VSYNC THREAD can not get buffer to queue
D/RockFFPlayerBase(  170): WARRNING: VSYNC THREAD can not get buffer to queue
E/BluetoothService( 3100): onLeScan: device = 35:9E:53:FD:9A:04
D/FaceDetection/DetectionBasedTracker( 3100): Java_org_opencv_samples_facedetect_DetectionBasedTracker_nativeDetect
D/FaceDetection/DetectionBasedTracker( 3100): Java_org_opencv_samples_facedetect_DetectionBasedTracker_nativeDetect END
D/FaceDetection/DetectionBasedTracker( 3100): CascadeDetectorAdapter::Detect: begin
D/FaceDetection/DetectionBasedTracker( 3100): CascadeDetectorAdapter::Detect: scaleFactor=1.10, minNeighbours=2, minObjSize=(216x216), maxObjSize=(2147483647x2147483647)
D/RockFFPlayerBase(  170): WARRNING: VSYNC THREAD can not get buffer to queue
D/FaceDetection/DetectionBasedTracker( 3100): CascadeDetectorAdapter::Detect: end
D/RockFFPlayerBase(  170): WARRNING: VSYNC THREAD can not get buffer to queue
E/BluetoothService( 3100): onLeScan: device = 35:9E:53:FD:9A:04
D/FaceDetection/DetectionBasedTracker( 3100): Java_org_opencv_samples_facedetect_DetectionBasedTracker_nativeDetect
D/RockFFPlayerBase(  170): WARRNING: VSYNC THREAD can not get buffer to queue
D/FaceDetection/DetectionBasedTracker( 3100): Java_org_opencv_samples_facedetect_DetectionBasedTracker_nativeDetect END
D/FaceDetection/DetectionBasedTracker( 3100): CascadeDetectorAdapter::Detect: begin
D/FaceDetection/DetectionBasedTracker( 3100): CascadeDetectorAdapter::Detect: scaleFactor=1.10, minNeighbours=2, minObjSize=(216x216), maxObjSize=(2147483647x2147483647)
D/FaceDetection/DetectionBasedTracker( 3100): CascadeDetectorAdapter::Detect: end
D/RockFFPlayerBase(  170): WARRNING: VSYNC THREAD can not get buffer to queue
E/BluetoothService( 3100): onLeScan: device = 00:81:F9:88:9B:A5
D/RockFFPlayerBase(  170): WARRNING: VSYNC THREAD can not get buffer to queue
E/BluetoothService( 3100): onLeScan: device = 73:53:3E:C4:BD:18
D/FaceDetection/DetectionBasedTracker( 3100): Java_org_opencv_samples_facedetect_DetectionBasedTracker_nativeDetect
D/FaceDetection/DetectionBasedTracker( 3100): Java_org_opencv_samples_facedetect_DetectionBasedTracker_nativeDetect END
D/FaceDetection/DetectionBasedTracker( 3100): CascadeDetectorAdapter::Detect: begin
D/FaceDetection/DetectionBasedTracker( 3100): CascadeDetectorAdapter::Detect: scaleFactor=1.10, minNeighbours=2, minObjSize=(216x216), maxObjSize=(2147483647x2147483647)
E/BluetoothService( 3100): onLeScan: device = 35:9E:53:FD:9A:04
D/FaceDetection/DetectionBasedTracker( 3100): CascadeDetectorAdapter::Detect: end
D/RockFFPlayer(  170): url_feof=0,err=0
I/RockFFPlayer(  170): av_read_frame end of stream ret = -541478725
E/BluetoothService( 3100): onLeScan: device = 00:81:F9:88:9B:A5
D/RockFFPlayerBase(  170): WARRNING: VSYNC THREAD can not get buffer to queue
D/FaceDetection/DetectionBasedTracker( 3100): Java_org_opencv_samples_facedetect_DetectionBasedTracker_nativeDetect
D/FaceDetection/DetectionBasedTracker( 3100): Java_org_opencv_samples_facedetect_DetectionBasedTracker_nativeDetect END
D/FaceDetection/DetectionBasedTracker( 3100): CascadeDetectorAdapter::Detect: begin
D/FaceDetection/DetectionBasedTracker( 3100): CascadeDetectorAdapter::Detect: scaleFactor=1.10, minNeighbours=2, minObjSize=(216x216), maxObjSize=(2147483647x2147483647)
D/RockFFPlayerBase(  170): WARRNING: VSYNC THREAD can not get buffer to queue
E/BluetoothService( 3100): onLeScan: device = 35:9E:53:FD:9A:04
D/FaceDetection/DetectionBasedTracker( 3100): CascadeDetectorAdapter::Detect: end
D/RockFFPlayerBase(  170): WARRNING: VSYNC THREAD can not get buffer to queue
E/BluetoothService( 3100): onLeScan: device = 00:81:F9:88:9B:A5
E/BluetoothService( 3100): onLeScan: device = 00:81:F9:88:9B:A5
D/RockFFPlayerBase(  170): WARRNING: VSYNC THREAD can not get buffer to queue
D/FaceDetection/DetectionBasedTracker( 3100): Java_org_opencv_samples_facedetect_DetectionBasedTracker_nativeDetect
D/FaceDetection/DetectionBasedTracker( 3100): Java_org_opencv_samples_facedetect_DetectionBasedTracker_nativeDetect END
D/FaceDetection/DetectionBasedTracker( 3100): CascadeDetectorAdapter::Detect: begin
D/FaceDetection/DetectionBasedTracker( 3100): CascadeDetectorAdapter::Detect: scaleFactor=1.10, minNeighbours=2, minObjSize=(216x216), maxObjSize=(2147483647x2147483647)
D/RockFFPlayerBase(  170): WARRNING: VSYNC THREAD can not get buffer to queue
E/BluetoothService( 3100): onLeScan: device = 35:9E:53:FD:9A:04
D/FaceDetection/DetectionBasedTracker( 3100): CascadeDetectorAdapter::Detect: end
D/skia    ( 3100): onFlyCompress
D/RockFFPlayerBase(  170): WARRNING: VSYNC THREAD can not get buffer to queue
D/RockFFPlayerBase(  170): WARRNING: VSYNC THREAD can not get buffer to queue
D/RockFFPlayerBase(  170): WARRNING: VSYNC THREAD can not get buffer to queue
D/RockFFPlayerBase(  170): WARRNING: VSYNC THREAD can not get buffer to queue
D/RockFFPlayerBase(  170): WARRNING: VSYNC THREAD can not get buffer to queue
D/RockFFPlayerBase(  170): WARRNING: VSYNC THREAD can not get buffer to queue
D/RockFFPlayerBase(  170): WARRNING: VSYNC THREAD can not get buffer to queue
D/RockFFPlayerBase(  170): WARRNING: VSYNC THREAD can not get buffer to queue
D/RockFFPlayerBase(  170): WARRNING: VSYNC THREAD can not get buffer to queue
D/RockFFPlayerBase(  170): WARRNING: VSYNC THREAD can not get buffer to queue
D/RockFFPlayerBase(  170): WARRNING: VSYNC THREAD can not get buffer to queue
D/RockFFPlayerBase(  170): WARRNING: VSYNC THREAD can not get buffer to queue
D/RockFFPlayerBase(  170): WARRNING: VSYNC THREAD can not get buffer to queue
D/RockFFPlayerBase(  170): WARRNING: VSYNC THREAD can not get buffer to queue
D/RockFFPlayerBase(  170): WARRNING: VSYNC THREAD can not get buffer to queue
E/JavaCameraView( 3100): onPreviewFrame: takePicture1111
D/CameraHal(  170): commandThread(996): commandThread(996): receive CMD_CONTINUOS_PICTURE
D/CameraHal(  170): displayThread(610): displayThread(610): receive CMD_DISPLAY_PAUSE
D/CameraHal(  170): pauseDisplay(159): pauseDisplay(159): display thread is already stop
D/RockFFPlayerBase(  170): WARRNING: VSYNC THREAD can not get buffer to queue
D/RockFFPlayerBase(  170): WARRNING: VSYNC THREAD can not get buffer to queue
D/CameraHal(  170): stop(1859): m_camDevice->stopPreview success!
D/CameraHal(  170): stop(1859): m_camDevice->stopPreview success!
D/RockFFPlayerBase(  170): WARRNING: VSYNC THREAD can not get buffer to queue
E/CameraHal_Marvin(  170): CAM_API_CAMENGINE: changeResolution (can't change resolution of sensor)
E/CameraHal(  170): setupPreview(258): >>>>>>>width_sensor=1600,height_sensor=1200,preview_w=1600,preview_h=1200
D/CameraHal(  170): setupPreview(306): isp out put format is YUV420SP.
D/CameraHal(  170): start(1814): m_camDevice->startPreview success
D/CameraHal(  170): commandThread(1065): commandThread(1065): CMD_CONTINUOS_PICTURE out
D/CameraHal(  170): takePicture(536): take picture command OK.
E/JavaCameraView( 3100): onPreviewFrame: takePicture22222
E/BluetoothService( 3100): onLeScan: device = 73:53:3E:C4:BD:18
E/BluetoothService( 3100): onLeScan: device = 35:9E:53:FD:9A:04
E/BluetoothService( 3100): onLeScan: device = 35:9E:53:FD:9A:04
E/BluetoothService( 3100): onLeScan: device = 00:81:F9:88:9B:A5
E/BluetoothService( 3100): onLeScan: device = 73:53:3E:C4:BD:18
E/BluetoothService( 3100): onLeScan: device = 35:9E:53:FD:9A:04
E/BluetoothService( 3100): onLeScan: device = 35:9E:53:FD:9A:04
E/BluetoothService( 3100): onLeScan: device = 35:9E:53:FD:9A:04
E/BluetoothService( 3100): onLeScan: device = 00:81:F9:88:9B:A5
E/BluetoothService( 3100): onLeScan: device = 73:53:3E:C4:BD:18
E/BluetoothService( 3100): onLeScan: device = 35:9E:53:FD:9A:04
D/FaceDetection/DetectionBasedTracker( 3100): Java_org_opencv_samples_facedetect_DetectionBasedTracker_nativeDetect
D/FaceDetection/DetectionBasedTracker( 3100): CascadeDetectorAdapter::Detect: begin
D/FaceDetection/DetectionBasedTracker( 3100): Java_org_opencv_samples_facedetect_DetectionBasedTracker_nativeDetect END
D/FaceDetection/DetectionBasedTracker( 3100): CascadeDetectorAdapter::Detect: scaleFactor=1.10, minNeighbours=2, minObjSize=(216x216), maxObjSize=(2147483647x2147483647)
D/RockFFPlayerBase(  170): WARRNING: VSYNC THREAD can not get buffer to queue
D/FaceDetection/DetectionBasedTracker( 3100): CascadeDetectorAdapter::Detect: end
D/RockFFPlayerBase(  170): WARRNING: VSYNC THREAD can not get buffer to queue
E/BluetoothService( 3100): onLeScan: device = 35:9E:53:FD:9A:04
E/CameraHal_Marvin(  170): CAMERIC-MI-IRQ: CamerIcMiIrq: MP buffer skipped (reused),pDrvCtx->invalFrame === 0,g_miFrameNum == 1;numFramesToSkip == 1
D/RockFFPlayerBase(  170): WARRNING: VSYNC THREAD can not get buffer to queue
D/RockFFPlayerBase(  170): WARRNING: VSYNC THREAD can not get buffer to queue
D/RockFFPlayerBase(  170): WARRNING: VSYNC THREAD can not get buffer to queue
D/CameraHal(  170): isNeedSendToPicture(397): This frame need to be encode picture, mPictureInfo.num: 1
E/CameraHal_Marvin(  170): CAM_API_CAMENGINE: getSensorXmlVersion (can't read the sensor XML version)
D/CameraHal(  170): encProcessThread(1590): encProcessThread(1590): receive CMD_SNAPSHOT_SNAPSHOT with buffer 0xb72bfcf0,mEncPictureNum=1
D/CameraHal(  170): captureEncProcessPicture(1148): captureEncProcessPicture,rotation = 0,jpeg_w = 1600,jpeg_h = 1200
D/hw_jpeg_encode(  170): version: 2014-03-27, support softscale for no ipp,RUN INTO JPEGENCDOER.
D/hw_jpeg_encode(  170): version: 2014-05-25, support IOMMU for rk3288,you need new kernel
D/hw_jpeg_encode(  170): version: 2014-06-13, fix compile bug in 3288
D/hw_jpeg_encode(  170): version: 2014-07-28, add vpu new malloc interface in 3288
D/hw_jpeg_encode(  170): version: 2014-08-04, fix IOMMU take picture yuv address bug
D/hw_jpeg_encode(  170): version: 2014-08-25, fix IOMMU bugs for 312x
D/hw_jpeg_encode(  170): version: 2014-09-01, fix 5M picture bugs for ISP IOMMU
D/hw_jpeg_encode(  170): version: 2015-02-04, disable rga crop for rk312x 
D/hw_jpeg_encode(  170): version: 2015-07-22, support 3188 5.1 and new jpeg header file
E/hw_jpeg_encode(  170): encodethumb, open /dev/rk29-ipp fail! we try to do softscale,over.
D/hw_jpeg_encode(  170): srcy:0xb2cb6000,srcuv:0xb2e8ac00, dsty:0xb3de6000,dstuv:0xb3deb000
D/hw_jpeg_encode(  170): srcwh: 1600, 1200, outwh: 160,128
I/OMXCodec(  170): mOutputPortSettingsHaveChanged set true
D/AudioSink(  170): open(48000, 1, 0x0, 0x1, 4, 13 0x0)
I/AudioTrack(  170): minFrameCount: 8916, afFrameCount=2048, minBufCount=4, sampleRate=48000, afSampleRate=44100, afLatency=185
E/BluetoothService( 3100): onLeScan: device = 73:53:3E:C4:BD:18
D/RockFFPlayerBase(  170): WARRNING: VSYNC THREAD can not get buffer to queue
D/hw_jpeg_encode(  170): encodethumb,do arm_camera_yuv420_scale_arm
D/hw_jpeg_encode(  170): arm scale , scale: 18 ms
D/        (  170): JpegEncInit#
D/        (  170): Jpeg Get Hw Cfg, register size: 164
D/        (  170): JpegEncInit: OK
D/        (  170): JpegEncSetPictureSize#
D/        (  170): JpegEncSetPictureSize: OK
E/hw_jpeg_encode(  170): hw_jpeg_encode 1514 encIn.busCb = 22
D/        (  170): JpegEncEncode#
E/        (  170): hardware is rk30 type.
E/        (  170): extra info length 16
D/        (  170): JpegEncEncode: OK  frame ready
D/        (  170): JpegEncRelease#
D/        (  170): JpegEncRelease: OK
D/hw_jpeg_encode(  170): RUN OUT JPEGENCDOER. jpeg len : 3022
D/        (  170): JpegEncInit#
D/        (  170): JpegEncInit: OK
D/        (  170): JpegEncSetPictureSize#
D/        (  170): JpegEncSetPictureSize: OK
E/hw_jpeg_encode(  170): hw_jpeg_encode 1514 encIn.busCb = 31
D/        (  170): JpegEncEncode#
E/        (  170): hardware is rk30 type.
E/        (  170): extra info length 16
E/BluetoothService( 3100): onLeScan: device = 00:81:F9:88:9B:A5
D/        (  170): JpegEncEncode: OK  frame ready
D/        (  170): JpegEncRelease#
D/        (  170): JpegEncRelease: OK
D/hw_jpeg_encode(  170): RUN OUT JPEGENCDOER. jpeg len : 208431
D/RockFFPlayerBase(  170): WARRNING: VSYNC THREAD can not get buffer to queue
D/RockFFPlayerBase(  170): WARRNING: VSYNC THREAD can not get buffer to queue
E/BluetoothService( 3100): onLeScan: device = 35:9E:53:FD:9A:04
D/RockFFPlayerBase(  170): WARRNING: VSYNC THREAD can not get buffer to queue
D/RockFFPlayerBase(  170): WARRNING: VSYNC THREAD can not get buffer to queue
D/RockFFPlayerBase(  170): WARRNING: VSYNC THREAD can not get buffer to queue
E/BluetoothService( 3100): onLeScan: device = 35:9E:53:FD:9A:04
D/RockFFPlayerBase(  170): WARRNING: VSYNC THREAD can not get buffer to queue
D/RockFFPlayerBase(  170): WARRNING: VSYNC THREAD can not get buffer to queue
E/BluetoothService( 3100): onLeScan: device = 73:53:3E:C4:BD:18
D/RockFFPlayerBase(  170): WARRNING: VSYNC THREAD can not get buffer to queue
E/BluetoothService( 3100): onLeScan: device = 35:9E:53:FD:9A:04
E/BluetoothService( 3100): onLeScan: device = 00:81:F9:88:9B:A5
D/RockFFPlayerBase(  170): WARRNING: VSYNC THREAD can not get buffer to queue
D/RockFFPlayerBase(  170): WARRNING: VSYNC THREAD can not get buffer to queue
D/RockFFPlayerBase(  170): WARRNING: VSYNC THREAD can not get buffer to queue
E/BluetoothService( 3100): onLeScan: device = 35:9E:53:FD:9A:04
D/RockFFPlayerBase(  170): WARRNING: VSYNC THREAD can not get buffer to queue
D/AudioHardwareTiny(  170): close device
D/AudioHardwareTiny(  170): start_output_stream
D/AudioHardwareTiny(  170): Device     : 0x400
D/AudioHardwareTiny(  170): SampleRate : 44100
D/AudioHardwareTiny(  170): Channels   : 2
D/AudioHardwareTiny(  170): Formate    : 0
D/AudioHardwareTiny(  170): PreiodSize : 2048
D/AudioHardwareTiny(  170): The current HDMI is DVI mode
E/JavaCameraView( 3100): onShutter: 
E/JavaCameraView( 3100): onPictureTaken: 
E/JavaCameraView( 3100): onPictureTaken: 
E/JavaCameraView( 3100): saveFile: PATH_IMAGES = /mnt/internal_sd/OUTPUT/picture/
D/CameraBridge( 3100): call checkCurrentState
D/CameraBridge( 3100): call processExitState: 1
D/JavaCameraView( 3100): Disconnecting from camera
D/JavaCameraView( 3100): Notify thread
D/JavaCameraView( 3100): Waiting for thread
D/JavaCameraView( 3100): Finish processing thread
D/CameraHal(  170): commandThread(983): commandThread(983): receive CMD_PREVIEW_CAPTURE_CANCEL
D/CameraHal(  170): commandThread(991): commandThread(991): CMD_PREVIEW_CAPTURE_CANCEL out
D/CameraHal(  170): cancelPicture(561): cancel picture OK.
D/CameraHal(  170): commandThread(911): commandThread(911):receive CMD_PREVIEW_STOP
D/RockFFPlayerBase(  170): WARRNING: VSYNC THREAD can not get buffer to queue
W/AppOps  (  460): Bad call: specified package media under uid 1000 but it is really 1013
D/RockFFPlayerBase(  170): WARRNING: VSYNC THREAD can not get buffer to queue
D/CameraHal(  170): stop(1859): m_camDevice->stopPreview success!
D/CameraHal(  170): commandThread(932): commandThread(932): CMD_PREVIEW_STOP out
D/CameraHal(  170): stopPreview(362): stop preview OK.
D/CameraHal(  170): commandThread(983): commandThread(983): receive CMD_PREVIEW_CAPTURE_CANCEL
D/CameraHal(  170): commandThread(991): commandThread(991): CMD_PREVIEW_CAPTURE_CANCEL out
D/CameraHal(  170): cancelPicture(561): cancel picture OK.
D/CameraHal(  170): commandThread(911): commandThread(911):receive CMD_PREVIEW_STOP
D/CameraHal(  170): commandThread(932): commandThread(932): CMD_PREVIEW_STOP out
D/CameraHal(  170): stopPreview(362): stop preview OK.
D/CameraHal(  170): commandThread(937): commandThread(937):receive CMD_SET_PREVIEW_WINDOW
D/CameraHal(  170): pauseDisplay(159): pauseDisplay(159): display thread is already stop
D/CameraHal(  170): commandThread(953): commandThread(953): CMD_SET_PREVIEW_WINDOW out
I/CameraClient(  170): Destroying camera 0
D/CameraHal(  170): camera_device_close(451): camera_device_close
D/CameraHal(  170): disableSensor(237): orientation = 0xb723d748 (Gravity sensor)
D/CameraHal(  170): ~SensorListener(110): Kill looper thread
D/CameraHal(  170): ~SensorListener(122): Kill looper
D/CameraHal(  170): ~SensorListener(128): SensorListener destroyed
D/CameraHal(  170): displayThread(622): displayThread(622): receive CMD_DISPLAY_STOP
D/CameraHal(  170): cameraDisplayBufferDestory(399): cameraDisplayBufferDestory(399): mANativeWindow is NULL, destory is ignore
D/CameraHal(  170): encProcessThread(1632): encProcessThread(1632): receive CMD_ENCPROCESS_EXIT
I/vpu_mem_pool(  170): pid 170, close_vpu_memory_pool:501: vpu memory pool size (720000)
I/vpu_mem_pool(  170): pid 170, close_vpu_memory_pool:501: vpu memory pool size (640000)
I/vpu_mem_pool(  170): pid 170, close_vpu_memory_pool:501: vpu memory pool size (560000)
I/vpu_mem_pool(  170): pid 170, close_vpu_memory_pool:501: vpu memory pool size (480000)
I/vpu_mem_pool(  170): pid 170, close_vpu_memory_pool:501: vpu memory pool size (400000)
I/vpu_mem_pool(  170): pid 170, close_vpu_memory_pool:501: vpu memory pool size (320000)
I/vpu_mem_pool(  170): pid 170, close_vpu_memory_pool:501: vpu memory pool size (240000)
I/vpu_mem_pool(  170): pid 170, close_vpu_memory_pool:501: vpu memory pool size (160000)
I/vpu_mem_pool(  170): pid 170, close_vpu_memory_pool:501: vpu memory pool size (80000)
I/vpu_mem_pool(  170): pid 170, close_vpu_memory_pool:501: vpu memory pool size (0)
I/vpu_mem_pool(  170): pid 170, close_vpu_memory_pool:552: 
D/RockFFPlayerBase(  170): WARRNING: VSYNC THREAD can not get buffer to queue
E/AudioSink(  170): received unknown event type: 1 inside CallbackWrapper !
D/RockFFPlayerBase(  170): WARRNING: VSYNC THREAD can not get buffer to queue
D/RockFFPlayerBase(  170): WARRNING: VSYNC THREAD can not get buffer to queue
W/AppOps  (  460): Bad call: specified package media under uid 1000 but it is really 1013
D/RockFFPlayer(  170): doPause
D/RockFFPlayerBase(  170): dumpStatus(): Pause
E/AudioSink(  170): received unknown event type: 1 inside CallbackWrapper !
D/RockFFPlayer(  170): doPause**1
D/RockFFPlayer(  170): doPause**2
D/RockFFPlayer(  170): doPause**3
D/RockFFPlayer(  170): doPause**4
D/RockFFPlayer(  170): doPause**5
D/RockFFPlayer(  170): readpacket:checkConsumeAll ok,mLooping = 0
D/CameraHal(  170): commandThread(1095): commandThread(1095): receive CMD_EXIT
D/CameraHal(  170): ~CameraHal(293): CameraHal destory success
W/CameraService(  170): removeClient: clear camera 0, package name com.example.hu.mediaplayerapk
D/mmk     (  603): onStatusChangedLocked.+++++++
E/CameraManagerGlobal(  603): Camera id 0 has status changed to 0x1
D/mmk     (  603): postSingleUpdate.+++++++++ status = 1
D/CameraBridge( 3100): call processEnterState: 0
E/BluetoothService( 3100): onLeScan: device = 73:53:3E:C4:BD:18
E/BluetoothService( 3100): onLeScan: device = 35:9E:53:FD:9A:04
E/BluetoothService( 3100): onLeScan: device = 00:81:F9:88:9B:A5
E/MainActivityPlayModel( 3100): handleMessage7777
I/MainActivityPlayModel( 3100): playNext 1 1
I/MainActivityPlayModel( 3100): playNext exexex 
E/MainActivityPlayModel( 3100): handleMessage8888
D/RockFFPlayer(  170): reset()***********
D/RockFFPlayerBase(  170): dumpStatus(): Pause
D/RockFFPlayer(  170): reset(),stop_l
D/RockFFPlayer(  170): stop_l
D/RockFFPlayer(  170): enter enqueueMessage
D/RockFFPlayer(  170): enqueueMessage:****1
D/RockFFPlayer(  170): enqueueMessage:****2
D/RockFFPlayer(  170): enqueueMessage:****3
D/RockFFPlayer(  170): enqueueMessage:Message 1,set signal
D/RockFFPlayer(  170): enqueueMessage:sync wait
D/RockFFPlayer(  170): deliverMessage 
D/RockFFPlayer(  170): run : dequeueMessage Message 4
D/RockFFPlayer(  170): CMD_STOP
D/RockFFPlayer(  170): doStop()*****
D/RockFFPlayerBase(  170): dumpStatus(): Pause
D/RockFFPlayerBase(  170): dumpStatus(): Stop
I/RockFFPlayer(  170): readthread end of playing
D/RockFFPlayer(  170): doRelease()************
I/FFIDecoder(  170): waiting on end of decoder thread
E/FFMpegThread(  170): DecoderAudio,wait
D/FFMpegThread(  170): DecoderAudio:wait at pthread_join
E/TraceThread(  170):     DecoderAudio(tid = 3073162096)--> [UID=670a40a2] pthread_join begin
I/DecodeAudio(  170): decoding audio ended
D/FFMpegThread(  170): DecoderAudio:thread ended
E/TraceThread(  170):     DecoderAudio(tid = 3073162096)--> [UID=670a40a2] pthread_join end
E/FFMpegThread(  170): DecoderAudio:wait ok mThreadStatus=-1
I/FFIDecoder(  170): waiting on end of decoder thread
E/FFMpegThread(  170): DecoderVideo,wait
D/FFMpegThread(  170): DecoderVideo:wait at pthread_join
E/TraceThread(  170):     DecoderVideo(tid = 3073162888)--> [UID=670a40a2] pthread_join begin
D/FFMpegThread(  170): DecoderVideo:thread ended
E/TraceThread(  170):     DecoderVideo(tid = 3073162888)--> [UID=670a40a2] pthread_join end
E/FFMpegThread(  170): DecoderVideo:wait ok mThreadStatus=-1
E/RockFFPlayerBase(  170): FFMPlayerBase::flushRenderQueue in
E/RockFFPlayerBase(  170): FFMPlayerBase::flushRenderQueue out
E/TraceThread(  170):    RkFrameManage(tid = 3073161512)--> [UID=670a40a2] pthread_join begin
W/AppOps  (  460): Bad call: specified package media under uid 1000 but it is really 1013
W/TimedEventQueue(  170): Event 3 was not found in the queue, already cancelled?
I/FrameQueueManage(  170): FrameQueueManage::~FrameQueueManage end!
I/FrameQueueManage(  170): FrameQueueManage::~FrameQueueManage end!
D/FrameManage(  170): FrameQueueManage::Displayframe stoped
E/TraceThread(  170):    RkFrameManage(tid = 3073161512)--> [UID=670a40a2] pthread_join end
I/FrameManage(  170): RkFrameManage::~RkFrameManage end!
D/RenderBase(  170): powerControl write: 0,width=1280,height=800,ishevc=0,videoFramerate=0,streamBitrate=0
E/RenderShared(  170): ~RkRenderer in
E/RenderShared(  170): ~RkRenderer out
D/NativeWindowBuffer(  170): Calling cancelBuffer on buffer 0x47 hanlde( 0xb72a7c58 )
D/NativeWindowBuffer(  170): Calling cancelBuffer on buffer 0x48 hanlde( 0xb72c77e8 )
D/NativeWindowBuffer(  170): buffer already Cancled 0x49 handle( 0xb72c7980 )
D/NativeWindowBuffer(  170): Calling cancelBuffer on buffer 0x4a hanlde( 0xb72c7b20 )
D/NativeWindowBuffer(  170): Calling cancelBuffer on buffer 0x4b hanlde( 0xb72c7cc0 )
D/NativeWindowBuffer(  170): Calling cancelBuffer on buffer 0x4c hanlde( 0xb72c7f98 )
D/NativeWindowBuffer(  170): Calling cancelBuffer on buffer 0x4d hanlde( 0xb72c8138 )
D/NativeWindowBuffer(  170): buffer already Cancled 0x4e handle( 0xb72c82d8 )
D/NativeWindowBuffer(  170): buffer already Cancled 0x4f handle( 0xb72c8478 )
D/NativeWindowBuffer(  170): Calling cancelBuffer on buffer 0x50 hanlde( 0xb72c8828 )
D/NativeWindowBuffer(  170): buffer already Cancled 0x51 handle( 0xb72c89c8 )
D/NativeWindowBuffer(  170): Calling cancelBuffer on buffer 0x52 hanlde( 0xb72c8b68 )
D/NativeWindowBuffer(  170): Calling cancelBuffer on buffer 0x53 hanlde( 0xb72c8d70 )
D/NativeWindowBuffer(  170): buffer already Cancled 0x54 handle( 0xb72c8f10 )
D/NativeWindowBuffer(  170): Calling cancelBuffer on buffer 0x55 hanlde( 0xb72c90b0 )
D/NativeWindowBuffer(  170): Calling cancelBuffer on buffer 0x56 hanlde( 0xb72c95a0 )
D/NativeWindowBuffer(  170): Calling cancelBuffer on buffer 0x57 hanlde( 0xb72c9740 )
D/NativeWindowBuffer(  170): Calling cancelBuffer on buffer 0x58 hanlde( 0xb72c98e0 )
D/NativeWindowBuffer(  170): Calling cancelBuffer on buffer 0x59 hanlde( 0xb72c9a80 )
D/NativeWindowBuffer(  170): Calling cancelBuffer on buffer 0x5a hanlde( 0xb72c9c20 )
D/NativeWindowBuffer(  170): Calling cancelBuffer on buffer 0x5b hanlde( 0xb72c9dc0 )
D/NativeWindowBuffer(  170): Calling cancelBuffer on buffer 0x5c hanlde( 0xb72c9f60 )
D/NativeWindowBuffer(  170): Calling cancelBuffer on buffer 0x5d hanlde( 0xb72ca100 )
D/NativeWindowBuffer(  170): Calling cancelBuffer on buffer 0x46 hanlde( 0xb72ca2a0 )
D/NativeWindowBuffer(  170): Calling cancelBuffer on buffer 0x62 hanlde( 0xb72ca988 )
D/NativeWindowBuffer(  170): Calling cancelBuffer on buffer 0x63 hanlde( 0xb72cab28 )
D/NativeWindowBuffer(  170): Calling cancelBuffer on buffer 0x5f hanlde( 0xb72cacc8 )
D/NativeWindowBuffer(  170): Calling cancelBuffer on buffer 0x64 hanlde( 0xb72cae68 )
D/NativeWindowBuffer(  170): Calling cancelBuffer on buffer 0x61 hanlde( 0xb72cb008 )
D/NativeWindowBuffer(  170): Calling cancelBuffer on buffer 0x60 hanlde( 0xb72cb1a8 )
D/NativeWindowBuffer(  170): Calling cancelBuffer on buffer 0x65 hanlde( 0xb72cb348 )
D/NativeWindowBuffer(  170): Calling cancelBuffer on buffer 0x66 hanlde( 0xb72cb4e8 )
D/HDMIManager(  170): HdmiManager disconstructor***************
I/H264_DEBUG(  170): deinit DONE
I/vpu_mem_pool(  170): pid 170, close_vpu_memory_pool:552: 
D/FFMpegThread(  170): DecoderVideo:~PlayerThread enter mThreadStatus=-1
D/FFMpegThread(  170): DecoderAudio:~PlayerThread enter mThreadStatus=-1
D/RkAudioPlayer(  170): setAudioSlice 0
D/RockFFPlayer(  170): doRelease ok
D/RockFFPlayer(  170): doStop()*****OK
D/RockFFPlayer(  170): run : dequeueMessage Message 4 OK
D/RockFFPlayer(  170): Messagecomplete type [4]
D/RockFFPlayer(  170): run : Message 4 complete
D/RockFFPlayer(  170): enqueueMessage:sync wait ok
D/RockFFPlayer(  170): doRelease() clearQueue************
D/RockFFPlayer(  170): stop_l:MessageStop down
D/RockFFPlayerBase(  170): dumpStatus(): Stop
D/RockFFPlayer(  170): stop_l : create CancelThread
D/RockFFPlayer(  170): CancelThread start
E/RockFFPlayerBase(  170): closeContext : in
D/RockFFPlayer(  170): stop_l :CancelThread create ok
D/RockFFPlayer(  170): stop_l buffer thread quit
D/RockFFPlayer(  170): enter enqueueMessage
D/RockFFPlayer(  170): enqueueMessage:****1
D/RockFFPlayer(  170): enqueueMessage:****2
D/RockFFPlayer(  170): enqueueMessage:****3
D/RockFFPlayer(  170): enqueueMessage:Message 1,set signal
D/RockFFPlayer(  170): enqueueMessage:sync wait
D/RockFFPlayer(  170): deliverMessage 
D/RockFFPlayer(  170): run : dequeueMessage Message 11
D/RockFFPlayer(  170): CMD_RESET
D/RockFFPlayerBase(  170): dumpStatus(): Idle
D/RockFFPlayer(  170): doReset ok
D/RockFFPlayer(  170): run : dequeueMessage Message 11 OK
D/RockFFPlayer(  170): Messagecomplete type [11]
D/RockFFPlayer(  170): run : Message 11 complete
D/RockFFPlayer(  170): enqueueMessage:sync wait ok
D/RockFFPlayer(  170): reset(),MessageReset down
D/RockFFPlayer(  170): signal thread out
D/RockFFPlayer(  170): sched_thread out
D/RockFFPlayer(  170): stop:wait is ok
D/RockFFPlayer(  170): stop:ok
D/RockFFPlayer(  170): ~RkMessageQueue
E/FFPlayer(  170): ~FFPlayer
D/RockFFPlayer(  170): reset()***********
D/RockFFPlayerBase(  170): dumpStatus(): Idle
D/RockFFPlayer(  170): CurrentStatus is IDLE,already reset
D/RockFFPlayer(  170): ~FFMPlayer*******
D/RockFFPlayer(  170): reset()***********
D/RockFFPlayerBase(  170): dumpStatus(): Idle
D/RockFFPlayer(  170): CurrentStatus is IDLE,already reset
D/RockFFPlayer(  170): ~FFMPlayer:CancelThread
E/RockFFPlayerBase(  170): closeContext : out
D/RockFFPlayer(  170): CancelThread end
D/RockFFPlayer(  170): CancelThread return
D/RockFFPlayer(  170): ~FFMediaSource
D/RockFFPlayer(  170): FFMediaSource context null. 
E/TraceThread(  170):     VsyncReciver(tid = 3072941640)--> [UID=670a40a2] pthread_join begin-->player = 0xb72ab108
E/TraceThread(  170):     VsyncReciver(tid = 3072941640)--> [UID=670a40a2] pthread_join   end-->player = 0xb72ab108
D/VsyncReciver(  170): stop_l:vsyncThread down
D/RockFFPlayer(  170): ~FFMPlayer***mNativeWindow
E/TraceThread(  170):     RockFFPlayer(tid = 3072502352)--> [UID=670a40a2] ~FFMPlayer Destruction; object=0xb72ab108
D/RockFFPlayer(  170): ~FFMPlayer***end
D/RockFFPlayerBase(  170): ~FFMPlayerBase(():mDequeueThread down
D/RockFFPlayerBase(  170): ~RkMessageHandler
D/ISOManager( 3100): isBDDirectory(), pathStr = /mnt/internal_sd/impactv/手洗い_スタンバイ画面.mp4
D/ISOManager( 3100): isBDDirectory(), path = /mnt/internal_sd/impactv/手洗い_スタンバイ画面.mp4
I/MediaPlayerFactory(  170):  createFFPlayer
E/        (  170): isBluray(), extension = .mp4
E/FFPlayerHelper(  170): isBDDirectory() ,path = /mnt/internal_sd/impactv/手洗い_スタンバイ画面.mp4
E/FFPlayerHelper(  170): isBDDirectory(): no BDMV
E/RockFFPlayerBase(  170): MediaServer is SP_FOREGROUND, tid=504
E/FFPlayerHelper(  170): efuse open fail
D/RkExtensionPlayer(  170): RkExtensionPlayer in
E/RkExtensionPlayer(  170): createDirectory(), path = /tmp/subtitle/
E/RkExtensionPlayer(  170): createDirectory(), create directory = /tmp/subtitle/ fail,reson = Invalid argument
E/RkExtensionPlayer(  170): createDirectory(), path = /data/subtitle/
E/RkExtensionPlayer(  170): createDirectory(), directory = /data/subtitle/ already exist
E/TraceThread(  170): TraceThread::randomUID() --> [UID=b7fe8258]
E/TraceThread(  170):     VsyncReciver(tid = 3072686008)--> [UID=b7fe8258] VsyncReciver::startthread
E/TraceThread(  170):     RockFFPlayer(tid = 3072502352)--> [UID=b7fe8258] FFMPlayer Construction; object=0xb72ab108
D/RockFFPlayer(  170): setDataSource fd = 13, offset =0,length = 71554
D/RockFFPlayer(  170): start:create thread
D/RockFFPlayer(  170): RkMessageQueue::run()
D/RockFFPlayer(  170): start:create thread ok,mThreadStatus=0
D/RockFFPlayer(  170): enter enqueueMessage
D/RockFFPlayer(  170): enqueueMessage:****1
D/RockFFPlayer(  170): enqueueMessage:****2
D/RockFFPlayer(  170): enqueueMessage:****3
D/RockFFPlayer(  170): enqueueMessage:Message 1,set signal
D/RockFFPlayer(  170): enqueueMessage:sync wait
D/RockFFPlayer(  170): deliverMessage 
D/RockFFPlayer(  170): run : dequeueMessage Message 20
D/RockFFPlayer(  170): CMD_CURRENTSTATUS
D/RockFFPlayerBase(  170): dumpStatus(): Initialized
D/RockFFPlayer(  170): run : dequeueMessage Message 20 OK
D/RockFFPlayer(  170): Messagecomplete type [20]
D/RockFFPlayer(  170): enqueueMessage:sync wait ok
D/RockFFPlayer(  170): run : Message 20 complete
D/RockFFPlayerBase(  170): setSurfaceTexture in
D/RockFFPlayerBase(  170): setSurfaceTexture out
D/RockFFPlayer(  170): prepareAsync in
D/RockFFPlayerBase(  170): dumpStatus(): Initialized
D/RockFFPlayerBase(  170): dumpStatus(): Preparing
I/FFPlayer_Version(  170): ******************************************
I/FFPlayer_Version(  170): 
I/FFPlayer_Version(  170): starting main player: 2016-05-30-04:46:02
I/FFPlayer_Version(  170): ffPlayer is Built for BOARD_RK312X
I/FFPlayer_Version(  170): 
I/FFPlayer_Version(  170): ******************************************
I/RockFFPlayer(  170): setDataSource(url =file/fd::13,offset::0)
I/RockFFPlayer(  170): setDataSource(fileurl =/mnt/internal_sd/impactv/手洗い_スタンバイ画面.mp4)
E/RockFFPlayerBase(  170): openContext : in
D/RockFFPlayer(  170): prepareAsync ok
E/RockFFPlayer(  170): ffmpeg version 10-26
E/RockFFPlayer(  170): av_probe_input_buffer:avio_read
I/RockFFPlayer(  170): flv_probe get probe score: 0
E/RockFFPlayer(  170): Hery, probe size = 3
E/RockFFPlayer(  170): avformat_open_input:read_header
E/RockFFPlayer(  170): warning: mov too few keyframe, num: 1
D/RockFFPlayer(  170): ff notify mov use seek any flag
E/RockFFPlayer(  170): avformat_open_input:read_header ok
D/RkExtensionPlayer(  170): openContext in
E/RkExtensionPlayer(  170): autoDetect(): path = /mnt/internal_sd/impactv/手洗い_スタンバイ画面.mp4
E/FFPlayerHelper(  170): isNetWorkUrl: url = /mnt/internal_sd/impactv/手洗い_スタンバイ画面.mp4
E/RkExtensionPlayer(  170): autoDetect(): directory = /mnt/internal_sd/impactv
E/RkExtensionPlayer(  170): autoDetect(): prefix = /mnt/internal_sd/impactv/手洗い_スタンバイ画面
E/RkExtensionPlayer(  170): autoDetect(): fileName = 手洗い_スタンバイ画面
E/RkExtensionPlayer(  170): dr->d_name = 手洗い_スタンバイ画面.mp4
E/RkExtensionPlayer(  170): subPrefix = 手洗い_スタンバイ画面
E/RkExtensionPlayer(  170): dr->d_name = impactv_mix_program_list.txt
E/RkExtensionPlayer(  170): subPrefix = impactv_mix_program_list
E/RkExtensionPlayer(  170): isSubtitle: yes: impactv_mix_program_list.txt
E/RkExtensionPlayer(  170): dr->d_name = impactv_bgm_list.txt
E/RkExtensionPlayer(  170): subPrefix = impactv_bgm_list
E/RkExtensionPlayer(  170): isSubtitle: yes: impactv_bgm_list.txt
