I/MountService(  465): onEvent:: raw= 605 Volume usb_storage /mnt/usb_storage/USB_DISK0 state changed from 1 (Idle-Unmounted) to 3 (Checking) cooked =  605 Volume usb_storage /mnt/usb_storage/USB_DISK0 state changed from 1 (Idle-Unmounted) to 3 (Checking)
I/MountService(  465): notifyVolumeStateChange::unmounted
I/MountService(  465): updating volume state checking
D/MountService(  465): volume state changed for /mnt/usb_storage/USB_DISK0 (unmounted -> checking)
I/ValidateNoPeople(  465): skipping global notification
E/Vold    (  162): earse succed!!!
E/Vold    (  162): /dev/block/vold/8:0 failed to mount via  (No medium found)
E/Vold    (  162): /dev/block/vold/8:17 1111being considered for volume /block/sda/sda1 udisk1 
D/MountService(  465): sendStorageIntent Intent { act=android.intent.action.MEDIA_CHECKING dat=file:///mnt/usb_storage/USB_DISK0 flg=0x4000000 (has extras) } to UserHandle{-1}
I/MountService(  465): doMountVolume: Mouting /mnt/usb_storage/USB_DISK0
I/ValidateNoPeople(  465): skipping global notification
E/Vold    (  162): #######mUdiskPartition size: 2  szType =vfat
E/Vold    (  162): ucFilePathName:/mnt/usb_storage/USB_DISK0/udisk1  szType=vfat
E/Vold    (  162): FilePathName:/mnt/usb_storage/USB_DISK0/udisk1  szType=vfat
I/ValidateNoPeople(  465): skipping global notification
E/Vold    (  162): mount vfat /mnt/usb_storage/USB_DISK0/udisk1 succed!!!
D/Vold    (  162): Volume usb_storage state changing 3 (Checking) -> 4 (Mounted)
D/VoldCmdListener(  162): volume mount /mnt/usb_storage/USB_DISK0
D/Vold    (  162):  volume status = 4----------------------
W/Vold    (  162): mountVol udisk###############label =usb_storage 
E/Vold    (  162): mountUdiskVol istate = 4
W/Vold    (  162): mountVol   errno = EBUSY istate =4, retry..**************************************
I/MountService(  465): onEvent:: raw= 605 Volume usb_storage /mnt/usb_storage/USB_DISK0 state changed from 3 (Checking) to 4 (Mounted) cooked =  605 Volume usb_storage /mnt/usb_storage/USB_DISK0 state changed from 3 (Checking) to 4 (Mounted)
I/MountService(  465): notifyVolumeStateChange::checking
I/MountService(  465): updating volume state mounted
D/MountService(  465): volume state changed for /mnt/usb_storage/USB_DISK0 (checking -> mounted)
W/MountService(  465): Insertion mount failed (-1)
D/MountService(  465): sendStorageIntent Intent { act=android.intent.action.MEDIA_MOUNTED dat=file:///mnt/usb_storage/USB_DISK0 flg=0x4000000 (has extras) } to UserHandle{-1}
I/ValidateNoPeople(  465): skipping global notification
W/ContextImpl( 2664): Calling a method in the system process without a qualified user: android.app.ContextImpl.startService:1709 android.content.ContextWrapper.startService:516 android.content.ContextWrapper.startService:516 com.rockchip.devicetest.BootReceiver.onReceive:58 android.app.ActivityThread.handleReceiver:2629 
W/ContextImpl(  664): Calling a method in the system process without a qualified user: android.app.ContextImpl.startService:1709 android.content.ContextWrapper.startService:516 android.content.ContextWrapper.startService:516 android.rockchip.update.service.RKUpdateReceiver.onReceive:74 android.app.ActivityThread.handleReceiver:2629 
W/Vold    (  162): subsystem found in netlink event
D/Vold    (  162): handleEvent   scsi_device, 2
D/DirectVolume(  162): directvolume DEVPATH = /devices/ff580000.usb/usb3/3-1/3-1:1.0/host1/target1:0:0/1:0:0:0/block/sda.
D/DirectVolume(  162): directvolume DEVPATH = /devices/ff580000.usb/usb3/3-1/3-1:1.0/host1/target1:0:0/1:0:0:0/block/sda.
D/DirectVolume(  162): directvolume DEVPATH = /devices/ff580000.usb/usb3/3-1/3-1:1.0/host1/target1:0:0/1:0:0:0/block/sda.
D/DirectVolume(  162): DEVTYPE = disk.
D/DirectVolume(  162): directvolume DEVPATH = /devices/ff580000.usb/usb3/3-1/3-1:1.0/host1/target1:0:0/1:0:0:0/block/sda.
D/DirectVolume(  162): directvolume DEVPATH = /devices/ff580000.usb/usb3/3-1/3-1:1.0/host1/target1:0:0/1:0:0:0/block/sda.
D/DirectVolume(  162): directvolume DEVPATH = /devices/ff580000.usb/usb3/3-1/3-1:1.0/host1/target1:0:0/1:0:0:0/block/sda.
D/DirectVolume(  162): directvolume DEVPATH = /devices/ff580000.usb/usb3/3-1/3-1:1.0/host1/target1:0:0/1:0:0:0/block/sda.
D/DirectVolume(  162): directvolume DEVPATH = /devices/ff580000.usb/usb3/3-1/3-1:1.0/host1/target1:0:0/1:0:0:0/block/sda.
W/Vold    (  162): No volumes handled block event for '/devices/ff580000.usb/usb3/3-1/3-1:1.0/host1/target1:0:0/1:0:0:0/block/sda'
W/Vold    (  162): subsystem found in netlink event
D/Vold    (  162): handleEvent   scsi_device, 2
D/DirectVolume(  162): directvolume DEVPATH = /devices/ff580000.usb/usb3/3-1/3-1:1.0/host1/target1:0:0/1:0:0:1/block/sdb/sdb1.
D/DirectVolume(  162): directvolume DEVPATH = /devices/ff580000.usb/usb3/3-1/3-1:1.0/host1/target1:0:0/1:0:0:1/block/sdb/sdb1.
D/DirectVolume(  162): directvolume DEVPATH = /devices/ff580000.usb/usb3/3-1/3-1:1.0/host1/target1:0:0/1:0:0:1/block/sdb/sdb1.
D/DirectVolume(  162): DEVTYPE = partition.
E/DirectVolume(  162): #######################################NlActionRemove pDevPah=/devices/ff580000.usb/usb3/3-1/3-1:1.0/host1/target1:0:0/1:0:0:1/block/sdb,devtype=partition
D/DirectVolume(  162): Volume usb_storage /mnt/usb_storage/USB_DISK0 partition 8:17 removed
E/DirectVolume(  162): ################sendbroadcast---------
D/DirectVolume(  162): Volume usb_storage /mnt/usb_storage/USB_DISK0 partition 8:17 removed
E/DirectVolume(  162): ################sendbroadcast---------
D/Vold    (  162): Device '/devices/ff580000.usb/usb3/3-1/3-1:1.0/host1/target1:0:0/1:0:0:1/block/sdb/sdb1' event handled by volume usb_storage
I/MountService(  465): onEvent:: raw= 632 Volume usb_storage /mnt/usb_storage/USB_DISK0 bad removal (8:17) cooked =  632 Volume usb_storage /mnt/usb_storage/USB_DISK0 bad removal (8:17)
I/MountService(  465): Sending unmounted event first
D/MountService(  465): sendStorageIntent Intent { act=android.intent.action.MEDIA_BAD_REMOVAL dat=file:///mnt/usb_storage/USB_DISK0 flg=0x4000000 (has extras) } to UserHandle{-1}
I/MountService(  465): onEvent:: raw= 632 Volume usb_storage /mnt/usb_storage/USB_DISK0 bad removal (8:17) cooked =  632 Volume usb_storage /mnt/usb_storage/USB_DISK0 bad removal (8:17)
I/MountService(  465): Sending unmounted event first
D/MountService(  465): sendStorageIntent Intent { act=android.intent.action.MEDIA_BAD_REMOVAL dat=file:///mnt/usb_storage/USB_DISK0 flg=0x4000000 (has extras) } to UserHandle{-1}
D/DirectVolume(  162): directvolume DEVPATH = /devices/ff580000.usb/usb3/3-1/3-1:1.0/host1/target1:0:0/1:0:0:1/block/sdb.
D/DirectVolume(  162): directvolume DEVPATH = /devices/ff580000.usb/usb3/3-1/3-1:1.0/host1/target1:0:0/1:0:0:1/block/sdb.
D/DirectVolume(  162): directvolume DEVPATH = /devices/ff580000.usb/usb3/3-1/3-1:1.0/host1/target1:0:0/1:0:0:1/block/sdb.
D/DirectVolume(  162): DEVTYPE = disk.
E/DirectVolume(  162): #######################################NlActionRemove pDevPah=/devices/ff580000.usb/usb3/3-1/3-1:1.0/host1/target1:0:0/1:0:0:1/block/sdb,devtype=disk
D/Vold    (  162): Device '/devices/ff580000.usb/usb3/3-1/3-1:1.0/host1/target1:0:0/1:0:0:1/block/sdb' event handled by volume usb_storage
W/Vold    (  162): subsystem found in netlink event
D/Vold    (  162): handleEvent   usb, 2
W/Vold    (  162): subsystem found in netlink event
D/Vold    (  162): handleEvent   usb, 2
D/VoldCmdListener(  162): volume unmount_bad /mnt/usb_storage/USB_DISK0 force_and_revert
W/Vold    (  162): Attempt to unmount  /mnt/usb_storage/USB_DISK0 
D/Vold    (  162): Volume usb_storage state changing 4 (Mounted) -> 5 (Unmounting)
E/Vold    (  162): 1********************************
E/Vold    (  162): ######### del /mnt/usb_storage/USB_DISK0/udisk0
I/Vold    (  162): /mnt/usb_storage/USB_DISK0/udisk0 sucessfully unmounted
I/Vold    (  162): /mnt/usb_storage/USB_DISK0/udisk0 unmounted sucessfully
E/Vold    (  162): handleUdiskPartitionRemoved handlePartitionRemoved,ready to unlink: /dev/block/vold/8:0
E/Vold    (  162): ######### del /mnt/usb_storage/USB_DISK0/udisk1
I/Vold    (  162): /mnt/usb_storage/USB_DISK0/udisk1 sucessfully unmounted
I/Vold    (  162): /mnt/usb_storage/USB_DISK0/udisk1 unmounted sucessfully
E/Vold    (  162): handleUdiskPartitionRemoved handlePartitionRemoved,ready to unlink: /dev/block/vold/8:17
E/Vold    (  162): 2********************************
I/MountService(  465): onEvent:: raw= 605 Volume usb_storage /mnt/usb_storage/USB_DISK0 state changed from 4 (Mounted) to 5 (Unmounting) cooked =  605 Volume usb_storage /mnt/usb_storage/USB_DISK0 state changed from 4 (Mounted) to 5 (Unmounting)
I/MountService(  465): notifyVolumeStateChange::mounted
D/MountService(  465): sendStorageIntent Intent { act=android.intent.action.MEDIA_EJECT dat=file:///mnt/usb_storage/USB_DISK0 flg=0x4000000 (has extras) } to UserHandle{-1}
D/Vold    (  162): Volume usb_storage state changing 5 (Unmounting) -> 1 (Idle-Unmounted)
D/MountService(  465): volume state changed for /mnt/usb_storage/USB_DISK0 (mounted -> unmounted)
I/MountService(  465): onEvent:: raw= 605 Volume usb_storage /mnt/usb_storage/USB_DISK0 state changed from 5 (Unmounting) to 1 (Idle-Unmounted) cooked =  605 Volume usb_storage /mnt/usb_storage/USB_DISK0 state changed from 5 (Unmounting) to 1 (Idle-Unmounted)
I/MountService(  465): notifyVolumeStateChange::unmounted
D/MountService(  465): sendStorageIntent Intent { act=android.intent.action.MEDIA_UNMOUNTED dat=file:///mnt/usb_storage/USB_DISK0 flg=0x4000000 (has extras) } to UserHandle{-1}
I/MountService(  465): updating volume state for media bad removal nofs and unmountable
W/MountService(  465): Duplicate state transition (unmounted -> unmounted) for /mnt/usb_storage/USB_DISK0
D/MountService(  465): sendStorageIntent Intent { act=android.intent.action.MEDIA_UNMOUNTED dat=file:///mnt/usb_storage/USB_DISK0 flg=0x4000000 (has extras) } to UserHandle{-1}
I/MountService(  465): Sending media bad removal
D/MountService(  465): volume state changed for /mnt/usb_storage/USB_DISK0 (unmounted -> bad_removal)
I/ValidateNoPeople(  465): skipping global notification
I/ValidateNoPeople(  465): skipping global notification
D/VoldCmdListener(  162): volume unmount_bad /mnt/usb_storage/USB_DISK0 force_and_revert
W/Vold    (  162): Attempt to unmount  /mnt/usb_storage/USB_DISK0 
W/Vold    (  162): Attempt to unmount volume which isn't mounted (1)
W/MountService(  465): unmount /mnt/usb_storage/USB_DISK0 failed (-7)
D/MountService(  465): volume state changed for /mnt/usb_storage/USB_DISK0 (bad_removal -> unmounted)
D/MountService(  465): sendStorageIntent Intent { act=android.intent.action.MEDIA_UNMOUNTED dat=file:///mnt/usb_storage/USB_DISK0 flg=0x4000000 (has extras) } to UserHandle{-1}
I/MountService(  465): Sending media bad removal
D/MountService(  465): volume state changed for /mnt/usb_storage/USB_DISK0 (unmounted -> bad_removal)
I/ValidateNoPeople(  465): skipping global notification
I/ValidateNoPeople(  465): skipping global notification
--------- beginning of main
E/LicenseKeyHelper( 3327): Failed to read licence file
E/LicenseKeyHelper( 3327): Failed to read licence file
E/LicenseKeyHelper( 3327): Failed to read licence file
E/LicenseKeyHelper( 3327): Failed to read licence file
E/LicenseKeyHelper( 3327): Failed to read licence file
E/LicenseKeyHelper( 3327): Failed to read licence file
E/LicenseKeyHelper( 3327): Failed to read licence file
E/LicenseKeyHelper( 3327): Failed to read licence file
E/LicenseKeyHelper( 3327): Failed to read licence file
E/LicenseKeyHelper( 3327): Failed to read licence file
E/LicenseKeyHelper( 3327): Failed to read licence file
E/LicenseKeyHelper( 3327): Failed to read licence file
E/LicenseKeyHelper( 3327): Failed to read licence file
E/LicenseKeyHelper( 3327): Failed to read licence file
E/LicenseKeyHelper( 3327): Failed to read licence file
E/LicenseKeyHelper( 3327): Failed to read licence file
E/LicenseKeyHelper( 3327): Failed to read licence file
E/LicenseKeyHelper( 3327): Failed to read licence file
E/LicenseKeyHelper( 3327): Failed to read licence file
E/LicenseKeyHelper( 3327): Failed to read licence file
E/LicenseKeyHelper( 3327): Failed to read licence file
E/LicenseKeyHelper( 3327): Failed to read licence file
E/LicenseKeyHelper( 3327): Failed to read licence file
E/LicenseKeyHelper( 3327): Failed to read licence file
E/LicenseKeyHelper( 3327): Failed to read licence file
E/LicenseKeyHelper( 3327): Failed to read licence file
E/LicenseKeyHelper( 3327): Failed to read licence file
E/LicenseKeyHelper( 3327): Failed to read licence file
E/LicenseKeyHelper( 3327): Failed to read licence file
E/LicenseKeyHelper( 3327): Failed to read licence file
E/LicenseKeyHelper( 3327): Failed to read licence file
E/LicenseKeyHelper( 3327): Failed to read licence file
E/LicenseKeyHelper( 3327): Failed to read licence file
E/LicenseKeyHelper( 3327): Failed to read licence file
E/LicenseKeyHelper( 3327): Failed to read licence file
E/LicenseKeyHelper( 3327): Failed to read licence file
E/LicenseKeyHelper( 3327): Failed to read licence file
E/LicenseKeyHelper( 3327): Failed to read licence file
E/LicenseKeyHelper( 3327): Failed to read licence file
E/LicenseKeyHelper( 3327): Failed to read licence file
E/LicenseKeyHelper( 3327): Failed to read licence file
E/LicenseKeyHelper( 3327): Failed to read licence file
E/LicenseKeyHelper( 3327): Failed to read licence file
E/LicenseKeyHelper( 3327): Failed to read licence file
E/LicenseKeyHelper( 3327): Failed to read licence file
E/LicenseKeyHelper( 3327): Failed to read licence file
E/LicenseKeyHelper( 3327): Failed to read licence file
E/LicenseKeyHelper( 3327): Failed to read licence file
E/LicenseKeyHelper( 3327): Failed to read licence file
E/LicenseKeyHelper( 3327): Failed to read licence file
E/LicenseKeyHelper( 3327): Failed to read licence file
E/LicenseKeyHelper( 3327): Failed to read licence file
E/LicenseKeyHelper( 3327): Failed to read licence file
E/LicenseKeyHelper( 3327): Failed to read licence file
E/LicenseKeyHelper( 3327): Failed to read licence file
E/LicenseKeyHelper( 3327): Failed to read licence file
E/LicenseKeyHelper( 3327): Failed to read licence file
E/LicenseKeyHelper( 3327): Failed to read licence file
E/LicenseKeyHelper( 3327): Failed to read licence file
E/LicenseKeyHelper( 3327): Failed to read licence file
E/LicenseKeyHelper( 3327): Failed to read licence file
E/LicenseKeyHelper( 3327): Failed to read licence file
E/LicenseKeyHelper( 3327): Failed to read licence file
E/LicenseKeyHelper( 3327): Failed to read licence file
E/LicenseKeyHelper( 3327): Failed to read licence file
E/LicenseKeyHelper( 3327): Failed to read licence file
E/LicenseKeyHelper( 3327): Failed to read licence file
E/LicenseKeyHelper( 3327): Failed to read licence file
E/LicenseKeyHelper( 3327): Failed to read licence file
E/LicenseKeyHelper( 3327): Failed to read licence file
E/LicenseKeyHelper( 3327): Failed to read licence file
E/LicenseKeyHelper( 3327): Failed to read licence file
E/LicenseKeyHelper( 3327): Failed to read licence file
E/LicenseKeyHelper( 3327): Failed to read licence file
E/LicenseKeyHelper( 3327): Failed to read licence file
E/LicenseKeyHelper( 3327): Failed to read licence file
E/LicenseKeyHelper( 3327): Failed to read licence file
E/LicenseKeyHelper( 3327): Failed to read licence file
E/LicenseKeyHelper( 3327): Failed to read licence file
E/LicenseKeyHelper( 3327): Failed to read licence file
E/LicenseKeyHelper( 3327): Failed to read licence file
E/LicenseKeyHelper( 3327): Failed to read licence file
E/LicenseKeyHelper( 3327): Failed to read licence file
E/LicenseKeyHelper( 3327): Failed to read licence file
E/LicenseKeyHelper( 3327): Failed to read licence file
E/LicenseKeyHelper( 3327): Failed to read licence file
E/LicenseKeyHelper( 3327): Failed to read licence file
E/LicenseKeyHelper( 3327): Failed to read licence file
E/LicenseKeyHelper( 3327): Failed to read licence file
E/LicenseKeyHelper( 3327): Failed to read licence file
E/LicenseKeyHelper( 3327): Failed to read licence file
E/LicenseKeyHelper( 3327): Failed to read licence file
E/LicenseKeyHelper( 3327): Failed to read licence file
E/LicenseKeyHelper( 3327): Failed to read licence file
E/LicenseKeyHelper( 3327): Failed to read licence file
E/LicenseKeyHelper( 3327): Failed to read licence file
E/LicenseKeyHelper( 3327): Failed to read licence file
E/LicenseKeyHelper( 3327): Failed to read licence file
E/LicenseKeyHelper( 3327): Failed to read licence file
E/LicenseKeyHelper( 3327): Failed to read licence file
E/LicenseKeyHelper( 3327): Failed to read licence file
E/LicenseKeyHelper( 3327): Failed to read licence file
E/LicenseKeyHelper( 3327): Failed to read licence file
E/LicenseKeyHelper( 3327): Failed to read licence file
E/LicenseKeyHelper( 3327): Failed to read licence file
E/LicenseKeyHelper( 3327): Failed to read licence file
E/LicenseKeyHelper( 3327): Failed to read licence file
E/LicenseKeyHelper( 3327): Failed to read licence file
E/LicenseKeyHelper( 3327): Failed to read licence file
E/LicenseKeyHelper( 3327): Failed to read licence file
E/LicenseKeyHelper( 3327): Failed to read licence file
E/LicenseKeyHelper( 3327): Failed to read licence file
E/LicenseKeyHelper( 3327): Failed to read licence file
E/LicenseKeyHelper( 3327): Failed to read licence file
E/LicenseKeyHelper( 3327): Failed to read licence file
E/LicenseKeyHelper( 3327): Failed to read licence file
E/LicenseKeyHelper( 3327): Failed to read licence file
E/LicenseKeyHelper( 3327): Failed to read licence file
E/LicenseKeyHelper( 3327): Failed to read licence file
E/LicenseKeyHelper( 3327): Failed to read licence file
E/LicenseKeyHelper( 3327): Failed to read licence file
E/LicenseKeyHelper( 3327): Failed to read licence file
E/LicenseKeyHelper( 3327): Failed to read licence file
E/LicenseKeyHelper( 3327): Failed to read licence file
E/LicenseKeyHelper( 3327): Failed to read licence file
E/LicenseKeyHelper( 3327): Failed to read licence file
E/LicenseKeyHelper( 3327): Failed to read licence file
E/LicenseKeyHelper( 3327): Failed to read licence file
E/LicenseKeyHelper( 3327): Failed to read licence file
E/LicenseKeyHelper( 3327): Failed to read licence file
E/LicenseKeyHelper( 3327): Failed to read licence file
E/LicenseKeyHelper( 3327): Failed to read licence file
E/LicenseKeyHelper( 3327): Failed to read licence file
E/LicenseKeyHelper( 3327): Failed to read licence file
E/LicenseKeyHelper( 3327): Failed to read licence file
E/LicenseKeyHelper( 3327): Failed to read licence file
E/LicenseKeyHelper( 3327): Failed to read licence file
E/LicenseKeyHelper( 3327): Failed to read licence file
E/LicenseKeyHelper( 3327): Failed to read licence file
E/LicenseKeyHelper( 3327): Failed to read licence file
E/LicenseKeyHelper( 3327): Failed to read licence file
E/LicenseKeyHelper( 3327): Failed to read licence file
E/LicenseKeyHelper( 3327): Failed to read licence file
E/LicenseKeyHelper( 3327): Failed to read licence file
E/LicenseKeyHelper( 3327): Failed to read licence file
E/LicenseKeyHelper( 3327): Failed to read licence file
E/LicenseKeyHelper( 3327): Failed to read licence file
E/LicenseKeyHelper( 3327): Failed to read licence file
E/LicenseKeyHelper( 3327): Failed to read licence file
E/LicenseKeyHelper( 3327): Failed to read licence file
E/LicenseKeyHelper( 3327): Failed to read licence file
E/LicenseKeyHelper( 3327): Failed to read licence file
E/LicenseKeyHelper( 3327): Failed to read licence file
E/LicenseKeyHelper( 3327): Failed to read licence file
E/LicenseKeyHelper( 3327): Failed to read licence file
E/LicenseKeyHelper( 3327): Failed to read licence file
E/LicenseKeyHelper( 3327): Failed to read licence file
E/LicenseKeyHelper( 3327): Failed to read licence file
E/LicenseKeyHelper( 3327): Failed to read licence file
E/LicenseKeyHelper( 3327): Failed to read licence file
E/LicenseKeyHelper( 3327): Failed to read licence file
E/LicenseKeyHelper( 3327): Failed to read licence file
E/LicenseKeyHelper( 3327): Failed to read licence file
E/LicenseKeyHelper( 3327): Failed to read licence file
E/LicenseKeyHelper( 3327): Failed to read licence file
E/LicenseKeyHelper( 3327): Failed to read licence file
E/LicenseKeyHelper( 3327): Failed to read licence file
E/LicenseKeyHelper( 3327): Failed to read licence file
E/WifiStateMachine(  465): WifiStateMachine CMD_START_SCAN source -2 txSuccessRate=0.13 rxSuccessRate=0.38 targetRoamBSSID=d0:76:e7:13:d0:73 RSSI=-47
E/WifiStateMachine(  465): startDelayedScan send -> 340 milli 20000
E/WifiStateMachine(  465): WifiStateMachine CMD_START_SCAN with age=240037 interval=341718 maxinterval=300000
E/WifiStateMachine(  465): WifiStateMachine CMD_START_SCAN full=false
E/WifiStateMachine(  465): WifiStateMachine starting scan for "Welcome901_2.4G"WPA_PSK with 2462
E/WifiStateMachine(  465): [1,582,969,071,266 ms] noteScanstart no scan source uid -2
E/LicenseKeyHelper( 3327): Failed to read licence file
E/LicenseKeyHelper( 3327): Failed to read licence file
E/WifiStateMachine(  465): [1,582,969,071,478 ms] noteScanEnd no scan source onTime=0
E/WifiStateMachine(  465): wifi setScanResults statecom.android.server.wifi.WifiStateMachine$ConnectedState@1e08ae43 sup_state=COMPLETED debouncing=false mConnectionRequests=1 selection=<none>
E/LicenseKeyHelper( 3327): Failed to read licence file
E/LicenseKeyHelper( 3327): Failed to read licence file
E/LicenseKeyHelper( 3327): Failed to read licence file
E/LicenseKeyHelper( 3327): Failed to read licence file
E/LicenseKeyHelper( 3327): Failed to read licence file
E/LicenseKeyHelper( 3327): Failed to read licence file
E/LicenseKeyHelper( 3327): Failed to read licence file
E/LicenseKeyHelper( 3327): Failed to read licence file
E/LicenseKeyHelper( 3327): Failed to read licence file
E/LicenseKeyHelper( 3327): Failed to read licence file
E/LicenseKeyHelper( 3327): Failed to read licence file
E/LicenseKeyHelper( 3327): Failed to read licence file
E/LicenseKeyHelper( 3327): Failed to read licence file
E/LicenseKeyHelper( 3327): Failed to read licence file
E/LicenseKeyHelper( 3327): Failed to read licence file
E/LicenseKeyHelper( 3327): Failed to read licence file
E/LicenseKeyHelper( 3327): Failed to read licence file
E/LicenseKeyHelper( 3327): Failed to read licence file
E/LicenseKeyHelper( 3327): Failed to read licence file
E/LicenseKeyHelper( 3327): Failed to read licence file
E/LicenseKeyHelper( 3327): Failed to read licence file
E/LicenseKeyHelper( 3327): Failed to read licence file
E/LicenseKeyHelper( 3327): Failed to read licence file
E/LicenseKeyHelper( 3327): Failed to read licence file
E/LicenseKeyHelper( 3327): Failed to read licence file
E/LicenseKeyHelper( 3327): Failed to read licence file
E/LicenseKeyHelper( 3327): Failed to read licence file
E/LicenseKeyHelper( 3327): Failed to read licence file
E/LicenseKeyHelper( 3327): Failed to read licence file
E/LicenseKeyHelper( 3327): Failed to read licence file
E/LicenseKeyHelper( 3327): Failed to read licence file
E/LicenseKeyHelper( 3327): Failed to read licence file
E/LicenseKeyHelper( 3327): Failed to read licence file
E/LicenseKeyHelper( 3327): Failed to read licence file
E/LicenseKeyHelper( 3327): Failed to read licence file
E/LicenseKeyHelper( 3327): Failed to read licence file
E/LicenseKeyHelper( 3327): Failed to read licence file
E/LicenseKeyHelper( 3327): Failed to read licence file
E/LicenseKeyHelper( 3327): Failed to read licence file
E/LicenseKeyHelper( 3327): Failed to read licence file
E/LicenseKeyHelper( 3327): Failed to read licence file
E/LicenseKeyHelper( 3327): Failed to read licence file
E/LicenseKeyHelper( 3327): Failed to read licence file
E/LicenseKeyHelper( 3327): Failed to read licence file
E/LicenseKeyHelper( 3327): Failed to read licence file
E/LicenseKeyHelper( 3327): Failed to read licence file
E/LicenseKeyHelper( 3327): Failed to read licence file
E/LicenseKeyHelper( 3327): Failed to read licence file
E/LicenseKeyHelper( 3327): Failed to read licence file
E/LicenseKeyHelper( 3327): Failed to read licence file
E/LicenseKeyHelper( 3327): Failed to read licence file
E/LicenseKeyHelper( 3327): Failed to read licence file
E/LicenseKeyHelper( 3327): Failed to read licence file
E/LicenseKeyHelper( 3327): Failed to read licence file
E/LicenseKeyHelper( 3327): Failed to read licence file
E/LicenseKeyHelper( 3327): Failed to read licence file
E/LicenseKeyHelper( 3327): Failed to read licence file
E/LicenseKeyHelper( 3327): Failed to read licence file
E/LicenseKeyHelper( 3327): Failed to read licence file
E/LicenseKeyHelper( 3327): Failed to read licence file
E/LicenseKeyHelper( 3327): Failed to read licence file
E/LicenseKeyHelper( 3327): Failed to read licence file
E/LicenseKeyHelper( 3327): Failed to read licence file
E/LicenseKeyHelper( 3327): Failed to read licence file
E/LicenseKeyHelper( 3327): Failed to read licence file
E/LicenseKeyHelper( 3327): Failed to read licence file
E/LicenseKeyHelper( 3327): Failed to read licence file
E/LicenseKeyHelper( 3327): Failed to read licence file
E/LicenseKeyHelper( 3327): Failed to read licence file
E/LicenseKeyHelper( 3327): Failed to read licence file
E/LicenseKeyHelper( 3327): Failed to read licence file
E/LicenseKeyHelper( 3327): Failed to read licence file
E/LicenseKeyHelper( 3327): Failed to read licence file
E/LicenseKeyHelper( 3327): Failed to read licence file
E/LicenseKeyHelper( 3327): Failed to read licence file
E/LicenseKeyHelper( 3327): Failed to read licence file
E/LicenseKeyHelper( 3327): Failed to read licence file
E/LicenseKeyHelper( 3327): Failed to read licence file
E/LicenseKeyHelper( 3327): Failed to read licence file
I/dhcpcd  ( 1168): wlan0: renewing lease of 192.168.1.187
E/LicenseKeyHelper( 3327): Failed to read licence file
I/dhcpcd  ( 1168): wlan0: acknowledged 192.168.1.187 from 192.168.1.1
E/LicenseKeyHelper( 3327): Failed to read licence file
I/dhcpcd  ( 1168): wlan0: leased 192.168.1.187 for 7200 seconds
E/LicenseKeyHelper( 3327): Failed to read licence file
E/LicenseKeyHelper( 3327): Failed to read licence file
E/LicenseKeyHelper( 3327): Failed to read licence file
E/LicenseKeyHelper( 3327): Failed to read licence file
E/LicenseKeyHelper( 3327): Failed to read licence file
E/LicenseKeyHelper( 3327): Failed to read licence file
E/LicenseKeyHelper( 3327): Failed to read licence file
E/LicenseKeyHelper( 3327): Failed to read licence file
E/LicenseKeyHelper( 3327): Failed to read licence file
E/LicenseKeyHelper( 3327): Failed to read licence file
E/LicenseKeyHelper( 3327): Failed to read licence file
E/LicenseKeyHelper( 3327): Failed to read licence file
E/LicenseKeyHelper( 3327): Failed to read licence file
E/LicenseKeyHelper( 3327): Failed to read licence file
E/LicenseKeyHelper( 3327): Failed to read licence file
E/LicenseKeyHelper( 3327): Failed to read licence file
E/LicenseKeyHelper( 3327): Failed to read licence file
E/LicenseKeyHelper( 3327): Failed to read licence file
E/LicenseKeyHelper( 3327): Failed to read licence file
E/LicenseKeyHelper( 3327): Failed to read licence file
E/LicenseKeyHelper( 3327): Failed to read licence file
E/LicenseKeyHelper( 3327): Failed to read licence file
E/LicenseKeyHelper( 3327): Failed to read licence file
E/LicenseKeyHelper( 3327): Failed to read licence file
E/LicenseKeyHelper( 3327): Failed to read licence file
E/LicenseKeyHelper( 3327): Failed to read licence file
E/LicenseKeyHelper( 3327): Failed to read licence file
E/LicenseKeyHelper( 3327): Failed to read licence file
E/LicenseKeyHelper( 3327): Failed to read licence file
E/LicenseKeyHelper( 3327): Failed to read licence file
E/LicenseKeyHelper( 3327): Failed to read licence file
E/LicenseKeyHelper( 3327): Failed to read licence file
E/LicenseKeyHelper( 3327): Failed to read licence file
E/LicenseKeyHelper( 3327): Failed to read licence file
E/LicenseKeyHelper( 3327): Failed to read licence file
E/LicenseKeyHelper( 3327): Failed to read licence file
E/LicenseKeyHelper( 3327): Failed to read licence file
E/LicenseKeyHelper( 3327): Failed to read licence file
E/LicenseKeyHelper( 3327): Failed to read licence file
E/LicenseKeyHelper( 3327): Failed to read licence file
E/LicenseKeyHelper( 3327): Failed to read licence file
E/LicenseKeyHelper( 3327): Failed to read licence file
E/LicenseKeyHelper( 3327): Failed to read licence file
E/LicenseKeyHelper( 3327): Failed to read licence file
E/LicenseKeyHelper( 3327): Failed to read licence file
E/LicenseKeyHelper( 3327): Failed to read licence file
E/LicenseKeyHelper( 3327): Failed to read licence file
E/LicenseKeyHelper( 3327): Failed to read licence file
E/LicenseKeyHelper( 3327): Failed to read licence file
E/LicenseKeyHelper( 3327): Failed to read licence file
E/LicenseKeyHelper( 3327): Failed to read licence file
E/LicenseKeyHelper( 3327): Failed to read licence file
E/LicenseKeyHelper( 3327): Failed to read licence file
E/LicenseKeyHelper( 3327): Failed to read licence file
E/LicenseKeyHelper( 3327): Failed to read licence file
E/LicenseKeyHelper( 3327): Failed to read licence file
E/LicenseKeyHelper( 3327): Failed to read licence file
E/LicenseKeyHelper( 3327): Failed to read licence file
E/LicenseKeyHelper( 3327): Failed to read licence file
E/LicenseKeyHelper( 3327): Failed to read licence file
E/LicenseKeyHelper( 3327): Failed to read licence file
E/LicenseKeyHelper( 3327): Failed to read licence file
E/LicenseKeyHelper( 3327): Failed to read licence file
E/LicenseKeyHelper( 3327): Failed to read licence file
E/LicenseKeyHelper( 3327): Failed to read licence file
E/LicenseKeyHelper( 3327): Failed to read licence file
E/LicenseKeyHelper( 3327): Failed to read licence file
E/LicenseKeyHelper( 3327): Failed to read licence file
E/LicenseKeyHelper( 3327): Failed to read licence file
E/LicenseKeyHelper( 3327): Failed to read licence file
E/LicenseKeyHelper( 3327): Failed to read licence file
E/LicenseKeyHelper( 3327): Failed to read licence file
E/LicenseKeyHelper( 3327): Failed to read licence file
E/LicenseKeyHelper( 3327): Failed to read licence file
E/LicenseKeyHelper( 3327): Failed to read licence file
E/LicenseKeyHelper( 3327): Failed to read licence file
E/LicenseKeyHelper( 3327): Failed to read licence file
E/LicenseKeyHelper( 3327): Failed to read licence file
E/LicenseKeyHelper( 3327): Failed to read licence file
E/LicenseKeyHelper( 3327): Failed to read licence file
E/LicenseKeyHelper( 3327): Failed to read licence file
E/LicenseKeyHelper( 3327): Failed to read licence file
E/LicenseKeyHelper( 3327): Failed to read licence file
E/LicenseKeyHelper( 3327): Failed to read licence file
E/LicenseKeyHelper( 3327): Failed to read licence file
E/LicenseKeyHelper( 3327): Failed to read licence file
E/LicenseKeyHelper( 3327): Failed to read licence file
E/LicenseKeyHelper( 3327): Failed to read licence file
E/LicenseKeyHelper( 3327): Failed to read licence file
E/LicenseKeyHelper( 3327): Failed to read licence file
E/LicenseKeyHelper( 3327): Failed to read licence file
E/LicenseKeyHelper( 3327): Failed to read licence file
E/LicenseKeyHelper( 3327): Failed to read licence file
E/LicenseKeyHelper( 3327): Failed to read licence file
E/LicenseKeyHelper( 3327): Failed to read licence file
E/LicenseKeyHelper( 3327): Failed to read licence file
E/LicenseKeyHelper( 3327): Failed to read licence file
E/LicenseKeyHelper( 3327): Failed to read licence file
E/LicenseKeyHelper( 3327): Failed to read licence file
E/LicenseKeyHelper( 3327): Failed to read licence file
E/LicenseKeyHelper( 3327): Failed to read licence file
E/LicenseKeyHelper( 3327): Failed to read licence file
E/LicenseKeyHelper( 3327): Failed to read licence file
E/LicenseKeyHelper( 3327): Failed to read licence file
E/LicenseKeyHelper( 3327): Failed to read licence file
E/LicenseKeyHelper( 3327): Failed to read licence file
E/LicenseKeyHelper( 3327): Failed to read licence file
E/LicenseKeyHelper( 3327): Failed to read licence file
E/LicenseKeyHelper( 3327): Failed to read licence file
E/LicenseKeyHelper( 3327): Failed to read licence file
E/WifiStateMachine(  465): WifiStateMachine CMD_START_SCAN source -2 txSuccessRate=0.13 rxSuccessRate=1.00 targetRoamBSSID=d0:76:e7:13:d0:73 RSSI=-47
E/WifiStateMachine(  465): startDelayedScan send -> 341 milli 20000
E/WifiStateMachine(  465): WifiStateMachine CMD_START_SCAN with age=260042 interval=341718 maxinterval=300000
E/WifiStateMachine(  465): WifiStateMachine CMD_START_SCAN full=false
E/WifiStateMachine(  465): WifiStateMachine starting scan for "Welcome901_2.4G"WPA_PSK with 2462
E/WifiStateMachine(  465): [1,582,969,091,271 ms] noteScanstart no scan source uid -2
E/LicenseKeyHelper( 3327): Failed to read licence file
E/LicenseKeyHelper( 3327): Failed to read licence file
E/LicenseKeyHelper( 3327): Failed to read licence file
E/WifiStateMachine(  465): [1,582,969,091,486 ms] noteScanEnd no scan source onTime=0
E/WifiStateMachine(  465): wifi setScanResults statecom.android.server.wifi.WifiStateMachine$ConnectedState@1e08ae43 sup_state=COMPLETED debouncing=false mConnectionRequests=1 selection=<none>
E/LicenseKeyHelper( 3327): Failed to read licence file
E/LicenseKeyHelper( 3327): Failed to read licence file
E/LicenseKeyHelper( 3327): Failed to read licence file
E/LicenseKeyHelper( 3327): Failed to read licence file
E/LicenseKeyHelper( 3327): Failed to read licence file
E/LicenseKeyHelper( 3327): Failed to read licence file
E/LicenseKeyHelper( 3327): Failed to read licence file
E/LicenseKeyHelper( 3327): Failed to read licence file
E/LicenseKeyHelper( 3327): Failed to read licence file
E/LicenseKeyHelper( 3327): Failed to read licence file
E/LicenseKeyHelper( 3327): Failed to read licence file
E/LicenseKeyHelper( 3327): Failed to read licence file
E/LicenseKeyHelper( 3327): Failed to read licence file
E/LicenseKeyHelper( 3327): Failed to read licence file
E/LicenseKeyHelper( 3327): Failed to read licence file
E/LicenseKeyHelper( 3327): Failed to read licence file
E/LicenseKeyHelper( 3327): Failed to read licence file
E/LicenseKeyHelper( 3327): Failed to read licence file
E/LicenseKeyHelper( 3327): Failed to read licence file
E/LicenseKeyHelper( 3327): Failed to read licence file
E/LicenseKeyHelper( 3327): Failed to read licence file
E/LicenseKeyHelper( 3327): Failed to read licence file
E/LicenseKeyHelper( 3327): Failed to read licence file
E/LicenseKeyHelper( 3327): Failed to read licence file
E/LicenseKeyHelper( 3327): Failed to read licence file
E/LicenseKeyHelper( 3327): Failed to read licence file
E/LicenseKeyHelper( 3327): Failed to read licence file
E/LicenseKeyHelper( 3327): Failed to read licence file
E/LicenseKeyHelper( 3327): Failed to read licence file
E/LicenseKeyHelper( 3327): Failed to read licence file
E/LicenseKeyHelper( 3327): Failed to read licence file
E/LicenseKeyHelper( 3327): Failed to read licence file
E/LicenseKeyHelper( 3327): Failed to read licence file
E/LicenseKeyHelper( 3327): Failed to read licence file
E/LicenseKeyHelper( 3327): Failed to read licence file
E/LicenseKeyHelper( 3327): Failed to read licence file
E/LicenseKeyHelper( 3327): Failed to read licence file
E/LicenseKeyHelper( 3327): Failed to read licence file
E/LicenseKeyHelper( 3327): Failed to read licence file
E/LicenseKeyHelper( 3327): Failed to read licence file
E/LicenseKeyHelper( 3327): Failed to read licence file
E/LicenseKeyHelper( 3327): Failed to read licence file
E/LicenseKeyHelper( 3327): Failed to read licence file
E/LicenseKeyHelper( 3327): Failed to read licence file
E/LicenseKeyHelper( 3327): Failed to read licence file
E/LicenseKeyHelper( 3327): Failed to read licence file
E/LicenseKeyHelper( 3327): Failed to read licence file
E/LicenseKeyHelper( 3327): Failed to read licence file
E/LicenseKeyHelper( 3327): Failed to read licence file
E/LicenseKeyHelper( 3327): Failed to read licence file
E/LicenseKeyHelper( 3327): Failed to read licence file
E/LicenseKeyHelper( 3327): Failed to read licence file
E/LicenseKeyHelper( 3327): Failed to read licence file
E/LicenseKeyHelper( 3327): Failed to read licence file
E/LicenseKeyHelper( 3327): Failed to read licence file
E/LicenseKeyHelper( 3327): Failed to read licence file
E/LicenseKeyHelper( 3327): Failed to read licence file
E/LicenseKeyHelper( 3327): Failed to read licence file
E/LicenseKeyHelper( 3327): Failed to read licence file
E/LicenseKeyHelper( 3327): Failed to read licence file
E/LicenseKeyHelper( 3327): Failed to read licence file
E/LicenseKeyHelper( 3327): Failed to read licence file
E/LicenseKeyHelper( 3327): Failed to read licence file
E/LicenseKeyHelper( 3327): Failed to read licence file
E/LicenseKeyHelper( 3327): Failed to read licence file
E/LicenseKeyHelper( 3327): Failed to read licence file
E/LicenseKeyHelper( 3327): Failed to read licence file
E/LicenseKeyHelper( 3327): Failed to read licence file
E/LicenseKeyHelper( 3327): Failed to read licence file
E/LicenseKeyHelper( 3327): Failed to read licence file
E/LicenseKeyHelper( 3327): Failed to read licence file
E/LicenseKeyHelper( 3327): Failed to read licence file
E/LicenseKeyHelper( 3327): Failed to read licence file
E/LicenseKeyHelper( 3327): Failed to read licence file
E/LicenseKeyHelper( 3327): Failed to read licence file
E/LicenseKeyHelper( 3327): Failed to read licence file
E/LicenseKeyHelper( 3327): Failed to read licence file
E/LicenseKeyHelper( 3327): Failed to read licence file
E/LicenseKeyHelper( 3327): Failed to read licence file
E/LicenseKeyHelper( 3327): Failed to read licence file
E/LicenseKeyHelper( 3327): Failed to read licence file
E/LicenseKeyHelper( 3327): Failed to read licence file
E/LicenseKeyHelper( 3327): Failed to read licence file
E/LicenseKeyHelper( 3327): Failed to read licence file
E/LicenseKeyHelper( 3327): Failed to read licence file
E/LicenseKeyHelper( 3327): Failed to read licence file
E/LicenseKeyHelper( 3327): Failed to read licence file
E/LicenseKeyHelper( 3327): Failed to read licence file
E/LicenseKeyHelper( 3327): Failed to read licence file
E/LicenseKeyHelper( 3327): Failed to read licence file
E/LicenseKeyHelper( 3327): Failed to read licence file
E/LicenseKeyHelper( 3327): Failed to read licence file
E/LicenseKeyHelper( 3327): Failed to read licence file
E/LicenseKeyHelper( 3327): Failed to read licence file
E/LicenseKeyHelper( 3327): Failed to read licence file
E/LicenseKeyHelper( 3327): Failed to read licence file
E/LicenseKeyHelper( 3327): Failed to read licence file
E/LicenseKeyHelper( 3327): Failed to read licence file
E/LicenseKeyHelper( 3327): Failed to read licence file
E/LicenseKeyHelper( 3327): Failed to read licence file
E/LicenseKeyHelper( 3327): Failed to read licence file
E/LicenseKeyHelper( 3327): Failed to read licence file
E/LicenseKeyHelper( 3327): Failed to read licence file
E/LicenseKeyHelper( 3327): Failed to read licence file
E/LicenseKeyHelper( 3327): Failed to read licence file
E/LicenseKeyHelper( 3327): Failed to read licence file
E/LicenseKeyHelper( 3327): Failed to read licence file
E/LicenseKeyHelper( 3327): Failed to read licence file
E/LicenseKeyHelper( 3327): Failed to read licence file
E/LicenseKeyHelper( 3327): Failed to read licence file
E/LicenseKeyHelper( 3327): Failed to read licence file
E/LicenseKeyHelper( 3327): Failed to read licence file
E/LicenseKeyHelper( 3327): Failed to read licence file
E/LicenseKeyHelper( 3327): Failed to read licence file
E/LicenseKeyHelper( 3327): Failed to read licence file
E/LicenseKeyHelper( 3327): Failed to read licence file
E/LicenseKeyHelper( 3327): Failed to read licence file
E/LicenseKeyHelper( 3327): Failed to read licence file
E/LicenseKeyHelper( 3327): Failed to read licence file
E/LicenseKeyHelper( 3327): Failed to read licence file
E/LicenseKeyHelper( 3327): Failed to read licence file
E/LicenseKeyHelper( 3327): Failed to read licence file
E/LicenseKeyHelper( 3327): Failed to read licence file
E/LicenseKeyHelper( 3327): Failed to read licence file
E/LicenseKeyHelper( 3327): Failed to read licence file
E/LicenseKeyHelper( 3327): Failed to read licence file
E/LicenseKeyHelper( 3327): Failed to read licence file
E/LicenseKeyHelper( 3327): Failed to read licence file
E/LicenseKeyHelper( 3327): Failed to read licence file
E/LicenseKeyHelper( 3327): Failed to read licence file
E/LicenseKeyHelper( 3327): Failed to read licence file
E/LicenseKeyHelper( 3327): Failed to read licence file
E/LicenseKeyHelper( 3327): Failed to read licence file
E/LicenseKeyHelper( 3327): Failed to read licence file
E/LicenseKeyHelper( 3327): Failed to read licence file
E/LicenseKeyHelper( 3327): Failed to read licence file
E/LicenseKeyHelper( 3327): Failed to read licence file
E/LicenseKeyHelper( 3327): Failed to read licence file
E/LicenseKeyHelper( 3327): Failed to read licence file
E/LicenseKeyHelper( 3327): Failed to read licence file
E/LicenseKeyHelper( 3327): Failed to read licence file
E/LicenseKeyHelper( 3327): Failed to read licence file
E/LicenseKeyHelper( 3327): Failed to read licence file
E/LicenseKeyHelper( 3327): Failed to read licence file
E/LicenseKeyHelper( 3327): Failed to read licence file
E/LicenseKeyHelper( 3327): Failed to read licence file
E/LicenseKeyHelper( 3327): Failed to read licence file
E/LicenseKeyHelper( 3327): Failed to read licence file
E/LicenseKeyHelper( 3327): Failed to read licence file
E/LicenseKeyHelper( 3327): Failed to read licence file
E/LicenseKeyHelper( 3327): Failed to read licence file
E/LicenseKeyHelper( 3327): Failed to read licence file
E/LicenseKeyHelper( 3327): Failed to read licence file
E/LicenseKeyHelper( 3327): Failed to read licence file
E/LicenseKeyHelper( 3327): Failed to read licence file
E/LicenseKeyHelper( 3327): Failed to read licence file
E/LicenseKeyHelper( 3327): Failed to read licence file
E/LicenseKeyHelper( 3327): Failed to read licence file
E/LicenseKeyHelper( 3327): Failed to read licence file
E/LicenseKeyHelper( 3327): Failed to read licence file
E/LicenseKeyHelper( 3327): Failed to read licence file
E/LicenseKeyHelper( 3327): Failed to read licence file
E/LicenseKeyHelper( 3327): Failed to read licence file
E/LicenseKeyHelper( 3327): Failed to read licence file
E/LicenseKeyHelper( 3327): Failed to read licence file
E/LicenseKeyHelper( 3327): Failed to read licence file
E/LicenseKeyHelper( 3327): Failed to read licence file
E/LicenseKeyHelper( 3327): Failed to read licence file
E/LicenseKeyHelper( 3327): Failed to read licence file
E/LicenseKeyHelper( 3327): Failed to read licence file
E/LicenseKeyHelper( 3327): Failed to read licence file
E/LicenseKeyHelper( 3327): Failed to read licence file
E/LicenseKeyHelper( 3327): Failed to read licence file
E/LicenseKeyHelper( 3327): Failed to read licence file
E/LicenseKeyHelper( 3327): Failed to read licence file
E/LicenseKeyHelper( 3327): Failed to read licence file
E/LicenseKeyHelper( 3327): Failed to read licence file
E/LicenseKeyHelper( 3327): Failed to read licence file
E/LicenseKeyHelper( 3327): Failed to read licence file
E/LicenseKeyHelper( 3327): Failed to read licence file
E/LicenseKeyHelper( 3327): Failed to read licence file
E/LicenseKeyHelper( 3327): Failed to read licence file
E/LicenseKeyHelper( 3327): Failed to read licence file
E/LicenseKeyHelper( 3327): Failed to read licence file
E/LicenseKeyHelper( 3327): Failed to read licence file
E/LicenseKeyHelper( 3327): Failed to read licence file
E/LicenseKeyHelper( 3327): Failed to read licence file
E/LicenseKeyHelper( 3327): Failed to read licence file
E/LicenseKeyHelper( 3327): Failed to read licence file
E/LicenseKeyHelper( 3327): Failed to read licence file
E/WifiStateMachine(  465): WifiStateMachine CMD_START_SCAN source -2 txSuccessRate=0.00 rxSuccessRate=0.29 targetRoamBSSID=d0:76:e7:13:d0:73 RSSI=-47
E/WifiStateMachine(  465): startDelayedScan send -> 342 milli 20000
E/WifiStateMachine(  465): WifiStateMachine CMD_START_SCAN with age=280046 interval=341718 maxinterval=300000
E/WifiStateMachine(  465): WifiStateMachine CMD_START_SCAN full=false
E/WifiStateMachine(  465): WifiStateMachine starting scan for "Welcome901_2.4G"WPA_PSK with 2462
E/WifiStateMachine(  465): [1,582,969,111,276 ms] noteScanstart no scan source uid -2
E/LicenseKeyHelper( 3327): Failed to read licence file
E/LicenseKeyHelper( 3327): Failed to read licence file
E/LicenseKeyHelper( 3327): Failed to read licence file
E/WifiStateMachine(  465): [1,582,969,111,497 ms] noteScanEnd no scan source onTime=0
E/WifiStateMachine(  465): wifi setScanResults statecom.android.server.wifi.WifiStateMachine$ConnectedState@1e08ae43 sup_state=COMPLETED debouncing=false mConnectionRequests=1 selection=<none>
E/LicenseKeyHelper( 3327): Failed to read licence file
E/LicenseKeyHelper( 3327): Failed to read licence file
E/LicenseKeyHelper( 3327): Failed to read licence file
E/LicenseKeyHelper( 3327): Failed to read licence file
E/LicenseKeyHelper( 3327): Failed to read licence file
E/LicenseKeyHelper( 3327): Failed to read licence file
E/LicenseKeyHelper( 3327): Failed to read licence file
E/LicenseKeyHelper( 3327): Failed to read licence file
E/LicenseKeyHelper( 3327): Failed to read licence file
E/LicenseKeyHelper( 3327): Failed to read licence file
E/LicenseKeyHelper( 3327): Failed to read licence file
E/LicenseKeyHelper( 3327): Failed to read licence file
E/LicenseKeyHelper( 3327): Failed to read licence file
E/LicenseKeyHelper( 3327): Failed to read licence file
E/LicenseKeyHelper( 3327): Failed to read licence file
E/LicenseKeyHelper( 3327): Failed to read licence file
E/LicenseKeyHelper( 3327): Failed to read licence file
E/LicenseKeyHelper( 3327): Failed to read licence file
E/LicenseKeyHelper( 3327): Failed to read licence file
E/LicenseKeyHelper( 3327): Failed to read licence file
E/LicenseKeyHelper( 3327): Failed to read licence file
E/LicenseKeyHelper( 3327): Failed to read licence file
E/LicenseKeyHelper( 3327): Failed to read licence file
E/LicenseKeyHelper( 3327): Failed to read licence file
E/LicenseKeyHelper( 3327): Failed to read licence file
E/LicenseKeyHelper( 3327): Failed to read licence file
E/LicenseKeyHelper( 3327): Failed to read licence file
E/LicenseKeyHelper( 3327): Failed to read licence file
E/LicenseKeyHelper( 3327): Failed to read licence file
E/LicenseKeyHelper( 3327): Failed to read licence file
E/LicenseKeyHelper( 3327): Failed to read licence file
E/LicenseKeyHelper( 3327): Failed to read licence file
E/LicenseKeyHelper( 3327): Failed to read licence file
E/LicenseKeyHelper( 3327): Failed to read licence file
E/LicenseKeyHelper( 3327): Failed to read licence file
E/LicenseKeyHelper( 3327): Failed to read licence file
E/LicenseKeyHelper( 3327): Failed to read licence file
E/LicenseKeyHelper( 3327): Failed to read licence file
E/LicenseKeyHelper( 3327): Failed to read licence file
E/LicenseKeyHelper( 3327): Failed to read licence file
E/LicenseKeyHelper( 3327): Failed to read licence file
E/LicenseKeyHelper( 3327): Failed to read licence file
E/LicenseKeyHelper( 3327): Failed to read licence file
E/LicenseKeyHelper( 3327): Failed to read licence file
E/LicenseKeyHelper( 3327): Failed to read licence file
E/LicenseKeyHelper( 3327): Failed to read licence file
E/LicenseKeyHelper( 3327): Failed to read licence file
E/LicenseKeyHelper( 3327): Failed to read licence file
E/LicenseKeyHelper( 3327): Failed to read licence file
E/LicenseKeyHelper( 3327): Failed to read licence file
E/LicenseKeyHelper( 3327): Failed to read licence file
E/LicenseKeyHelper( 3327): Failed to read licence file
E/LicenseKeyHelper( 3327): Failed to read licence file
E/LicenseKeyHelper( 3327): Failed to read licence file
E/LicenseKeyHelper( 3327): Failed to read licence file
E/LicenseKeyHelper( 3327): Failed to read licence file
E/LicenseKeyHelper( 3327): Failed to read licence file
E/LicenseKeyHelper( 3327): Failed to read licence file
E/LicenseKeyHelper( 3327): Failed to read licence file
E/LicenseKeyHelper( 3327): Failed to read licence file
E/LicenseKeyHelper( 3327): Failed to read licence file
E/LicenseKeyHelper( 3327): Failed to read licence file
E/LicenseKeyHelper( 3327): Failed to read licence file
E/LicenseKeyHelper( 3327): Failed to read licence file
E/LicenseKeyHelper( 3327): Failed to read licence file
E/LicenseKeyHelper( 3327): Failed to read licence file
E/LicenseKeyHelper( 3327): Failed to read licence file
E/LicenseKeyHelper( 3327): Failed to read licence file
E/LicenseKeyHelper( 3327): Failed to read licence file
E/LicenseKeyHelper( 3327): Failed to read licence file
E/LicenseKeyHelper( 3327): Failed to read licence file
E/LicenseKeyHelper( 3327): Failed to read licence file
E/LicenseKeyHelper( 3327): Failed to read licence file
E/LicenseKeyHelper( 3327): Failed to read licence file
E/LicenseKeyHelper( 3327): Failed to read licence file
E/LicenseKeyHelper( 3327): Failed to read licence file
E/LicenseKeyHelper( 3327): Failed to read licence file
E/LicenseKeyHelper( 3327): Failed to read licence file
E/LicenseKeyHelper( 3327): Failed to read licence file
E/LicenseKeyHelper( 3327): Failed to read licence file
E/LicenseKeyHelper( 3327): Failed to read licence file
E/LicenseKeyHelper( 3327): Failed to read licence file
E/LicenseKeyHelper( 3327): Failed to read licence file
E/LicenseKeyHelper( 3327): Failed to read licence file
E/LicenseKeyHelper( 3327): Failed to read licence file
E/LicenseKeyHelper( 3327): Failed to read licence file
E/LicenseKeyHelper( 3327): Failed to read licence file
