I/ActivityStackSupervisor(  460): START u0 {act=android.intent.action.MAIN cmp=com.android.settings/.SubSettings (has extras)} from uid 1000 on display 0
V/WindowManagerService(  460): Adding window Window{469f282 u0 com.android.settings/com.android.settings.SubSettings} at 6 of 11 (after Window{3980bd86 u0 com.android.settings/com.android.settings.Settings})
D/PanelView(  603): <-----panelViewEnable =false---->
V/PhoneStatusBarView(  603): selectPanelForTouch enable=false
D/PanelView(  603): <-----panelViewEnable =false---->
I/ActivityStackSupervisor(  460): START u0 {cmp=com.android.systemui/com.android.internal.app.ExternalMediaFormatActivity (has extras)} from uid 10011 on display 0
W/ActivityStackSupervisor(  460): startActivity called from non-Activity context; forcing Intent.FLAG_ACTIVITY_NEW_TASK for: Intent { flg=0x800000 cmp=com.android.systemui/com.android.internal.app.ExternalMediaFormatActivity (has extras) }
W/InputMethodManagerService(  460): Focus gain on non-focused client com.android.internal.view.IInputMethodClient$Stub$Proxy@33da1ed7 (uid=1000 pid=1154)
V/WindowManagerService(  460): Adding window Window{3876830 u0 com.android.systemui/com.android.internal.app.ExternalMediaFormatActivity} at 7 of 12 (after Window{10f4377 u0 com.android.systemui/com.android.systemui.usb.UsbStorageActivity})
D/VoldCmdListener(  163): volume shared /mnt/internal_sd ums
V/MountService(  460): disable: path = /mnt/internal_sd ;vs= shared
D/MountService(  460): ------in MountService call setUsbMassStorageEnabled off,path= /mnt/internal_sd
D/VoldCmdListener(  163): volume unshare /mnt/internal_sd ums
I/Vold    (  163): EXTERNAL_STORAGE_FLASH is /mnt/internal_sd
I/Vold    (  163): unshare flash
D/Vold    (  163): Volume internal_sd state changing 7 (Shared-Unmounted) -> 1 (Idle-Unmounted)
I/MountService(  460): onEvent:: raw= 605 Volume internal_sd /mnt/internal_sd state changed from 7 (Shared-Unmounted) to 1 (Idle-Unmounted) cooked =  605 Volume internal_sd /mnt/internal_sd state changed from 7 (Shared-Unmounted) to 1 (Idle-Unmounted)
I/MountService(  460): notifyVolumeStateChange::shared
D/MountService(  460): sendStorageIntent Intent { act=android.intent.action.MEDIA_UNSHARED dat=file:///mnt/internal_sd flg=0x4000000 (has extras) } to UserHandle{-1}
I/MountService(  460): updating volume state for media bad removal nofs and unmountable
D/MountService(  460): volume state changed for /mnt/internal_sd (shared -> unmounted)
I/MountService(  460): doMountVolume: Mouting /mnt/internal_sd
D/VoldCmdListener(  163): volume mount /mnt/internal_sd
D/Vold    (  163):  volume status = 1----------------------
D/MountService(  460): sendStorageIntent Intent { act=android.intent.action.MEDIA_UNMOUNTED dat=file:///mnt/internal_sd flg=0x4000000 (has extras) } to UserHandle{-1}
D/DirectVolume(  163): getDeviceNodes mPartIdx = 15, mDiskNumParts = 15.
E/Vold    (  163): deviceNodes[0]= 0x0000b30f,[1]= 0x00000000,[2]= 0x00000000,[3]= 0x00000000
I/Vold    (  163): /dev/block/vold/179:15 being considered for volume internal_sd,1
I/Vold    (  163):  
D/Vold    (  163): Volume internal_sd state changing 1 (Idle-Unmounted) -> 3 (Checking)
I/MountService(  460): onEvent:: raw= 605 Volume internal_sd /mnt/internal_sd state changed from 1 (Idle-Unmounted) to 3 (Checking) cooked =  605 Volume internal_sd /mnt/internal_sd state changed from 1 (Idle-Unmounted) to 3 (Checking)
I/MountService(  460): notifyVolumeStateChange::unmounted
I/MountService(  460): updating volume state checking
D/MountService(  460): volume state changed for /mnt/internal_sd (unmounted -> checking)
D/MountService(  460): sendStorageIntent Intent { act=android.intent.action.MEDIA_CHECKING dat=file:///mnt/internal_sd flg=0x4000000 (has extras) } to UserHandle{-1}
I/ValidateNoPeople(  460): skipping global notification
I/ValidateNoPeople(  460): skipping global notification
I/Vold    (  163): Filesystem check completed OK
E/Vold    (  163): ---------set mSkipAsec to enable app2sd because mount Vfat succeed for internal_sd, mountpoint =/mnt/internal_sd
I/MountService(  460): onEvent:: raw= 613 internal_sd /mnt/internal_sd "4E98-13DB" cooked =  613 internal_sd /mnt/internal_sd 4E98-13DB
I/MountService(  460): onEvent:: raw= 614 internal_sd /mnt/internal_sd "ROCKCHIP" cooked =  614 internal_sd /mnt/internal_sd ROCKCHIP
D/Vold    (  163): Volume internal_sd state changing 3 (Checking) -> 4 (Mounted)
I/MountService(  460): onEvent:: raw= 605 Volume internal_sd /mnt/internal_sd state changed from 3 (Checking) to 4 (Mounted) cooked =  605 Volume internal_sd /mnt/internal_sd state changed from 3 (Checking) to 4 (Mounted)
I/MountService(  460): notifyVolumeStateChange::checking
I/MountService(  460): updating volume state mounted
D/MountService(  460): volume state changed for /mnt/internal_sd (checking -> mounted)
D/MountService(  460): succeed to remount /mnt/internal_sd after disabling share method ums
V/MountService(  460): disable: path = /mnt/external_sd ;vs= removed
V/MountService(  460): disable: path = /mnt/usb_storage/USB_DISK0 ;vs= removed
V/MountService(  460): disable: path = /mnt/usb_storage/USB_DISK1 ;vs= removed
V/MountService(  460): disable: path = /mnt/usb_storage/USB_DISK2 ;vs= removed
V/MountService(  460): disable: path = /mnt/usb_storage/USB_DISK3 ;vs= removed
V/MountService(  460): disable: path = /mnt/usb_storage/USB_DISK4 ;vs= removed
V/MountService(  460): disable: path = /mnt/usb_storage/USB_DISK5 ;vs= removed
D/MountService(  460): sendStorageIntent Intent { act=android.intent.action.MEDIA_MOUNTED dat=file:///mnt/internal_sd flg=0x4000000 (has extras) } to UserHandle{-1}
D/VoldCmdListener(  163): asec list
I/ValidateNoPeople(  460): skipping global notification
W/PackageManager(  460): Unknown permission com.google.android.googleapps.permission.GOOGLE_AUTH in package com.android.providers.calendar
W/PackageManager(  460): Unknown permission com.google.android.googleapps.permission.GOOGLE_AUTH.cl in package com.android.providers.calendar
W/PackageManager(  460): Unknown permission com.android.vending.CHECK_LICENSE in package com.mxtech.videoplayer.pro
W/PackageManager(  460): Unknown permission com.google.android.c2dm.permission.RECEIVE in package com.mxtech.videoplayer.pro
W/PackageManager(  460): Not granting permission android.permission.GLOBAL_SEARCH to package com.android.quicksearchbox (protectionLevel=18 flags=0x88be45)
W/PackageManager(  460): Unknown permission com.android.launcher.permission.READ_SETTINGS in package com.android.winstart
W/PackageManager(  460): Not granting permission android.permission.BIND_WALLPAPER to package com.android.camera2 (protectionLevel=18 flags=0xd8bc45)
W/PackageManager(  460): Not granting permission android.permission.BIND_APPWIDGET to package com.android.launcher3 (protectionLevel=18 flags=0xd83e45)
W/PackageManager(  460): Unknown permission android.permission.READ_SETTINGS in package com.android.launcher3
W/PackageManager(  460): Unknown permission com.android.launcher.permission.READ_SETTINGS in package com.android.launcher3
W/PackageManager(  460): Unknown permission com.android.launcher.permission.WRITE_SETTINGS in package com.android.launcher3
W/PackageManager(  460): Unknown permission com.google.android.googleapps.permission.GOOGLE_AUTH.mail in package com.android.calendar
W/PackageManager(  460): Unknown permission android.permission.ACCESS_DRM in package com.fihtdc.filemanager
W/PackageManager(  460): Not granting permission android.permission.WRITE_MEDIA_STORAGE to package com.fihtdc.filemanager (protectionLevel=18 flags=0x883e45)
W/PackageManager(  460): Unknown permission com.fihtdc.C2DMProxy.permission.GET_PASSWORD in package com.fihtdc.filemanager
W/PackageManager(  460): Not granting permission android.permission.MANAGE_DOCUMENTS to package com.fihtdc.filemanager (protectionLevel=2 flags=0x883e45)
W/PackageManager(  460): Not granting permission android.permission.INSTALL_PACKAGES to package com.android.apkinstaller (protectionLevel=18 flags=0x88be45)
W/PackageManager(  460): Not granting permission android.permission.DELETE_PACKAGES to package com.android.apkinstaller (protectionLevel=18 flags=0x88be45)
W/PackageManager(  460): Unknown permission android.Manifest.permission.INJECT_EVENTS in package com.rockchip.devicetest
W/PackageManager(  460): Not granting permission android.permission.MOUNT_UNMOUNT_FILESYSTEMS to package com.example.hu.mediaplayerapk (protectionLevel=18 flags=0xd8be46)
W/PackageManager(  460): Not granting permission android.permission.WRITE_MEDIA_STORAGE to package com.example.hu.mediaplayerapk (protectionLevel=18 flags=0xd8be46)
W/PackageManager(  460): Not granting permission android.permission.DEVICE_POWER to package com.example.hu.mediaplayerapk (protectionLevel=2 flags=0xd8be46)
W/PackageManager(  460): Not granting permission android.permission.SET_TIME to package com.example.hu.mediaplayerapk (protectionLevel=18 flags=0xd8be46)
W/PackageManager(  460): Unknown permission com.android.launcher.permission.READ_SETTINGS in package com.android.onetimeinitializer
W/PackageManager(  460): Unknown permission com.android.launcher.permission.WRITE_SETTINGS in package com.android.onetimeinitializer
W/PackageManager(  460): Unknown permission android.permission.READ_MEDIA_STORAGE in package com.android.packageinstaller
W/PackageManager(  460): Not granting permission android.permission.DELETE_PACKAGES to package com.svox.pico (protectionLevel=18 flags=0x88be45)
W/PackageManager(  460): Unknown permission com.google.android.gallery3d.permission.PICASA_STORE in package com.android.dreams.phototable
W/PackageManager(  460): Unknown permission com.google.android.googleapps.permission.GOOGLE_AUTH in package com.android.settings
W/PackageManager(  460): Unknown permission com.android.launcher.permission.READ_SETTINGS in package com.android.settings
W/PackageManager(  460): Unknown permission com.android.launcher.permission.WRITE_SETTINGS in package com.android.settings
W/PackageManager(  460): Not granting permission android.permission.WRITE_MEDIA_STORAGE to package com.android.music (protectionLevel=18 flags=0x88be65)
W/PackageManager(  460): Not granting permission android.permission.DEVICE_POWER to package com.android.music (protectionLevel=2 flags=0x88be65)
W/PackageManager(  460): Not granting permission android.permission.DEVICE_POWER to package com.android.deskclock (protectionLevel=2 flags=0xc8be45)
W/PackageManager(  460): Unknown permission com.android.launcher.permission.READ_SETTINGS in package com.android.systemui
W/PackageManager(  460): Unknown permission com.android.email.permission.READ_ATTACHMENT in package com.android.exchange
W/PackageManager(  460): Unknown permission com.android.email.permission.ACCESS_PROVIDER in package com.android.exchange
W/PackageManager(  460): Unknown permission com.google.android.gallery3d.permission.GALLERY_PROVIDER in package com.android.bluetooth
W/PackageManager(  460): Unknown permission android.permission.MMS_SEND_OUTBOX_MSG in package com.android.bluetooth
D/VoldCmdListener(  163): asec list
I/ActivityStackSupervisor(  460): START u0 {act=android.intent.action.MAIN cat=[android.intent.category.HOME] flg=0x10200000 cmp=com.android.launcher3/.Launcher} from uid 1000 on display 0
W/ContextImpl( 1021): Calling a method in the system process without a qualified user: android.app.ContextImpl.startService:1709 android.content.ContextWrapper.startService:516 android.content.ContextWrapper.startService:516 com.rockchip.devicetest.BootReceiver.onReceive:58 android.app.ActivityThread.handleReceiver:2629 
W/ContextImpl(  651): Calling a method in the system process without a qualified user: android.app.ContextImpl.startService:1709 android.content.ContextWrapper.startService:516 android.content.ContextWrapper.startService:516 android.rockchip.update.service.RKUpdateReceiver.onReceive:74 android.app.ActivityThread.handleReceiver:2629 
I/ActivityStackSupervisor(  460): START u0 {act=android.intent.action.MAIN cat=[android.intent.category.LAUNCHER] flg=0x10200000 cmp=com.example.hu.mediaplayerapk/.ui.activity.MainActivity (has extras)} from uid 10029 on display 0
V/WindowManagerService(  460): Adding window Window{12c310f9 u0 SurfaceView} at 6 of 12 (before Window{2ab764c5 u0 com.example.hu.mediaplayerapk/com.example.hu.mediaplayerapk.ui.activity.MainActivity})
I/ActivityStackSupervisor(  460): START u0 {flg=0x10000000 cmp=com.example.hu.mediaplayerapk/.ui.activity.MainActivity} from uid 10052 on display 0
I/WindowState(  460): WIN DEATH: Window{2ab764c5 u0 com.example.hu.mediaplayerapk/com.example.hu.mediaplayerapk.ui.activity.MainActivity}
I/ActivityManagerService(  460): Process com.example.hu.mediaplayerapk (pid 1544) has died
W/ActivityManagerService(  460): Scheduling restart of crashed service com.example.hu.mediaplayerapk/.service.BluetoothService in 1000ms
W/ActivityManagerService(  460): Force removing ActivityRecord{10d582f3 u0 com.example.hu.mediaplayerapk/.ui.activity.MainActivity t9}: app died, no saved state
I/WindowState(  460): WIN DEATH: Window{12c310f9 u0 SurfaceView}
D/ActivityManagerService(  460): moveHomeStackTaskToTop: moving TaskRecord{110c2eb6 #5 A=com.android.launcher3 U=0 sz=1}
W/InputMethodManagerService(  460): Focus gain on non-focused client com.android.internal.view.IInputMethodClient$Stub$Proxy@34fb03ec (uid=10029 pid=824)
W/InputMethodManagerService(  460): Window already focused, ignoring focus gain of: com.android.internal.view.IInputMethodClient$Stub$Proxy@3e9ac3b5 attribute=null, token = android.os.BinderProxy@342d5ae5
I/ActivityManagerService(  460): Start proc 2861:com.example.hu.mediaplayerapk/u0a52 for service com.example.hu.mediaplayerapk/.service.BluetoothService
I/ActivityStackSupervisor(  460): START u0 {flg=0x10000000 cmp=com.example.hu.mediaplayerapk/.ui.activity.MainActivity} from uid 10052 on display 0
I/ActivityManagerService(  460): Process com.example.hu.mediaplayerapk (pid 2861) has died
V/WindowManagerService(  460): Adding window Window{1855a933 u0 Starting com.example.hu.mediaplayerapk} at 6 of 11 (after Window{10f4377 u0 com.android.systemui/com.android.systemui.usb.UsbStorageActivity})
W/ActivityManagerService(  460): Scheduling restart of crashed service com.example.hu.mediaplayerapk/.service.BluetoothService in 4000ms
I/ActivityManagerService(  460): Start proc 2902:com.example.hu.mediaplayerapk/u0a52 for activity com.example.hu.mediaplayerapk/.ui.activity.MainActivity
V/WindowManagerService(  460): Adding window Window{30b7bd13 u0 com.example.hu.mediaplayerapk/com.example.hu.mediaplayerapk.ui.activity.MainActivity} at 6 of 12 (before Window{1855a933 u0 Starting com.example.hu.mediaplayerapk})
I/ActivityStackSupervisor(  460): START u0 {flg=0x10000000 cmp=com.example.hu.mediaplayerapk/.ui.activity.MainActivity} from uid 10052 on display 0
I/ActivityManagerService(  460): Process com.example.hu.mediaplayerapk (pid 2902) has died
I/WindowState(  460): WIN DEATH: Window{30b7bd13 u0 com.example.hu.mediaplayerapk/com.example.hu.mediaplayerapk.ui.activity.MainActivity}
W/ActivityManagerService(  460): Canceling start item Intent { cmp=com.example.hu.mediaplayerapk/.service.BluetoothService } in service ComponentInfo{com.example.hu.mediaplayerapk/com.example.hu.mediaplayerapk.service.BluetoothService}
W/ActivityManagerService(  460): Scheduling restart of crashed service com.example.hu.mediaplayerapk/.service.BluetoothService in 16000ms
W/ActivityManagerService(  460): Force removing ActivityRecord{2284aa4a u0 com.example.hu.mediaplayerapk/.ui.activity.MainActivity t13}: app died, no saved state
D/ActivityManagerService(  460): moveHomeStackTaskToTop: moving TaskRecord{110c2eb6 #5 A=com.android.launcher3 U=0 sz=1}
W/InputMethodManagerService(  460): Window already focused, ignoring focus gain of: com.android.internal.view.IInputMethodClient$Stub$Proxy@1a0dca4e attribute=null, token = android.os.BinderProxy@342d5ae5
D/TaskPersister(  460): removeObsoleteFile: deleting file=9_task.xml
D/TaskPersister(  460): removeObsoleteFile: deleting file=9_task_thumbnail.png
I/ActivityStackSupervisor(  460): START u0 {act=android.intent.action.MAIN cat=[android.intent.category.LAUNCHER] flg=0x10200000 cmp=com.example.hu.mediaplayerapk/.ui.activity.MainActivity (has extras)} from uid 10029 on display 0
V/WindowManagerService(  460): Adding window Window{18b4c3bd u0 Starting com.example.hu.mediaplayerapk} at 6 of 11 (after Window{10f4377 u0 com.android.systemui/com.android.systemui.usb.UsbStorageActivity})
I/ActivityManagerService(  460): Start proc 2938:com.example.hu.mediaplayerapk/u0a52 for activity com.example.hu.mediaplayerapk/.ui.activity.MainActivity
V/WindowManagerService(  460): Adding window Window{2c637361 u0 com.example.hu.mediaplayerapk/com.example.hu.mediaplayerapk.ui.activity.MainActivity} at 6 of 12 (before Window{18b4c3bd u0 Starting com.example.hu.mediaplayerapk})
I/ActivityStackSupervisor(  460): START u0 {flg=0x10000000 cmp=com.example.hu.mediaplayerapk/.ui.activity.MainActivity} from uid 10052 on display 0
I/ActivityManagerService(  460): Process com.example.hu.mediaplayerapk (pid 2938) has died
W/ActivityManagerService(  460): Scheduling restart of crashed service com.example.hu.mediaplayerapk/.service.BluetoothService in 64000ms
W/ActivityManagerService(  460): Force removing ActivityRecord{3092fc7c u0 com.example.hu.mediaplayerapk/.ui.activity.MainActivity t14}: app died, no saved state
D/ActivityManagerService(  460): moveHomeStackTaskToTop: moving TaskRecord{110c2eb6 #5 A=com.android.launcher3 U=0 sz=1}
W/WindowManagerService(  460): Failed looking up window
W/WindowManagerService(  460): java.lang.IllegalArgumentException: Requested window android.os.BinderProxy@19b736c8 does not exist
W/WindowManagerService(  460): 	at com.android.server.wm.WindowManagerService.windowForClientLocked(WindowManagerService.java:11084)
W/WindowManagerService(  460): 	at com.android.server.wm.WindowManagerService.windowForClientLocked(WindowManagerService.java:11075)
W/WindowManagerService(  460): 	at com.android.server.wm.WindowState$DeathRecipient.binderDied(WindowState.java:1523)
W/WindowManagerService(  460): 	at android.os.BinderProxy.sendDeathNotice(Binder.java:551)
I/WindowState(  460): WIN DEATH: null
W/WindowManagerService(  460): Failed looking up window
W/WindowManagerService(  460): java.lang.IllegalArgumentException: Requested window android.view.ViewRootImpl$W@150c5f14 does not exist
W/WindowManagerService(  460): 	at com.android.server.wm.WindowManagerService.windowForClientLocked(WindowManagerService.java:11084)
W/WindowManagerService(  460): 	at com.android.server.wm.WindowManagerService.windowForClientLocked(WindowManagerService.java:11075)
W/WindowManagerService(  460): 	at com.android.server.wm.WindowManagerService.removeWindow(WindowManagerService.java:2780)
W/WindowManagerService(  460): 	at com.android.server.wm.Session.remove(Session.java:197)
W/WindowManagerService(  460): 	at android.view.ViewRootImpl.dispatchDetachedFromWindow(ViewRootImpl.java:3233)
W/WindowManagerService(  460): 	at android.view.ViewRootImpl.doDie(ViewRootImpl.java:5776)
W/WindowManagerService(  460): 	at android.view.ViewRootImpl$ViewRootHandler.handleMessage(ViewRootImpl.java:3564)
W/WindowManagerService(  460): 	at android.os.Handler.dispatchMessage(Handler.java:102)
W/WindowManagerService(  460): 	at android.os.Looper.loop(Looper.java:135)
W/WindowManagerService(  460): 	at android.os.HandlerThread.run(HandlerThread.java:61)
W/WindowManagerService(  460): 	at com.android.server.ServiceThread.run(ServiceThread.java:46)
W/InputMethodManagerService(  460): Window already focused, ignoring focus gain of: com.android.internal.view.IInputMethodClient$Stub$Proxy@286cf774 attribute=null, token = android.os.BinderProxy@342d5ae5
I/ActivityStackSupervisor(  460): START u0 {act=android.intent.action.MAIN cat=[android.intent.category.LAUNCHER] flg=0x10200000 cmp=com.fihtdc.filemanager/.FileManager (has extras)} from uid 10029 on display 0
I/ActivityStackSupervisor(  460): START u0 {cmp=com.fihtdc.filemanager/.FileManagerMain} from uid 10033 on display 0
W/ActivityManagerService(  460): Unable to start service Intent { act=com.fihtdc.cloudagent2.service.ICloudService cmp=com.fihtdc.cloudagent2/.service.CloudService } U=0: not found
V/WindowManagerService(  460): Based on layer: Adding window Window{198b2f0d u0 com.fihtdc.filemanager/com.fihtdc.filemanager.FileManagerMain} at 6 of 11
D/TaskPersister(  460): removeObsoleteFile: deleting file=12_task.xml
D/TaskPersister(  460): removeObsoleteFile: deleting file=12_task_thumbnail.png
I/ActivityStackSupervisor(  460): START u0 {act=android.intent.action.VIEW dat=file:///mnt/internal_sd/Beacons/beaconList.csv typ=text/comma-separated-values} from uid 10033 on display 0
W/FileUtils( 1069): Failed to chmod(/mnt/internal_sd/.com.fihtdc.filemanager/recent/recent.db): android.system.ErrnoException: chmod failed: EPERM (Operation not permitted)
I/ActivityStackSupervisor(  460): START u0 {act=android.intent.action.MAIN cat=[android.intent.category.HOME] flg=0x10200000 cmp=com.android.launcher3/.Launcher} from uid 1000 on display 0
I/ActivityStackSupervisor(  460): START u0 {act=android.intent.action.MAIN cat=[android.intent.category.LAUNCHER] flg=0x10200000 cmp=com.example.hu.mediaplayerapk/.ui.activity.MainActivity (has extras)} from uid 10029 on display 0
V/WindowManagerService(  460): Adding window Window{1092f217 u0 Starting com.example.hu.mediaplayerapk} at 7 of 12 (after Window{198b2f0d u0 com.fihtdc.filemanager/com.fihtdc.filemanager.FileManagerMain})
I/ActivityManagerService(  460): Start proc 3016:com.example.hu.mediaplayerapk/u0a52 for activity com.example.hu.mediaplayerapk/.ui.activity.MainActivity
V/WindowManagerService(  460): Adding window Window{335c751b u0 com.example.hu.mediaplayerapk/com.example.hu.mediaplayerapk.ui.activity.MainActivity} at 7 of 13 (before Window{1092f217 u0 Starting com.example.hu.mediaplayerapk})
I/ActivityStackSupervisor(  460): START u0 {flg=0x10000000 cmp=com.example.hu.mediaplayerapk/.ui.activity.MainActivity} from uid 10052 on display 0
I/ActivityManagerService(  460): Process com.example.hu.mediaplayerapk (pid 3016) has died
I/WindowState(  460): WIN DEATH: Window{335c751b u0 com.example.hu.mediaplayerapk/com.example.hu.mediaplayerapk.ui.activity.MainActivity}
W/ActivityManagerService(  460): Canceling start item Intent { cmp=com.example.hu.mediaplayerapk/.service.BluetoothService } in service ComponentInfo{com.example.hu.mediaplayerapk/com.example.hu.mediaplayerapk.service.BluetoothService}
W/ActivityManagerService(  460): Scheduling restart of crashed service com.example.hu.mediaplayerapk/.service.BluetoothService in 256000ms
W/ActivityManagerService(  460): Force removing ActivityRecord{35773dbe u0 com.example.hu.mediaplayerapk/.ui.activity.MainActivity t16}: app died, no saved state
D/ActivityManagerService(  460): moveHomeStackTaskToTop: moving TaskRecord{110c2eb6 #5 A=com.android.launcher3 U=0 sz=1}
W/WindowManagerService(  460): Failed looking up window
W/WindowManagerService(  460): java.lang.IllegalArgumentException: Requested window android.view.ViewRootImpl$W@3f4b4696 does not exist
W/WindowManagerService(  460): 	at com.android.server.wm.WindowManagerService.windowForClientLocked(WindowManagerService.java:11084)
W/WindowManagerService(  460): 	at com.android.server.wm.WindowManagerService.windowForClientLocked(WindowManagerService.java:11075)
W/WindowManagerService(  460): 	at com.android.server.wm.WindowManagerService.relayoutWindow(WindowManagerService.java:3827)
W/WindowManagerService(  460): 	at com.android.server.wm.Session.relayout(Session.java:207)
W/WindowManagerService(  460): 	at android.view.ViewRootImpl.relayoutWindow(ViewRootImpl.java:5581)
W/WindowManagerService(  460): 	at android.view.ViewRootImpl.performTraversals(ViewRootImpl.java:1623)
W/WindowManagerService(  460): 	at android.view.ViewRootImpl.doTraversal(ViewRootImpl.java:1161)
W/WindowManagerService(  460): 	at android.view.ViewRootImpl$TraversalRunnable.run(ViewRootImpl.java:6198)
W/WindowManagerService(  460): 	at android.view.Choreographer$CallbackRecord.run(Choreographer.java:767)
W/WindowManagerService(  460): 	at android.view.Choreographer.doCallbacks(Choreographer.java:580)
W/WindowManagerService(  460): 	at android.view.Choreographer.doFrame(Choreographer.java:550)
W/WindowManagerService(  460): 	at android.view.Choreographer$FrameDisplayEventReceiver.run(Choreographer.java:753)
W/WindowManagerService(  460): 	at android.os.Handler.handleCallback(Handler.java:739)
W/WindowManagerService(  460): 	at android.os.Handler.dispatchMessage(Handler.java:95)
W/WindowManagerService(  460): 	at android.os.Looper.loop(Looper.java:135)
W/WindowManagerService(  460): 	at android.os.HandlerThread.run(HandlerThread.java:61)
W/WindowManagerService(  460): 	at com.android.server.ServiceThread.run(ServiceThread.java:46)
W/WindowManagerService(  460): Failed looking up window
W/WindowManagerService(  460): java.lang.IllegalArgumentException: Requested window android.view.ViewRootImpl$W@3f4b4696 does not exist
W/WindowManagerService(  460): 	at com.android.server.wm.WindowManagerService.windowForClientLocked(WindowManagerService.java:11084)
W/WindowManagerService(  460): 	at com.android.server.wm.WindowManagerService.windowForClientLocked(WindowManagerService.java:11075)
W/WindowManagerService(  460): 	at com.android.server.wm.WindowManagerService.removeWindow(WindowManagerService.java:2780)
W/WindowManagerService(  460): 	at com.android.server.wm.Session.remove(Session.java:197)
W/WindowManagerService(  460): 	at android.view.ViewRootImpl.dispatchDetachedFromWindow(ViewRootImpl.java:3233)
W/WindowManagerService(  460): 	at android.view.ViewRootImpl.doDie(ViewRootImpl.java:5776)
W/WindowManagerService(  460): 	at android.view.ViewRootImpl$ViewRootHandler.handleMessage(ViewRootImpl.java:3564)
W/WindowManagerService(  460): 	at android.os.Handler.dispatchMessage(Handler.java:102)
W/WindowManagerService(  460): 	at android.os.Looper.loop(Looper.java:135)
W/WindowManagerService(  460): 	at android.os.HandlerThread.run(HandlerThread.java:61)
W/WindowManagerService(  460): 	at com.android.server.ServiceThread.run(ServiceThread.java:46)
W/InputMethodManagerService(  460): Window already focused, ignoring focus gain of: com.android.internal.view.IInputMethodClient$Stub$Proxy@b91c7f6 attribute=null, token = android.os.BinderProxy@342d5ae5
D/PanelView(  603): <-----panelViewEnable =false---->
V/PhoneStatusBarView(  603): selectPanelForTouch enable=false
D/PanelView(  603): <-----panelViewEnable =false---->
I/ActivityStackSupervisor(  460): START u0 {flg=0x10000000 cmp=com.android.systemui/.usb.UsbStorageActivity} from uid 10011 on display 0
D/VoldCmdListener(  163): volume shared /mnt/internal_sd ums
D/VoldCmdListener(  163): storage users /mnt/internal_sd
V/WindowManagerService(  460): not Base app: Adding window Window{da4e094 u0 com.android.systemui/com.android.systemui.usb.UsbStorageActivity} at 7 of 12
D/MountService(  460): ------in MountService call setUsbMassStorageEnabled on,path= /mnt/internal_sd
V/MountService(  460): setUsbMassStorageEnabled: true, waiting....
D/VoldCmdListener(  163): asec list
W/InputMethodManagerService(  460): Window already focused, ignoring focus gain of: com.android.internal.view.IInputMethodClient$Stub$Proxy@25397200 attribute=null, token = android.os.BinderProxy@d6a8176
D/VoldCmdListener(  163): storage users /mnt/internal_sd
W/ActivityManagerService(  460): Killing processes unmount media at adjustment 7
I/ActivityManagerService(  460): Killing 1069:com.fihtdc.filemanager/u0a33 (adj 7): unmount media
I/WindowState(  460): WIN DEATH: Window{198b2f0d u0 com.fihtdc.filemanager/com.fihtdc.filemanager.FileManagerMain}
D/VoldCmdListener(  163): storage users /mnt/internal_sd
V/MountService(  460): setUsbMassStorageEnabled: true, waiting....
D/VoldCmdListener(  163): volume unmount /mnt/internal_sd force
D/Vold    (  163): Volume internal_sd state changing 4 (Mounted) -> 5 (Unmounting)
I/MountService(  460): onEvent:: raw= 605 Volume internal_sd /mnt/internal_sd state changed from 4 (Mounted) to 5 (Unmounting) cooked =  605 Volume internal_sd /mnt/internal_sd state changed from 4 (Mounted) to 5 (Unmounting)
I/MountService(  460): notifyVolumeStateChange::mounted
D/MountService(  460): sendStorageIntent Intent { act=android.intent.action.MEDIA_EJECT dat=file:///mnt/internal_sd flg=0x4000000 (has extras) } to UserHandle{-1}
I/ActivityManagerService(  460): Start proc 3080:com.fihtdc.filemanager/u0a33 for broadcast com.fihtdc.filemanager/.provider.ApksReceiver
V/MountService(  460): setUsbMassStorageEnabled: true, waiting....
V/MountService(  460): setUsbMassStorageEnabled: true, waiting....
V/MountService(  460): setUsbMassStorageEnabled: true, waiting....
V/MountService(  460): setUsbMassStorageEnabled: true, waiting....
I/Vold    (  163): /mnt/secure/asec sucessfully unmounted
E/Vold    (  163): Succeed to umount secure area on /mnt/internal_sd
I/Vold    (  163): /mnt/internal_sd sucessfully unmounted
I/Vold    (  163): /mnt/internal_sd sucessfully unmounted
I/Vold    (  163): /mnt/internal_sd unmounted successfully
D/Vold    (  163): Volume internal_sd state changing 5 (Unmounting) -> 1 (Idle-Unmounted)
I/MountService(  460): onEvent:: raw= 613 internal_sd /mnt/internal_sd cooked =  613 internal_sd /mnt/internal_sd
I/MountService(  460): onEvent:: raw= 614 internal_sd /mnt/internal_sd cooked =  614 internal_sd /mnt/internal_sd
I/MountService(  460): onEvent:: raw= 605 Volume internal_sd /mnt/internal_sd state changed from 5 (Unmounting) to 1 (Idle-Unmounted) cooked =  605 Volume internal_sd /mnt/internal_sd state changed from 5 (Unmounting) to 1 (Idle-Unmounted)
I/MountService(  460): notifyVolumeStateChange::mounted
E/VoldConnector(  460): NDC Command {26 volume unmount /mnt/internal_sd force} took too long (2026ms)
D/VoldCmdListener(  163): volume share /mnt/internal_sd ums
I/Vold    (  163): EXTERNAL_STORAGE_FLASH is /mnt/internal_sd
I/Vold    (  163): share flash
D/Vold    (  163): Volume internal_sd state changing 1 (Idle-Unmounted) -> 7 (Shared-Unmounted)
I/MountService(  460): onEvent:: raw= 605 Volume internal_sd /mnt/internal_sd state changed from 1 (Idle-Unmounted) to 7 (Shared-Unmounted) cooked =  605 Volume internal_sd /mnt/internal_sd state changed from 1 (Idle-Unmounted) to 7 (Shared-Unmounted)
I/MountService(  460): notifyVolumeStateChange::mounted
I/MountService(  460): Updating volume state media mounted
D/MountService(  460): volume state changed for /mnt/internal_sd (mounted -> unmounted)
D/MountService(  460): sendStorageIntent Intent { act=android.intent.action.MEDIA_UNMOUNTED dat=file:///mnt/internal_sd flg=0x4000000 (has extras) } to UserHandle{-1}
I/MountService(  460): Updating media shared
D/MountService(  460): volume state changed for /mnt/internal_sd (unmounted -> shared)
D/MountService(  460): sendStorageIntent Intent { act=android.intent.action.MEDIA_SHARED dat=file:///mnt/internal_sd flg=0x4000000 (has extras) } to UserHandle{-1}
I/ActivityManagerService(  460): Start proc 3100:com.example.hu.mediaplayerapk/u0a52 for broadcast com.example.hu.mediaplayerapk/.broadcast.BootCompletedReceive
I/ValidateNoPeople(  460): skipping global notification
I/ValidateNoPeople(  460): skipping global notification
I/ValidateNoPeople(  460): skipping global notification
D/VoldCmdListener(  163): volume mkdirs /mnt/internal_sd/Android/data/com.example.hu.mediaplayerapk/files/
W/Vold    (  163): Returning OperationFailed - no handler for errno 30
D/MountService(  460): volume /mnt/internal_sd has been shared
D/MountService(  460): setUsbMassStorageEnabled but volume is not in Mount state
D/MountService(  460): setUsbMassStorageEnabled but volume is not in Mount state
D/MountService(  460): setUsbMassStorageEnabled but volume is not in Mount state
D/MountService(  460): setUsbMassStorageEnabled but volume is not in Mount state
D/MountService(  460): setUsbMassStorageEnabled but volume is not in Mount state
D/MountService(  460): setUsbMassStorageEnabled but volume is not in Mount state
D/MountService(  460): setUsbMassStorageEnabled but volume is not in Mount state
V/MountService(  460): disable: path = /mnt/internal_sd ;vs= shared
D/MountService(  460): ------in MountService call setUsbMassStorageEnabled off,path= /mnt/internal_sd
D/VoldCmdListener(  163): volume unshare /mnt/internal_sd ums
I/Vold    (  163): EXTERNAL_STORAGE_FLASH is /mnt/internal_sd
I/Vold    (  163): unshare flash
D/Vold    (  163): Volume internal_sd state changing 7 (Shared-Unmounted) -> 1 (Idle-Unmounted)
I/MountService(  460): onEvent:: raw= 605 Volume internal_sd /mnt/internal_sd state changed from 7 (Shared-Unmounted) to 1 (Idle-Unmounted) cooked =  605 Volume internal_sd /mnt/internal_sd state changed from 7 (Shared-Unmounted) to 1 (Idle-Unmounted)
I/MountService(  460): notifyVolumeStateChange::shared
D/MountService(  460): sendStorageIntent Intent { act=android.intent.action.MEDIA_UNSHARED dat=file:///mnt/internal_sd flg=0x4000000 (has extras) } to UserHandle{-1}
I/MountService(  460): doMountVolume: Mouting /mnt/internal_sd
I/MountService(  460): updating volume state for media bad removal nofs and unmountable
D/MountService(  460): volume state changed for /mnt/internal_sd (shared -> unmounted)
D/VoldCmdListener(  163): volume mount /mnt/internal_sd
D/Vold    (  163):  volume status = 1----------------------
D/DirectVolume(  163): getDeviceNodes mPartIdx = 15, mDiskNumParts = 15.
E/Vold    (  163): deviceNodes[0]= 0x0000b30f,[1]= 0x00000000,[2]= 0x00000000,[3]= 0x00000000
I/Vold    (  163): /dev/block/vold/179:15 being considered for volume internal_sd,1
I/Vold    (  163):  
D/Vold    (  163): Volume internal_sd state changing 1 (Idle-Unmounted) -> 3 (Checking)
D/MountService(  460): sendStorageIntent Intent { act=android.intent.action.MEDIA_UNMOUNTED dat=file:///mnt/internal_sd flg=0x4000000 (has extras) } to UserHandle{-1}
I/MountService(  460): onEvent:: raw= 605 Volume internal_sd /mnt/internal_sd state changed from 1 (Idle-Unmounted) to 3 (Checking) cooked =  605 Volume internal_sd /mnt/internal_sd state changed from 1 (Idle-Unmounted) to 3 (Checking)
I/MountService(  460): notifyVolumeStateChange::unmounted
I/MountService(  460): updating volume state checking
D/MountService(  460): volume state changed for /mnt/internal_sd (unmounted -> checking)
D/MountService(  460): sendStorageIntent Intent { act=android.intent.action.MEDIA_CHECKING dat=file:///mnt/internal_sd flg=0x4000000 (has extras) } to UserHandle{-1}
I/ValidateNoPeople(  460): skipping global notification
I/ValidateNoPeople(  460): skipping global notification
I/Vold    (  163): Filesystem check completed OK
E/Vold    (  163): ---------set mSkipAsec to enable app2sd because mount Vfat succeed for internal_sd, mountpoint =/mnt/internal_sd
I/MountService(  460): onEvent:: raw= 613 internal_sd /mnt/internal_sd "4E98-13DB" cooked =  613 internal_sd /mnt/internal_sd 4E98-13DB
I/MountService(  460): onEvent:: raw= 614 internal_sd /mnt/internal_sd "ROCKCHIP" cooked =  614 internal_sd /mnt/internal_sd ROCKCHIP
D/Vold    (  163): Volume internal_sd state changing 3 (Checking) -> 4 (Mounted)
I/MountService(  460): onEvent:: raw= 605 Volume internal_sd /mnt/internal_sd state changed from 3 (Checking) to 4 (Mounted) cooked =  605 Volume internal_sd /mnt/internal_sd state changed from 3 (Checking) to 4 (Mounted)
I/MountService(  460): notifyVolumeStateChange::checking
I/MountService(  460): updating volume state mounted
D/MountService(  460): succeed to remount /mnt/internal_sd after disabling share method ums
V/MountService(  460): disable: path = /mnt/external_sd ;vs= removed
V/MountService(  460): disable: path = /mnt/usb_storage/USB_DISK0 ;vs= removed
V/MountService(  460): disable: path = /mnt/usb_storage/USB_DISK1 ;vs= removed
V/MountService(  460): disable: path = /mnt/usb_storage/USB_DISK2 ;vs= removed
V/MountService(  460): disable: path = /mnt/usb_storage/USB_DISK3 ;vs= removed
V/MountService(  460): disable: path = /mnt/usb_storage/USB_DISK4 ;vs= removed
V/MountService(  460): disable: path = /mnt/usb_storage/USB_DISK5 ;vs= removed
D/MountService(  460): volume state changed for /mnt/internal_sd (checking -> mounted)
D/MountService(  460): sendStorageIntent Intent { act=android.intent.action.MEDIA_MOUNTED dat=file:///mnt/internal_sd flg=0x4000000 (has extras) } to UserHandle{-1}
D/VoldCmdListener(  163): asec list
I/ValidateNoPeople(  460): skipping global notification
W/PackageManager(  460): Unknown permission com.google.android.googleapps.permission.GOOGLE_AUTH in package com.android.providers.calendar
W/PackageManager(  460): Unknown permission com.google.android.googleapps.permission.GOOGLE_AUTH.cl in package com.android.providers.calendar
W/PackageManager(  460): Unknown permission com.android.vending.CHECK_LICENSE in package com.mxtech.videoplayer.pro
W/PackageManager(  460): Unknown permission com.google.android.c2dm.permission.RECEIVE in package com.mxtech.videoplayer.pro
W/PackageManager(  460): Not granting permission android.permission.GLOBAL_SEARCH to package com.android.quicksearchbox (protectionLevel=18 flags=0x88be45)
W/PackageManager(  460): Unknown permission com.android.launcher.permission.READ_SETTINGS in package com.android.winstart
W/PackageManager(  460): Not granting permission android.permission.BIND_WALLPAPER to package com.android.camera2 (protectionLevel=18 flags=0xd8bc45)
W/PackageManager(  460): Not granting permission android.permission.BIND_APPWIDGET to package com.android.launcher3 (protectionLevel=18 flags=0xd83e45)
W/PackageManager(  460): Unknown permission android.permission.READ_SETTINGS in package com.android.launcher3
W/PackageManager(  460): Unknown permission com.android.launcher.permission.READ_SETTINGS in package com.android.launcher3
W/PackageManager(  460): Unknown permission com.android.launcher.permission.WRITE_SETTINGS in package com.android.launcher3
W/PackageManager(  460): Unknown permission com.google.android.googleapps.permission.GOOGLE_AUTH.mail in package com.android.calendar
W/PackageManager(  460): Unknown permission android.permission.ACCESS_DRM in package com.fihtdc.filemanager
W/PackageManager(  460): Not granting permission android.permission.WRITE_MEDIA_STORAGE to package com.fihtdc.filemanager (protectionLevel=18 flags=0x883e45)
W/PackageManager(  460): Unknown permission com.fihtdc.C2DMProxy.permission.GET_PASSWORD in package com.fihtdc.filemanager
W/PackageManager(  460): Not granting permission android.permission.MANAGE_DOCUMENTS to package com.fihtdc.filemanager (protectionLevel=2 flags=0x883e45)
W/PackageManager(  460): Not granting permission android.permission.INSTALL_PACKAGES to package com.android.apkinstaller (protectionLevel=18 flags=0x88be45)
W/PackageManager(  460): Not granting permission android.permission.DELETE_PACKAGES to package com.android.apkinstaller (protectionLevel=18 flags=0x88be45)
W/PackageManager(  460): Unknown permission android.Manifest.permission.INJECT_EVENTS in package com.rockchip.devicetest
W/PackageManager(  460): Not granting permission android.permission.MOUNT_UNMOUNT_FILESYSTEMS to package com.example.hu.mediaplayerapk (protectionLevel=18 flags=0xd8be46)
W/PackageManager(  460): Not granting permission android.permission.WRITE_MEDIA_STORAGE to package com.example.hu.mediaplayerapk (protectionLevel=18 flags=0xd8be46)
W/PackageManager(  460): Not granting permission android.permission.DEVICE_POWER to package com.example.hu.mediaplayerapk (protectionLevel=2 flags=0xd8be46)
W/PackageManager(  460): Not granting permission android.permission.SET_TIME to package com.example.hu.mediaplayerapk (protectionLevel=18 flags=0xd8be46)
W/PackageManager(  460): Unknown permission com.android.launcher.permission.READ_SETTINGS in package com.android.onetimeinitializer
W/PackageManager(  460): Unknown permission com.android.launcher.permission.WRITE_SETTINGS in package com.android.onetimeinitializer
W/PackageManager(  460): Unknown permission android.permission.READ_MEDIA_STORAGE in package com.android.packageinstaller
W/PackageManager(  460): Not granting permission android.permission.DELETE_PACKAGES to package com.svox.pico (protectionLevel=18 flags=0x88be45)
W/PackageManager(  460): Unknown permission com.google.android.gallery3d.permission.PICASA_STORE in package com.android.dreams.phototable
W/PackageManager(  460): Unknown permission com.google.android.googleapps.permission.GOOGLE_AUTH in package com.android.settings
W/PackageManager(  460): Unknown permission com.android.launcher.permission.READ_SETTINGS in package com.android.settings
W/PackageManager(  460): Unknown permission com.android.launcher.permission.WRITE_SETTINGS in package com.android.settings
W/PackageManager(  460): Not granting permission android.permission.WRITE_MEDIA_STORAGE to package com.android.music (protectionLevel=18 flags=0x88be65)
W/PackageManager(  460): Not granting permission android.permission.DEVICE_POWER to package com.android.music (protectionLevel=2 flags=0x88be65)
W/PackageManager(  460): Not granting permission android.permission.DEVICE_POWER to package com.android.deskclock (protectionLevel=2 flags=0xc8be45)
W/PackageManager(  460): Unknown permission com.android.launcher.permission.READ_SETTINGS in package com.android.systemui
W/PackageManager(  460): Unknown permission com.android.email.permission.READ_ATTACHMENT in package com.android.exchange
W/PackageManager(  460): Unknown permission com.android.email.permission.ACCESS_PROVIDER in package com.android.exchange
W/PackageManager(  460): Unknown permission com.google.android.gallery3d.permission.GALLERY_PROVIDER in package com.android.bluetooth
W/PackageManager(  460): Unknown permission android.permission.MMS_SEND_OUTBOX_MSG in package com.android.bluetooth
D/VoldCmdListener(  163): asec list
I/ActivityStackSupervisor(  460): START u0 {act=android.intent.action.MAIN cat=[android.intent.category.HOME] flg=0x10200000 cmp=com.android.launcher3/.Launcher} from uid 1000 on display 0
W/ContextImpl( 1021): Calling a method in the system process without a qualified user: android.app.ContextImpl.startService:1709 android.content.ContextWrapper.startService:516 android.content.ContextWrapper.startService:516 com.rockchip.devicetest.BootReceiver.onReceive:58 android.app.ActivityThread.handleReceiver:2629 
W/ContextImpl(  651): Calling a method in the system process without a qualified user: android.app.ContextImpl.startService:1709 android.content.ContextWrapper.startService:516 android.content.ContextWrapper.startService:516 android.rockchip.update.service.RKUpdateReceiver.onReceive:74 android.app.ActivityThread.handleReceiver:2629 
I/ActivityStackSupervisor(  460): START u0 {flg=0x10000000 cmp=com.example.hu.mediaplayerapk/.ui.activity.MainActivity} from uid 10052 on display 0
W/ActivityManagerService(  460): Activity start request from 10052 stopped
I/ActivityStackSupervisor(  460): START u0 {act=android.intent.action.MAIN cat=[android.intent.category.LAUNCHER] flg=0x10200000 cmp=com.example.hu.mediaplayerapk/.ui.activity.MainActivity (has extras)} from uid 10029 on display 0
V/WindowManagerService(  460): Adding window Window{20bec81d u0 Starting com.example.hu.mediaplayerapk} at 6 of 11 (after Window{10f4377 u0 com.android.systemui/com.android.systemui.usb.UsbStorageActivity})
V/WindowManagerService(  460): Adding window Window{15d2a1c1 u0 com.example.hu.mediaplayerapk/com.example.hu.mediaplayerapk.ui.activity.MainActivity} at 6 of 12 (before Window{20bec81d u0 Starting com.example.hu.mediaplayerapk})
V/WindowManagerService(  460): Adding window Window{1ab088a7 u0 SurfaceView} at 6 of 13 (before Window{15d2a1c1 u0 com.example.hu.mediaplayerapk/com.example.hu.mediaplayerapk.ui.activity.MainActivity})
W/AppOps  (  460): Bad call: specified package media under uid 1000 but it is really 1013
--------- beginning of main
D/RkExtensionPlayer(  170): ~RkExtensionPlayer in
D/RkExtensionPlayer(  170): RkExtensionPlayer::closeExtendSubDecoder in
E/FFExtensionSource(  170): ~FFExtensionSource in
D/RockFFPlayer(  170): FFMediaSource context null. 
E/FFExtensionSource(  170): ~FFExtensionSource out
D/RockFFPlayer(  170): ~FFMediaSource
D/RockFFPlayer(  170): FFMediaSource context null. 
D/RkExtensionPlayer(  170): closeExtendSubDecoder out
I/Binder_4( 3537): type=1400 audit(0.0:36): avc: denied { read } for name="subtitle" dev="mmcblk0p13" ino=20392 scontext=u:r:mediaserver:s0 tcontext=u:object_r:system_data_file:s0 tclass=dir permissive=1
I/Binder_4( 3537): type=1400 audit(0.0:37): avc: denied { open } for path="/data/subtitle" dev="mmcblk0p13" ino=20392 scontext=u:r:mediaserver:s0 tcontext=u:object_r:system_data_file:s0 tclass=dir permissive=1
I/RockFFPlayer(  170): prepareSubtitle in
E/RockFFPlayer(  170): hasSubtitle return fail
E/DecodeAudio(  170): mStream->codec->channels = 2  mStream->codec->sample_rate = 48000
D/DecodeAudio(  170): decode audio mAudioOutputMode = 0
D/DecodeVideo(  170): CrFeatureHelper -->   hwdec_flag = 1,Codec->codec_id = 0x1c
D/RockFFPlayer(  170): avg.frame.den=1001,avg.frame.num=30000
D/RockFFPlayer(  170): timebase.den=60000,timebase.num=1
D/RockFFPlayer(  170): codecbase.den=120000,codecbase.num=1
D/RockFFPlayer(  170): getVideoFrameRate: use avg frame rate: 29.970030
D/RockFFPlayer(  170): getVideoFrameRate:frameRate=29.970030
E/PtsProcess(  170): setFrameRate():mFrameRate = 29.970030
E/TraceThread(  170): TraceThread::dumpTrace() FileName:/data/trace_thread.log
D/RockFFPlayerBase(  170): dumpStatus(): Preapared
I/Binder_4( 3537): type=1400 audit(0.0:38): avc: denied { create } for name="trace_thread.log" scontext=u:r:mediaserver:s0 tcontext=u:object_r:system_data_file:s0 tclass=file permissive=1
I/Binder_4( 3537): type=1400 audit(0.0:39): avc: denied { write open } for path="/data/trace_thread.log" dev="mmcblk0p13" ino=67 scontext=u:r:mediaserver:s0 tcontext=u:object_r:system_data_file:s0 tclass=file permissive=1
I/RockFFPlayer(  170): doPrepareFinish ok
D/RockFFPlayer(  170): run : dequeueMessage Message 1 OK
D/RockFFPlayer(  170): Messagecomplete type [1]
D/RockFFPlayer(  170): enqueueMessage:sync wait ok
I/RockFFPlayer(  170): decodeMovie:getCurrentStatus() = 8
E/MediaPlayer( 3100): Should have subtitle controller already set
E/MediaPlayerImp( 3100): play: /mnt/internal_sd/impactv/手洗い_スタンバイ画面.mp4
E/BluetoothService( 3100): onLeScan: device = 73:53:3E:C4:BD:18
E/BluetoothService( 3100): onLeScan: device = 35:9E:53:FD:9A:04
E/MediaPlayer( 3100): Should have subtitle controller already set
D/RockFFPlayer(  170): setLooping(): loop = 0
D/RockFFPlayer(  170): setLooping(): loop = 0
D/RockFFPlayer(  170): start()**************
D/RockFFPlayerBase(  170): dumpStatus(): Preapared
D/RockFFPlayerBase(  170): allocDecoderBuffer***********
D/RockFFPlayerBase(  170): allocDecoderBuffer(): mVideoWidth = 1280,mVideoHeight = 800
D/NativeWindowBuffer(  170): MALLOC:def->mWidth=1280,def->mHeight=800,def->nBufferSize=1843200
D/NativeWindowBuffer(  170): native_window_set_buffers_geometry before mNativeWindow = 0xb7298490
D/RockFFPlayer(  170): run : Message 1 complete
D/NativeWindowBuffer(  170): OMX-buffers: min=2 actual=32 undeq=1+1 def.mWidth = 1280 def.mHeight = 800
D/NativeWindowBuffer(  170): allocating 32 buffers from a native window of size 1843200 on output port
D/NativeWindowBuffer(  170): registered graphic buffer with ID 0x46 (pointer = 0xb72b4580 , 0xb72b9cf8) phy_addr = 0
D/NativeWindowBuffer(  170): registered graphic buffer with ID 0x47 (pointer = 0xb72b4738 , 0xb72b9928) phy_addr = 0
D/NativeWindowBuffer(  170): registered graphic buffer with ID 0x48 (pointer = 0xb72b4848 , 0xb72b9558) phy_addr = 0
D/NativeWindowBuffer(  170): registered graphic buffer with ID 0x49 (pointer = 0xb72b4958 , 0xb72b9188) phy_addr = 0
D/NativeWindowBuffer(  170): registered graphic buffer with ID 0x4a (pointer = 0xb72b4a68 , 0xb72b8db8) phy_addr = 0
D/NativeWindowBuffer(  170): registered graphic buffer with ID 0x4b (pointer = 0xb72b4cb0 , 0xb72b89e8) phy_addr = 0
D/NativeWindowBuffer(  170): registered graphic buffer with ID 0x4c (pointer = 0xb72b4dc0 , 0xb72b8618) phy_addr = 0
D/NativeWindowBuffer(  170): registered graphic buffer with ID 0x4d (pointer = 0xb72adee8 , 0xb72b4608) phy_addr = 0
D/NativeWindowBuffer(  170): registered graphic buffer with ID 0x4e (pointer = 0xb72aecd8 , 0xb72aec48) phy_addr = 0
D/NativeWindowBuffer(  170): registered graphic buffer with ID 0x4f (pointer = 0xb72b1218 , 0xb72b0210) phy_addr = 0
D/NativeWindowBuffer(  170): registered graphic buffer with ID 0x50 (pointer = 0xb72af940 , 0xb72af8b0) phy_addr = 0
D/NativeWindowBuffer(  170): registered graphic buffer with ID 0x51 (pointer = 0xb72b4af0 , 0xb72b0a48) phy_addr = 0
D/NativeWindowBuffer(  170): registered graphic buffer with ID 0x52 (pointer = 0xb72c0ed0 , 0xb72c0e40) phy_addr = 0
D/NativeWindowBuffer(  170): registered graphic buffer with ID 0x53 (pointer = 0xb72c1070 , 0xb72c0fe0) phy_addr = 0
D/NativeWindowBuffer(  170): registered graphic buffer with ID 0x54 (pointer = 0xb72c1210 , 0xb72c1180) phy_addr = 0
D/NativeWindowBuffer(  170): registered graphic buffer with ID 0x55 (pointer = 0xb72c0d48 , 0xb72c0cb8) phy_addr = 0
D/NativeWindowBuffer(  170): registered graphic buffer with ID 0x56 (pointer = 0xb72c1700 , 0xb72c1670) phy_addr = 0
D/NativeWindowBuffer(  170): registered graphic buffer with ID 0x57 (pointer = 0xb72c18a0 , 0xb72c1810) phy_addr = 0
