--------- beginning of system
E/DrmService(  173): ----------------running drmservice---------------
E/DrmService(  173): sndata:
E/DrmService(  173): 4150000d 41303153 30303930 313030
E/DrmService(  173): 0 0 0 0
I/Vold    (  163): Vold 2.1 (the revenge) firing up
E/Vold    (  163): Volume::Volume mDiskVolumeLabel = USB_DISK0
E/Vold    (  163): Volume::Volume mLabel = internal_sd
D/Vold    (  163): Volume internal_sd state changing -1 (Initializing) -> 0 (No-Media)
E/Vold    (  163): label internal_sd addPath /devices/ff0f0000.rksdmmc/mmc_host/mmc
E/Vold    (  163): Volume::Volume mDiskVolumeLabel = USB_DISK0
E/Vold    (  163): Volume::Volume mLabel = external_sd
I/Vold    (  163): Error(call No.1) opening /sys/sd-sdio/rescan in the file of Volume.cpp
D/Vold    (  163): Volume external_sd state changing -1 (Initializing) -> 0 (No-Media)
E/Vold    (  163): label external_sd addPath /devices/ff0c0000.rksdmmc/mmc_host/mmc
E/Vold    (  163): Volume::Volume mDiskVolumeLabel = USB_DISK0
E/Vold    (  163): Volume::Volume mLabel = usb_storage
D/Vold    (  163): Volume usb_storage state changing -1 (Initializing) -> 0 (No-Media)
E/Vold    (  163): label usb_storage addPath /devices/ff580000.usb
E/Vold    (  163): Volume::Volume mDiskVolumeLabel = USB_DISK1
E/Vold    (  163): Volume::Volume mLabel = usb_storage
D/Vold    (  163): Volume usb_storage state changing -1 (Initializing) -> 0 (No-Media)
E/Vold    (  163): label usb_storage addPath /devices/ff500000.usb
E/Vold    (  163): Volume::Volume mDiskVolumeLabel = USB_DISK2
E/Vold    (  163): Volume::Volume mLabel = usb_storage
D/Vold    (  163): Volume usb_storage state changing -1 (Initializing) -> 0 (No-Media)
E/Vold    (  163): label usb_storage addPath /devices/ff540000.usb
E/Vold    (  163): Volume::Volume mDiskVolumeLabel = USB_DISK3
E/Vold    (  163): Volume::Volume mLabel = usb_storage
D/Vold    (  163): Volume usb_storage state changing -1 (Initializing) -> 0 (No-Media)
E/Vold    (  163): label usb_storage addPath /devices/ff540000.usb
E/Vold    (  163): Volume::Volume mDiskVolumeLabel = USB_DISK4
E/Vold    (  163): Volume::Volume mLabel = usb_storage
D/Vold    (  163): Volume usb_storage state changing -1 (Initializing) -> 0 (No-Media)
E/Vold    (  163): label usb_storage addPath /devices/ff540000.usb
E/Vold    (  163): Volume::Volume mDiskVolumeLabel = USB_DISK5
E/Vold    (  163): Volume::Volume mLabel = usb_storage
D/Vold    (  163): Volume usb_storage state changing -1 (Initializing) -> 0 (No-Media)
E/Vold    (  163): label usb_storage addPath /devices/ff540000.usb
E/Vold    (  163): Start Misc devices Manager...
D/Vold    (  163): Vendor path: /sys/bus/usb/devices/1-1/idVendor
D/Vold    (  163): === config_file is: 0000_0000
D/DirectVolume(  163): directvolume DEVPATH = /devices/virtual/block/loop0.
D/DirectVolume(  163): directvolume DEVPATH = /devices/virtual/block/loop0.
D/DirectVolume(  163): directvolume DEVPATH = /devices/virtual/block/loop0.
D/DirectVolume(  163): directvolume DEVPATH = /devices/virtual/block/loop0.
D/DirectVolume(  163): directvolume DEVPATH = /devices/virtual/block/loop0.
D/DirectVolume(  163): directvolume DEVPATH = /devices/virtual/block/loop0.
D/DirectVolume(  163): directvolume DEVPATH = /devices/virtual/block/loop0.
D/DirectVolume(  163): directvolume DEVPATH = /devices/virtual/block/loop0.
W/Vold    (  163): No volumes handled block event for '/devices/virtual/block/loop0'
D/DirectVolume(  163): directvolume DEVPATH = /devices/virtual/block/loop1.
D/DirectVolume(  163): directvolume DEVPATH = /devices/virtual/block/loop1.
D/DirectVolume(  163): directvolume DEVPATH = /devices/virtual/block/loop1.
D/DirectVolume(  163): directvolume DEVPATH = /devices/virtual/block/loop1.
D/DirectVolume(  163): directvolume DEVPATH = /devices/virtual/block/loop1.
D/DirectVolume(  163): directvolume DEVPATH = /devices/virtual/block/loop1.
D/DirectVolume(  163): directvolume DEVPATH = /devices/virtual/block/loop1.
D/DirectVolume(  163): directvolume DEVPATH = /devices/virtual/block/loop1.
W/Vold    (  163): No volumes handled block event for '/devices/virtual/block/loop1'
D/DirectVolume(  163): directvolume DEVPATH = /devices/virtual/block/loop2.
D/DirectVolume(  163): directvolume DEVPATH = /devices/virtual/block/loop2.
D/DirectVolume(  163): directvolume DEVPATH = /devices/virtual/block/loop2.
D/DirectVolume(  163): directvolume DEVPATH = /devices/virtual/block/loop2.
D/DirectVolume(  163): directvolume DEVPATH = /devices/virtual/block/loop2.
D/DirectVolume(  163): directvolume DEVPATH = /devices/virtual/block/loop2.
D/DirectVolume(  163): directvolume DEVPATH = /devices/virtual/block/loop2.
D/DirectVolume(  163): directvolume DEVPATH = /devices/virtual/block/loop2.
W/Vold    (  163): No volumes handled block event for '/devices/virtual/block/loop2'
D/DirectVolume(  163): directvolume DEVPATH = /devices/virtual/block/loop3.
D/DirectVolume(  163): directvolume DEVPATH = /devices/virtual/block/loop3.
D/DirectVolume(  163): directvolume DEVPATH = /devices/virtual/block/loop3.
D/DirectVolume(  163): directvolume DEVPATH = /devices/virtual/block/loop3.
D/DirectVolume(  163): directvolume DEVPATH = /devices/virtual/block/loop3.
D/DirectVolume(  163): directvolume DEVPATH = /devices/virtual/block/loop3.
D/DirectVolume(  163): directvolume DEVPATH = /devices/virtual/block/loop3.
D/DirectVolume(  163): directvolume DEVPATH = /devices/virtual/block/loop3.
W/Vold    (  163): No volumes handled block event for '/devices/virtual/block/loop3'
D/DirectVolume(  163): directvolume DEVPATH = /devices/virtual/block/loop4.
D/DirectVolume(  163): directvolume DEVPATH = /devices/virtual/block/loop4.
D/DirectVolume(  163): directvolume DEVPATH = /devices/virtual/block/loop4.
D/DirectVolume(  163): directvolume DEVPATH = /devices/virtual/block/loop4.
D/DirectVolume(  163): directvolume DEVPATH = /devices/virtual/block/loop4.
D/DirectVolume(  163): directvolume DEVPATH = /devices/virtual/block/loop4.
D/DirectVolume(  163): directvolume DEVPATH = /devices/virtual/block/loop4.
D/DirectVolume(  163): directvolume DEVPATH = /devices/virtual/block/loop4.
W/Vold    (  163): No volumes handled block event for '/devices/virtual/block/loop4'
D/DirectVolume(  163): directvolume DEVPATH = /devices/virtual/block/loop5.
D/DirectVolume(  163): directvolume DEVPATH = /devices/virtual/block/loop5.
D/DirectVolume(  163): directvolume DEVPATH = /devices/virtual/block/loop5.
D/DirectVolume(  163): directvolume DEVPATH = /devices/virtual/block/loop5.
D/DirectVolume(  163): directvolume DEVPATH = /devices/virtual/block/loop5.
D/DirectVolume(  163): directvolume DEVPATH = /devices/virtual/block/loop5.
D/DirectVolume(  163): directvolume DEVPATH = /devices/virtual/block/loop5.
D/DirectVolume(  163): directvolume DEVPATH = /devices/virtual/block/loop5.
W/Vold    (  163): No volumes handled block event for '/devices/virtual/block/loop5'
D/DirectVolume(  163): directvolume DEVPATH = /devices/virtual/block/loop6.
D/DirectVolume(  163): directvolume DEVPATH = /devices/virtual/block/loop6.
D/DirectVolume(  163): directvolume DEVPATH = /devices/virtual/block/loop6.
D/DirectVolume(  163): directvolume DEVPATH = /devices/virtual/block/loop6.
D/DirectVolume(  163): directvolume DEVPATH = /devices/virtual/block/loop6.
D/DirectVolume(  163): directvolume DEVPATH = /devices/virtual/block/loop6.
D/DirectVolume(  163): directvolume DEVPATH = /devices/virtual/block/loop6.
D/DirectVolume(  163): directvolume DEVPATH = /devices/virtual/block/loop6.
W/Vold    (  163): No volumes handled block event for '/devices/virtual/block/loop6'
D/DirectVolume(  163): directvolume DEVPATH = /devices/virtual/block/loop7.
D/DirectVolume(  163): directvolume DEVPATH = /devices/virtual/block/loop7.
D/DirectVolume(  163): directvolume DEVPATH = /devices/virtual/block/loop7.
D/DirectVolume(  163): directvolume DEVPATH = /devices/virtual/block/loop7.
D/DirectVolume(  163): directvolume DEVPATH = /devices/virtual/block/loop7.
D/DirectVolume(  163): directvolume DEVPATH = /devices/virtual/block/loop7.
D/DirectVolume(  163): directvolume DEVPATH = /devices/virtual/block/loop7.
D/DirectVolume(  163): directvolume DEVPATH = /devices/virtual/block/loop7.
W/Vold    (  163): No volumes handled block event for '/devices/virtual/block/loop7'
D/DirectVolume(  163): directvolume DEVPATH = /devices/virtual/block/zram0.
D/DirectVolume(  163): directvolume DEVPATH = /devices/virtual/block/zram0.
D/DirectVolume(  163): directvolume DEVPATH = /devices/virtual/block/zram0.
D/DirectVolume(  163): directvolume DEVPATH = /devices/virtual/block/zram0.
D/DirectVolume(  163): directvolume DEVPATH = /devices/virtual/block/zram0.
D/DirectVolume(  163): directvolume DEVPATH = /devices/virtual/block/zram0.
D/DirectVolume(  163): directvolume DEVPATH = /devices/virtual/block/zram0.
D/DirectVolume(  163): directvolume DEVPATH = /devices/virtual/block/zram0.
W/Vold    (  163): No volumes handled block event for '/devices/virtual/block/zram0'
D/DirectVolume(  163): directvolume DEVPATH = /devices/ff0f0000.rksdmmc/mmc_host/mmc0/mmc0:0001/block/mmcblk0.
W/DirectVolume(  163): Deprecated implied prefix pattern detected, please use '/devices/ff0f0000.rksdmmc/mmc_host/mmc*' instead
D/DirectVolume(  163): DEVTYPE = disk.
D/DirectVolume(  163): getLabel = internal_sd,devtype = disk,getDevPath = (null).
D/DirectVolume(  163): ----handleDiskAdded,mDiskNumParts =15,mDiskMajor=179,mDiskMinor=0
D/DirectVolume(  163): Dv::diskIns - waiting for 15 pending partitions
D/Vold    (  163): Volume internal_sd state changing 0 (No-Media) -> 2 (Pending)
D/Vold    (  163): Device '/devices/ff0f0000.rksdmmc/mmc_host/mmc0/mmc0:0001/block/mmcblk0' event handled by volume internal_sd
D/DirectVolume(  163): directvolume DEVPATH = /devices/ff0f0000.rksdmmc/mmc_host/mmc0/mmc0:0001/block/mmcblk0/mmcblk0p1.
D/DirectVolume(  163): DEVTYPE = partition.
D/DirectVolume(  163): getLabel = internal_sd,devtype = partition,getDevPath = (null).
D/DirectVolume(  163): ---handlePartitionAdded,part_num=1,major=179,minor=1,mDiskMajor=179
D/DirectVolume(  163): Dv:partAdd: part_num = 1, minor = 1
D/DirectVolume(  163): Dv:partAdd: pending 14 disk
D/Vold    (  163): Device '/devices/ff0f0000.rksdmmc/mmc_host/mmc0/mmc0:0001/block/mmcblk0/mmcblk0p1' event handled by volume internal_sd
D/DirectVolume(  163): directvolume DEVPATH = /devices/ff0f0000.rksdmmc/mmc_host/mmc0/mmc0:0001/block/mmcblk0/mmcblk0p2.
D/DirectVolume(  163): DEVTYPE = partition.
D/DirectVolume(  163): getLabel = internal_sd,devtype = partition,getDevPath = (null).
D/DirectVolume(  163): ---handlePartitionAdded,part_num=2,major=179,minor=2,mDiskMajor=179
D/DirectVolume(  163): Dv:partAdd: part_num = 2, minor = 2
D/DirectVolume(  163): Dv:partAdd: pending 13 disk
D/Vold    (  163): Device '/devices/ff0f0000.rksdmmc/mmc_host/mmc0/mmc0:0001/block/mmcblk0/mmcblk0p2' event handled by volume internal_sd
D/DirectVolume(  163): directvolume DEVPATH = /devices/ff0f0000.rksdmmc/mmc_host/mmc0/mmc0:0001/block/mmcblk0/mmcblk0p3.
D/DirectVolume(  163): DEVTYPE = partition.
D/DirectVolume(  163): getLabel = internal_sd,devtype = partition,getDevPath = (null).
D/DirectVolume(  163): ---handlePartitionAdded,part_num=3,major=179,minor=3,mDiskMajor=179
D/DirectVolume(  163): Dv:partAdd: part_num = 3, minor = 3
D/DirectVolume(  163): Dv:partAdd: pending 12 disk
D/Vold    (  163): Device '/devices/ff0f0000.rksdmmc/mmc_host/mmc0/mmc0:0001/block/mmcblk0/mmcblk0p3' event handled by volume internal_sd
D/DirectVolume(  163): directvolume DEVPATH = /devices/ff0f0000.rksdmmc/mmc_host/mmc0/mmc0:0001/block/mmcblk0/mmcblk0p4.
D/DirectVolume(  163): DEVTYPE = partition.
D/DirectVolume(  163): getLabel = internal_sd,devtype = partition,getDevPath = (null).
D/DirectVolume(  163): ---handlePartitionAdded,part_num=4,major=179,minor=4,mDiskMajor=179
D/DirectVolume(  163): Dv:partAdd: part_num = 4, minor = 4
D/DirectVolume(  163): Dv:partAdd: pending 11 disk
D/Vold    (  163): Device '/devices/ff0f0000.rksdmmc/mmc_host/mmc0/mmc0:0001/block/mmcblk0/mmcblk0p4' event handled by volume internal_sd
D/DirectVolume(  163): directvolume DEVPATH = /devices/ff0f0000.rksdmmc/mmc_host/mmc0/mmc0:0001/block/mmcblk0/mmcblk0p5.
D/DirectVolume(  163): DEVTYPE = partition.
D/DirectVolume(  163): getLabel = internal_sd,devtype = partition,getDevPath = (null).
D/DirectVolume(  163): ---handlePartitionAdded,part_num=5,major=179,minor=5,mDiskMajor=179
D/DirectVolume(  163): Dv:partAdd: part_num = 5, minor = 5
D/DirectVolume(  163): Dv:partAdd: pending 10 disk
D/Vold    (  163): Device '/devices/ff0f0000.rksdmmc/mmc_host/mmc0/mmc0:0001/block/mmcblk0/mmcblk0p5' event handled by volume internal_sd
D/DirectVolume(  163): directvolume DEVPATH = /devices/ff0f0000.rksdmmc/mmc_host/mmc0/mmc0:0001/block/mmcblk0/mmcblk0p6.
D/DirectVolume(  163): DEVTYPE = partition.
D/DirectVolume(  163): getLabel = internal_sd,devtype = partition,getDevPath = (null).
D/DirectVolume(  163): ---handlePartitionAdded,part_num=6,major=179,minor=6,mDiskMajor=179
D/DirectVolume(  163): Dv:partAdd: part_num = 6, minor = 6
D/DirectVolume(  163): Dv:partAdd: pending 9 disk
D/Vold    (  163): Device '/devices/ff0f0000.rksdmmc/mmc_host/mmc0/mmc0:0001/block/mmcblk0/mmcblk0p6' event handled by volume internal_sd
D/DirectVolume(  163): directvolume DEVPATH = /devices/ff0f0000.rksdmmc/mmc_host/mmc0/mmc0:0001/block/mmcblk0/mmcblk0p7.
D/DirectVolume(  163): DEVTYPE = partition.
D/DirectVolume(  163): getLabel = internal_sd,devtype = partition,getDevPath = (null).
D/DirectVolume(  163): ---handlePartitionAdded,part_num=7,major=179,minor=7,mDiskMajor=179
D/DirectVolume(  163): Dv:partAdd: part_num = 7, minor = 7
D/DirectVolume(  163): Dv:partAdd: pending 8 disk
D/Vold    (  163): Device '/devices/ff0f0000.rksdmmc/mmc_host/mmc0/mmc0:0001/block/mmcblk0/mmcblk0p7' event handled by volume internal_sd
D/DirectVolume(  163): directvolume DEVPATH = /devices/ff0f0000.rksdmmc/mmc_host/mmc0/mmc0:0001/block/mmcblk0/mmcblk0p8.
D/DirectVolume(  163): DEVTYPE = partition.
D/DirectVolume(  163): getLabel = internal_sd,devtype = partition,getDevPath = (null).
D/DirectVolume(  163): ---handlePartitionAdded,part_num=8,major=179,minor=8,mDiskMajor=179
D/DirectVolume(  163): Dv:partAdd: part_num = 8, minor = 8
D/DirectVolume(  163): Dv:partAdd: pending 7 disk
D/Vold    (  163): Device '/devices/ff0f0000.rksdmmc/mmc_host/mmc0/mmc0:0001/block/mmcblk0/mmcblk0p8' event handled by volume internal_sd
D/DirectVolume(  163): directvolume DEVPATH = /devices/ff0f0000.rksdmmc/mmc_host/mmc0/mmc0:0001/block/mmcblk0/mmcblk0p9.
D/DirectVolume(  163): DEVTYPE = partition.
D/DirectVolume(  163): getLabel = internal_sd,devtype = partition,getDevPath = (null).
D/DirectVolume(  163): ---handlePartitionAdded,part_num=9,major=179,minor=9,mDiskMajor=179
D/DirectVolume(  163): Dv:partAdd: part_num = 9, minor = 9
D/DirectVolume(  163): Dv:partAdd: pending 6 disk
D/Vold    (  163): Device '/devices/ff0f0000.rksdmmc/mmc_host/mmc0/mmc0:0001/block/mmcblk0/mmcblk0p9' event handled by volume internal_sd
D/DirectVolume(  163): directvolume DEVPATH = /devices/ff0f0000.rksdmmc/mmc_host/mmc0/mmc0:0001/block/mmcblk0/mmcblk0p10.
D/DirectVolume(  163): DEVTYPE = partition.
D/DirectVolume(  163): getLabel = internal_sd,devtype = partition,getDevPath = (null).
D/DirectVolume(  163): ---handlePartitionAdded,part_num=10,major=179,minor=10,mDiskMajor=179
D/DirectVolume(  163): Dv:partAdd: part_num = 10, minor = 10
D/DirectVolume(  163): Dv:partAdd: pending 5 disk
D/Vold    (  163): Device '/devices/ff0f0000.rksdmmc/mmc_host/mmc0/mmc0:0001/block/mmcblk0/mmcblk0p10' event handled by volume internal_sd
D/DirectVolume(  163): directvolume DEVPATH = /devices/ff0f0000.rksdmmc/mmc_host/mmc0/mmc0:0001/block/mmcblk0/mmcblk0p11.
D/DirectVolume(  163): DEVTYPE = partition.
D/DirectVolume(  163): getLabel = internal_sd,devtype = partition,getDevPath = (null).
D/DirectVolume(  163): ---handlePartitionAdded,part_num=11,major=179,minor=11,mDiskMajor=179
D/DirectVolume(  163): Dv:partAdd: part_num = 11, minor = 11
D/DirectVolume(  163): Dv:partAdd: pending 4 disk
D/Vold    (  163): Device '/devices/ff0f0000.rksdmmc/mmc_host/mmc0/mmc0:0001/block/mmcblk0/mmcblk0p11' event handled by volume internal_sd
D/DirectVolume(  163): directvolume DEVPATH = /devices/ff0f0000.rksdmmc/mmc_host/mmc0/mmc0:0001/block/mmcblk0/mmcblk0p12.
D/DirectVolume(  163): DEVTYPE = partition.
D/DirectVolume(  163): getLabel = internal_sd,devtype = partition,getDevPath = (null).
D/DirectVolume(  163): ---handlePartitionAdded,part_num=12,major=179,minor=12,mDiskMajor=179
D/DirectVolume(  163): Dv:partAdd: part_num = 12, minor = 12
D/DirectVolume(  163): Dv:partAdd: pending 3 disk
D/Vold    (  163): Device '/devices/ff0f0000.rksdmmc/mmc_host/mmc0/mmc0:0001/block/mmcblk0/mmcblk0p12' event handled by volume internal_sd
D/DirectVolume(  163): directvolume DEVPATH = /devices/ff0f0000.rksdmmc/mmc_host/mmc0/mmc0:0001/block/mmcblk0/mmcblk0p13.
D/DirectVolume(  163): DEVTYPE = partition.
D/DirectVolume(  163): getLabel = internal_sd,devtype = partition,getDevPath = (null).
D/DirectVolume(  163): ---handlePartitionAdded,part_num=13,major=179,minor=13,mDiskMajor=179
D/DirectVolume(  163): Dv:partAdd: part_num = 13, minor = 13
D/DirectVolume(  163): Dv:partAdd: pending 2 disk
D/Vold    (  163): Device '/devices/ff0f0000.rksdmmc/mmc_host/mmc0/mmc0:0001/block/mmcblk0/mmcblk0p13' event handled by volume internal_sd
D/DirectVolume(  163): directvolume DEVPATH = /devices/ff0f0000.rksdmmc/mmc_host/mmc0/mmc0:0001/block/mmcblk0/mmcblk0p14.
D/DirectVolume(  163): DEVTYPE = partition.
D/DirectVolume(  163): getLabel = internal_sd,devtype = partition,getDevPath = (null).
D/DirectVolume(  163): ---handlePartitionAdded,part_num=14,major=179,minor=14,mDiskMajor=179
D/DirectVolume(  163): Dv:partAdd: part_num = 14, minor = 14
D/DirectVolume(  163): Dv:partAdd: pending 1 disk
D/Vold    (  163): Device '/devices/ff0f0000.rksdmmc/mmc_host/mmc0/mmc0:0001/block/mmcblk0/mmcblk0p14' event handled by volume internal_sd
D/DirectVolume(  163): directvolume DEVPATH = /devices/ff0f0000.rksdmmc/mmc_host/mmc0/mmc0:0001/block/mmcblk0/mmcblk0p15.
D/DirectVolume(  163): DEVTYPE = partition.
D/DirectVolume(  163): getLabel = internal_sd,devtype = partition,getDevPath = (null).
D/DirectVolume(  163): ---handlePartitionAdded,part_num=15,major=179,minor=15,mDiskMajor=179
D/DirectVolume(  163): Dv:partAdd: part_num = 15, minor = 15
D/DirectVolume(  163): Dv:partAdd: Got all partitions - ready to rock!
D/Vold    (  163): Volume internal_sd state changing 2 (Pending) -> 1 (Idle-Unmounted)
D/Vold    (  163): Device '/devices/ff0f0000.rksdmmc/mmc_host/mmc0/mmc0:0001/block/mmcblk0/mmcblk0p15' event handled by volume internal_sd
E/DrmService(  173): get serialno from idb,serialno = PAS10A0900001
E/DrmService(  173): drm keybox disable!!
--------- beginning of crash
F/libc    (  175): Fatal signal 11 (SIGSEGV), code 1, fault addr 0xffffffff in tid 175 (akmd)
E/DrmService(  173): detect keybox disabled
I/DEBUG   (  167): *** *** *** *** *** *** *** *** *** *** *** *** *** *** *** ***
I/DEBUG   (  167): Build fingerprint: 'Android/rk3288_box/rk3288_box:5.1.1/LMY49F/yzf06201612:userdebug/test-keys'
I/DEBUG   (  167): Revision: '0'
I/DEBUG   (  167): ABI: 'arm'
I/DEBUG   (  167): pid: 175, tid: 175, name: akmd  >>> /system/bin/akmd <<<
I/DEBUG   (  167): signal 11 (SIGSEGV), code 1 (SEGV_MAPERR), fault addr 0xffffffff
I/DEBUG   (  167):     r0 ffffffff  r1 71d46d98  r2 71d46d98  r3 71d46d98
I/DEBUG   (  167):     r4 ffffffff  r5 b6fcdf8c  r6 beef0924  r7 00000001
I/DEBUG   (  167):     r8 b6fcc8ad  r9 00000001  sl b6fa6dd4  fp 00000001
I/DEBUG   (  167):     ip b6fcdff4  sp beef04c0  lr b6fc930d  pc b6f61010  cpsr a0070030
I/DEBUG   (  167): 
I/DEBUG   (  167): backtrace:
I/DEBUG   (  167):     #00 pc 00016010  /system/lib/libc.so (timer_delete+3)
I/DEBUG   (  167):     #01 pc 00002309  /system/bin/akmd
I/DEBUG   (  167):     #02 pc 00000a1f  /system/bin/akmd
I/DEBUG   (  167):     #03 pc 0001239d  /system/lib/libc.so (__libc_init+44)
I/DEBUG   (  167):     #04 pc 00000b08  /system/bin/akmd
I/InstallerConnection(  460): disconnecting...
I/SystemServer(  460): Entered the Android system server!
I/SystemServiceManager(  460): Starting com.android.server.pm.Installer
I/Installer(  460): Waiting for installd to be ready.
I/InstallerConnection(  460): connecting...
I/SystemServiceManager(  460): Starting com.android.server.am.ActivityManagerService$Lifecycle
I/ActivityManagerService(  460): Memory class: 192
I/ServiceThread(  460): Enabled StrictMode logging for ActivityManagerService looper.
I/AppOps  (  460): No existing app ops /data/system/appops.xml; starting empty
I/IntentFirewall(  460): Read new rules (A:0 B:0 S:0)
I/ServiceThread(  460): Enabled StrictMode logging for android.ui looper.
I/ServiceThread(  460): Enabled StrictMode logging for android.display looper.
D/AppOps  (  460): AppOpsService published
I/SystemServiceManager(  460): Starting com.android.server.display.DisplayManagerService
I/SystemServiceManager(  460): Starting com.android.server.power.PowerManagerService
I/ServiceThread(  460): Enabled StrictMode logging for PowerManagerService looper.
I/DisplayManagerService(  460): Display device added: DisplayDeviceInfo{"内蔵スクリーン": uniqueId="local:0", 1280 x 720, 57.925 fps, supportedRefreshRates [57.925], density 160, 160.15764 x 160.0 dpi, appVsyncOff 0, presDeadline 18263703, touch INTERNAL, rotation 0, type BUILT_IN, state UNKNOWN, FLAG_DEFAULT_DISPLAY, FLAG_ROTATES_WITH_CONTENT, FLAG_SECURE, FLAG_SUPPORTS_PROTECTED_BUFFERS}
I/SystemServiceManager(  460): Starting phase 100
I/SystemServer(  460): Package Manager
W/SystemConfig(  460): No directory /system/etc/sysconfig, skipping
D/SELinuxMMAC(  460): Using policy file /system/etc/security/mac_permissions.xml
W/PackageManager(  460): Library not found: /system/framework/com.android.nfc_extras.jar
W/PackageParser(  460): No actions in intent filter at /system/priv-app/Contacts/Contacts.apk Binary XML file line #356
W/PackageParser(  460): No actions in intent filter at /system/priv-app/StressTest/StressTest.apk Binary XML file line #42
W/PackageParser(  460): Unknown element under <intent-filter>: android at /system/priv-app/Telecom/Telecom.apk Binary XML file line #232
W/PackageParser(  460): No actions in intent filter at /system/app/Bluetooth/Bluetooth.apk Binary XML file line #209
W/PackageParser(  460): Unknown element under <application>: permission at /system/app/Gallery2/Gallery2.apk Binary XML file line #243
W/PackageParser(  460): Unknown element under <application>: permission at /system/app/Gallery2/Gallery2.apk Binary XML file line #246
W/PackageParser(  460): Unknown element under <manifest>: meta-data at /data/app/RKVideoPlayer/RKVideoPlayer.apk Binary XML file line #25
W/PackageManager(  460): Package com.mxtech.videoplayer.pro desires unavailable shared library com.sec.android.app.multiwindow; ignoring!
W/PackageManager(  460): Package com.mxtech.videoplayer.pro desires unavailable shared library com.sec.android.app.multiwindow; ignoring!
W/PackageManager(  460): Package com.fihtdc.filemanager desires unavailable shared library com.fihtdc.DataCollect; ignoring!
W/PackageManager(  460): Package com.android.gallery3d desires unavailable shared library com.google.android.media.effects; ignoring!
W/PackageManager(  460): Package com.android.gallery3d desires unavailable shared library com.google.android.media.effects; ignoring!
I/PackageManager(  460): Adjusting ABI for : com.android.settings to armeabi-v7a
I/PackageManager(  460): Adjusting ABI for : com.android.location.fused to armeabi-v7a
I/PackageManager(  460): Adjusting ABI for : com.android.winstart to armeabi-v7a
I/PackageManager(  460): Adjusting ABI for : com.cghs.stresstest to armeabi-v7a
I/PackageManager(  460): Adjusting ABI for : com.android.inputdevices to armeabi-v7a
I/PackageManager(  460): Adjusting ABI for : com.android.keychain to armeabi-v7a
I/PackageManager(  460): Adjusting ABI for : com.android.providers.settings to armeabi-v7a
I/PackageManager(  460): Adjusting ABI for : com.android.server.telecom to armeabi-v7a
I/PackageManager(  460): Time to scan packages: 2.986 seconds
W/PackageManager(  460): Unknown permission com.google.android.googleapps.permission.GOOGLE_AUTH in package com.android.providers.calendar
W/PackageManager(  460): Unknown permission com.google.android.googleapps.permission.GOOGLE_AUTH.cl in package com.android.providers.calendar
W/PackageManager(  460): Unknown permission com.android.vending.CHECK_LICENSE in package com.mxtech.videoplayer.pro
W/PackageManager(  460): Unknown permission com.google.android.c2dm.permission.RECEIVE in package com.mxtech.videoplayer.pro
W/PackageManager(  460): Not granting permission android.permission.GLOBAL_SEARCH to package com.android.quicksearchbox (protectionLevel=18 flags=0x8be45)
W/PackageManager(  460): Unknown permission com.android.launcher.permission.READ_SETTINGS in package com.android.winstart
W/PackageManager(  460): Not granting permission android.permission.BIND_WALLPAPER to package com.android.camera2 (protectionLevel=18 flags=0x58bc45)
W/PackageManager(  460): Not granting permission android.permission.BIND_APPWIDGET to package com.android.launcher3 (protectionLevel=18 flags=0x583e45)
W/PackageManager(  460): Unknown permission android.permission.READ_SETTINGS in package com.android.launcher3
W/PackageManager(  460): Unknown permission com.android.launcher.permission.READ_SETTINGS in package com.android.launcher3
W/PackageManager(  460): Unknown permission com.android.launcher.permission.WRITE_SETTINGS in package com.android.launcher3
W/PackageManager(  460): Unknown permission com.google.android.googleapps.permission.GOOGLE_AUTH.mail in package com.android.calendar
W/PackageManager(  460): Unknown permission android.permission.ACCESS_DRM in package com.fihtdc.filemanager
W/PackageManager(  460): Not granting permission android.permission.WRITE_MEDIA_STORAGE to package com.fihtdc.filemanager (protectionLevel=18 flags=0x83e45)
W/PackageManager(  460): Unknown permission com.fihtdc.C2DMProxy.permission.GET_PASSWORD in package com.fihtdc.filemanager
W/PackageManager(  460): Not granting permission android.permission.MANAGE_DOCUMENTS to package com.fihtdc.filemanager (protectionLevel=2 flags=0x83e45)
W/PackageManager(  460): Not granting permission android.permission.INSTALL_PACKAGES to package com.android.apkinstaller (protectionLevel=18 flags=0x8be45)
W/PackageManager(  460): Not granting permission android.permission.DELETE_PACKAGES to package com.android.apkinstaller (protectionLevel=18 flags=0x8be45)
W/PackageManager(  460): Unknown permission android.Manifest.permission.INJECT_EVENTS in package com.rockchip.devicetest
W/PackageManager(  460): Unknown permission com.android.launcher.permission.READ_SETTINGS in package com.android.onetimeinitializer
W/PackageManager(  460): Unknown permission com.android.launcher.permission.WRITE_SETTINGS in package com.android.onetimeinitializer
W/PackageManager(  460): Unknown permission android.permission.READ_MEDIA_STORAGE in package com.android.packageinstaller
W/PackageManager(  460): Not granting permission android.permission.DELETE_PACKAGES to package com.svox.pico (protectionLevel=18 flags=0x8be45)
W/PackageManager(  460): Unknown permission com.google.android.gallery3d.permission.PICASA_STORE in package com.android.dreams.phototable
W/PackageManager(  460): Unknown permission com.google.android.googleapps.permission.GOOGLE_AUTH in package com.android.settings
W/PackageManager(  460): Unknown permission com.android.launcher.permission.READ_SETTINGS in package com.android.settings
W/PackageManager(  460): Unknown permission com.android.launcher.permission.WRITE_SETTINGS in package com.android.settings
W/PackageManager(  460): Not granting permission android.permission.WRITE_MEDIA_STORAGE to package com.android.music (protectionLevel=18 flags=0x8be65)
W/PackageManager(  460): Not granting permission android.permission.DEVICE_POWER to package com.android.music (protectionLevel=2 flags=0x8be65)
W/PackageManager(  460): Not granting permission android.permission.DEVICE_POWER to package com.android.deskclock (protectionLevel=2 flags=0x48be45)
W/PackageManager(  460): Unknown permission com.android.launcher.permission.READ_SETTINGS in package com.android.systemui
W/PackageManager(  460): Unknown permission com.android.email.permission.READ_ATTACHMENT in package com.android.exchange
W/PackageManager(  460): Unknown permission com.android.email.permission.ACCESS_PROVIDER in package com.android.exchange
W/PackageManager(  460): Unknown permission com.google.android.gallery3d.permission.GALLERY_PROVIDER in package com.android.bluetooth
W/PackageManager(  460): Unknown permission android.permission.MMS_SEND_OUTBOX_MSG in package com.android.bluetooth
I/SystemServer(  460): User Service
I/SystemServiceManager(  460): Starting com.android.server.lights.LightsService
I/SystemServiceManager(  460): Starting com.android.server.BatteryService
I/BatteryStatsImpl(  460): Resetting battery stats: level=100 status=4 dischargeLevel=100 lowAmount=0 highAmount=0
I/SystemServiceManager(  460): Starting com.android.server.usage.UsageStatsService
I/UsageStatsService(  460): User[0] Rollover scheduled @ 2020-03-01 09:00:00(1583020800000)
I/SystemServiceManager(  460): Starting com.android.server.webkit.WebViewUpdateService
I/SystemServer(  460): Reading configuration...
I/SystemServer(  460): Scheduling Policy
I/SystemServiceManager(  460): Starting com.android.server.telecom.TelecomLoaderService
I/SystemServer(  460): Telephony Registry
I/SystemServer(  460): Entropy Mixer
I/EntropyMixer(  460): Writing entropy...
I/SystemServer(  460): Account Manager
I/SystemServer(  460): Start SimStateChange Service
W/ActivityManagerService(  460): Unable to start service Intent { cmp=com.android.contacts/.SimStateChangedService } U=0: not found
I/SystemServer(  460): Content Manager
I/SystemServer(  460): System Content Providers
I/SystemServer(  460): Vibrator Service
I/SystemServer(  460): Consumer IR Service
I/SystemServiceManager(  460): Starting com.android.server.AlarmManagerService
D/AlarmManager(  460):  Failed while trying resolve alarm filter file, not exists
I/SystemServer(  460): Init Watchdog
I/SystemServer(  460): Input Manager
I/InputManager(  460): Initializing input manager, mUseDevInputEventForAudioJack=true
I/SystemServer(  460): Window Manager
I/WindowManagerService(  460): No existing display settings /data/system/display_settings.xml; starting empty
I/InputManager(  460): Starting input manager
I/SystemServer(  460): Bluetooth Manager Service
I/SystemServer(  460): Input Method Service
W/InputMethodManagerService(  460): Couldn't create dir.: /data/system/inputmethod
I/SystemServer(  460): Accessibility Manager
I/ActivityManagerService(  460): Config changes=80009df8 {1.15 multiwindowflag=DISABLE dualscreenflag=DISABLE ?mcc?mnc ja_JA ?layoutDir sw720dp w1280dp h720dp 160dpi xlrg long land ?uimode ?night -touch -keyb/v/h -nav/h s.2}
D/ActivityManagerService(  460): ---------clean the all task
D/ActivityManagerService(  460): ---------Move Home To Top & CLEAN THE ALL TASK
I/ActivityManagerService(  460): Config changes=500 {1.15 multiwindowflag=DISABLE dualscreenflag=DISABLE ?mcc?mnc ja_JA ?layoutDir sw720dp w1280dp h647dp 160dpi lrg long land ?uimode ?night -touch -keyb/v/h -nav/h s.3}
I/SystemServer(  460): Mount Service
D/MountService(  460): got storage path: /storage/sdcard0 description: SDカード primary: true removable: true emulated: true mtpReserve: 100 allowMassStorage: false maxFileSize: 0
D/MountService(  460): ---getMaxSupportedUsers,we has UMS,ignore emulated storage---
D/MountService(  460): got storage path: /mnt/internal_sd description: NAND FLASH primary: false removable: true emulated: false mtpReserve: 100 allowMassStorage: true maxFileSize: 0
D/MountService(  460): ---getMaxSupportedUsers,we has UMS,force NAND FLASH to primary storage---
D/MountService(  460): addVolumeLocked() StorageVolume:
D/MountService(  460):     mStorageId=0 mPath=/mnt/internal_sd mDescriptionId=17041224 mPrimary=true 
D/MountService(  460):     mRemovable=true mEmulated=false mMtpReserveSpace=100 
D/MountService(  460):     mAllowMassStorage=true mMaxFileSize=0 mOwner=null mUuid=null 
D/MountService(  460):     mUserLabel=null mState=null 
D/MountService(  460): got storage path: /mnt/external_sd description: SDカード primary: false removable: true emulated: false mtpReserve: 100 allowMassStorage: true maxFileSize: 0
D/MountService(  460): addVolumeLocked() StorageVolume:
D/MountService(  460):     mStorageId=0 mPath=/mnt/external_sd mDescriptionId=17040811 mPrimary=false 
D/MountService(  460):     mRemovable=true mEmulated=false mMtpReserveSpace=100 
D/MountService(  460):     mAllowMassStorage=true mMaxFileSize=0 mOwner=null mUuid=null 
D/MountService(  460):     mUserLabel=null mState=null 
D/MountService(  460): got storage path: /mnt/usb_storage/USB_DISK0 description: USB storage 0 primary: false removable: true emulated: false mtpReserve: 100 allowMassStorage: true maxFileSize: 0
D/MountService(  460): addVolumeLocked() StorageVolume:
D/MountService(  460):     mStorageId=0 mPath=/mnt/usb_storage/USB_DISK0 mDescriptionId=17041128 
D/MountService(  460):     mPrimary=false mRemovable=true mEmulated=false mMtpReserveSpace=100 
D/MountService(  460):     mAllowMassStorage=true mMaxFileSize=0 mOwner=null mUuid=null 
D/MountService(  460):     mUserLabel=null mState=null 
D/MountService(  460): got storage path: /mnt/usb_storage/USB_DISK1 description: USB storage 1 primary: false removable: true emulated: false mtpReserve: 100 allowMassStorage: true maxFileSize: 0
D/MountService(  460): addVolumeLocked() StorageVolume:
D/MountService(  460):     mStorageId=0 mPath=/mnt/usb_storage/USB_DISK1 mDescriptionId=17041129 
D/MountService(  460):     mPrimary=false mRemovable=true mEmulated=false mMtpReserveSpace=100 
D/MountService(  460):     mAllowMassStorage=true mMaxFileSize=0 mOwner=null mUuid=null 
D/MountService(  460):     mUserLabel=null mState=null 
D/MountService(  460): got storage path: /mnt/usb_storage/USB_DISK2 description: USB storage 2 primary: false removable: true emulated: false mtpReserve: 100 allowMassStorage: true maxFileSize: 0
D/MountService(  460): addVolumeLocked() StorageVolume:
D/MountService(  460):     mStorageId=0 mPath=/mnt/usb_storage/USB_DISK2 mDescriptionId=17041130 
D/MountService(  460):     mPrimary=false mRemovable=true mEmulated=false mMtpReserveSpace=100 
D/MountService(  460):     mAllowMassStorage=true mMaxFileSize=0 mOwner=null mUuid=null 
D/MountService(  460):     mUserLabel=null mState=null 
D/MountService(  460): got storage path: /mnt/usb_storage/USB_DISK3 description: USB storage 3 primary: false removable: true emulated: false mtpReserve: 100 allowMassStorage: true maxFileSize: 0
D/MountService(  460): addVolumeLocked() StorageVolume:
D/MountService(  460):     mStorageId=0 mPath=/mnt/usb_storage/USB_DISK3 mDescriptionId=17041131 
D/MountService(  460):     mPrimary=false mRemovable=true mEmulated=false mMtpReserveSpace=100 
D/MountService(  460):     mAllowMassStorage=true mMaxFileSize=0 mOwner=null mUuid=null 
D/MountService(  460):     mUserLabel=null mState=null 
D/MountService(  460): got storage path: /mnt/usb_storage/USB_DISK4 description: USB storage 4 primary: false removable: true emulated: false mtpReserve: 100 allowMassStorage: true maxFileSize: 0
D/MountService(  460): addVolumeLocked() StorageVolume:
D/MountService(  460):     mStorageId=0 mPath=/mnt/usb_storage/USB_DISK4 mDescriptionId=17041132 
D/MountService(  460):     mPrimary=false mRemovable=true mEmulated=false mMtpReserveSpace=100 
D/MountService(  460):     mAllowMassStorage=true mMaxFileSize=0 mOwner=null mUuid=null 
D/MountService(  460):     mUserLabel=null mState=null 
D/MountService(  460): got storage path: /mnt/usb_storage/USB_DISK5 description: USB storage 5 primary: false removable: true emulated: false mtpReserve: 100 allowMassStorage: true maxFileSize: 0
D/MountService(  460): addVolumeLocked() StorageVolume:
D/MountService(  460):     mStorageId=0 mPath=/mnt/usb_storage/USB_DISK5 mDescriptionId=17041133 
D/MountService(  460):     mPrimary=false mRemovable=true mEmulated=false mMtpReserveSpace=100 
D/MountService(  460):     mAllowMassStorage=true mMaxFileSize=0 mOwner=null mUuid=null 
D/MountService(  460):     mUserLabel=null mState=null 
D/VoldCmdListener(  163): volume list broadcast
D/Vold    (  163): listVolumes :internal_sd /mnt/internal_sd 1
D/Vold    (  163): listVolumes :external_sd /mnt/external_sd 0
D/Vold    (  163): listVolumes :usb_storage /mnt/usb_storage/USB_DISK0 0
D/Vold    (  163): listVolumes :usb_storage /mnt/usb_storage/USB_DISK1 0
D/Vold    (  163): listVolumes :usb_storage /mnt/usb_storage/USB_DISK2 0
D/Vold    (  163): listVolumes :usb_storage /mnt/usb_storage/USB_DISK3 0
D/Vold    (  163): listVolumes :usb_storage /mnt/usb_storage/USB_DISK4 0
D/Vold    (  163): listVolumes :usb_storage /mnt/usb_storage/USB_DISK5 0
I/MountService(  460): /mnt/internal_sdUpdating valid state unmounted   st 1
D/MountService(  460): volume state changed for /mnt/internal_sd (mounted -> unmounted)
I/MountService(  460): /mnt/external_sdUpdating valid state removed   st 0
D/MountService(  460): volume state changed for /mnt/external_sd (unmounted -> removed)
I/MountService(  460): /mnt/usb_storage/USB_DISK0Updating valid state removed   st 0
D/MountService(  460): volume state changed for /mnt/usb_storage/USB_DISK0 (unmounted -> removed)
I/MountService(  460): /mnt/usb_storage/USB_DISK1Updating valid state removed   st 0
D/MountService(  460): volume state changed for /mnt/usb_storage/USB_DISK1 (unmounted -> removed)
I/MountService(  460): /mnt/usb_storage/USB_DISK2Updating valid state removed   st 0
D/MountService(  460): volume state changed for /mnt/usb_storage/USB_DISK2 (unmounted -> removed)
I/MountService(  460): /mnt/usb_storage/USB_DISK3Updating valid state removed   st 0
D/MountService(  460): volume state changed for /mnt/usb_storage/USB_DISK3 (unmounted -> removed)
I/MountService(  460): /mnt/usb_storage/USB_DISK4Updating valid state removed   st 0
D/MountService(  460): volume state changed for /mnt/usb_storage/USB_DISK4 (unmounted -> removed)
I/MountService(  460): /mnt/usb_storage/USB_DISK5Updating valid state removed   st 0
D/MountService(  460): volume state changed for /mnt/usb_storage/USB_DISK5 (unmounted -> removed)
D/VoldCmdListener(  163): cryptfs getfield SystemLocale
I/SystemServer(  460): LockSettingsService
W/MountService(  460): getSecureContainerList() called when storage not mounted
D/VoldCmdListener(  163): asec list
W/PackageManager(  460): Unknown permission com.google.android.googleapps.permission.GOOGLE_AUTH in package com.android.providers.calendar
W/PackageManager(  460): Unknown permission com.google.android.googleapps.permission.GOOGLE_AUTH.cl in package com.android.providers.calendar
W/PackageManager(  460): Unknown permission com.android.vending.CHECK_LICENSE in package com.mxtech.videoplayer.pro
W/PackageManager(  460): Unknown permission com.google.android.c2dm.permission.RECEIVE in package com.mxtech.videoplayer.pro
W/PackageManager(  460): Not granting permission android.permission.GLOBAL_SEARCH to package com.android.quicksearchbox (protectionLevel=18 flags=0x8be45)
W/PackageManager(  460): Unknown permission com.android.launcher.permission.READ_SETTINGS in package com.android.winstart
W/PackageManager(  460): Not granting permission android.permission.BIND_WALLPAPER to package com.android.camera2 (protectionLevel=18 flags=0x58bc45)
W/PackageManager(  460): Not granting permission android.permission.BIND_APPWIDGET to package com.android.launcher3 (protectionLevel=18 flags=0x583e45)
W/PackageManager(  460): Unknown permission android.permission.READ_SETTINGS in package com.android.launcher3
W/PackageManager(  460): Unknown permission com.android.launcher.permission.READ_SETTINGS in package com.android.launcher3
W/PackageManager(  460): Unknown permission com.android.launcher.permission.WRITE_SETTINGS in package com.android.launcher3
W/PackageManager(  460): Unknown permission com.google.android.googleapps.permission.GOOGLE_AUTH.mail in package com.android.calendar
W/PackageManager(  460): Unknown permission android.permission.ACCESS_DRM in package com.fihtdc.filemanager
W/PackageManager(  460): Not granting permission android.permission.WRITE_MEDIA_STORAGE to package com.fihtdc.filemanager (protectionLevel=18 flags=0x83e45)
W/PackageManager(  460): Unknown permission com.fihtdc.C2DMProxy.permission.GET_PASSWORD in package com.fihtdc.filemanager
W/PackageManager(  460): Not granting permission android.permission.MANAGE_DOCUMENTS to package com.fihtdc.filemanager (protectionLevel=2 flags=0x83e45)
W/PackageManager(  460): Not granting permission android.permission.INSTALL_PACKAGES to package com.android.apkinstaller (protectionLevel=18 flags=0x8be45)
W/PackageManager(  460): Not granting permission android.permission.DELETE_PACKAGES to package com.android.apkinstaller (protectionLevel=18 flags=0x8be45)
W/PackageManager(  460): Unknown permission android.Manifest.permission.INJECT_EVENTS in package com.rockchip.devicetest
W/PackageManager(  460): Unknown permission com.android.launcher.permission.READ_SETTINGS in package com.android.onetimeinitializer
W/PackageManager(  460): Unknown permission com.android.launcher.permission.WRITE_SETTINGS in package com.android.onetimeinitializer
W/PackageManager(  460): Unknown permission android.permission.READ_MEDIA_STORAGE in package com.android.packageinstaller
W/PackageManager(  460): Not granting permission android.permission.DELETE_PACKAGES to package com.svox.pico (protectionLevel=18 flags=0x8be45)
W/PackageManager(  460): Unknown permission com.google.android.gallery3d.permission.PICASA_STORE in package com.android.dreams.phototable
W/PackageManager(  460): Unknown permission com.google.android.googleapps.permission.GOOGLE_AUTH in package com.android.settings
W/PackageManager(  460): Unknown permission com.android.launcher.permission.READ_SETTINGS in package com.android.settings
W/PackageManager(  460): Unknown permission com.android.launcher.permission.WRITE_SETTINGS in package com.android.settings
W/PackageManager(  460): Not granting permission android.permission.WRITE_MEDIA_STORAGE to package com.android.music (protectionLevel=18 flags=0x8be65)
W/PackageManager(  460): Not granting permission android.permission.DEVICE_POWER to package com.android.music (protectionLevel=2 flags=0x8be65)
W/PackageManager(  460): Not granting permission android.permission.DEVICE_POWER to package com.android.deskclock (protectionLevel=2 flags=0x48be45)
W/PackageManager(  460): Unknown permission com.android.launcher.permission.READ_SETTINGS in package com.android.systemui
W/PackageManager(  460): Unknown permission com.android.email.permission.READ_ATTACHMENT in package com.android.exchange
W/PackageManager(  460): Unknown permission com.android.email.permission.ACCESS_PROVIDER in package com.android.exchange
W/PackageManager(  460): Unknown permission com.google.android.gallery3d.permission.GALLERY_PROVIDER in package com.android.bluetooth
W/PackageManager(  460): Unknown permission android.permission.MMS_SEND_OUTBOX_MSG in package com.android.bluetooth
I/SystemServiceManager(  460): Starting com.android.server.devicepolicy.DevicePolicyManagerService$Lifecycle
W/MountService(  460): getSecureContainerList() called when storage not mounted
D/VoldCmdListener(  163): asec list
I/SystemServer(  460): Status Bar
I/SystemServer(  460): Clipboard Service
I/SystemServer(  460): NetworkManagement Service
I/SystemServer(  460): Text Service Manager Service
I/ActivityManagerService(  460): Config changes=8 {1.15 multiwindowflag=DISABLE dualscreenflag=DISABLE ?mcc?mnc ja_JA ?layoutDir sw720dp w1280dp h647dp 160dpi lrg long land ?uimode ?night finger -keyb/v/h -nav/h s.4}
I/SystemServer(  460): Network Score Service
I/SystemServer(  460): NetworkStats Service
I/SystemServer(  460): NetworkPolicy Service
I/SystemServiceManager(  460): Starting com.android.server.wifi.p2p.WifiP2pService
I/SystemServiceManager(  460): Starting com.android.server.wifi.WifiService
I/SystemServiceManager(  460): Starting com.android.server.wifi.WifiScanningService
I/SystemServiceManager(  460): Starting com.android.server.wifi.RttService
I/SystemServiceManager(  460): Starting com.android.server.ethernet.EthernetService
I/SystemServer(  460): PppoeService
I/SystemServiceManager(  460): Starting com.android.server.pppoe.PppoeService
I/SystemServer(  460): Connectivity Service
D/ConnectivityService(  460): ConnectivityService starting up
D/ConnectivityService(  460): wifiOnly=false
E/ConnectivityService(  460): Ignoring protectedNetwork 14
I/SystemServer(  460): Network Service Discovery Service
D/NsdService(  460): Network service discovery enabled true
I/SystemServer(  460): UpdateLock Service
I/SystemServiceManager(  460): Starting com.android.server.notification.NotificationManagerService
D/ZenLog  (  460): set_zen_mode: off,setting
I/SystemServiceManager(  460): Starting com.android.server.storage.DeviceStorageMonitorService
I/SystemServer(  460): Location Manager
I/SystemServer(  460): Country Detector
I/SystemServer(  460): Search Service
I/SystemServer(  460): DropBox Service
I/SystemServer(  460): Wallpaper Service
I/SystemServer(  460): Audio Service
I/SystemServiceManager(  460): Starting com.android.server.DockObserver
W/DockObserver(  460): This kernel does not have dock station support
I/SystemServer(  460): Wired Accessory Manager
I/SystemServiceManager(  460): Starting com.android.server.usb.UsbService$Lifecycle
I/SystemServer(  460): Serial Service
I/SystemServiceManager(  460): Starting com.android.server.twilight.TwilightService
I/SystemServiceManager(  460): Starting com.android.server.UiModeManagerService
I/SystemServiceManager(  460): Starting com.android.server.job.JobSchedulerService
I/SystemServiceManager(  460): Starting com.android.server.backup.BackupManagerService$Lifecycle
I/SystemServiceManager(  460): Starting com.android.server.appwidget.AppWidgetService
I/SystemServiceManager(  460): Starting com.android.server.voiceinteraction.VoiceInteractionManagerService
W/SoundTriggerHelper(  460): listModules status=0, # of modules=0
I/SystemServer(  460): DiskStats Service
I/SystemServer(  460): SamplingProfiler Service
I/SystemServer(  460): NetworkTimeUpdateService
I/SystemServer(  460): CommonTimeManagementService
I/SystemServer(  460): CertBlacklister
I/SystemServiceManager(  460): Starting com.android.server.dreams.DreamManagerService
I/SystemServer(  460): Assets Atlas Service
I/SystemServiceManager(  460): Starting com.android.server.print.PrintManagerService
I/SystemServiceManager(  460): Starting com.android.server.restrictions.RestrictionsManagerService
I/SystemServiceManager(  460): Starting com.android.server.media.MediaSessionService
I/SystemServiceManager(  460): Starting com.android.server.hdmi.HdmiControlService
I/HdmiControlService(  460): Device does not support HDMI-CEC.
I/SystemServer(  460): Media Router Service
I/SystemServer(  460): DisplayDeviceManagementService Service
D/DisplayDeviceManagementService(  460): DisplayDeviceManagementService start
I/SystemServiceManager(  460): Starting com.android.server.trust.TrustManagerService
I/SystemServiceManager(  460): Starting com.android.server.fingerprint.FingerprintService
I/SystemServer(  460): BackgroundDexOptService
I/SystemServiceManager(  460): Starting com.android.server.pm.LauncherAppsService
I/SystemServiceManager(  460): Starting com.android.server.media.projection.MediaProjectionManagerService
I/SystemServiceManager(  460): Starting com.android.server.MmsServiceBroker
E/LockSettingsStorage(  460): Cannot read file java.io.FileNotFoundException: /data/system/password.key: open failed: ENOENT (No such file or directory)
E/LockSettingsStorage(  460): Cannot read file java.io.FileNotFoundException: /data/system/gesture.key: open failed: ENOENT (No such file or directory)
I/SystemServiceManager(  460): Starting phase 480
I/SystemServiceManager(  460): Starting phase 500
I/WifiService(  460): WifiService starting up with Wi-Fi disabled
D/WifiService(  460): New client listening to asynchronous messages
D/WifiScanningService(  460): New client, channel: null messenger: null
D/ConnectivityService(  460): Got NetworkFactory Messenger for Ethernet
D/ConnectivityService(  460): Got NetworkFactory Messenger for PPPOE
I/ActivityManagerService(  460): Config changes=200 {1.15 multiwindowflag=DISABLE dualscreenflag=DISABLE ?mcc?mnc ja_JA ?layoutDir sw720dp w1280dp h647dp 160dpi lrg long land finger -keyb/v/h -nav/h s.5}
V/BackupManagerService(  460): No ancestral data
D/BackupManagerService(  460): Now staging backup of android
D/BackupManagerService(  460): Now staging backup of com.android.calendar
D/BackupManagerService(  460): Now staging backup of com.android.providers.settings
D/BackupManagerService(  460): Now staging backup of com.android.sharedstoragebackup
D/BackupManagerService(  460): Now staging backup of com.android.providers.userdictionary
V/BackupManagerService(  460): Starting with transport android/com.android.internal.backup.LocalTransport
