E/WifiStateMachine(  465): wifi setScanResults statecom.android.server.wifi.WifiStateMachine$ConnectedState@1e08ae43 sup_state=COMPLETED debouncing=false mConnectionRequests=1 selection=<none>
E/WifiStateMachine(  465): WifiStateMachine CMD_START_SCAN source -2 txSuccessRate=0.00 rxSuccessRate=1.01 targetRoamBSSID=d0:76:e7:13:d0:73 RSSI=-47
E/WifiStateMachine(  465): startDelayedScan send -> 373 milli 20000
E/WifiStateMachine(  465): WifiStateMachine CMD_START_SCAN with age=180032 interval=341718 maxinterval=300000
E/WifiStateMachine(  465): WifiStateMachine CMD_START_SCAN full=false
E/WifiStateMachine(  465): WifiStateMachine starting scan for "Welcome901_2.4G"WPA_PSK with 2462
E/WifiStateMachine(  465): [1,582,969,727,486 ms] noteScanstart no scan source uid -2
E/WifiStateMachine(  465): [1,582,969,727,699 ms] noteScanEnd no scan source onTime=0
E/WifiStateMachine(  465): wifi setScanResults statecom.android.server.wifi.WifiStateMachine$ConnectedState@1e08ae43 sup_state=COMPLETED debouncing=false mConnectionRequests=1 selection=<none>
E/WifiStateMachine(  465): WifiStateMachine CMD_START_SCAN source -2 txSuccessRate=0.00 rxSuccessRate=2.27 targetRoamBSSID=d0:76:e7:13:d0:73 RSSI=-49
E/WifiStateMachine(  465): startDelayedScan send -> 374 milli 20000
E/WifiStateMachine(  465): WifiStateMachine CMD_START_SCAN with age=200034 interval=341718 maxinterval=300000
E/WifiStateMachine(  465): WifiStateMachine CMD_START_SCAN full=false
E/WifiStateMachine(  465): WifiStateMachine starting scan for "Welcome901_2.4G"WPA_PSK with 2462
E/WifiStateMachine(  465): [1,582,969,747,489 ms] noteScanstart no scan source uid -2
E/WifiStateMachine(  465): [1,582,969,747,709 ms] noteScanEnd no scan source onTime=0
E/WifiStateMachine(  465): wifi setScanResults statecom.android.server.wifi.WifiStateMachine$ConnectedState@1e08ae43 sup_state=COMPLETED debouncing=false mConnectionRequests=1 selection=<none>
E/WifiStateMachine(  465): WifiStateMachine CMD_START_SCAN source -2 txSuccessRate=0.00 rxSuccessRate=0.75 targetRoamBSSID=d0:76:e7:13:d0:73 RSSI=-49
E/WifiStateMachine(  465): startDelayedScan send -> 375 milli 20000
E/WifiStateMachine(  465): WifiStateMachine CMD_START_SCAN with age=220036 interval=341718 maxinterval=300000
E/WifiStateMachine(  465): WifiStateMachine CMD_START_SCAN full=false
E/WifiStateMachine(  465): WifiStateMachine starting scan for "Welcome901_2.4G"WPA_PSK with 2462
E/WifiStateMachine(  465): [1,582,969,767,490 ms] noteScanstart no scan source uid -2
E/WifiStateMachine(  465): [1,582,969,767,707 ms] noteScanEnd no scan source onTime=0
E/WifiStateMachine(  465): wifi setScanResults statecom.android.server.wifi.WifiStateMachine$ConnectedState@1e08ae43 sup_state=COMPLETED debouncing=false mConnectionRequests=1 selection=<none>
E/WifiStateMachine(  465): WifiStateMachine CMD_START_SCAN source -2 txSuccessRate=0.00 rxSuccessRate=1.47 targetRoamBSSID=d0:76:e7:13:d0:73 RSSI=-47
E/WifiStateMachine(  465): startDelayedScan send -> 376 milli 20000
E/WifiStateMachine(  465): WifiStateMachine CMD_START_SCAN with age=240040 interval=341718 maxinterval=300000
E/WifiStateMachine(  465): WifiStateMachine CMD_START_SCAN full=false
E/WifiStateMachine(  465): WifiStateMachine starting scan for "Welcome901_2.4G"WPA_PSK with 2462
E/WifiStateMachine(  465): [1,582,969,787,494 ms] noteScanstart no scan source uid -2
E/WifiStateMachine(  465): [1,582,969,787,710 ms] noteScanEnd no scan source onTime=0
E/WifiStateMachine(  465): wifi setScanResults statecom.android.server.wifi.WifiStateMachine$ConnectedState@1e08ae43 sup_state=COMPLETED debouncing=false mConnectionRequests=1 selection=<none>
E/WifiStateMachine(  465): WifiStateMachine CMD_START_SCAN source -2 txSuccessRate=0.00 rxSuccessRate=0.51 targetRoamBSSID=d0:76:e7:13:d0:73 RSSI=-46
E/WifiStateMachine(  465): startDelayedScan send -> 377 milli 20000
E/WifiStateMachine(  465): WifiStateMachine CMD_START_SCAN with age=260043 interval=341718 maxinterval=300000
E/WifiStateMachine(  465): WifiStateMachine CMD_START_SCAN full=false
E/WifiStateMachine(  465): WifiStateMachine starting scan for "Welcome901_2.4G"WPA_PSK with 2462
E/WifiStateMachine(  465): [1,582,969,807,497 ms] noteScanstart no scan source uid -2
E/WifiStateMachine(  465): [1,582,969,807,715 ms] noteScanEnd no scan source onTime=0
E/WifiStateMachine(  465): wifi setScanResults statecom.android.server.wifi.WifiStateMachine$ConnectedState@1e08ae43 sup_state=COMPLETED debouncing=false mConnectionRequests=1 selection=<none>
E/WifiStateMachine(  465): WifiStateMachine CMD_START_SCAN source -2 txSuccessRate=0.00 rxSuccessRate=0.00 targetRoamBSSID=d0:76:e7:13:d0:73 RSSI=-44
E/WifiStateMachine(  465): startDelayedScan send -> 378 milli 20000
E/WifiStateMachine(  465): WifiStateMachine CMD_START_SCAN with age=280048 interval=341718 maxinterval=300000
E/WifiStateMachine(  465): WifiStateMachine CMD_START_SCAN full=false
E/WifiStateMachine(  465): WifiStateMachine starting scan for "Welcome901_2.4G"WPA_PSK with 2462
E/WifiStateMachine(  465): [1,582,969,827,502 ms] noteScanstart no scan source uid -2
E/WifiStateMachine(  465): [1,582,969,827,716 ms] noteScanEnd no scan source onTime=0
E/WifiStateMachine(  465): wifi setScanResults statecom.android.server.wifi.WifiStateMachine$ConnectedState@1e08ae43 sup_state=COMPLETED debouncing=false mConnectionRequests=1 selection=<none>
E/WifiStateMachine(  465): WifiStateMachine CMD_START_SCAN source -2 txSuccessRate=0.00 rxSuccessRate=0.00 targetRoamBSSID=d0:76:e7:13:d0:73 RSSI=-44
E/WifiStateMachine(  465): startDelayedScan send -> 379 milli 20000
E/WifiStateMachine(  465): WifiStateMachine CMD_START_SCAN with age=300052 interval=341718 maxinterval=300000
E/WifiStateMachine(  465): WifiStateMachine CMD_START_SCAN full=false
E/WifiStateMachine(  465): WifiStateMachine starting scan for "Welcome901_2.4G"WPA_PSK with 2462
E/WifiStateMachine(  465): [1,582,969,847,506 ms] noteScanstart no scan source uid -2
E/WifiStateMachine(  465): [1,582,969,847,725 ms] noteScanEnd no scan source onTime=0
E/WifiStateMachine(  465): wifi setScanResults statecom.android.server.wifi.WifiStateMachine$ConnectedState@1e08ae43 sup_state=COMPLETED debouncing=false mConnectionRequests=1 selection=<none>
E/WifiStateMachine(  465): WifiStateMachine CMD_START_SCAN source -2 txSuccessRate=0.00 rxSuccessRate=0.52 targetRoamBSSID=d0:76:e7:13:d0:73 RSSI=-45
E/WifiStateMachine(  465): startDelayedScan send -> 380 milli 20000
E/WifiStateMachine(  465): WifiStateMachine CMD_START_SCAN with age=320054 interval=341718 maxinterval=300000
E/WifiStateMachine(  465): WifiStateMachine CMD_START_SCAN full=false
E/WifiStateMachine(  465): WifiStateMachine starting scan for "Welcome901_2.4G"WPA_PSK with 2462
E/WifiStateMachine(  465): [1,582,969,867,508 ms] noteScanstart no scan source uid -2
E/WifiStateMachine(  465): [1,582,969,867,727 ms] noteScanEnd no scan source onTime=0
E/WifiStateMachine(  465): wifi setScanResults statecom.android.server.wifi.WifiStateMachine$ConnectedState@1e08ae43 sup_state=COMPLETED debouncing=false mConnectionRequests=1 selection=<none>
E/WifiStateMachine(  465): WifiStateMachine CMD_START_SCAN source -2 txSuccessRate=0.00 rxSuccessRate=1.19 targetRoamBSSID=d0:76:e7:13:d0:73 RSSI=-43
E/WifiStateMachine(  465): startDelayedScan send -> 381 milli 20000
E/WifiStateMachine(  465): WifiStateMachine CMD_START_SCAN with age=340059 interval=341718 maxinterval=300000
E/WifiStateMachine(  465): WifiStateMachine CMD_START_SCAN full=false
E/WifiStateMachine(  465): WifiStateMachine starting scan for "Welcome901_2.4G"WPA_PSK with 2462
E/WifiStateMachine(  465): [1,582,969,887,513 ms] noteScanstart no scan source uid -2
E/WifiStateMachine(  465): [1,582,969,887,738 ms] noteScanEnd no scan source onTime=0
E/WifiStateMachine(  465): wifi setScanResults statecom.android.server.wifi.WifiStateMachine$ConnectedState@1e08ae43 sup_state=COMPLETED debouncing=false mConnectionRequests=1 selection=<none>
E/WifiStateMachine(  465): WifiStateMachine CMD_START_SCAN source -2 txSuccessRate=0.00 rxSuccessRate=0.50 targetRoamBSSID=d0:76:e7:13:d0:73 RSSI=-45
E/WifiStateMachine(  465): startDelayedScan send -> 382 milli 20000
E/WifiStateMachine(  465): WifiStateMachine CMD_START_SCAN with age=360062 interval=341718 maxinterval=300000
E/WifiStateMachine(  465): WifiStateMachine CMD_START_SCAN try full band scan age=360062 interval=341718 maxinterval=300000
E/WifiStateMachine(  465): WifiStateMachine CMD_START_SCAN full=true
E/WifiStateMachine(  465): [1,582,969,907,516 ms] noteScanstart no scan source uid -2
E/WifiStateMachine(  465): [1,582,969,908,346 ms] noteScanEnd no scan source onTime=0
E/WifiStateMachine(  465): wifi setScanResults statecom.android.server.wifi.WifiStateMachine$ConnectedState@1e08ae43 sup_state=COMPLETED debouncing=false mConnectionRequests=1 selection=<none>
E/WifiStateMachine(  465): WifiStateMachine CMD_START_SCAN source -2 txSuccessRate=0.00 rxSuccessRate=1.36 targetRoamBSSID=d0:76:e7:13:d0:73 RSSI=-48
E/WifiStateMachine(  465): startDelayedScan send -> 383 milli 20000
E/WifiStateMachine(  465): WifiStateMachine CMD_START_SCAN with age=20002 interval=341718 maxinterval=300000
E/WifiStateMachine(  465): WifiStateMachine CMD_START_SCAN full=false
E/WifiStateMachine(  465): WifiStateMachine starting scan for "Welcome901_2.4G"WPA_PSK with 2462
E/WifiStateMachine(  465): [1,582,969,927,518 ms] noteScanstart no scan source uid -2
E/WifiStateMachine(  465): [1,582,969,927,737 ms] noteScanEnd no scan source onTime=0
E/WifiStateMachine(  465): wifi setScanResults statecom.android.server.wifi.WifiStateMachine$ConnectedState@1e08ae43 sup_state=COMPLETED debouncing=false mConnectionRequests=1 selection=<none>
E/WifiStateMachine(  465): WifiStateMachine CMD_START_SCAN source -2 txSuccessRate=0.00 rxSuccessRate=0.01 targetRoamBSSID=d0:76:e7:13:d0:73 RSSI=-48
E/WifiStateMachine(  465): startDelayedScan send -> 384 milli 20000
E/WifiStateMachine(  465): WifiStateMachine CMD_START_SCAN with age=40006 interval=341718 maxinterval=300000
E/WifiStateMachine(  465): WifiStateMachine CMD_START_SCAN full=false
E/WifiStateMachine(  465): WifiStateMachine starting scan for "Welcome901_2.4G"WPA_PSK with 2462
E/WifiStateMachine(  465): [1,582,969,947,523 ms] noteScanstart no scan source uid -2
E/WifiStateMachine(  465): [1,582,969,947,737 ms] noteScanEnd no scan source onTime=0
E/WifiStateMachine(  465): wifi setScanResults statecom.android.server.wifi.WifiStateMachine$ConnectedState@1e08ae43 sup_state=COMPLETED debouncing=false mConnectionRequests=1 selection=<none>
E/WifiStateMachine(  465): WifiStateMachine CMD_START_SCAN source -2 txSuccessRate=0.00 rxSuccessRate=0.50 targetRoamBSSID=d0:76:e7:13:d0:73 RSSI=-45
E/WifiStateMachine(  465): startDelayedScan send -> 385 milli 20000
E/WifiStateMachine(  465): WifiStateMachine CMD_START_SCAN with age=60009 interval=341718 maxinterval=300000
E/WifiStateMachine(  465): WifiStateMachine CMD_START_SCAN full=false
E/WifiStateMachine(  465): WifiStateMachine starting scan for "Welcome901_2.4G"WPA_PSK with 2462
E/WifiStateMachine(  465): [1,582,969,967,525 ms] noteScanstart no scan source uid -2
E/WifiStateMachine(  465): [1,582,969,967,747 ms] noteScanEnd no scan source onTime=0
E/WifiStateMachine(  465): wifi setScanResults statecom.android.server.wifi.WifiStateMachine$ConnectedState@1e08ae43 sup_state=COMPLETED debouncing=false mConnectionRequests=1 selection=<none>
E/WifiStateMachine(  465): WifiStateMachine CMD_START_SCAN source -2 txSuccessRate=0.00 rxSuccessRate=1.04 targetRoamBSSID=d0:76:e7:13:d0:73 RSSI=-46
E/WifiStateMachine(  465): startDelayedScan send -> 386 milli 20000
E/WifiStateMachine(  465): WifiStateMachine CMD_START_SCAN with age=80014 interval=341718 maxinterval=300000
E/WifiStateMachine(  465): WifiStateMachine CMD_START_SCAN full=false
E/WifiStateMachine(  465): WifiStateMachine starting scan for "Welcome901_2.4G"WPA_PSK with 2462
E/WifiStateMachine(  465): [1,582,969,987,530 ms] noteScanstart no scan source uid -2
E/WifiStateMachine(  465): [1,582,969,987,748 ms] noteScanEnd no scan source onTime=0
E/WifiStateMachine(  465): wifi setScanResults statecom.android.server.wifi.WifiStateMachine$ConnectedState@1e08ae43 sup_state=COMPLETED debouncing=false mConnectionRequests=1 selection=<none>
E/WifiStateMachine(  465): WifiStateMachine CMD_START_SCAN source -2 txSuccessRate=0.00 rxSuccessRate=0.00 targetRoamBSSID=d0:76:e7:13:d0:73 RSSI=-44
E/WifiStateMachine(  465): startDelayedScan send -> 387 milli 20000
E/WifiStateMachine(  465): WifiStateMachine CMD_START_SCAN with age=100018 interval=341718 maxinterval=300000
E/WifiStateMachine(  465): WifiStateMachine CMD_START_SCAN full=false
E/WifiStateMachine(  465): WifiStateMachine starting scan for "Welcome901_2.4G"WPA_PSK with 2462
E/WifiStateMachine(  465): [1,582,970,007,535 ms] noteScanstart no scan source uid -2
E/WifiStateMachine(  465): [1,582,970,007,759 ms] noteScanEnd no scan source onTime=0
E/WifiStateMachine(  465): wifi setScanResults statecom.android.server.wifi.WifiStateMachine$ConnectedState@1e08ae43 sup_state=COMPLETED debouncing=false mConnectionRequests=1 selection=<none>
E/WifiStateMachine(  465): WifiStateMachine CMD_START_SCAN source -2 txSuccessRate=0.00 rxSuccessRate=0.02 targetRoamBSSID=d0:76:e7:13:d0:73 RSSI=-45
E/WifiStateMachine(  465): startDelayedScan send -> 388 milli 20000
E/WifiStateMachine(  465): WifiStateMachine CMD_START_SCAN with age=120021 interval=341718 maxinterval=300000
E/WifiStateMachine(  465): WifiStateMachine CMD_START_SCAN full=false
E/WifiStateMachine(  465): WifiStateMachine starting scan for "Welcome901_2.4G"WPA_PSK with 2462
E/WifiStateMachine(  465): [1,582,970,027,537 ms] noteScanstart no scan source uid -2
E/WifiStateMachine(  465): [1,582,970,027,758 ms] noteScanEnd no scan source onTime=0
E/WifiStateMachine(  465): wifi setScanResults statecom.android.server.wifi.WifiStateMachine$ConnectedState@1e08ae43 sup_state=COMPLETED debouncing=false mConnectionRequests=1 selection=<none>
E/WifiStateMachine(  465): WifiStateMachine CMD_START_SCAN source -2 txSuccessRate=0.00 rxSuccessRate=1.00 targetRoamBSSID=d0:76:e7:13:d0:73 RSSI=-45
E/WifiStateMachine(  465): startDelayedScan send -> 389 milli 20000
E/WifiStateMachine(  465): WifiStateMachine CMD_START_SCAN with age=140025 interval=341718 maxinterval=300000
E/WifiStateMachine(  465): WifiStateMachine CMD_START_SCAN full=false
E/WifiStateMachine(  465): WifiStateMachine starting scan for "Welcome901_2.4G"WPA_PSK with 2462
E/WifiStateMachine(  465): [1,582,970,047,541 ms] noteScanstart no scan source uid -2
E/WifiStateMachine(  465): [1,582,970,047,750 ms] noteScanEnd no scan source onTime=0
E/WifiStateMachine(  465): wifi setScanResults statecom.android.server.wifi.WifiStateMachine$ConnectedState@1e08ae43 sup_state=COMPLETED debouncing=false mConnectionRequests=1 selection=<none>
E/WifiStateMachine(  465): WifiStateMachine CMD_START_SCAN source -2 txSuccessRate=0.00 rxSuccessRate=0.75 targetRoamBSSID=d0:76:e7:13:d0:73 RSSI=-44
E/WifiStateMachine(  465): startDelayedScan send -> 390 milli 20000
E/WifiStateMachine(  465): WifiStateMachine CMD_START_SCAN with age=160028 interval=341718 maxinterval=300000
E/WifiStateMachine(  465): WifiStateMachine CMD_START_SCAN full=false
E/WifiStateMachine(  465): WifiStateMachine starting scan for "Welcome901_2.4G"WPA_PSK with 2462
E/WifiStateMachine(  465): [1,582,970,067,544 ms] noteScanstart no scan source uid -2
E/WifiStateMachine(  465): [1,582,970,067,764 ms] noteScanEnd no scan source onTime=0
E/WifiStateMachine(  465): wifi setScanResults statecom.android.server.wifi.WifiStateMachine$ConnectedState@1e08ae43 sup_state=COMPLETED debouncing=false mConnectionRequests=1 selection=<none>
E/WifiStateMachine(  465): WifiStateMachine CMD_START_SCAN source -2 txSuccessRate=0.00 rxSuccessRate=2.50 targetRoamBSSID=d0:76:e7:13:d0:73 RSSI=-45
E/WifiStateMachine(  465): startDelayedScan send -> 391 milli 20000
E/WifiStateMachine(  465): WifiStateMachine CMD_START_SCAN with age=180029 interval=341718 maxinterval=300000
E/WifiStateMachine(  465): WifiStateMachine CMD_START_SCAN full=false
E/WifiStateMachine(  465): WifiStateMachine starting scan for "Welcome901_2.4G"WPA_PSK with 2462
E/WifiStateMachine(  465): [1,582,970,087,545 ms] noteScanstart no scan source uid -2
E/WifiStateMachine(  465): [1,582,970,087,765 ms] noteScanEnd no scan source onTime=0
E/WifiStateMachine(  465): wifi setScanResults statecom.android.server.wifi.WifiStateMachine$ConnectedState@1e08ae43 sup_state=COMPLETED debouncing=false mConnectionRequests=1 selection=<none>
E/WifiStateMachine(  465): WifiStateMachine CMD_START_SCAN source -2 txSuccessRate=0.00 rxSuccessRate=2.67 targetRoamBSSID=d0:76:e7:13:d0:73 RSSI=-45
E/WifiStateMachine(  465): startDelayedScan send -> 392 milli 20000
E/WifiStateMachine(  465): WifiStateMachine CMD_START_SCAN with age=200033 interval=341718 maxinterval=300000
E/WifiStateMachine(  465): WifiStateMachine CMD_START_SCAN full=false
E/WifiStateMachine(  465): WifiStateMachine starting scan for "Welcome901_2.4G"WPA_PSK with 2462
E/WifiStateMachine(  465): [1,582,970,107,549 ms] noteScanstart no scan source uid -2
E/WifiStateMachine(  465): [1,582,970,107,765 ms] noteScanEnd no scan source onTime=0
E/WifiStateMachine(  465): wifi setScanResults statecom.android.server.wifi.WifiStateMachine$ConnectedState@1e08ae43 sup_state=COMPLETED debouncing=false mConnectionRequests=1 selection=<none>
I/UsageStatsService(  465): User[0] Flushing usage stats to disk
E/WifiStateMachine(  465): WifiStateMachine CMD_START_SCAN source -2 txSuccessRate=0.00 rxSuccessRate=2.01 targetRoamBSSID=d0:76:e7:13:d0:73 RSSI=-44
E/WifiStateMachine(  465): startDelayedScan send -> 393 milli 20000
E/WifiStateMachine(  465): WifiStateMachine CMD_START_SCAN with age=220036 interval=341718 maxinterval=300000
E/WifiStateMachine(  465): WifiStateMachine CMD_START_SCAN full=false
E/WifiStateMachine(  465): WifiStateMachine starting scan for "Welcome901_2.4G"WPA_PSK with 2462
E/WifiStateMachine(  465): [1,582,970,127,552 ms] noteScanstart no scan source uid -2
E/WifiStateMachine(  465): [1,582,970,127,768 ms] noteScanEnd no scan source onTime=0
E/WifiStateMachine(  465): wifi setScanResults statecom.android.server.wifi.WifiStateMachine$ConnectedState@1e08ae43 sup_state=COMPLETED debouncing=false mConnectionRequests=1 selection=<none>
E/WifiStateMachine(  465): WifiStateMachine CMD_START_SCAN source -2 txSuccessRate=0.00 rxSuccessRate=0.23 targetRoamBSSID=d0:76:e7:13:d0:73 RSSI=-45
E/WifiStateMachine(  465): startDelayedScan send -> 394 milli 20000
E/WifiStateMachine(  465): WifiStateMachine CMD_START_SCAN with age=240041 interval=341718 maxinterval=300000
E/WifiStateMachine(  465): WifiStateMachine CMD_START_SCAN full=false
E/WifiStateMachine(  465): WifiStateMachine starting scan for "Welcome901_2.4G"WPA_PSK with 2462
E/WifiStateMachine(  465): [1,582,970,147,557 ms] noteScanstart no scan source uid -2
E/WifiStateMachine(  465): [1,582,970,147,778 ms] noteScanEnd no scan source onTime=0
E/WifiStateMachine(  465): wifi setScanResults statecom.android.server.wifi.WifiStateMachine$ConnectedState@1e08ae43 sup_state=COMPLETED debouncing=false mConnectionRequests=1 selection=<none>
E/WifiStateMachine(  465): WifiStateMachine CMD_START_SCAN source -2 txSuccessRate=0.00 rxSuccessRate=1.75 targetRoamBSSID=d0:76:e7:13:d0:73 RSSI=-42
E/WifiStateMachine(  465): startDelayedScan send -> 395 milli 20000
E/WifiStateMachine(  465): WifiStateMachine CMD_START_SCAN with age=260045 interval=341718 maxinterval=300000
E/WifiStateMachine(  465): WifiStateMachine CMD_START_SCAN full=false
E/WifiStateMachine(  465): WifiStateMachine starting scan for "Welcome901_2.4G"WPA_PSK with 2462
E/WifiStateMachine(  465): [1,582,970,167,561 ms] noteScanstart no scan source uid -2
E/WifiStateMachine(  465): [1,582,970,167,776 ms] noteScanEnd no scan source onTime=0
E/WifiStateMachine(  465): wifi setScanResults statecom.android.server.wifi.WifiStateMachine$ConnectedState@1e08ae43 sup_state=COMPLETED debouncing=false mConnectionRequests=1 selection=<none>
E/WifiStateMachine(  465): WifiStateMachine CMD_START_SCAN source -2 txSuccessRate=0.00 rxSuccessRate=0.51 targetRoamBSSID=d0:76:e7:13:d0:73 RSSI=-43
E/WifiStateMachine(  465): startDelayedScan send -> 396 milli 20000
E/WifiStateMachine(  465): WifiStateMachine CMD_START_SCAN with age=280048 interval=341718 maxinterval=300000
E/WifiStateMachine(  465): WifiStateMachine CMD_START_SCAN full=false
E/WifiStateMachine(  465): WifiStateMachine starting scan for "Welcome901_2.4G"WPA_PSK with 2462
E/WifiStateMachine(  465): [1,582,970,187,564 ms] noteScanstart no scan source uid -2
E/WifiStateMachine(  465): [1,582,970,187,789 ms] noteScanEnd no scan source onTime=0
E/WifiStateMachine(  465): wifi setScanResults statecom.android.server.wifi.WifiStateMachine$ConnectedState@1e08ae43 sup_state=COMPLETED debouncing=false mConnectionRequests=1 selection=<none>
E/WifiStateMachine(  465): WifiStateMachine CMD_START_SCAN source -2 txSuccessRate=0.00 rxSuccessRate=5.17 targetRoamBSSID=d0:76:e7:13:d0:73 RSSI=-43
E/WifiStateMachine(  465): startDelayedScan send -> 397 milli 20000
E/WifiStateMachine(  465): WifiStateMachine CMD_START_SCAN with age=300053 interval=341718 maxinterval=300000
E/WifiStateMachine(  465): WifiStateMachine CMD_START_SCAN full=false
E/WifiStateMachine(  465): WifiStateMachine starting scan for "Welcome901_2.4G"WPA_PSK with 2462
E/WifiStateMachine(  465): [1,582,970,207,569 ms] noteScanstart no scan source uid -2
E/WifiStateMachine(  465): [1,582,970,207,787 ms] noteScanEnd no scan source onTime=0
E/WifiStateMachine(  465): wifi setScanResults statecom.android.server.wifi.WifiStateMachine$ConnectedState@1e08ae43 sup_state=COMPLETED debouncing=false mConnectionRequests=1 selection=<none>
E/WifiStateMachine(  465): WifiStateMachine CMD_START_SCAN source -2 txSuccessRate=0.00 rxSuccessRate=2.01 targetRoamBSSID=d0:76:e7:13:d0:73 RSSI=-50
E/WifiStateMachine(  465): startDelayedScan send -> 398 milli 20000
E/WifiStateMachine(  465): WifiStateMachine CMD_START_SCAN with age=320056 interval=341718 maxinterval=300000
E/WifiStateMachine(  465): WifiStateMachine CMD_START_SCAN full=false
E/WifiStateMachine(  465): WifiStateMachine starting scan for "Welcome901_2.4G"WPA_PSK with 2462
E/WifiStateMachine(  465): [1,582,970,227,572 ms] noteScanstart no scan source uid -2
E/WifiStateMachine(  465): [1,582,970,227,788 ms] noteScanEnd no scan source onTime=0
E/WifiStateMachine(  465): wifi setScanResults statecom.android.server.wifi.WifiStateMachine$ConnectedState@1e08ae43 sup_state=COMPLETED debouncing=false mConnectionRequests=1 selection=<none>
E/WifiStateMachine(  465): WifiStateMachine CMD_START_SCAN source -2 txSuccessRate=0.00 rxSuccessRate=1.51 targetRoamBSSID=d0:76:e7:13:d0:73 RSSI=-51
E/WifiStateMachine(  465): startDelayedScan send -> 399 milli 20000
E/WifiStateMachine(  465): WifiStateMachine CMD_START_SCAN with age=340057 interval=341718 maxinterval=300000
E/WifiStateMachine(  465): WifiStateMachine CMD_START_SCAN full=false
E/WifiStateMachine(  465): WifiStateMachine starting scan for "Welcome901_2.4G"WPA_PSK with 2462
E/WifiStateMachine(  465): [1,582,970,247,574 ms] noteScanstart no scan source uid -2
E/WifiStateMachine(  465): [1,582,970,247,797 ms] noteScanEnd no scan source onTime=0
E/WifiStateMachine(  465): wifi setScanResults statecom.android.server.wifi.WifiStateMachine$ConnectedState@1e08ae43 sup_state=COMPLETED debouncing=false mConnectionRequests=1 selection=<none>
E/WifiStateMachine(  465): WifiStateMachine CMD_START_SCAN source -2 txSuccessRate=0.00 rxSuccessRate=0.78 targetRoamBSSID=d0:76:e7:13:d0:73 RSSI=-50
E/WifiStateMachine(  465): startDelayedScan send -> 400 milli 20000
E/WifiStateMachine(  465): WifiStateMachine CMD_START_SCAN with age=360061 interval=341718 maxinterval=300000
E/WifiStateMachine(  465): WifiStateMachine CMD_START_SCAN try full band scan age=360061 interval=341718 maxinterval=300000
E/WifiStateMachine(  465): WifiStateMachine CMD_START_SCAN full=true
E/WifiStateMachine(  465): [1,582,970,267,577 ms] noteScanstart no scan source uid -2
E/WifiStateMachine(  465): [1,582,970,268,414 ms] noteScanEnd no scan source onTime=0
E/WifiStateMachine(  465): wifi setScanResults statecom.android.server.wifi.WifiStateMachine$ConnectedState@1e08ae43 sup_state=COMPLETED debouncing=false mConnectionRequests=1 selection=<none>
E/WifiStateMachine(  465): WifiStateMachine CMD_START_SCAN source -2 txSuccessRate=0.00 rxSuccessRate=0.50 targetRoamBSSID=d0:76:e7:13:d0:73 RSSI=-47
E/WifiStateMachine(  465): startDelayedScan send -> 401 milli 20000
E/WifiStateMachine(  465): WifiStateMachine CMD_START_SCAN with age=20003 interval=341718 maxinterval=300000
E/WifiStateMachine(  465): WifiStateMachine CMD_START_SCAN full=false
E/WifiStateMachine(  465): WifiStateMachine starting scan for "Welcome901_2.4G"WPA_PSK with 2462
E/WifiStateMachine(  465): [1,582,970,287,580 ms] noteScanstart no scan source uid -2
E/WifiStateMachine(  465): [1,582,970,287,797 ms] noteScanEnd no scan source onTime=0
E/WifiStateMachine(  465): wifi setScanResults statecom.android.server.wifi.WifiStateMachine$ConnectedState@1e08ae43 sup_state=COMPLETED debouncing=false mConnectionRequests=1 selection=<none>
E/WifiStateMachine(  465): WifiStateMachine CMD_START_SCAN source -2 txSuccessRate=0.00 rxSuccessRate=0.55 targetRoamBSSID=d0:76:e7:13:d0:73 RSSI=-47
E/WifiStateMachine(  465): startDelayedScan send -> 402 milli 20000
E/WifiStateMachine(  465): WifiStateMachine CMD_START_SCAN with age=40005 interval=341718 maxinterval=300000
E/WifiStateMachine(  465): WifiStateMachine CMD_START_SCAN full=false
E/WifiStateMachine(  465): WifiStateMachine starting scan for "Welcome901_2.4G"WPA_PSK with 2462
E/WifiStateMachine(  465): [1,582,970,307,582 ms] noteScanstart no scan source uid -2
E/WifiStateMachine(  465): [1,582,970,307,795 ms] noteScanEnd no scan source onTime=0
E/WifiStateMachine(  465): wifi setScanResults statecom.android.server.wifi.WifiStateMachine$ConnectedState@1e08ae43 sup_state=COMPLETED debouncing=false mConnectionRequests=1 selection=<none>
E/WifiStateMachine(  465): WifiStateMachine CMD_START_SCAN source -2 txSuccessRate=0.00 rxSuccessRate=1.94 targetRoamBSSID=d0:76:e7:13:d0:73 RSSI=-47
E/WifiStateMachine(  465): startDelayedScan send -> 403 milli 20000
E/WifiStateMachine(  465): WifiStateMachine CMD_START_SCAN with age=60009 interval=341718 maxinterval=300000
E/WifiStateMachine(  465): WifiStateMachine CMD_START_SCAN full=false
E/WifiStateMachine(  465): WifiStateMachine starting scan for "Welcome901_2.4G"WPA_PSK with 2462
E/WifiStateMachine(  465): [1,582,970,327,586 ms] noteScanstart no scan source uid -2
E/WifiStateMachine(  465): [1,582,970,327,807 ms] noteScanEnd no scan source onTime=0
E/WifiStateMachine(  465): wifi setScanResults statecom.android.server.wifi.WifiStateMachine$ConnectedState@1e08ae43 sup_state=COMPLETED debouncing=false mConnectionRequests=1 selection=<none>
E/WifiStateMachine(  465): WifiStateMachine CMD_START_SCAN source -2 txSuccessRate=0.00 rxSuccessRate=0.57 targetRoamBSSID=d0:76:e7:13:d0:73 RSSI=-43
E/WifiStateMachine(  465): startDelayedScan send -> 404 milli 20000
E/WifiStateMachine(  465): WifiStateMachine CMD_START_SCAN with age=80012 interval=341718 maxinterval=300000
E/WifiStateMachine(  465): WifiStateMachine CMD_START_SCAN full=false
E/WifiStateMachine(  465): WifiStateMachine starting scan for "Welcome901_2.4G"WPA_PSK with 2462
E/WifiStateMachine(  465): [1,582,970,347,589 ms] noteScanstart no scan source uid -2
E/WifiStateMachine(  465): [1,582,970,347,807 ms] noteScanEnd no scan source onTime=0
E/WifiStateMachine(  465): wifi setScanResults statecom.android.server.wifi.WifiStateMachine$ConnectedState@1e08ae43 sup_state=COMPLETED debouncing=false mConnectionRequests=1 selection=<none>
E/WifiStateMachine(  465): WifiStateMachine CMD_START_SCAN source -2 txSuccessRate=0.00 rxSuccessRate=0.16 targetRoamBSSID=d0:76:e7:13:d0:73 RSSI=-48
E/WifiStateMachine(  465): startDelayedScan send -> 405 milli 20000
E/WifiStateMachine(  465): WifiStateMachine CMD_START_SCAN with age=100017 interval=341718 maxinterval=300000
E/WifiStateMachine(  465): WifiStateMachine CMD_START_SCAN full=false
E/WifiStateMachine(  465): WifiStateMachine starting scan for "Welcome901_2.4G"WPA_PSK with 2462
E/WifiStateMachine(  465): [1,582,970,367,594 ms] noteScanstart no scan source uid -2
E/WifiStateMachine(  465): [1,582,970,367,816 ms] noteScanEnd no scan source onTime=0
E/WifiStateMachine(  465): wifi setScanResults statecom.android.server.wifi.WifiStateMachine$ConnectedState@1e08ae43 sup_state=COMPLETED debouncing=false mConnectionRequests=1 selection=<none>
E/WifiStateMachine(  465): WifiStateMachine CMD_START_SCAN source -2 txSuccessRate=0.00 rxSuccessRate=0.00 targetRoamBSSID=d0:76:e7:13:d0:73 RSSI=-43
E/WifiStateMachine(  465): startDelayedScan send -> 406 milli 20000
E/WifiStateMachine(  465): WifiStateMachine CMD_START_SCAN with age=120020 interval=341718 maxinterval=300000
E/WifiStateMachine(  465): WifiStateMachine CMD_START_SCAN full=false
E/WifiStateMachine(  465): WifiStateMachine starting scan for "Welcome901_2.4G"WPA_PSK with 2462
E/WifiStateMachine(  465): [1,582,970,387,596 ms] noteScanstart no scan source uid -2
E/WifiStateMachine(  465): [1,582,970,387,815 ms] noteScanEnd no scan source onTime=0
E/WifiStateMachine(  465): wifi setScanResults statecom.android.server.wifi.WifiStateMachine$ConnectedState@1e08ae43 sup_state=COMPLETED debouncing=false mConnectionRequests=1 selection=<none>
D/AndroidRuntime( 4434): >>>>>> START com.android.internal.os.RuntimeInit uid 2000 <<<<<<
D/AndroidRuntime( 4434): CheckJNI is OFF
I/AndroidRuntime( 4434): JNI options: '-Xjniopts:warnonly'
I/art     ( 3137): Ignoring second debugger -- accepting and dropping
I/art     ( 4289): Ignoring second debugger -- accepting and dropping
E/memtrack( 4434): Couldn't load memtrack module (No such file or directory)
E/android.os.Debug( 4434): failed to load memtrack module: -2
I/art     (  834): Ignoring second debugger -- accepting and dropping
I/art     ( 1795): Ignoring second debugger -- accepting and dropping
I/art     ( 1488): Ignoring second debugger -- accepting and dropping
D/AndroidRuntime( 4434): Calling main entry com.android.commands.pm.Pm
I/art     (  465): Ignoring second debugger -- accepting and dropping
I/art     (  721): Ignoring second debugger -- accepting and dropping
D/DefContainer( 3117): Copying /data/local/tmp/202002291239.apk to base.apk
I/art     ( 1361): Ignoring second debugger -- accepting and dropping
I/art     ( 2642): Ignoring second debugger -- accepting and dropping
I/art     ( 4434): Ignoring second debugger -- accepting and dropping
I/art     (  918): Ignoring second debugger -- accepting and dropping
I/art     (  983): Ignoring second debugger -- accepting and dropping
I/art     (  664): Ignoring second debugger -- accepting and dropping
I/art     ( 3097): Ignoring second debugger -- accepting and dropping
I/art     ( 1245): Ignoring second debugger -- accepting and dropping
I/art     (  864): Ignoring second debugger -- accepting and dropping
I/art     (  610): Ignoring second debugger -- accepting and dropping
I/art     ( 4325): Ignoring second debugger -- accepting and dropping
I/art     ( 2664): Ignoring second debugger -- accepting and dropping
I/art     (  813): Ignoring second debugger -- accepting and dropping
I/art     ( 3117): Ignoring second debugger -- accepting and dropping
I/art     ( 1134): Ignoring second debugger -- accepting and dropping
I/art     ( 1326): Ignoring second debugger -- accepting and dropping
I/art     ( 4344): Ignoring second debugger -- accepting and dropping
I/art     (  574): Ignoring second debugger -- accepting and dropping
D/PackageManager(  465): Renaming /data/app/vmdl1664373778.tmp to /data/app/com.example.hu.mediaplayerapk-1
I/PackageManager(  465): Running dexopt on: /data/app/com.example.hu.mediaplayerapk-1/base.apk pkg=com.example.hu.mediaplayerapk isa=arm vmSafeMode=false
I/dex2oat ( 4447): Error opening the directory: /system/lib/plugins
I/dex2oat ( 4447): /system/bin/dex2oat --zip-fd=6 --zip-location=/data/app/com.example.hu.mediaplayerapk-1/base.apk --oat-fd=7 --oat-location=/data/dalvik-cache/arm/data@app@com.example.hu.mediaplayerapk-1@base.apk@classes.dex --instruction-set=arm --instruction-set-features=div --runtime-arg -Xms64m --runtime-arg -Xmx512m --swap-fd=13
I/dex2oat ( 4447): Decided to run without swap.
W/dex2oat ( 4447): Before Android 4.1, method int androidx.appcompat.widget.DropDownListView.lookForSelectablePosition(int, boolean) would have incorrectly overridden the package-private method in android.widget.ListView
W/dex2oat ( 4447): Before Android 4.1, method int androidx.appcompat.widget.MenuPopupWindow$MenuDropDownListView.lookForSelectablePosition(int, boolean) would have incorrectly overridden the package-private method in android.widget.ListView
W/dex2oat ( 4447): Before Android 4.1, method android.graphics.PorterDuffColorFilter androidx.vectordrawable.graphics.drawable.VectorDrawableCompat.updateTintFilter(android.graphics.PorterDuffColorFilter, android.content.res.ColorStateList, android.graphics.PorterDuff$Mode) would have incorrectly overridden the package-private method in android.graphics.drawable.Drawable
I/dex2oat ( 4447): dex2oat took 3.061s (threads: 4) arena alloc=442KB java alloc=4MB native alloc=9MB free=1287KB
W/PackageManager(  465): Not granting permission android.permission.MOUNT_UNMOUNT_FILESYSTEMS to package com.example.hu.mediaplayerapk (protectionLevel=18 flags=0x58be46)
W/PackageManager(  465): Not granting permission android.permission.WRITE_MEDIA_STORAGE to package com.example.hu.mediaplayerapk (protectionLevel=18 flags=0x58be46)
W/PackageManager(  465): Not granting permission android.permission.DEVICE_POWER to package com.example.hu.mediaplayerapk (protectionLevel=2 flags=0x58be46)
W/PackageManager(  465): Not granting permission android.permission.SET_TIME to package com.example.hu.mediaplayerapk (protectionLevel=18 flags=0x58be46)
V/BackupManagerService(  465): restoreAtInstall pkg=com.example.hu.mediaplayerapk token=7 restoreSet=0
V/BackupManagerService(  465): Finishing install immediately
W/Settings(  465): Setting install_non_market_apps has moved from android.provider.Settings.Global to android.provider.Settings.Secure, returning read-only value.
I/InputReader(  465): Reconfiguring input devices.  changes=0x00000010
D/BackupManagerService(  465): Received broadcast Intent { act=android.intent.action.PACKAGE_ADDED dat=package:com.example.hu.mediaplayerapk flg=0x4000010 (has extras) }
W/BackupManagerService(  465): Removing schedule queue dupe of com.example.hu.mediaplayerapk
D/Documents( 4344): Update found 6 roots in 27ms
I/ActivityManagerService(  465): Start proc 4456:com.svox.pico/u0a41 for broadcast com.svox.pico/.VoiceDataInstallerReceiver
W/VoiceInteractionManagerService(  465): no available voice recognition services found for user 0
I/art     ( 3137): Ignoring second debugger -- accepting and dropping
E/art     ( 4456): Failed sending reply to debugger: Broken pipe
I/art     ( 4456): Debugger is no longer active
I/art     ( 4289): Ignoring second debugger -- accepting and dropping
I/art     (  834): Ignoring second debugger -- accepting and dropping
I/art     (  465): Explicit concurrent mark sweep GC freed 43541(2MB) AllocSpace objects, 8(271KB) LOS objects, 33% free, 12MB/19MB, paused 1.129ms total 117.074ms
I/art     ( 1795): Ignoring second debugger -- accepting and dropping
I/art     ( 1488): Ignoring second debugger -- accepting and dropping
I/art     ( 4434): System.exit called, status: 0
I/AndroidRuntime( 4434): VM exiting with result code 0.
I/art     (  465): Ignoring second debugger -- accepting and dropping
D/DisplayManager( 4456): getDisplayInfo: displayId=0, info=DisplayInfo{"内置屏幕", uniqueId "local:0", app 1280 x 672, real 1280 x 720, largest app 1280 x 1207, smallest app 720 x 647, 57.925 fps, supportedRefreshRates [57.925], rotation 0, density 160 (160.15764 x 160.0) dpi, layerStack 0, appVsyncOff 0, presDeadline 18263703, type BUILT_IN, state ON, FLAG_SECURE, FLAG_SUPPORTS_PROTECTED_BUFFERS}
I/art     (  721): Ignoring second debugger -- accepting and dropping
D/DisplayManager( 4456): getDisplayInfo: displayId=0, info=DisplayInfo{"内置屏幕", uniqueId "local:0", app 1280 x 672, real 1280 x 720, largest app 1280 x 1207, smallest app 720 x 647, 57.925 fps, supportedRefreshRates [57.925], rotation 0, density 160 (160.15764 x 160.0) dpi, layerStack 0, appVsyncOff 0, presDeadline 18263703, type BUILT_IN, state ON, FLAG_SECURE, FLAG_SUPPORTS_PROTECTED_BUFFERS}
I/Launcher(  864): Deferring update until onResume
D/DisplayManager( 4456): getDisplayInfo: displayId=0, info=DisplayInfo{"内置屏幕", uniqueId "local:0", app 1280 x 672, real 1280 x 720, largest app 1280 x 1207, smallest app 720 x 647, 57.925 fps, supportedRefreshRates [57.925], rotation 0, density 160 (160.15764 x 160.0) dpi, layerStack 0, appVsyncOff 0, presDeadline 18263703, type BUILT_IN, state ON, FLAG_SECURE, FLAG_SUPPORTS_PROTECTED_BUFFERS}
D/DisplayManager( 4456): getDisplayInfo: displayId=0, info=DisplayInfo{"内置屏幕", uniqueId "local:0", app 1280 x 672, real 1280 x 720, largest app 1280 x 1207, smallest app 720 x 647, 57.925 fps, supportedRefreshRates [57.925], rotation 0, density 160 (160.15764 x 160.0) dpi, layerStack 0, appVsyncOff 0, presDeadline 18263703, type BUILT_IN, state ON, FLAG_SECURE, FLAG_SUPPORTS_PROTECTED_BUFFERS}
I/art     ( 1361): Ignoring second debugger -- accepting and dropping
I/art     ( 2642): Ignoring second debugger -- accepting and dropping
I/Launcher(  864): Deferring update until onResume
I/art     (  918): Ignoring second debugger -- accepting and dropping
I/art     (  983): Ignoring second debugger -- accepting and dropping
I/art     (  664): Ignoring second debugger -- accepting and dropping
I/art     ( 3097): Ignoring second debugger -- accepting and dropping
I/art     ( 1245): Ignoring second debugger -- accepting and dropping
I/art     (  864): Ignoring second debugger -- accepting and dropping
I/art     (  610): Ignoring second debugger -- accepting and dropping
I/art     ( 4325): Ignoring second debugger -- accepting and dropping
I/art     ( 2664): Ignoring second debugger -- accepting and dropping
I/art     (  813): Ignoring second debugger -- accepting and dropping
I/art     ( 3117): Ignoring second debugger -- accepting and dropping
I/art     ( 1134): Ignoring second debugger -- accepting and dropping
I/art     ( 1326): Ignoring second debugger -- accepting and dropping
I/art     ( 4344): Ignoring second debugger -- accepting and dropping
I/art     (  574): Ignoring second debugger -- accepting and dropping
I/art     ( 3137): Ignoring second debugger -- accepting and dropping
I/art     ( 4289): Ignoring second debugger -- accepting and dropping
I/art     (  834): Ignoring second debugger -- accepting and dropping
I/art     ( 1795): Ignoring second debugger -- accepting and dropping
I/art     ( 1488): Ignoring second debugger -- accepting and dropping
I/art     (  465): Ignoring second debugger -- accepting and dropping
I/art     (  721): Ignoring second debugger -- accepting and dropping
I/art     ( 1361): Ignoring second debugger -- accepting and dropping
I/art     ( 2642): Ignoring second debugger -- accepting and dropping
I/art     (  918): Ignoring second debugger -- accepting and dropping
I/art     (  983): Ignoring second debugger -- accepting and dropping
I/art     (  664): Ignoring second debugger -- accepting and dropping
I/art     ( 3097): Ignoring second debugger -- accepting and dropping
I/art     ( 1245): Ignoring second debugger -- accepting and dropping
I/art     (  864): Ignoring second debugger -- accepting and dropping
I/art     (  610): Ignoring second debugger -- accepting and dropping
I/art     ( 4325): Ignoring second debugger -- accepting and dropping
I/art     ( 2664): Ignoring second debugger -- accepting and dropping
I/art     (  813): Ignoring second debugger -- accepting and dropping
I/art     ( 3117): Ignoring second debugger -- accepting and dropping
I/art     ( 1134): Ignoring second debugger -- accepting and dropping
I/art     ( 1326): Ignoring second debugger -- accepting and dropping
I/art     ( 4344): Ignoring second debugger -- accepting and dropping
I/art     (  574): Ignoring second debugger -- accepting and dropping
I/art     ( 4456): Ignoring second debugger -- accepting and dropping
I/ActivityStackSupervisor(  465): START u0 {act=android.intent.action.MAIN cat=[android.intent.category.HOME] flg=0x10200000 cmp=com.android.launcher3/.Launcher} from uid 1000 on display 0
D/DisplayManager(  465): getDisplayInfo: displayId=0, info=DisplayInfo{"内置屏幕", uniqueId "local:0", app 1280 x 672, real 1280 x 720, largest app 1280 x 1207, smallest app 720 x 647, 57.925 fps, supportedRefreshRates [57.925], rotation 0, density 160 (160.15764 x 160.0) dpi, layerStack 0, appVsyncOff 0, presDeadline 18263703, type BUILT_IN, state ON, FLAG_SECURE, FLAG_SUPPORTS_PROTECTED_BUFFERS}
D/WindowManagerService(  465): null  ==========setInputFocusLw ==========  =======
D/ViewRootImpl(  864): 1280<<<<<< BACK FROM relayoutnull
D/Launcher.Workspace(  864): 11683562 - removeExtraEmptyScreen()
D/Launcher.Workspace(  864): 11683562 - convertFinalScreenToEmptyScreenIfNecessary()
D/Launcher.Model(  864): 11683562 - updateWorkspaceScreenOrder()
D/Launcher.Model(  864): 11683562 -   screens: -201
D/Launcher.Workspace(  864): 11683562 -   extra empty screen: -201
D/WindowManagerService(  465): Window{29e8a27a u0 com.android.launcher3/com.android.launcher3.Launcher}  ==========setInputFocusLw ==========  =======
D/ViewRootImpl(  864): 1280<<<<<< BACK FROM relayoutWM.LayoutParams{(0,0)(fillxfill)mPosX=0mPosY=0mHScale=1.0mVScale=1.0 align=UNDEFINE taskId=185 sim=#120 ty=1 fl=#81910100 fmt=-2 wanim=0x10303e5 vsysui=0x600 surfaceInsets=Rect(0, 0 - 0, 0) needsMenuKey=2packageName=com.android.launcher3token=android.os.BinderProxy@197b91ec}
D/ViewRootImpl( 1326): 1280<<<<<< BACK FROM relayoutnull
I/hwcomposer(  163): collect_all_zones(1032):  skip empty rectangle [33,0,0,0]
I/hwcomposer(  163): collect_all_zones(1032):  skip empty rectangle [33,0,0,0]
D/ViewRootImpl( 1326): 1280<<<<<< BACK FROM relayoutWM.LayoutParams{(0,0)(fillxfill)mPosX=0mPosY=0mHScale=1.0mVScale=1.0 align=UNDEFINE taskId=189 sim=#20 ty=1 fl=#81810100 wanim=0x1030469 surfaceInsets=Rect(0, 0 - 0, 0) needsMenuKey=2packageName=com.android.settingstoken=android.os.BinderProxy@c05bfbf}
I/hwcomposer(  163): collect_all_zones(1032):  skip empty rectangle [33,0,0,0]
I/hwcomposer(  163): collect_all_zones(1032):  skip empty rectangle [33,0,0,0]
I/hwcomposer(  163): collect_all_zones(1032):  skip empty rectangle [33,0,0,0]
I/hwcomposer(  163): collect_all_zones(1032):  skip empty rectangle [33,0,0,0]
I/hwcomposer(  163): collect_all_zones(1032):  skip empty rectangle [33,0,0,0]
I/hwcomposer(  163): collect_all_zones(1032):  skip empty rectangle [33,0,0,0]
I/hwcomposer(  163): collect_all_zones(1032):  skip empty rectangle [33,0,0,0]
I/hwcomposer(  163): collect_all_zones(1032):  skip empty rectangle [33,0,0,0]
I/hwcomposer(  163): collect_all_zones(1032):  skip empty rectangle [33,0,0,0]
I/hwcomposer(  163): collect_all_zones(1032):  skip empty rectangle [33,0,0,0]
I/hwcomposer(  163): collect_all_zones(1032):  skip empty rectangle [33,0,0,0]
I/hwcomposer(  163): collect_all_zones(1032):  skip empty rectangle [33,0,0,0]
I/hwcomposer(  163): collect_all_zones(1032):  skip empty rectangle [33,0,0,0]
W/OpenGLRenderer(  864): Incorrectly called buildLayer on View: ShortcutAndWidgetContainer, destroying layer...
W/ResourceType(  610): No package identifier when getting value for resource number 0x00000000
W/PackageManager(  610): Failure retrieving resources for com.android.settings: Resource ID #0x0
I/ActivityStackSupervisor(  465): START u0 {act=android.intent.action.MAIN cat=[android.intent.category.LAUNCHER] flg=0x10200000 cmp=com.example.hu.mediaplayerapk/.ui.activity.MainActivity (has extras)} from uid 10029 on display 0
D/WindowManagerService(  465): null  ==========setInputFocusLw ==========  =======
I/System.out(  465): com.example.hu.mediaplayerapk.ui.activity.MainActivityaddAppToken taskId:206
D/DisplayManager(  465): getDisplayInfo: displayId=0, info=DisplayInfo{"内置屏幕", uniqueId "local:0", app 1280 x 672, real 1280 x 720, largest app 1280 x 1207, smallest app 720 x 647, 57.925 fps, supportedRefreshRates [57.925], rotation 0, density 160 (160.15764 x 160.0) dpi, layerStack 0, appVsyncOff 0, presDeadline 18263703, type BUILT_IN, state ON, FLAG_SECURE, FLAG_SUPPORTS_PROTECTED_BUFFERS}
D/PhoneWindow(  465): DecorView - SCREEN_WEITH = 1280 - SCREE_HEIGHT = 672
D/DisplayManager(  465): getDisplayInfo: displayId=0, info=DisplayInfo{"内置屏幕", uniqueId "local:0", app 1280 x 672, real 1280 x 720, largest app 1280 x 1207, smallest app 720 x 647, 57.925 fps, supportedRefreshRates [57.925], rotation 0, density 160 (160.15764 x 160.0) dpi, layerStack 0, appVsyncOff 0, presDeadline 18263703, type BUILT_IN, state ON, FLAG_SECURE, FLAG_SUPPORTS_PROTECTED_BUFFERS}
V/WindowManagerService(  465): Adding window Window{2951418f u0 Starting com.example.hu.mediaplayerapk} at 3 of 9 (after Window{fa2d963 u0 com.android.settings/com.android.settings.SubSettings})
D/ViewRootImpl(  465): onAttachToWindow register content observer attrs=WM.LayoutParams{(0,0)(fillxfill)mPosX=0mPosY=0mHScale=1.0mVScale=1.0 align=UNDEFINE taskId=206 ty=3 fl=#81830118 pfl=0x12 wanim=0x1030469 surfaceInsets=Rect(0, 0 - 0, 0) needsMenuKey=2packageName=com.example.hu.mediaplayerapktoken=Token{12281697 ActivityRecord{28242d16 u0 com.example.hu.mediaplayerapk/.ui.activity.MainActivity t206}}}
D/ViewRootImpl(  465): 1280<<<<<< BACK FROM relayoutWM.LayoutParams{(0,0)(fillxfill)mPosX=0mPosY=0mHScale=1.0mVScale=1.0 align=UNDEFINE taskId=206 sim=#20 ty=3 fl=#81830118 pfl=0x12 wanim=0x1030469 vsysui=0x600 surfaceInsets=Rect(0, 0 - 0, 0) needsMenuKey=2packageName=com.example.hu.mediaplayerapktoken=Token{12281697 ActivityRecord{28242d16 u0 com.example.hu.mediaplayerapk/.ui.activity.MainActivity t206}}}
I/art     ( 4482): Late-enabling -Xcheck:jni
I/ActivityManagerService(  465): Start proc 4482:com.example.hu.mediaplayerapk/u0a60 for activity com.example.hu.mediaplayerapk/.ui.activity.MainActivity
I/art     ( 3137): Ignoring second debugger -- accepting and dropping
I/art     ( 4289): Ignoring second debugger -- accepting and dropping
I/art     ( 4456): Ignoring second debugger -- accepting and dropping
D/DisplayManager( 4482): getDisplayInfo: displayId=0, info=DisplayInfo{"内置屏幕", uniqueId "local:0", app 1280 x 672, real 1280 x 720, largest app 1280 x 1207, smallest app 720 x 647, 57.925 fps, supportedRefreshRates [57.925], rotation 0, density 160 (160.15764 x 160.0) dpi, layerStack 0, appVsyncOff 0, presDeadline 18263703, type BUILT_IN, state ON, FLAG_SECURE, FLAG_SUPPORTS_PROTECTED_BUFFERS}
I/art     ( 4482): Debugger is no longer active
D/DisplayManager( 4482): getDisplayInfo: displayId=0, info=DisplayInfo{"内置屏幕", uniqueId "local:0", app 1280 x 672, real 1280 x 720, largest app 1280 x 1207, smallest app 720 x 647, 57.925 fps, supportedRefreshRates [57.925], rotation 0, density 160 (160.15764 x 160.0) dpi, layerStack 0, appVsyncOff 0, presDeadline 18263703, type BUILT_IN, state ON, FLAG_SECURE, FLAG_SUPPORTS_PROTECTED_BUFFERS}
I/art     (  834): Ignoring second debugger -- accepting and dropping
D/DisplayManager( 4482): getDisplayInfo: displayId=0, info=DisplayInfo{"内置屏幕", uniqueId "local:0", app 1280 x 672, real 1280 x 720, largest app 1280 x 1207, smallest app 720 x 647, 57.925 fps, supportedRefreshRates [57.925], rotation 0, density 160 (160.15764 x 160.0) dpi, layerStack 0, appVsyncOff 0, presDeadline 18263703, type BUILT_IN, state ON, FLAG_SECURE, FLAG_SUPPORTS_PROTECTED_BUFFERS}
D/DisplayManager( 4482): getDisplayInfo: displayId=0, info=DisplayInfo{"内置屏幕", uniqueId "local:0", app 1280 x 672, real 1280 x 720, largest app 1280 x 1207, smallest app 720 x 647, 57.925 fps, supportedRefreshRates [57.925], rotation 0, density 160 (160.15764 x 160.0) dpi, layerStack 0, appVsyncOff 0, presDeadline 18263703, type BUILT_IN, state ON, FLAG_SECURE, FLAG_SUPPORTS_PROTECTED_BUFFERS}
I/art     ( 1795): Ignoring second debugger -- accepting and dropping
I/art     ( 1488): Ignoring second debugger -- accepting and dropping
D/ViewRootImpl(  864): 1280<<<<<< BACK FROM relayoutnull
I/art     (  465): Ignoring second debugger -- accepting and dropping
D/DisplayManager( 4482): getDisplayInfo: displayId=0, info=DisplayInfo{"内置屏幕", uniqueId "local:0", app 1280 x 672, real 1280 x 720, largest app 1280 x 1207, smallest app 720 x 647, 57.925 fps, supportedRefreshRates [57.925], rotation 0, density 160 (160.15764 x 160.0) dpi, layerStack 0, appVsyncOff 0, presDeadline 18263703, type BUILT_IN, state ON, FLAG_SECURE, FLAG_SUPPORTS_PROTECTED_BUFFERS}
D/DisplayManager( 4482): getDisplayInfo: displayId=0, info=DisplayInfo{"内置屏幕", uniqueId "local:0", app 1280 x 672, real 1280 x 720, largest app 1280 x 1207, smallest app 720 x 647, 57.925 fps, supportedRefreshRates [57.925], rotation 0, density 160 (160.15764 x 160.0) dpi, layerStack 0, appVsyncOff 0, presDeadline 18263703, type BUILT_IN, state ON, FLAG_SECURE, FLAG_SUPPORTS_PROTECTED_BUFFERS}
E/MyApplication( 4482): initScreenDisplayMetrics: ScreenWidth = 1280,ScreenHeight = 720
E/MyApplication( 4482): initScreenDisplayMetrics: ScreenHeight = 720,ScreenWidth = 1280
