I/ActivityStackSupervisor(  465): START u0 {act=android.intent.action.MAIN cat=[android.intent.category.LAUNCHER] flg=0x10200000 cmp=com.fihtdc.filemanager/.FileManager (has extras)} from uid 10029 on display 0
I/ActivityStackSupervisor(  465): START u0 {cmp=com.fihtdc.filemanager/.FileManagerMain} from uid 10033 on display 0
W/ActivityManagerService(  465): Unable to start service Intent { act=com.fihtdc.cloudagent2.service.ICloudService cmp=com.fihtdc.cloudagent2/.service.CloudService } U=0: not found
V/WindowManagerService(  465): Based on layer: Adding window Window{3c0bfd7a u0 com.fihtdc.filemanager/com.fihtdc.filemanager.FileManagerMain} at 4 of 10
D/TaskPersister(  465): removeObsoleteFile: deleting file=188_task.xml
D/TaskPersister(  465): removeObsoleteFile: deleting file=188_task_thumbnail.png
I/ActivityStackSupervisor(  465): START u0 {act=android.intent.action.MAIN cat=[android.intent.category.HOME] flg=0x10200000 cmp=android/com.android.internal.app.ResolverActivity} from uid 1000 on display 0
V/WindowManagerService(  465): Adding window Window{186d4cb8 u0 android/com.android.internal.app.ResolverActivity} at 5 of 11 (after Window{3c0bfd7a u0 com.fihtdc.filemanager/com.fihtdc.filemanager.FileManagerMain})
I/PackageManager(  465): Setting last chosen activity net.frameo.frame/.ui.activities.AFirstScreen for user 0:
I/ActivityStackSupervisor(  465): START u0 {act=android.intent.action.MAIN cat=[android.intent.category.HOME] flg=0x13200000 cmp=net.frameo.frame/.ui.activities.AFirstScreen} from uid 1000 on display 0
W/ActivityManagerService(  465): Finishing task with all activities already finished
W/ActivityManagerService(  465): Duplicate finish request for ActivityRecord{9afe9a0 u0 android/com.android.internal.app.ResolverActivity t199 f}
D/TaskPersister(  465): removeObsoleteFile: deleting file=197_task_thumbnail.png
I/ActivityManagerService(  465): Killing 3177:com.android.documentsui/u0a21 (adj 13): empty for 1834s
I/ActivityManagerService(  465): Killing 3158:com.android.keychain/1000 (adj 13): empty for 1834s
I/ActivityManagerService(  465): Killing 3064:com.android.packageinstaller/u0a38 (adj 13): empty for 1835s
I/ActivityStackSupervisor(  465): START u0 {act=android.intent.action.MAIN cat=[android.intent.category.HOME] flg=0x10200000 cmp=android/com.android.internal.app.ResolverActivity} from uid 1000 on display 0
V/WindowManagerService(  465): Adding window Window{35b83e83 u0 android/com.android.internal.app.ResolverActivity} at 5 of 11 (after Window{3c0bfd7a u0 com.fihtdc.filemanager/com.fihtdc.filemanager.FileManagerMain})
I/PackageManager(  465): Setting last chosen activity com.android.launcher3/.Launcher for user 0:
I/ActivityStackSupervisor(  465): START u0 {act=android.intent.action.MAIN cat=[android.intent.category.HOME] flg=0x13200000 cmp=com.android.launcher3/.Launcher} from uid 1000 on display 0
W/InputMethodManagerService(  465): Starting input on non-focused client com.android.internal.view.IInputMethodClient$Stub$Proxy@820169 (uid=1000 pid=1795)
W/ActivityManagerService(  465): Finishing task with all activities already finished
W/ActivityManagerService(  465): Duplicate finish request for ActivityRecord{1da2f3fc u0 android/com.android.internal.app.ResolverActivity t200 f}
I/ActivityStackSupervisor(  465): START u0 {act=android.intent.action.MAIN cat=[android.intent.category.LAUNCHER] flg=0x10200000 cmp=com.fihtdc.filemanager/.FileManager (has extras)} from uid 10029 on display 0
D/TaskPersister(  465): removeObsoleteFile: deleting file=199_task_thumbnail.png
W/ContextImpl(  465): Calling a method in the system process without a qualified user: android.app.ContextImpl.sendBroadcast:1344 com.android.internal.policy.impl.PhoneWindowManager.interceptKeyBeforeDispatching:2793 com.android.server.wm.InputMonitor.interceptKeyBeforeDispatching:476 com.android.server.input.InputManagerService.interceptKeyBeforeDispatching:1500 <bottom of call stack> 
I/ProcessStatsService(  465): Prepared write state in 4ms
I/ProcessStatsService(  465): Prepared write state in 4ms
D/ActivityManagerService(  465): moveHomeStackTaskToTop: moving TaskRecord{15a6a227 #185 A=com.android.launcher3 U=0 sz=1}
I/ActivityStackSupervisor(  465): START u0 {act=android.intent.action.MAIN cat=[android.intent.category.LAUNCHER] flg=0x10200000 cmp=com.android.settings/.Settings (has extras)} from uid 10029 on display 0
I/ActivityStackSupervisor(  465): START u0 {act=android.intent.action.MAIN cmp=com.android.settings/.SubSettings (has extras)} from uid 1000 on display 0
V/WindowManagerService(  465): Adding window Window{3dc2754 u0 com.android.settings/com.android.settings.SubSettings} at 3 of 9 (after Window{20d12b7 u0 com.android.settings/com.android.settings.Settings})
I/ActivityStackSupervisor(  465): START u0 {act=android.intent.action.MAIN cat=[android.intent.category.HOME] flg=0x10200000 cmp=android/com.android.internal.app.ResolverActivity} from uid 1000 on display 0
V/WindowManagerService(  465): Adding window Window{1f281925 u0 android/com.android.internal.app.ResolverActivity} at 4 of 10 (after Window{3dc2754 u0 com.android.settings/com.android.settings.SubSettings})
I/PackageManager(  465): Setting last chosen activity net.frameo.frame/.ui.activities.AFirstScreen for user 0:
I/ActivityStackSupervisor(  465): START u0 {act=android.intent.action.MAIN cat=[android.intent.category.HOME] flg=0x13200000 cmp=net.frameo.frame/.ui.activities.AFirstScreen} from uid 1000 on display 0
W/ActivityManagerService(  465): Finishing task with all activities already finished
W/ActivityManagerService(  465): Duplicate finish request for ActivityRecord{3b16296d u0 android/com.android.internal.app.ResolverActivity t201 f}
D/TaskPersister(  465): removeObsoleteFile: deleting file=200_task_thumbnail.png
D/DirectVolume(  162): directvolume DEVPATH = /devices/ff0c0000.rksdmmc/mmc_host/mmc1/mmc1:0001/block/mmcblk1/mmcblk1p1.
D/DirectVolume(  162): directvolume DEVPATH = /devices/ff0c0000.rksdmmc/mmc_host/mmc1/mmc1:0001/block/mmcblk1/mmcblk1p1.
D/DirectVolume(  162): DEVTYPE = partition.
D/DirectVolume(  162): Volume external_sd /mnt/external_sd partition 179:33 removed
E/DirectVolume(  162): ################sendbroadcast---------
D/Vold    (  162): Device '/devices/ff0c0000.rksdmmc/mmc_host/mmc1/mmc1:0001/block/mmcblk1/mmcblk1p1' event handled by volume external_sd
I/MountService(  465): onEvent:: raw= 632 Volume external_sd /mnt/external_sd bad removal (179:33) cooked =  632 Volume external_sd /mnt/external_sd bad removal (179:33)
I/MountService(  465): Sending unmounted event first
D/MountService(  465): sendStorageIntent Intent { act=android.intent.action.MEDIA_BAD_REMOVAL dat=file:///mnt/external_sd flg=0x4000000 (has extras) } to UserHandle{-1}
D/DirectVolume(  162): directvolume DEVPATH = /devices/ff0c0000.rksdmmc/mmc_host/mmc1/mmc1:0001/block/mmcblk1.
D/DirectVolume(  162): directvolume DEVPATH = /devices/ff0c0000.rksdmmc/mmc_host/mmc1/mmc1:0001/block/mmcblk1.
D/DirectVolume(  162): DEVTYPE = disk.
D/Vold    (  162): Device '/devices/ff0c0000.rksdmmc/mmc_host/mmc1/mmc1:0001/block/mmcblk1' event handled by volume external_sd
D/VoldCmdListener(  162): volume unmount_bad /mnt/external_sd force_and_revert
I/Vold    (  162): Error(call No.1) opening /sys/sd-sdio/rescan in the file of Volume.cpp
D/Vold    (  162): Volume external_sd state changing 4 (Mounted) -> 5 (Unmounting)
I/MountService(  465): onEvent:: raw= 605 Volume external_sd /mnt/external_sd state changed from 4 (Mounted) to 5 (Unmounting) cooked =  605 Volume external_sd /mnt/external_sd state changed from 4 (Mounted) to 5 (Unmounting)
I/MountService(  465): notifyVolumeStateChange::mounted
D/MountService(  465): sendStorageIntent Intent { act=android.intent.action.MEDIA_EJECT dat=file:///mnt/external_sd flg=0x4000000 (has extras) } to UserHandle{-1}
I/Vold    (  162): /mnt/external_sd sucessfully unmounted
I/Vold    (  162): Error(call No.2) opening /sys/sd-sdio/rescan in the file of Volume.cpp
I/Vold    (  162): /mnt/external_sd sucessfully unmounted
I/Vold    (  162): Error(call No.2) opening /sys/sd-sdio/rescan in the file of Volume.cpp
I/Vold    (  162): /mnt/external_sd unmounted successfully
I/Vold    (  162): Error(call No.1) opening /sys/sd-sdio/rescan in the file of Volume.cpp
D/Vold    (  162): Volume external_sd state changing 5 (Unmounting) -> 1 (Idle-Unmounted)
I/MountService(  465): onEvent:: raw= 613 external_sd /mnt/external_sd cooked =  613 external_sd /mnt/external_sd
I/MountService(  465): onEvent:: raw= 614 external_sd /mnt/external_sd cooked =  614 external_sd /mnt/external_sd
I/MountService(  465): onEvent:: raw= 605 Volume external_sd /mnt/external_sd state changed from 5 (Unmounting) to 1 (Idle-Unmounted) cooked =  605 Volume external_sd /mnt/external_sd state changed from 5 (Unmounting) to 1 (Idle-Unmounted)
I/MountService(  465): notifyVolumeStateChange::mounted
I/MountService(  465): updating volume state for media bad removal nofs and unmountable
D/MountService(  465): volume state changed for /mnt/external_sd (mounted -> unmounted)
E/VoldConnector(  465): NDC Command {33 volume unmount_bad /mnt/external_sd force_and_revert} took too long (2004ms)
W/MountService(  465): Duplicate state transition (unmounted -> unmounted) for /mnt/external_sd
D/MountService(  465): sendStorageIntent Intent { act=android.intent.action.MEDIA_UNMOUNTED dat=file:///mnt/external_sd flg=0x4000000 (has extras) } to UserHandle{-1}
I/MountService(  465): Sending media bad removal
D/MountService(  465): volume state changed for /mnt/external_sd (unmounted -> bad_removal)
D/MountService(  465): sendStorageIntent Intent { act=android.intent.action.MEDIA_UNMOUNTED dat=file:///mnt/external_sd flg=0x4000000 (has extras) } to UserHandle{-1}
I/ValidateNoPeople(  465): skipping global notification
I/ValidateNoPeople(  465): skipping global notification
D/DirectVolume(  162): directvolume DEVPATH = /devices/ff0c0000.rksdmmc/mmc_host/mmc1/mmc1:0001/block/mmcblk1.
D/DirectVolume(  162): directvolume DEVPATH = /devices/ff0c0000.rksdmmc/mmc_host/mmc1/mmc1:0001/block/mmcblk1.
D/DirectVolume(  162): DEVTYPE = disk.
D/DirectVolume(  162): getLabel = external_sd,devtype = disk,getDevPath = (null).
D/DirectVolume(  162): ----handleDiskAdded,mDiskNumParts =1,mDiskMajor=179,mDiskMinor=32
D/DirectVolume(  162): Dv::diskIns - waiting for 1 pending partitions
I/Vold    (  162): Error(call No.1) opening /sys/sd-sdio/rescan in the file of Volume.cpp
D/Vold    (  162): Volume external_sd state changing 1 (Idle-Unmounted) -> 2 (Pending)
D/Vold    (  162): Device '/devices/ff0c0000.rksdmmc/mmc_host/mmc1/mmc1:0001/block/mmcblk1' event handled by volume external_sd
I/MountService(  465): onEvent:: raw= 605 Volume external_sd /mnt/external_sd state changed from 1 (Idle-Unmounted) to 2 (Pending) cooked =  605 Volume external_sd /mnt/external_sd state changed from 1 (Idle-Unmounted) to 2 (Pending)
I/MountService(  465): notifyVolumeStateChange::bad_removal
D/DirectVolume(  162): directvolume DEVPATH = /devices/ff0c0000.rksdmmc/mmc_host/mmc1/mmc1:0001/block/mmcblk1/mmcblk1p1.
D/DirectVolume(  162): directvolume DEVPATH = /devices/ff0c0000.rksdmmc/mmc_host/mmc1/mmc1:0001/block/mmcblk1/mmcblk1p1.
D/DirectVolume(  162): DEVTYPE = partition.
D/DirectVolume(  162): getLabel = external_sd,devtype = partition,getDevPath = (null).
D/DirectVolume(  162): ---handlePartitionAdded,part_num=1,major=179,minor=33,mDiskMajor=179
D/DirectVolume(  162): Dv:partAdd: part_num = 1, minor = 33
D/DirectVolume(  162): Dv:partAdd: Got all partitions - ready to rock!
I/Vold    (  162): Error(call No.1) opening /sys/sd-sdio/rescan in the file of Volume.cpp
D/Vold    (  162): Volume external_sd state changing 2 (Pending) -> 1 (Idle-Unmounted)
D/Vold    (  162): Device '/devices/ff0c0000.rksdmmc/mmc_host/mmc1/mmc1:0001/block/mmcblk1/mmcblk1p1' event handled by volume external_sd
I/MountService(  465): onEvent:: raw= 605 Volume external_sd /mnt/external_sd state changed from 2 (Pending) to 1 (Idle-Unmounted) cooked =  605 Volume external_sd /mnt/external_sd state changed from 2 (Pending) to 1 (Idle-Unmounted)
I/MountService(  465): notifyVolumeStateChange::bad_removal
I/MountService(  465): onEvent:: raw= 630 Volume external_sd /mnt/external_sd disk inserted (179:32) cooked =  630 Volume external_sd /mnt/external_sd disk inserted (179:32)
I/MountService(  465): disk insert,do mount disk
I/MountService(  465): doMountVolume: Mouting /mnt/external_sd
D/VoldCmdListener(  162): volume mount /mnt/external_sd
D/Vold    (  162):  volume status = 1----------------------
D/DirectVolume(  162): getDeviceNodes mPartIdx = -1, mDiskNumParts = 1.
E/Vold    (  162): deviceNodes[0]= 0x0000b321,[1]= 0x00000000,[2]= 0x00000000,[3]= 0x00000000
I/Vold    (  162): /dev/block/vold/179:33 being considered for volume external_sd,1
I/Vold    (  162):  
I/Vold    (  162): Error(call No.1) opening /sys/sd-sdio/rescan in the file of Volume.cpp
D/Vold    (  162): Volume external_sd state changing 1 (Idle-Unmounted) -> 3 (Checking)
I/MountService(  465): onEvent:: raw= 605 Volume external_sd /mnt/external_sd state changed from 1 (Idle-Unmounted) to 3 (Checking) cooked =  605 Volume external_sd /mnt/external_sd state changed from 1 (Idle-Unmounted) to 3 (Checking)
I/MountService(  465): notifyVolumeStateChange::bad_removal
I/MountService(  465): updating volume state checking
D/MountService(  465): volume state changed for /mnt/external_sd (bad_removal -> checking)
D/MountService(  465): sendStorageIntent Intent { act=android.intent.action.MEDIA_CHECKING dat=file:///mnt/external_sd flg=0x4000000 (has extras) } to UserHandle{-1}
I/ValidateNoPeople(  465): skipping global notification
I/Vold    (  162): Filesystem check completed OK
E/Vold    (  162): ---------set mSkipAsec to enable app2sd because mount Vfat succeed for external_sd, mountpoint =/mnt/external_sd
I/MountService(  465): onEvent:: raw= 613 external_sd /mnt/external_sd "0E1C-DB9B" cooked =  613 external_sd /mnt/external_sd 0E1C-DB9B
I/MountService(  465): onEvent:: raw= 614 external_sd /mnt/external_sd cooked =  614 external_sd /mnt/external_sd
I/Vold    (  162): Error(call No.1) opening /sys/sd-sdio/rescan in the file of Volume.cpp
D/Vold    (  162): Volume external_sd state changing 3 (Checking) -> 4 (Mounted)
I/MountService(  465): onEvent:: raw= 605 Volume external_sd /mnt/external_sd state changed from 3 (Checking) to 4 (Mounted) cooked =  605 Volume external_sd /mnt/external_sd state changed from 3 (Checking) to 4 (Mounted)
I/MountService(  465): notifyVolumeStateChange::checking
I/MountService(  465): updating volume state mounted
D/MountService(  465): volume state changed for /mnt/external_sd (checking -> mounted)
D/MountService(  465): sendStorageIntent Intent { act=android.intent.action.MEDIA_MOUNTED dat=file:///mnt/external_sd flg=0x4000000 (has extras) } to UserHandle{-1}
I/ValidateNoPeople(  465): skipping global notification
W/ContextImpl( 2664): Calling a method in the system process without a qualified user: android.app.ContextImpl.startService:1709 android.content.ContextWrapper.startService:516 android.content.ContextWrapper.startService:516 com.rockchip.devicetest.BootReceiver.onReceive:58 android.app.ActivityThread.handleReceiver:2629 
W/ContextImpl(  664): Calling a method in the system process without a qualified user: android.app.ContextImpl.startService:1709 android.content.ContextWrapper.startService:516 android.content.ContextWrapper.startService:516 android.rockchip.update.service.RKUpdateReceiver.onReceive:74 android.app.ActivityThread.handleReceiver:2629 
D/DirectVolume(  162): directvolume DEVPATH = /devices/ff0c0000.rksdmmc/mmc_host/mmc1/mmc1:0001/block/mmcblk1/mmcblk1p1.
D/DirectVolume(  162): directvolume DEVPATH = /devices/ff0c0000.rksdmmc/mmc_host/mmc1/mmc1:0001/block/mmcblk1/mmcblk1p1.
D/DirectVolume(  162): DEVTYPE = partition.
D/DirectVolume(  162): Volume external_sd /mnt/external_sd partition 179:33 removed
E/DirectVolume(  162): ################sendbroadcast---------
D/Vold    (  162): Device '/devices/ff0c0000.rksdmmc/mmc_host/mmc1/mmc1:0001/block/mmcblk1/mmcblk1p1' event handled by volume external_sd
I/MountService(  465): onEvent:: raw= 632 Volume external_sd /mnt/external_sd bad removal (179:33) cooked =  632 Volume external_sd /mnt/external_sd bad removal (179:33)
I/MountService(  465): Sending unmounted event first
D/MountService(  465): sendStorageIntent Intent { act=android.intent.action.MEDIA_BAD_REMOVAL dat=file:///mnt/external_sd flg=0x4000000 (has extras) } to UserHandle{-1}
D/DirectVolume(  162): directvolume DEVPATH = /devices/ff0c0000.rksdmmc/mmc_host/mmc1/mmc1:0001/block/mmcblk1.
D/DirectVolume(  162): directvolume DEVPATH = /devices/ff0c0000.rksdmmc/mmc_host/mmc1/mmc1:0001/block/mmcblk1.
D/DirectVolume(  162): DEVTYPE = disk.
D/Vold    (  162): Device '/devices/ff0c0000.rksdmmc/mmc_host/mmc1/mmc1:0001/block/mmcblk1' event handled by volume external_sd
D/VoldCmdListener(  162): volume unmount_bad /mnt/external_sd force_and_revert
I/Vold    (  162): Error(call No.1) opening /sys/sd-sdio/rescan in the file of Volume.cpp
D/Vold    (  162): Volume external_sd state changing 4 (Mounted) -> 5 (Unmounting)
I/MountService(  465): onEvent:: raw= 605 Volume external_sd /mnt/external_sd state changed from 4 (Mounted) to 5 (Unmounting) cooked =  605 Volume external_sd /mnt/external_sd state changed from 4 (Mounted) to 5 (Unmounting)
I/MountService(  465): notifyVolumeStateChange::mounted
D/MountService(  465): sendStorageIntent Intent { act=android.intent.action.MEDIA_EJECT dat=file:///mnt/external_sd flg=0x4000000 (has extras) } to UserHandle{-1}
I/Vold    (  162): /mnt/external_sd sucessfully unmounted
I/Vold    (  162): Error(call No.2) opening /sys/sd-sdio/rescan in the file of Volume.cpp
I/Vold    (  162): /mnt/external_sd sucessfully unmounted
I/Vold    (  162): Error(call No.2) opening /sys/sd-sdio/rescan in the file of Volume.cpp
I/Vold    (  162): /mnt/external_sd unmounted successfully
I/Vold    (  162): Error(call No.1) opening /sys/sd-sdio/rescan in the file of Volume.cpp
D/Vold    (  162): Volume external_sd state changing 5 (Unmounting) -> 1 (Idle-Unmounted)
I/MountService(  465): onEvent:: raw= 613 external_sd /mnt/external_sd cooked =  613 external_sd /mnt/external_sd
I/MountService(  465): onEvent:: raw= 614 external_sd /mnt/external_sd cooked =  614 external_sd /mnt/external_sd
I/MountService(  465): onEvent:: raw= 605 Volume external_sd /mnt/external_sd state changed from 5 (Unmounting) to 1 (Idle-Unmounted) cooked =  605 Volume external_sd /mnt/external_sd state changed from 5 (Unmounting) to 1 (Idle-Unmounted)
I/MountService(  465): notifyVolumeStateChange::mounted
I/MountService(  465): updating volume state for media bad removal nofs and unmountable
D/MountService(  465): volume state changed for /mnt/external_sd (mounted -> unmounted)
E/VoldConnector(  465): NDC Command {35 volume unmount_bad /mnt/external_sd force_and_revert} took too long (2005ms)
W/MountService(  465): Duplicate state transition (unmounted -> unmounted) for /mnt/external_sd
D/MountService(  465): sendStorageIntent Intent { act=android.intent.action.MEDIA_UNMOUNTED dat=file:///mnt/external_sd flg=0x4000000 (has extras) } to UserHandle{-1}
I/MountService(  465): Sending media bad removal
D/MountService(  465): volume state changed for /mnt/external_sd (unmounted -> bad_removal)
D/MountService(  465): sendStorageIntent Intent { act=android.intent.action.MEDIA_UNMOUNTED dat=file:///mnt/external_sd flg=0x4000000 (has extras) } to UserHandle{-1}
I/ValidateNoPeople(  465): skipping global notification
I/ValidateNoPeople(  465): skipping global notification
D/DirectVolume(  162): directvolume DEVPATH = /devices/ff0c0000.rksdmmc/mmc_host/mmc1/mmc1:0001/block/mmcblk1.
D/DirectVolume(  162): directvolume DEVPATH = /devices/ff0c0000.rksdmmc/mmc_host/mmc1/mmc1:0001/block/mmcblk1.
D/DirectVolume(  162): DEVTYPE = disk.
D/DirectVolume(  162): getLabel = external_sd,devtype = disk,getDevPath = (null).
D/DirectVolume(  162): ----handleDiskAdded,mDiskNumParts =1,mDiskMajor=179,mDiskMinor=32
D/DirectVolume(  162): Dv::diskIns - waiting for 1 pending partitions
I/Vold    (  162): Error(call No.1) opening /sys/sd-sdio/rescan in the file of Volume.cpp
D/Vold    (  162): Volume external_sd state changing 1 (Idle-Unmounted) -> 2 (Pending)
D/Vold    (  162): Device '/devices/ff0c0000.rksdmmc/mmc_host/mmc1/mmc1:0001/block/mmcblk1' event handled by volume external_sd
D/DirectVolume(  162): directvolume DEVPATH = /devices/ff0c0000.rksdmmc/mmc_host/mmc1/mmc1:0001/block/mmcblk1/mmcblk1p1.
D/DirectVolume(  162): directvolume DEVPATH = /devices/ff0c0000.rksdmmc/mmc_host/mmc1/mmc1:0001/block/mmcblk1/mmcblk1p1.
D/DirectVolume(  162): DEVTYPE = partition.
D/DirectVolume(  162): getLabel = external_sd,devtype = partition,getDevPath = (null).
D/DirectVolume(  162): ---handlePartitionAdded,part_num=1,major=179,minor=33,mDiskMajor=179
D/DirectVolume(  162): Dv:partAdd: part_num = 1, minor = 33
D/DirectVolume(  162): Dv:partAdd: Got all partitions - ready to rock!
I/Vold    (  162): Error(call No.1) opening /sys/sd-sdio/rescan in the file of Volume.cpp
D/Vold    (  162): Volume external_sd state changing 2 (Pending) -> 1 (Idle-Unmounted)
D/Vold    (  162): Device '/devices/ff0c0000.rksdmmc/mmc_host/mmc1/mmc1:0001/block/mmcblk1/mmcblk1p1' event handled by volume external_sd
I/MountService(  465): onEvent:: raw= 605 Volume external_sd /mnt/external_sd state changed from 1 (Idle-Unmounted) to 2 (Pending) cooked =  605 Volume external_sd /mnt/external_sd state changed from 1 (Idle-Unmounted) to 2 (Pending)
I/MountService(  465): notifyVolumeStateChange::bad_removal
I/MountService(  465): onEvent:: raw= 605 Volume external_sd /mnt/external_sd state changed from 2 (Pending) to 1 (Idle-Unmounted) cooked =  605 Volume external_sd /mnt/external_sd state changed from 2 (Pending) to 1 (Idle-Unmounted)
I/MountService(  465): notifyVolumeStateChange::bad_removal
I/MountService(  465): onEvent:: raw= 630 Volume external_sd /mnt/external_sd disk inserted (179:32) cooked =  630 Volume external_sd /mnt/external_sd disk inserted (179:32)
I/MountService(  465): disk insert,do mount disk
I/MountService(  465): doMountVolume: Mouting /mnt/external_sd
D/VoldCmdListener(  162): volume mount /mnt/external_sd
D/Vold    (  162):  volume status = 1----------------------
D/DirectVolume(  162): getDeviceNodes mPartIdx = -1, mDiskNumParts = 1.
E/Vold    (  162): deviceNodes[0]= 0x0000b321,[1]= 0x00000000,[2]= 0x00000000,[3]= 0x00000000
I/Vold    (  162): /dev/block/vold/179:33 being considered for volume external_sd,1
I/Vold    (  162):  
I/Vold    (  162): Error(call No.1) opening /sys/sd-sdio/rescan in the file of Volume.cpp
D/Vold    (  162): Volume external_sd state changing 1 (Idle-Unmounted) -> 3 (Checking)
I/MountService(  465): onEvent:: raw= 605 Volume external_sd /mnt/external_sd state changed from 1 (Idle-Unmounted) to 3 (Checking) cooked =  605 Volume external_sd /mnt/external_sd state changed from 1 (Idle-Unmounted) to 3 (Checking)
I/MountService(  465): notifyVolumeStateChange::bad_removal
I/MountService(  465): updating volume state checking
D/MountService(  465): volume state changed for /mnt/external_sd (bad_removal -> checking)
D/MountService(  465): sendStorageIntent Intent { act=android.intent.action.MEDIA_CHECKING dat=file:///mnt/external_sd flg=0x4000000 (has extras) } to UserHandle{-1}
I/ValidateNoPeople(  465): skipping global notification
I/Vold    (  162): Filesystem check completed OK
E/Vold    (  162): ---------set mSkipAsec to enable app2sd because mount Vfat succeed for external_sd, mountpoint =/mnt/external_sd
I/MountService(  465): onEvent:: raw= 613 external_sd /mnt/external_sd "0E1C-DB9B" cooked =  613 external_sd /mnt/external_sd 0E1C-DB9B
I/MountService(  465): onEvent:: raw= 614 external_sd /mnt/external_sd cooked =  614 external_sd /mnt/external_sd
I/Vold    (  162): Error(call No.1) opening /sys/sd-sdio/rescan in the file of Volume.cpp
D/Vold    (  162): Volume external_sd state changing 3 (Checking) -> 4 (Mounted)
I/MountService(  465): onEvent:: raw= 605 Volume external_sd /mnt/external_sd state changed from 3 (Checking) to 4 (Mounted) cooked =  605 Volume external_sd /mnt/external_sd state changed from 3 (Checking) to 4 (Mounted)
I/MountService(  465): notifyVolumeStateChange::checking
I/MountService(  465): updating volume state mounted
D/MountService(  465): volume state changed for /mnt/external_sd (checking -> mounted)
D/MountService(  465): sendStorageIntent Intent { act=android.intent.action.MEDIA_MOUNTED dat=file:///mnt/external_sd flg=0x4000000 (has extras) } to UserHandle{-1}
I/ValidateNoPeople(  465): skipping global notification
I/UsageStatsService(  465): User[0] Flushing usage stats to disk
W/ContextImpl( 2664): Calling a method in the system process without a qualified user: android.app.ContextImpl.startService:1709 android.content.ContextWrapper.startService:516 android.content.ContextWrapper.startService:516 com.rockchip.devicetest.BootReceiver.onReceive:58 android.app.ActivityThread.handleReceiver:2629 
W/ContextImpl(  664): Calling a method in the system process without a qualified user: android.app.ContextImpl.startService:1709 android.content.ContextWrapper.startService:516 android.content.ContextWrapper.startService:516 android.rockchip.update.service.RKUpdateReceiver.onReceive:74 android.app.ActivityThread.handleReceiver:2629 
D/DirectVolume(  162): directvolume DEVPATH = /devices/ff0c0000.rksdmmc/mmc_host/mmc1/mmc1:0001/block/mmcblk1/mmcblk1p1.
D/DirectVolume(  162): directvolume DEVPATH = /devices/ff0c0000.rksdmmc/mmc_host/mmc1/mmc1:0001/block/mmcblk1/mmcblk1p1.
D/DirectVolume(  162): DEVTYPE = partition.
D/DirectVolume(  162): Volume external_sd /mnt/external_sd partition 179:33 removed
E/DirectVolume(  162): ################sendbroadcast---------
D/Vold    (  162): Device '/devices/ff0c0000.rksdmmc/mmc_host/mmc1/mmc1:0001/block/mmcblk1/mmcblk1p1' event handled by volume external_sd
I/MountService(  465): onEvent:: raw= 632 Volume external_sd /mnt/external_sd bad removal (179:33) cooked =  632 Volume external_sd /mnt/external_sd bad removal (179:33)
I/MountService(  465): Sending unmounted event first
D/MountService(  465): sendStorageIntent Intent { act=android.intent.action.MEDIA_BAD_REMOVAL dat=file:///mnt/external_sd flg=0x4000000 (has extras) } to UserHandle{-1}
D/DirectVolume(  162): directvolume DEVPATH = /devices/ff0c0000.rksdmmc/mmc_host/mmc1/mmc1:0001/block/mmcblk1.
D/DirectVolume(  162): directvolume DEVPATH = /devices/ff0c0000.rksdmmc/mmc_host/mmc1/mmc1:0001/block/mmcblk1.
D/DirectVolume(  162): DEVTYPE = disk.
D/Vold    (  162): Device '/devices/ff0c0000.rksdmmc/mmc_host/mmc1/mmc1:0001/block/mmcblk1' event handled by volume external_sd
D/VoldCmdListener(  162): volume unmount_bad /mnt/external_sd force_and_revert
I/Vold    (  162): Error(call No.1) opening /sys/sd-sdio/rescan in the file of Volume.cpp
D/Vold    (  162): Volume external_sd state changing 4 (Mounted) -> 5 (Unmounting)
I/MountService(  465): onEvent:: raw= 605 Volume external_sd /mnt/external_sd state changed from 4 (Mounted) to 5 (Unmounting) cooked =  605 Volume external_sd /mnt/external_sd state changed from 4 (Mounted) to 5 (Unmounting)
I/MountService(  465): notifyVolumeStateChange::mounted
D/MountService(  465): sendStorageIntent Intent { act=android.intent.action.MEDIA_EJECT dat=file:///mnt/external_sd flg=0x4000000 (has extras) } to UserHandle{-1}
I/Vold    (  162): /mnt/external_sd sucessfully unmounted
I/Vold    (  162): Error(call No.2) opening /sys/sd-sdio/rescan in the file of Volume.cpp
I/Vold    (  162): /mnt/external_sd sucessfully unmounted
I/Vold    (  162): Error(call No.2) opening /sys/sd-sdio/rescan in the file of Volume.cpp
I/Vold    (  162): /mnt/external_sd unmounted successfully
I/Vold    (  162): Error(call No.1) opening /sys/sd-sdio/rescan in the file of Volume.cpp
D/Vold    (  162): Volume external_sd state changing 5 (Unmounting) -> 1 (Idle-Unmounted)
I/MountService(  465): onEvent:: raw= 613 external_sd /mnt/external_sd cooked =  613 external_sd /mnt/external_sd
I/MountService(  465): onEvent:: raw= 614 external_sd /mnt/external_sd cooked =  614 external_sd /mnt/external_sd
I/MountService(  465): onEvent:: raw= 605 Volume external_sd /mnt/external_sd state changed from 5 (Unmounting) to 1 (Idle-Unmounted) cooked =  605 Volume external_sd /mnt/external_sd state changed from 5 (Unmounting) to 1 (Idle-Unmounted)
I/MountService(  465): notifyVolumeStateChange::mounted
I/MountService(  465): updating volume state for media bad removal nofs and unmountable
D/MountService(  465): volume state changed for /mnt/external_sd (mounted -> unmounted)
E/VoldConnector(  465): NDC Command {37 volume unmount_bad /mnt/external_sd force_and_revert} took too long (2005ms)
W/MountService(  465): Duplicate state transition (unmounted -> unmounted) for /mnt/external_sd
D/MountService(  465): sendStorageIntent Intent { act=android.intent.action.MEDIA_UNMOUNTED dat=file:///mnt/external_sd flg=0x4000000 (has extras) } to UserHandle{-1}
I/MountService(  465): Sending media bad removal
D/MountService(  465): volume state changed for /mnt/external_sd (unmounted -> bad_removal)
D/MountService(  465): sendStorageIntent Intent { act=android.intent.action.MEDIA_UNMOUNTED dat=file:///mnt/external_sd flg=0x4000000 (has extras) } to UserHandle{-1}
I/ValidateNoPeople(  465): skipping global notification
I/ValidateNoPeople(  465): skipping global notification
D/UsbDeviceManager(  465): Usb state is false false true
D/MountService(  465): sharedvolumeNum: 0 ;avail: false
I/ActivityStackSupervisor(  465): START u0 {act=android.intent.action.MAIN cat=[android.intent.category.HOME] flg=0x10200000 cmp=android/com.android.internal.app.ResolverActivity} from uid 1000 on display 0
V/WindowManagerService(  465): Adding window Window{3f458581 u0 android/com.android.internal.app.ResolverActivity} at 4 of 10 (after Window{3dc2754 u0 com.android.settings/com.android.settings.SubSettings})
W/ContextImpl(  465): Calling a method in the system process without a qualified user: android.app.ContextImpl.sendBroadcast:1344 com.android.internal.policy.impl.PhoneWindowManager.interceptKeyBeforeDispatching:2793 com.android.server.wm.InputMonitor.interceptKeyBeforeDispatching:476 com.android.server.input.InputManagerService.interceptKeyBeforeDispatching:1500 <bottom of call stack> 
I/PackageManager(  465): Setting last chosen activity com.android.launcher3/.Launcher for user 0:
I/ActivityStackSupervisor(  465): START u0 {act=android.intent.action.MAIN cat=[android.intent.category.HOME] flg=0x13200000 cmp=com.android.launcher3/.Launcher} from uid 1000 on display 0
W/InputMethodManagerService(  465): Starting input on non-focused client com.android.internal.view.IInputMethodClient$Stub$Proxy@820169 (uid=1000 pid=1795)
W/ActivityManagerService(  465): Finishing task with all activities already finished
W/ActivityManagerService(  465): Duplicate finish request for ActivityRecord{28ea0102 u0 android/com.android.internal.app.ResolverActivity t202 f}
I/ActivityStackSupervisor(  465): START u0 {act=android.intent.action.MAIN cat=[android.intent.category.LAUNCHER] flg=0x10200000 cmp=com.android.settings/.Settings bnds=[478,589][592,666] (has extras)} from uid 10029 on display 0
W/InputMethodManagerService(  465): Starting input on non-focused client com.android.internal.view.IInputMethodClient$Stub$Proxy@2d393df3 (uid=10029 pid=864)
D/TaskPersister(  465): removeObsoleteFile: deleting file=201_task_thumbnail.png
I/ActivityStackSupervisor(  465): START u0 {act=android.intent.action.MAIN cmp=com.android.settings/.SubSettings (has extras)} from uid 1000 on display 0
V/WindowManagerService(  465): Adding window Window{312d89e3 u0 com.android.settings/com.android.settings.SubSettings} at 3 of 9 (after Window{20d12b7 u0 com.android.settings/com.android.settings.Settings})
I/ActivityStackSupervisor(  465): START u0 {act=android.intent.action.MAIN cat=[android.intent.category.HOME] flg=0x10200000 cmp=android/com.android.internal.app.ResolverActivity} from uid 1000 on display 0
V/WindowManagerService(  465): Adding window Window{2230240d u0 android/com.android.internal.app.ResolverActivity} at 4 of 10 (after Window{312d89e3 u0 com.android.settings/com.android.settings.SubSettings})
I/PackageManager(  465): Setting last chosen activity net.frameo.frame/.ui.activities.AFirstScreen for user 0:
I/ActivityStackSupervisor(  465): START u0 {act=android.intent.action.MAIN cat=[android.intent.category.HOME] flg=0x13200000 cmp=net.frameo.frame/.ui.activities.AFirstScreen} from uid 1000 on display 0
W/ActivityManagerService(  465): Finishing task with all activities already finished
W/ActivityManagerService(  465): Duplicate finish request for ActivityRecord{295a5f55 u0 android/com.android.internal.app.ResolverActivity t203 f}
D/TaskPersister(  465): removeObsoleteFile: deleting file=202_task_thumbnail.png
W/Vold    (  162): subsystem found in netlink event
D/Vold    (  162): handleEvent   usb, 1
D/Vold    (  162): == current usb device: 0BDA/0301 ===
W/Vold    (  162): subsystem found in netlink event
D/Vold    (  162): handleEvent   usb, 1
D/UsbHostManager(  465): Added device UsbDevice[mName=/dev/bus/usb/003/002,mVendorId=3034,mProductId=769,mClass=0,mSubclass=0,mProtocol=0,mManufacturerName=Realtek,mProductName=USB3.0 Card Reader,mSerialNumber=201506301013,mConfigurations=[
D/UsbHostManager(  465): UsbConfiguration[mId=1,mName=CARD READER,mAttributes=160,mMaxPower=250,mInterfaces=[
D/UsbHostManager(  465): UsbInterface[mId=0,mAlternateSetting=0,mName=Bulk-In, Bulk-Out, Interface,mClass=8,mSubclass=6,mProtocol=80,mEndpoints=[
D/UsbHostManager(  465): UsbEndpoint[mAddress=1,mAttributes=2,mMaxPacketSize=512,mInterval=0]
D/UsbHostManager(  465): UsbEndpoint[mAddress=130,mAttributes=2,mMaxPacketSize=512,mInterval=0]]]]
W/ContextImpl(  465): Calling a method in the system process without a qualified user: android.app.ContextImpl.sendBroadcast:1344 com.android.server.usb.UsbSettingsManager.deviceAttached:741 com.android.server.usb.UsbHostManager.endUsbDeviceAdded:224 com.android.server.usb.UsbHostManager.monitorUsbHostBus:-2 com.android.server.usb.UsbHostManager.access$000:42 
W/Vold    (  162): subsystem found in netlink event
D/Vold    (  162): handleEvent   scsi_device, 1
W/Vold    (  162): subsystem found in netlink event
D/Vold    (  162): handleEvent   scsi_device, 1
D/DirectVolume(  162): directvolume DEVPATH = /devices/ff580000.usb/usb3/3-1/3-1:1.0/host1/target1:0:0/1:0:0:0/block/sda.
D/DirectVolume(  162): directvolume DEVPATH = /devices/ff580000.usb/usb3/3-1/3-1:1.0/host1/target1:0:0/1:0:0:0/block/sda.
D/DirectVolume(  162): directvolume DEVPATH = /devices/ff580000.usb/usb3/3-1/3-1:1.0/host1/target1:0:0/1:0:0:0/block/sda.
W/DirectVolume(  162): Deprecated implied prefix pattern detected, please use '/devices/ff580000.usb*' instead
D/DirectVolume(  162): DEVTYPE = disk.
D/DirectVolume(  162): getLabel = usb_storage,devtype = disk,getDevPath = (null).
D/DirectVolume(  162): handleUdiskDiskAdded NPARTS = 0.
D/DirectVolume(  162): handleUdiskDiskAdded mPendingPartMap = 0x00000000.
D/DirectVolume(  162): Dv::handleUdiskDiskAdded - No partitions - good to go son!
D/Vold    (  162): Volume usb_storage state changing 0 (No-Media) -> 1 (Idle-Unmounted)
E/Vold    (  162): addUdiskPartition getLabel = usb_storage.
E/Vold    (  162): addUdiskPartition pucMountPoint = /mnt/usb_storage/udisk0/.
E/Vold    (  162): ############ addUdiskPartition ucMountPoint=/mnt/usb_storage/udisk0/udisk0 mState =-1##################
D/Vold    (  162): Device '/devices/ff580000.usb/usb3/3-1/3-1:1.0/host1/target1:0:0/1:0:0:0/block/sda' event handled by volume usb_storage
I/MountService(  465): onEvent:: raw= 605 Volume usb_storage /mnt/usb_storage/USB_DISK0 state changed from 0 (No-Media) to 1 (Idle-Unmounted) cooked =  605 Volume usb_storage /mnt/usb_storage/USB_DISK0 state changed from 0 (No-Media) to 1 (Idle-Unmounted)
I/MountService(  465): notifyVolumeStateChange::removed
I/MountService(  465): updating volume state for media bad removal nofs and unmountable
D/MountService(  465): volume state changed for /mnt/usb_storage/USB_DISK0 (removed -> unmounted)
D/MountService(  465): sendStorageIntent Intent { act=android.intent.action.MEDIA_UNMOUNTED dat=file:///mnt/usb_storage/USB_DISK0 flg=0x4000000 (has extras) } to UserHandle{-1}
I/MountService(  465): onEvent:: raw= 630 Volume usb_storage /mnt/usb_storage/USB_DISK0 disk inserted (8:0) state 1 cooked =  630 Volume usb_storage /mnt/usb_storage/USB_DISK0 disk inserted (8:0) state 1
I/MountService(  465): disk insert,do mount disk
I/MountService(  465): onEvent:: raw= 630 Volume usb_storage /mnt/usb_storage/USB_DISK0 disk inserted (8:0) cooked =  630 Volume usb_storage /mnt/usb_storage/USB_DISK0 disk inserted (8:0)
I/MountService(  465): disk insert,do mount disk
I/MountService(  465): doMountVolume: Mouting /mnt/usb_storage/USB_DISK0
D/VoldCmdListener(  162): volume mount /mnt/usb_storage/USB_DISK0
D/Vold    (  162):  volume status = 1----------------------
W/Vold    (  162): mountVol udisk###############label =usb_storage 
E/Vold    (  162): mountUdiskVol istate = 1
D/Vold    (  162): Volume usb_storage state changing 1 (Idle-Unmounted) -> 3 (Checking)
E/Vold    (  162): mountUdiskVol getLabel = usb_storage.
E/Vold    (  162): mountUdiskVol mDiskMountFilePathName = /mnt/usb_storage/USB_DISK0.
W/Vold    (  162): mountVol mDiskVolumelNum =/mnt/usb_storage/USB_DISK0
E/Vold    (  162): /dev/block/vold/8:0 1111being considered for volume /ff540000.usb/usb4/4-1/4-1:1.0/host0/target0:0:0/0:0:0:0/block/s udisk0 
I/MountService(  465): doMountVolume: Mouting /mnt/usb_storage/USB_DISK0
I/MountService(  465): onEvent:: raw= 605 Volume usb_storage /mnt/usb_storage/USB_DISK0 state changed from 1 (Idle-Unmounted) to 3 (Checking) cooked =  605 Volume usb_storage /mnt/usb_storage/USB_DISK0 state changed from 1 (Idle-Unmounted) to 3 (Checking)
I/MountService(  465): notifyVolumeStateChange::unmounted
I/MountService(  465): updating volume state checking
D/MountService(  465): volume state changed for /mnt/usb_storage/USB_DISK0 (unmounted -> checking)
I/ValidateNoPeople(  465): skipping global notification
D/MountService(  465): sendStorageIntent Intent { act=android.intent.action.MEDIA_CHECKING dat=file:///mnt/usb_storage/USB_DISK0 flg=0x4000000 (has extras) } to UserHandle{-1}
I/ValidateNoPeople(  465): skipping global notification
D/DirectVolume(  162): directvolume DEVPATH = /devices/ff580000.usb/usb3/3-1/3-1:1.0/host1/target1:0:0/1:0:0:0/block/sda.
D/DirectVolume(  162): directvolume DEVPATH = /devices/ff580000.usb/usb3/3-1/3-1:1.0/host1/target1:0:0/1:0:0:0/block/sda.
D/DirectVolume(  162): directvolume DEVPATH = /devices/ff580000.usb/usb3/3-1/3-1:1.0/host1/target1:0:0/1:0:0:0/block/sda.
D/DirectVolume(  162): DEVTYPE = disk.
I/DirectVolume(  162): Volume usb_storage disk has changed
D/Vold    (  162): Volume usb_storage state changing 3 (Checking) -> 1 (Idle-Unmounted)
D/Vold    (  162): Device '/devices/ff580000.usb/usb3/3-1/3-1:1.0/host1/target1:0:0/1:0:0:0/block/sda' event handled by volume usb_storage
I/MountService(  465): onEvent:: raw= 605 Volume usb_storage /mnt/usb_storage/USB_DISK0 state changed from 3 (Checking) to 1 (Idle-Unmounted) cooked =  605 Volume usb_storage /mnt/usb_storage/USB_DISK0 state changed from 3 (Checking) to 1 (Idle-Unmounted)
I/MountService(  465): notifyVolumeStateChange::checking
I/MountService(  465): updating volume state for media bad removal nofs and unmountable
D/MountService(  465): volume state changed for /mnt/usb_storage/USB_DISK0 (checking -> unmounted)
D/MountService(  465): sendStorageIntent Intent { act=android.intent.action.MEDIA_UNMOUNTED dat=file:///mnt/usb_storage/USB_DISK0 flg=0x4000000 (has extras) } to UserHandle{-1}
E/Vold    (  162): #######mUdiskPartition size: 1  szType =
E/Vold    (  162): ucFilePathName:/mnt/usb_storage/USB_DISK0/udisk0  szType=
E/Vold    (  162): FilePathName:/mnt/usb_storage/USB_DISK0/udisk0  szType=
D/DirectVolume(  162): directvolume DEVPATH = /devices/ff580000.usb/usb3/3-1/3-1:1.0/host1/target1:0:0/1:0:0:0/block/sda.
D/DirectVolume(  162): directvolume DEVPATH = /devices/ff580000.usb/usb3/3-1/3-1:1.0/host1/target1:0:0/1:0:0:0/block/sda.
D/DirectVolume(  162): directvolume DEVPATH = /devices/ff580000.usb/usb3/3-1/3-1:1.0/host1/target1:0:0/1:0:0:0/block/sda.
D/DirectVolume(  162): DEVTYPE = disk.
I/DirectVolume(  162): Volume usb_storage disk has changed
W/Vold    (  162): Duplicate state (1)
D/Vold    (  162): Device '/devices/ff580000.usb/usb3/3-1/3-1:1.0/host1/target1:0:0/1:0:0:0/block/sda' event handled by volume usb_storage
E/Vold    (  162): earse succed!!!
E/Vold    (  162): /dev/block/vold/8:0 failed to mount via  (No medium found)
W/Vold    (  162): Duplicate state (1)
W/Vold    (  162): Returning OperationFailed - no handler for errno 22
D/VoldCmdListener(  162): volume mount /mnt/usb_storage/USB_DISK0
D/Vold    (  162):  volume status = 1----------------------
W/Vold    (  162): mountVol udisk###############label =usb_storage 
E/Vold    (  162): mountUdiskVol istate = 1
D/Vold    (  162): Volume usb_storage state changing 1 (Idle-Unmounted) -> 3 (Checking)
E/Vold    (  162): mountUdiskVol getLabel = usb_storage.
E/Vold    (  162): mountUdiskVol mDiskMountFilePathName = /mnt/usb_storage/USB_DISK0.
W/Vold    (  162): mountVol mDiskVolumelNum =/mnt/usb_storage/USB_DISK0
E/Vold    (  162): /dev/block/vold/8:0 1111being considered for volume /mnt/usb_storage/USB_DISK0/udisk0 udisk0 
E/VoldConnector(  465): NDC Command {38 volume mount /mnt/usb_storage/USB_DISK0} took too long (828ms)
I/MountService(  465): onEvent:: raw= 605 Volume usb_storage /mnt/usb_storage/USB_DISK0 state changed from 1 (Idle-Unmounted) to 3 (Checking) cooked =  605 Volume usb_storage /mnt/usb_storage/USB_DISK0 state changed from 1 (Idle-Unmounted) to 3 (Checking)
I/MountService(  465): notifyVolumeStateChange::unmounted
I/MountService(  465): updating volume state checking
W/MountService(  465): Insertion mount failed (-1)
D/MountService(  465): volume state changed for /mnt/usb_storage/USB_DISK0 (unmounted -> checking)
E/Vold    (  162): #######mUdiskPartition size: 1  szType =
E/Vold    (  162): ucFilePathName:/mnt/usb_storage/USB_DISK0/udisk0  szType=
D/MountService(  465): sendStorageIntent Intent { act=android.intent.action.MEDIA_CHECKING dat=file:///mnt/usb_storage/USB_DISK0 flg=0x4000000 (has extras) } to UserHandle{-1}
E/Vold    (  162): FilePathName:/mnt/usb_storage/USB_DISK0/udisk0  szType=
E/Vold    (  162): earse succed!!!
E/Vold    (  162): /dev/block/vold/8:0 failed to mount via  (No medium found)
D/Vold    (  162): Volume usb_storage state changing 3 (Checking) -> 1 (Idle-Unmounted)
W/Vold    (  162): Returning OperationFailed - no handler for errno 0
I/MountService(  465): onEvent:: raw= 605 Volume usb_storage /mnt/usb_storage/USB_DISK0 state changed from 3 (Checking) to 1 (Idle-Unmounted) cooked =  605 Volume usb_storage /mnt/usb_storage/USB_DISK0 state changed from 3 (Checking) to 1 (Idle-Unmounted)
I/MountService(  465): notifyVolumeStateChange::checking
I/MountService(  465): updating volume state for media bad removal nofs and unmountable
D/MountService(  465): volume state changed for /mnt/usb_storage/USB_DISK0 (checking -> unmounted)
E/VoldConnector(  465): NDC Command {39 volume mount /mnt/usb_storage/USB_DISK0} took too long (834ms)
W/MountService(  465): Insertion mount failed (-1)
I/ValidateNoPeople(  465): skipping global notification
D/MountService(  465): sendStorageIntent Intent { act=android.intent.action.MEDIA_UNMOUNTED dat=file:///mnt/usb_storage/USB_DISK0 flg=0x4000000 (has extras) } to UserHandle{-1}
D/DirectVolume(  162): directvolume DEVPATH = /devices/ff580000.usb/usb3/3-1/3-1:1.0/host1/target1:0:0/1:0:0:1/block/sdb.
D/DirectVolume(  162): directvolume DEVPATH = /devices/ff580000.usb/usb3/3-1/3-1:1.0/host1/target1:0:0/1:0:0:1/block/sdb.
D/DirectVolume(  162): directvolume DEVPATH = /devices/ff580000.usb/usb3/3-1/3-1:1.0/host1/target1:0:0/1:0:0:1/block/sdb.
D/DirectVolume(  162): DEVTYPE = disk.
D/DirectVolume(  162): getLabel = usb_storage,devtype = disk,getDevPath = (null).
D/DirectVolume(  162): handleUdiskDiskAdded NPARTS = 1.
D/DirectVolume(  162): handleUdiskDiskAdded mPendingPartMap = 0x00000002.
D/DirectVolume(  162): Dv::diskIns - waiting for 1 partitions (mask 0x2)
D/Vold    (  162): Volume usb_storage state changing 1 (Idle-Unmounted) -> 2 (Pending)
D/Vold    (  162): Device '/devices/ff580000.usb/usb3/3-1/3-1:1.0/host1/target1:0:0/1:0:0:1/block/sdb' event handled by volume usb_storage
I/MountService(  465): onEvent:: raw= 605 Volume usb_storage /mnt/usb_storage/USB_DISK0 state changed from 1 (Idle-Unmounted) to 2 (Pending) cooked =  605 Volume usb_storage /mnt/usb_storage/USB_DISK0 state changed from 1 (Idle-Unmounted) to 2 (Pending)
I/MountService(  465): notifyVolumeStateChange::unmounted
D/DirectVolume(  162): directvolume DEVPATH = /devices/ff580000.usb/usb3/3-1/3-1:1.0/host1/target1:0:0/1:0:0:1/block/sdb/sdb1.
D/DirectVolume(  162): directvolume DEVPATH = /devices/ff580000.usb/usb3/3-1/3-1:1.0/host1/target1:0:0/1:0:0:1/block/sdb/sdb1.
D/DirectVolume(  162): directvolume DEVPATH = /devices/ff580000.usb/usb3/3-1/3-1:1.0/host1/target1:0:0/1:0:0:1/block/sdb/sdb1.
D/DirectVolume(  162): DEVTYPE = partition.
I/MountService(  465): onEvent:: raw= 630 Volume usb_storage /mnt/usb_storage/USB_DISK0 disk inserted (8:16) state 2 cooked =  630 Volume usb_storage /mnt/usb_storage/USB_DISK0 disk inserted (8:16) state 2
D/DirectVolume(  162): getLabel = usb_storage,devtype = partition,getDevPath = /devices/ff580000.usb/usb3/3-1/3-1:1.0/host1/target1:0:0/1:0:0:1/block/sdb.
I/MountService(  465): disk insert,do mount disk
E/DirectVolume(  162): #########NetlinkEvent::NlActionAdd  Partition  pDevPah=/devices/ff580000.usb/usb3/3-1/3-1:1.0/host1/target1:0:0/1:0:0:1/block/sdb dp
D/DirectVolume(  162): handleUdiskPartitionAdded NPARTS = part_num = 1.
W/DirectVolume(  162): ##################handleUdiskPartitionAdded part_num =1    mDiskNumParts =1   mIndexPartition =1
D/DirectVolume(  162): handleUdiskPartitionAdded major = 8 mDiskMajor = 8.
E/DirectVolume(  162): handleUdiskPartitionAdded mPartMinors[0]= 17,mPartMinors[1]= -1,mPartMinors[2]= -1,mPartMinors[3]= -1
D/DirectVolume(  162): Dv:partAdd: part_num = 1, minor = 17,mPendingPartMap =0,mDiskNumParts=1
E/Vold    (  162): addUdiskPartition getLabel = usb_storage.
E/Vold    (  162): addUdiskPartition pucMountPoint = /mnt/usb_storage/udisk0/.
E/Vold    (  162): ############ addUdiskPartition ucMountPoint=/mnt/usb_storage/udisk0/udisk0 mState =-1##################
E/Vold    (  162): ############ addUdiskPartition ucMountPoint=/mnt/usb_storage/udisk0/udisk1 mState =-1##################
D/DirectVolume(  162): mRetryMount = false.
D/DirectVolume(  162): Dv:partAdd: Got all partitions - ready to rock!  curstate =2
D/Vold    (  162): Volume usb_storage state changing 2 (Pending) -> 1 (Idle-Unmounted)
D/DirectVolume(  162):  ---------!!!! no retry ,send msg(Volume usb_storage /mnt/usb_storage/USB_DISK0 partition added (8:17)) --------!!!!
D/Vold    (  162): Device '/devices/ff580000.usb/usb3/3-1/3-1:1.0/host1/target1:0:0/1:0:0:1/block/sdb/sdb1' event handled by volume usb_storage
I/MountService(  465): onEvent:: raw= 605 Volume usb_storage /mnt/usb_storage/USB_DISK0 state changed from 2 (Pending) to 1 (Idle-Unmounted) cooked =  605 Volume usb_storage /mnt/usb_storage/USB_DISK0 state changed from 2 (Pending) to 1 (Idle-Unmounted)
I/MountService(  465): notifyVolumeStateChange::unmounted
I/MountService(  465): updating volume state for media bad removal nofs and unmountable
W/MountService(  465): Duplicate state transition (unmounted -> unmounted) for /mnt/usb_storage/USB_DISK0
D/MountService(  465): sendStorageIntent Intent { act=android.intent.action.MEDIA_UNMOUNTED dat=file:///mnt/usb_storage/USB_DISK0 flg=0x4000000 (has extras) } to UserHandle{-1}
I/MountService(  465): doMountVolume: Mouting /mnt/usb_storage/USB_DISK0
D/VoldCmdListener(  162): volume mount /mnt/usb_storage/USB_DISK0
D/Vold    (  162):  volume status = 1----------------------
W/Vold    (  162): mountVol udisk###############label =usb_storage 
E/Vold    (  162): mountUdiskVol istate = 1
D/Vold    (  162): Volume usb_storage state changing 1 (Idle-Unmounted) -> 3 (Checking)
E/Vold    (  162): mountUdiskVol getLabel = usb_storage.
E/Vold    (  162): mountUdiskVol mDiskMountFilePathName = /mnt/usb_storage/USB_DISK0.
W/Vold    (  162): mountVol mDiskVolumelNum =/mnt/usb_storage/USB_DISK0
E/Vold    (  162): /dev/block/vold/8:0 1111being considered for volume /mnt/usb_storage/USB_DISK0/udisk0 udisk0 
I/MountService(  465): onEvent:: raw= 633 Volume usb_storage /mnt/usb_storage/USB_DISK0 partition added (8:17) cooked =  633 Volume usb_storage /mnt/usb_storage/USB_DISK0 partition added (8:17)
I/MountService(  465): onEvent:: raw= 630 Volume usb_storage /mnt/usb_storage/USB_DISK0 disk inserted (8:16) cooked =  630 Volume usb_storage /mnt/usb_storage/USB_DISK0 disk inserted (8:16)
I/MountService(  465): disk insert,do mount disk
E/Vold    (  162): #######mUdiskPartition size: 2  szType =
E/Vold    (  162): ucFilePathName:/mnt/usb_storage/USB_DISK0/udisk0  szType=
E/Vold    (  162): FilePathName:/mnt/usb_storage/USB_DISK0/udisk0  szType=
